[2023-02-28T14:54:27.538+0900][0.019s] Heap region size: 1M
[2023-02-28T14:54:27.644+0900][0.126s] Using G1
[2023-02-28T14:54:27.644+0900][0.126s] Heap address: 0x00000000e0000000, size: 512 MB, Compressed Oops mode: 32-bit
[2023-02-28T14:54:28.326+0900][0.808s] GC(0) Pause Young (Normal) (G1 Evacuation Pause)
[2023-02-28T14:54:28.327+0900][0.809s] GC(0) Using 10 workers of 10 for evacuation
[2023-02-28T14:54:28.330+0900][0.812s] GC(0)   Pre Evacuate Collection Set: 0.0ms
[2023-02-28T14:54:28.330+0900][0.812s] GC(0)   Evacuate Collection Set: 2.8ms
[2023-02-28T14:54:28.330+0900][0.812s] GC(0)   Post Evacuate Collection Set: 0.3ms
[2023-02-28T14:54:28.331+0900][0.812s] GC(0)   Other: 1.1ms
[2023-02-28T14:54:28.331+0900][0.812s] GC(0) Eden regions: 30->0(303)
[2023-02-28T14:54:28.331+0900][0.812s] GC(0) Survivor regions: 0->4(4)
[2023-02-28T14:54:28.331+0900][0.812s] GC(0) Old regions: 0->1
[2023-02-28T14:54:28.331+0900][0.812s] GC(0) Humongous regions: 0->0
[2023-02-28T14:54:28.331+0900][0.812s] GC(0) Metaspace: 15147K(15872K)->15147K(15872K) NonClass: 13547K(14080K)->13547K(14080K) Class: 1600K(1792K)->1600K(1792K)
[2023-02-28T14:54:28.331+0900][0.812s] GC(0) Pause Young (Normal) (G1 Evacuation Pause) 30M->4M(512M) 4.810ms
[2023-02-28T14:54:28.331+0900][0.812s] GC(0) User=0.00s Sys=0.00s Real=0.01s
[2023-02-28T14:54:28.629+0900][1.110s] GC(1) Pause Young (Concurrent Start) (Metadata GC Threshold)
[2023-02-28T14:54:28.629+0900][1.110s] GC(1) Using 10 workers of 10 for evacuation
[2023-02-28T14:54:28.640+0900][1.121s] GC(1)   Pre Evacuate Collection Set: 0.1ms
[2023-02-28T14:54:28.640+0900][1.121s] GC(1)   Evacuate Collection Set: 9.4ms
[2023-02-28T14:54:28.640+0900][1.121s] GC(1)   Post Evacuate Collection Set: 1.1ms
[2023-02-28T14:54:28.640+0900][1.121s] GC(1)   Other: 0.4ms
[2023-02-28T14:54:28.640+0900][1.121s] GC(1) Eden regions: 21->0(55)
[2023-02-28T14:54:28.640+0900][1.121s] GC(1) Survivor regions: 4->13(39)
[2023-02-28T14:54:28.640+0900][1.121s] GC(1) Old regions: 1->1
[2023-02-28T14:54:28.640+0900][1.121s] GC(1) Humongous regions: 4->4
[2023-02-28T14:54:28.641+0900][1.121s] GC(1) Metaspace: 20692K(21248K)->20692K(21248K) NonClass: 18440K(18688K)->18440K(18688K) Class: 2252K(2560K)->2252K(2560K)
[2023-02-28T14:54:28.641+0900][1.121s] GC(1) Pause Young (Concurrent Start) (Metadata GC Threshold) 29M->16M(512M) 11.420ms
[2023-02-28T14:54:28.641+0900][1.121s] GC(1) User=0.14s Sys=0.00s Real=0.01s
[2023-02-28T14:54:28.641+0900][1.121s] GC(2) Concurrent Cycle
[2023-02-28T14:54:28.641+0900][1.121s] GC(2) Concurrent Clear Claimed Marks
[2023-02-28T14:54:28.641+0900][1.122s] GC(2) Concurrent Clear Claimed Marks 0.102ms
[2023-02-28T14:54:28.641+0900][1.122s] GC(2) Concurrent Scan Root Regions
[2023-02-28T14:54:28.654+0900][1.135s] GC(2) Concurrent Scan Root Regions 13.358ms
[2023-02-28T14:54:28.654+0900][1.135s] GC(2) Concurrent Mark (1.135s)
[2023-02-28T14:54:28.655+0900][1.135s] GC(2) Concurrent Mark From Roots
[2023-02-28T14:54:28.655+0900][1.135s] GC(2) Using 3 workers of 3 for marking
[2023-02-28T14:54:28.673+0900][1.153s] GC(2) Concurrent Mark From Roots 18.026ms
[2023-02-28T14:54:28.673+0900][1.153s] GC(2) Concurrent Preclean
[2023-02-28T14:54:28.673+0900][1.153s] GC(2) Concurrent Preclean 0.097ms
[2023-02-28T14:54:28.673+0900][1.153s] GC(2) Concurrent Mark (1.135s, 1.153s) 18.360ms
[2023-02-28T14:54:28.673+0900][1.154s] GC(2) Pause Remark
[2023-02-28T14:54:28.675+0900][1.155s] GC(2) Cleaned string and symbol table, strings: 10035 processed, 0 removed, symbols: 69297 processed, 20 removed
[2023-02-28T14:54:28.675+0900][1.156s] GC(2) Pause Remark 17M->17M(512M) 1.962ms
[2023-02-28T14:54:28.675+0900][1.156s] GC(2) User=0.00s Sys=0.00s Real=0.00s
[2023-02-28T14:54:28.675+0900][1.156s] GC(2) Concurrent Rebuild Remembered Sets
[2023-02-28T14:54:28.677+0900][1.157s] GC(2) Concurrent Rebuild Remembered Sets 1.733ms
[2023-02-28T14:54:28.677+0900][1.158s] GC(2) Pause Cleanup
[2023-02-28T14:54:28.677+0900][1.158s] GC(2) Pause Cleanup 17M->17M(512M) 0.149ms
[2023-02-28T14:54:28.677+0900][1.158s] GC(2) User=0.00s Sys=0.00s Real=0.00s
[2023-02-28T14:54:28.677+0900][1.158s] GC(2) Concurrent Cleanup for Next Mark
[2023-02-28T14:54:28.678+0900][1.159s] GC(2) Concurrent Cleanup for Next Mark 0.991ms
[2023-02-28T14:54:28.679+0900][1.159s] GC(2) Concurrent Cycle 37.752ms
[2023-02-28T14:54:30.066+0900][2.547s] GC(3) Pause Young (Normal) (G1 Evacuation Pause)
[2023-02-28T14:54:30.066+0900][2.547s] GC(3) Using 10 workers of 10 for evacuation
[2023-02-28T14:54:30.075+0900][2.556s] GC(3)   Pre Evacuate Collection Set: 0.0ms
[2023-02-28T14:54:30.075+0900][2.556s] GC(3)   Evacuate Collection Set: 7.6ms
[2023-02-28T14:54:30.075+0900][2.556s] GC(3)   Post Evacuate Collection Set: 1.0ms
[2023-02-28T14:54:30.075+0900][2.556s] GC(3)   Other: 0.2ms
[2023-02-28T14:54:30.075+0900][2.556s] GC(3) Eden regions: 47->0(299)
[2023-02-28T14:54:30.075+0900][2.556s] GC(3) Survivor regions: 13->8(8)
[2023-02-28T14:54:30.075+0900][2.556s] GC(3) Old regions: 1->13
[2023-02-28T14:54:30.075+0900][2.556s] GC(3) Humongous regions: 4->4
[2023-02-28T14:54:30.075+0900][2.556s] GC(3) Metaspace: 24870K(25472K)->24870K(25472K) NonClass: 22167K(22528K)->22167K(22528K) Class: 2702K(2944K)->2702K(2944K)
[2023-02-28T14:54:30.075+0900][2.556s] GC(3) Pause Young (Normal) (G1 Evacuation Pause) 63M->24M(512M) 8.967ms
[2023-02-28T14:54:30.075+0900][2.556s] GC(3) User=0.14s Sys=0.00s Real=0.01s
[2023-02-28T14:54:30.772+0900][3.253s] GC(4) Pause Young (Concurrent Start) (Metadata GC Threshold)
[2023-02-28T14:54:30.772+0900][3.254s] GC(4) Using 10 workers of 10 for evacuation
[2023-02-28T14:54:30.778+0900][3.259s] GC(4)   Pre Evacuate Collection Set: 0.1ms
[2023-02-28T14:54:30.778+0900][3.259s] GC(4)   Evacuate Collection Set: 4.6ms
[2023-02-28T14:54:30.778+0900][3.259s] GC(4)   Post Evacuate Collection Set: 0.7ms
[2023-02-28T14:54:30.778+0900][3.259s] GC(4)   Other: 0.3ms
[2023-02-28T14:54:30.778+0900][3.259s] GC(4) Eden regions: 79->0(109)
[2023-02-28T14:54:30.778+0900][3.259s] GC(4) Survivor regions: 8->10(39)
[2023-02-28T14:54:30.778+0900][3.259s] GC(4) Old regions: 13->13
[2023-02-28T14:54:30.778+0900][3.259s] GC(4) Humongous regions: 4->4
[2023-02-28T14:54:30.778+0900][3.259s] GC(4) Metaspace: 35074K(35840K)->35074K(35840K) NonClass: 31219K(31616K)->31219K(31616K) Class: 3855K(4224K)->3855K(4224K)
[2023-02-28T14:54:30.778+0900][3.259s] GC(4) Pause Young (Concurrent Start) (Metadata GC Threshold) 103M->25M(512M) 5.998ms
[2023-02-28T14:54:30.778+0900][3.259s] GC(4) User=0.03s Sys=0.03s Real=0.01s
[2023-02-28T14:54:30.778+0900][3.260s] GC(5) Concurrent Cycle
[2023-02-28T14:54:30.778+0900][3.260s] GC(5) Concurrent Clear Claimed Marks
[2023-02-28T14:54:30.779+0900][3.260s] GC(5) Concurrent Clear Claimed Marks 0.085ms
[2023-02-28T14:54:30.779+0900][3.260s] GC(5) Concurrent Scan Root Regions
[2023-02-28T14:54:30.780+0900][3.261s] GC(5) Concurrent Scan Root Regions 1.609ms
[2023-02-28T14:54:30.780+0900][3.261s] GC(5) Concurrent Mark (3.261s)
[2023-02-28T14:54:30.780+0900][3.261s] GC(5) Concurrent Mark From Roots
[2023-02-28T14:54:30.780+0900][3.261s] GC(5) Using 3 workers of 3 for marking
[2023-02-28T14:54:30.795+0900][3.276s] GC(5) Concurrent Mark From Roots 15.021ms
[2023-02-28T14:54:30.795+0900][3.277s] GC(5) Concurrent Preclean
[2023-02-28T14:54:30.796+0900][3.277s] GC(5) Concurrent Preclean 0.163ms
[2023-02-28T14:54:30.796+0900][3.277s] GC(5) Concurrent Mark (3.261s, 3.277s) 15.376ms
[2023-02-28T14:54:30.796+0900][3.277s] GC(5) Pause Remark
[2023-02-28T14:54:30.799+0900][3.280s] GC(5) Cleaned string and symbol table, strings: 16220 processed, 22 removed, symbols: 116342 processed, 42 removed
[2023-02-28T14:54:30.799+0900][3.280s] GC(5) Pause Remark 27M->27M(512M) 3.110ms
[2023-02-28T14:54:30.799+0900][3.280s] GC(5) User=0.00s Sys=0.00s Real=0.00s
[2023-02-28T14:54:30.799+0900][3.280s] GC(5) Concurrent Rebuild Remembered Sets
[2023-02-28T14:54:30.804+0900][3.285s] GC(5) Concurrent Rebuild Remembered Sets 4.884ms
[2023-02-28T14:54:30.804+0900][3.285s] GC(5) Pause Cleanup
[2023-02-28T14:54:30.804+0900][3.285s] GC(5) Pause Cleanup 27M->27M(512M) 0.104ms
[2023-02-28T14:54:30.804+0900][3.285s] GC(5) User=0.00s Sys=0.00s Real=0.00s
[2023-02-28T14:54:30.804+0900][3.285s] GC(5) Concurrent Cleanup for Next Mark
[2023-02-28T14:54:30.805+0900][3.286s] GC(5) Concurrent Cleanup for Next Mark 0.684ms
[2023-02-28T14:54:30.805+0900][3.286s] GC(5) Concurrent Cycle 26.711ms
[2023-02-28T14:54:31.747+0900][4.229s] GC(6) Pause Young (Normal) (G1 Evacuation Pause)
[2023-02-28T14:54:31.747+0900][4.229s] GC(6) Using 10 workers of 10 for evacuation
[2023-02-28T14:54:31.757+0900][4.238s] GC(6)   Pre Evacuate Collection Set: 0.0ms
[2023-02-28T14:54:31.757+0900][4.239s] GC(6)   Evacuate Collection Set: 8.8ms
[2023-02-28T14:54:31.757+0900][4.239s] GC(6)   Post Evacuate Collection Set: 0.7ms
[2023-02-28T14:54:31.757+0900][4.239s] GC(6)   Other: 0.3ms
[2023-02-28T14:54:31.757+0900][4.239s] GC(6) Eden regions: 109->0(166)
[2023-02-28T14:54:31.757+0900][4.239s] GC(6) Survivor regions: 10->9(15)
[2023-02-28T14:54:31.757+0900][4.239s] GC(6) Old regions: 13->20
[2023-02-28T14:54:31.757+0900][4.239s] GC(6) Humongous regions: 5->4
[2023-02-28T14:54:31.757+0900][4.239s] GC(6) Metaspace: 45497K(46592K)->45497K(46592K) NonClass: 40355K(40960K)->40355K(40960K) Class: 5141K(5632K)->5141K(5632K)
[2023-02-28T14:54:31.757+0900][4.239s] GC(6) Pause Young (Normal) (G1 Evacuation Pause) 135M->31M(512M) 10.249ms
[2023-02-28T14:54:31.757+0900][4.239s] GC(6) User=0.00s Sys=0.00s Real=0.01s
[2023-02-28T14:54:57.833+0900][30.314s] GC(7) Pause Young (Normal) (G1 Evacuation Pause)
[2023-02-28T14:54:57.833+0900][30.314s] GC(7) Using 10 workers of 10 for evacuation
[2023-02-28T14:54:57.841+0900][30.322s] GC(7)   Pre Evacuate Collection Set: 0.0ms
[2023-02-28T14:54:57.841+0900][30.322s] GC(7)   Evacuate Collection Set: 6.8ms
[2023-02-28T14:54:57.841+0900][30.322s] GC(7)   Post Evacuate Collection Set: 1.1ms
[2023-02-28T14:54:57.841+0900][30.322s] GC(7)   Other: 0.2ms
[2023-02-28T14:54:57.841+0900][30.322s] GC(7) Eden regions: 166->0(292)
[2023-02-28T14:54:57.841+0900][30.322s] GC(7) Survivor regions: 9->15(22)
[2023-02-28T14:54:57.841+0900][30.322s] GC(7) Old regions: 20->20
[2023-02-28T14:54:57.841+0900][30.322s] GC(7) Humongous regions: 4->4
[2023-02-28T14:54:57.841+0900][30.322s] GC(7) Metaspace: 55639K(56960K)->55639K(56960K) NonClass: 49187K(49920K)->49187K(49920K) Class: 6452K(7040K)->6452K(7040K)
[2023-02-28T14:54:57.841+0900][30.322s] GC(7) Pause Young (Normal) (G1 Evacuation Pause) 197M->38M(512M) 8.395ms
[2023-02-28T14:54:57.841+0900][30.322s] GC(7) User=0.03s Sys=0.00s Real=0.01s
[2023-02-28T14:55:31.125+0900][63.607s] GC(8) Pause Young (Concurrent Start) (Metadata GC Threshold)
[2023-02-28T14:55:31.126+0900][63.607s] GC(8) Using 10 workers of 10 for evacuation
[2023-02-28T14:55:31.136+0900][63.617s] GC(8)   Pre Evacuate Collection Set: 0.1ms
[2023-02-28T14:55:31.136+0900][63.617s] GC(8)   Evacuate Collection Set: 9.4ms
[2023-02-28T14:55:31.136+0900][63.617s] GC(8)   Post Evacuate Collection Set: 0.6ms
[2023-02-28T14:55:31.136+0900][63.617s] GC(8)   Other: 0.3ms
[2023-02-28T14:55:31.136+0900][63.617s] GC(8) Eden regions: 28->0(270)
[2023-02-28T14:55:31.136+0900][63.617s] GC(8) Survivor regions: 15->17(39)
[2023-02-28T14:55:31.136+0900][63.617s] GC(8) Old regions: 20->20
[2023-02-28T14:55:31.136+0900][63.617s] GC(8) Humongous regions: 4->4
[2023-02-28T14:55:31.136+0900][63.617s] GC(8) Metaspace: 58918K(60160K)->58918K(60160K) NonClass: 52083K(52736K)->52083K(52736K) Class: 6835K(7424K)->6835K(7424K)
[2023-02-28T14:55:31.136+0900][63.617s] GC(8) Pause Young (Concurrent Start) (Metadata GC Threshold) 66M->39M(512M) 10.538ms
[2023-02-28T14:55:31.136+0900][63.617s] GC(8) User=0.00s Sys=0.00s Real=0.01s
[2023-02-28T14:55:31.136+0900][63.617s] GC(9) Concurrent Cycle
[2023-02-28T14:55:31.136+0900][63.617s] GC(9) Concurrent Clear Claimed Marks
[2023-02-28T14:55:31.136+0900][63.618s] GC(9) Concurrent Clear Claimed Marks 0.245ms
[2023-02-28T14:55:31.136+0900][63.618s] GC(9) Concurrent Scan Root Regions
[2023-02-28T14:55:31.140+0900][63.622s] GC(9) Concurrent Scan Root Regions 3.967ms
[2023-02-28T14:55:31.140+0900][63.622s] GC(9) Concurrent Mark (63.622s)
[2023-02-28T14:55:31.140+0900][63.622s] GC(9) Concurrent Mark From Roots
[2023-02-28T14:55:31.140+0900][63.622s] GC(9) Using 3 workers of 3 for marking
[2023-02-28T14:55:31.151+0900][63.633s] GC(9) Concurrent Mark From Roots 10.910ms
[2023-02-28T14:55:31.151+0900][63.633s] GC(9) Concurrent Preclean
[2023-02-28T14:55:31.152+0900][63.633s] GC(9) Concurrent Preclean 0.126ms
[2023-02-28T14:55:31.152+0900][63.633s] GC(9) Concurrent Mark (63.622s, 63.633s) 11.168ms
[2023-02-28T14:55:31.152+0900][63.633s] GC(9) Pause Remark
[2023-02-28T14:55:31.156+0900][63.637s] GC(9) Cleaned string and symbol table, strings: 28448 processed, 5 removed, symbols: 185542 processed, 609 removed
[2023-02-28T14:55:31.156+0900][63.638s] GC(9) Pause Remark 40M->40M(512M) 4.596ms
[2023-02-28T14:55:31.157+0900][63.638s] GC(9) User=0.16s Sys=0.00s Real=0.01s
[2023-02-28T14:55:31.157+0900][63.638s] GC(9) Concurrent Rebuild Remembered Sets
[2023-02-28T14:55:31.161+0900][63.642s] GC(9) Concurrent Rebuild Remembered Sets 4.187ms
[2023-02-28T14:55:31.161+0900][63.642s] GC(9) Pause Cleanup
[2023-02-28T14:55:31.161+0900][63.642s] GC(9) Pause Cleanup 40M->40M(512M) 0.132ms
[2023-02-28T14:55:31.161+0900][63.642s] GC(9) User=0.00s Sys=0.00s Real=0.00s
[2023-02-28T14:55:31.161+0900][63.642s] GC(9) Concurrent Cleanup for Next Mark
[2023-02-28T14:55:31.162+0900][63.643s] GC(9) Concurrent Cleanup for Next Mark 0.362ms
[2023-02-28T14:55:31.162+0900][63.643s] GC(9) Concurrent Cycle 25.511ms
[2023-02-28T15:09:05.644+0900][878.125s] Heap
[2023-02-28T15:09:05.644+0900][878.125s]  garbage-first heap   total 524288K, used 61383K [0x00000000e0000000, 0x0000000100000000)
[2023-02-28T15:09:05.644+0900][878.125s]   region size 1024K, 38 young (38912K), 17 survivors (17408K)
[2023-02-28T15:09:05.644+0900][878.125s]  Metaspace       used 59200K, capacity 60433K, committed 60672K, reserved 1101824K
[2023-02-28T15:09:05.644+0900][878.125s]   class space    used 6872K, capacity 7397K, committed 7424K, reserved 1048576K
