[2023-02-28T11:20:45.521+0900][0.016s] Heap region size: 1M
[2023-02-28T11:20:45.624+0900][0.119s] Using G1
[2023-02-28T11:20:45.624+0900][0.119s] Heap address: 0x00000000e0000000, size: 512 MB, Compressed Oops mode: 32-bit
[2023-02-28T11:20:46.576+0900][1.073s] GC(0) Pause Young (Normal) (G1 Evacuation Pause)
[2023-02-28T11:20:46.577+0900][1.073s] GC(0) Using 10 workers of 10 for evacuation
[2023-02-28T11:20:46.580+0900][1.076s] GC(0)   Pre Evacuate Collection Set: 0.0ms
[2023-02-28T11:20:46.580+0900][1.076s] GC(0)   Evacuate Collection Set: 2.3ms
[2023-02-28T11:20:46.580+0900][1.076s] GC(0)   Post Evacuate Collection Set: 0.3ms
[2023-02-28T11:20:46.580+0900][1.076s] GC(0)   Other: 0.9ms
[2023-02-28T11:20:46.580+0900][1.076s] GC(0) Eden regions: 30->0(303)
[2023-02-28T11:20:46.580+0900][1.076s] GC(0) Survivor regions: 0->4(4)
[2023-02-28T11:20:46.580+0900][1.076s] GC(0) Old regions: 0->1
[2023-02-28T11:20:46.580+0900][1.077s] GC(0) Humongous regions: 0->0
[2023-02-28T11:20:46.580+0900][1.077s] GC(0) Metaspace: 15146K(15872K)->15146K(15872K) NonClass: 13546K(14080K)->13546K(14080K) Class: 1600K(1792K)->1600K(1792K)
[2023-02-28T11:20:46.580+0900][1.077s] GC(0) Pause Young (Normal) (G1 Evacuation Pause) 30M->4M(512M) 3.958ms
[2023-02-28T11:20:46.580+0900][1.077s] GC(0) User=0.00s Sys=0.00s Real=0.00s
[2023-02-28T11:20:46.881+0900][1.377s] GC(1) Pause Young (Concurrent Start) (Metadata GC Threshold)
[2023-02-28T11:20:46.881+0900][1.377s] GC(1) Using 10 workers of 10 for evacuation
[2023-02-28T11:20:46.888+0900][1.385s] GC(1)   Pre Evacuate Collection Set: 0.0ms
[2023-02-28T11:20:46.888+0900][1.385s] GC(1)   Evacuate Collection Set: 7.0ms
[2023-02-28T11:20:46.888+0900][1.385s] GC(1)   Post Evacuate Collection Set: 0.5ms
[2023-02-28T11:20:46.889+0900][1.385s] GC(1)   Other: 0.2ms
[2023-02-28T11:20:46.889+0900][1.385s] GC(1) Eden regions: 21->0(55)
[2023-02-28T11:20:46.889+0900][1.385s] GC(1) Survivor regions: 4->13(39)
[2023-02-28T11:20:46.889+0900][1.385s] GC(1) Old regions: 1->1
[2023-02-28T11:20:46.889+0900][1.385s] GC(1) Humongous regions: 4->4
[2023-02-28T11:20:46.889+0900][1.385s] GC(1) Metaspace: 20633K(21248K)->20633K(21248K) NonClass: 18387K(18688K)->18387K(18688K) Class: 2245K(2560K)->2245K(2560K)
[2023-02-28T11:20:46.889+0900][1.385s] GC(1) Pause Young (Concurrent Start) (Metadata GC Threshold) 28M->16M(512M) 8.293ms
[2023-02-28T11:20:46.889+0900][1.385s] GC(1) User=0.16s Sys=0.00s Real=0.01s
[2023-02-28T11:20:46.889+0900][1.385s] GC(2) Concurrent Cycle
[2023-02-28T11:20:46.889+0900][1.386s] GC(2) Concurrent Clear Claimed Marks
[2023-02-28T11:20:46.889+0900][1.386s] GC(2) Concurrent Clear Claimed Marks 0.098ms
[2023-02-28T11:20:46.889+0900][1.386s] GC(2) Concurrent Scan Root Regions
[2023-02-28T11:20:46.893+0900][1.389s] GC(2) Concurrent Scan Root Regions 3.278ms
[2023-02-28T11:20:46.893+0900][1.389s] GC(2) Concurrent Mark (1.389s)
[2023-02-28T11:20:46.893+0900][1.389s] GC(2) Concurrent Mark From Roots
[2023-02-28T11:20:46.893+0900][1.389s] GC(2) Using 3 workers of 3 for marking
[2023-02-28T11:20:46.894+0900][1.390s] GC(2) Concurrent Mark From Roots 0.818ms
[2023-02-28T11:20:46.894+0900][1.390s] GC(2) Concurrent Preclean
[2023-02-28T11:20:46.894+0900][1.390s] GC(2) Concurrent Preclean 0.058ms
[2023-02-28T11:20:46.894+0900][1.390s] GC(2) Concurrent Mark (1.389s, 1.390s) 1.002ms
[2023-02-28T11:20:46.894+0900][1.390s] GC(2) Pause Remark
[2023-02-28T11:20:46.895+0900][1.391s] GC(2) Cleaned string and symbol table, strings: 9826 processed, 0 removed, symbols: 68697 processed, 21 removed
[2023-02-28T11:20:46.895+0900][1.392s] GC(2) Pause Remark 16M->16M(512M) 1.307ms
[2023-02-28T11:20:46.895+0900][1.392s] GC(2) User=0.00s Sys=0.00s Real=0.00s
[2023-02-28T11:20:46.895+0900][1.392s] GC(2) Concurrent Rebuild Remembered Sets
[2023-02-28T11:20:46.897+0900][1.393s] GC(2) Concurrent Rebuild Remembered Sets 1.860ms
[2023-02-28T11:20:46.897+0900][1.394s] GC(2) Pause Cleanup
[2023-02-28T11:20:46.897+0900][1.394s] GC(2) Pause Cleanup 16M->16M(512M) 0.092ms
[2023-02-28T11:20:46.897+0900][1.394s] GC(2) User=0.00s Sys=0.00s Real=0.00s
[2023-02-28T11:20:46.897+0900][1.394s] GC(2) Concurrent Cleanup for Next Mark
[2023-02-28T11:20:46.898+0900][1.394s] GC(2) Concurrent Cleanup for Next Mark 0.598ms
[2023-02-28T11:20:46.898+0900][1.394s] GC(2) Concurrent Cycle 8.984ms
[2023-02-28T11:20:48.368+0900][2.864s] GC(3) Pause Young (Normal) (G1 Evacuation Pause)
[2023-02-28T11:20:48.368+0900][2.864s] GC(3) Using 10 workers of 10 for evacuation
[2023-02-28T11:20:48.376+0900][2.873s] GC(3)   Pre Evacuate Collection Set: 0.0ms
[2023-02-28T11:20:48.376+0900][2.873s] GC(3)   Evacuate Collection Set: 7.2ms
[2023-02-28T11:20:48.376+0900][2.873s] GC(3)   Post Evacuate Collection Set: 0.8ms
[2023-02-28T11:20:48.376+0900][2.873s] GC(3)   Other: 0.1ms
[2023-02-28T11:20:48.376+0900][2.873s] GC(3) Eden regions: 47->0(117)
[2023-02-28T11:20:48.376+0900][2.873s] GC(3) Survivor regions: 13->8(8)
[2023-02-28T11:20:48.376+0900][2.873s] GC(3) Old regions: 1->12
[2023-02-28T11:20:48.376+0900][2.873s] GC(3) Humongous regions: 4->4
[2023-02-28T11:20:48.376+0900][2.873s] GC(3) Metaspace: 24925K(25728K)->24925K(25728K) NonClass: 22217K(22784K)->22217K(22784K) Class: 2708K(2944K)->2708K(2944K)
[2023-02-28T11:20:48.376+0900][2.873s] GC(3) Pause Young (Normal) (G1 Evacuation Pause) 63M->23M(512M) 8.483ms
[2023-02-28T11:20:48.377+0900][2.873s] GC(3) User=0.14s Sys=0.00s Real=0.01s
[2023-02-28T11:20:48.975+0900][3.471s] GC(4) Pause Young (Concurrent Start) (Metadata GC Threshold)
[2023-02-28T11:20:48.975+0900][3.471s] GC(4) Using 10 workers of 10 for evacuation
[2023-02-28T11:20:48.979+0900][3.475s] GC(4)   Pre Evacuate Collection Set: 0.1ms
[2023-02-28T11:20:48.980+0900][3.475s] GC(4)   Evacuate Collection Set: 3.7ms
[2023-02-28T11:20:48.980+0900][3.475s] GC(4)   Post Evacuate Collection Set: 0.5ms
[2023-02-28T11:20:48.980+0900][3.475s] GC(4)   Other: 0.3ms
[2023-02-28T11:20:48.980+0900][3.475s] GC(4) Eden regions: 77->0(107)
[2023-02-28T11:20:48.980+0900][3.475s] GC(4) Survivor regions: 8->10(16)
[2023-02-28T11:20:48.980+0900][3.475s] GC(4) Old regions: 12->12
[2023-02-28T11:20:48.980+0900][3.476s] GC(4) Humongous regions: 4->4
[2023-02-28T11:20:48.980+0900][3.476s] GC(4) Metaspace: 35066K(35840K)->35066K(35840K) NonClass: 31209K(31616K)->31209K(31616K) Class: 3857K(4224K)->3857K(4224K)
[2023-02-28T11:20:48.980+0900][3.476s] GC(4) Pause Young (Concurrent Start) (Metadata GC Threshold) 100M->25M(512M) 4.894ms
[2023-02-28T11:20:48.980+0900][3.476s] GC(4) User=0.00s Sys=0.00s Real=0.01s
[2023-02-28T11:20:48.980+0900][3.476s] GC(5) Concurrent Cycle
[2023-02-28T11:20:48.980+0900][3.476s] GC(5) Concurrent Clear Claimed Marks
[2023-02-28T11:20:48.980+0900][3.476s] GC(5) Concurrent Clear Claimed Marks 0.058ms
[2023-02-28T11:20:48.980+0900][3.476s] GC(5) Concurrent Scan Root Regions
[2023-02-28T11:20:48.981+0900][3.477s] GC(5) Concurrent Scan Root Regions 1.290ms
[2023-02-28T11:20:48.981+0900][3.477s] GC(5) Concurrent Mark (3.477s)
[2023-02-28T11:20:48.981+0900][3.477s] GC(5) Concurrent Mark From Roots
[2023-02-28T11:20:48.981+0900][3.477s] GC(5) Using 3 workers of 3 for marking
[2023-02-28T11:20:48.995+0900][3.491s] GC(5) Concurrent Mark From Roots 14.021ms
[2023-02-28T11:20:48.996+0900][3.491s] GC(5) Concurrent Preclean
[2023-02-28T11:20:48.996+0900][3.491s] GC(5) Concurrent Preclean 0.102ms
[2023-02-28T11:20:48.996+0900][3.491s] GC(5) Concurrent Mark (3.477s, 3.491s) 14.312ms
[2023-02-28T11:20:48.996+0900][3.492s] GC(5) Pause Remark
[2023-02-28T11:20:48.998+0900][3.494s] GC(5) Cleaned string and symbol table, strings: 16149 processed, 22 removed, symbols: 116310 processed, 42 removed
[2023-02-28T11:20:48.999+0900][3.494s] GC(5) Pause Remark 27M->27M(512M) 2.630ms
[2023-02-28T11:20:48.999+0900][3.494s] GC(5) User=0.19s Sys=0.00s Real=0.00s
[2023-02-28T11:20:48.999+0900][3.495s] GC(5) Concurrent Rebuild Remembered Sets
[2023-02-28T11:20:49.003+0900][3.499s] GC(5) Concurrent Rebuild Remembered Sets 4.670ms
[2023-02-28T11:20:49.004+0900][3.499s] GC(5) Pause Cleanup
[2023-02-28T11:20:49.004+0900][3.500s] GC(5) Pause Cleanup 27M->27M(512M) 0.122ms
[2023-02-28T11:20:49.004+0900][3.500s] GC(5) User=0.00s Sys=0.00s Real=0.00s
[2023-02-28T11:20:49.004+0900][3.500s] GC(5) Concurrent Cleanup for Next Mark
[2023-02-28T11:20:49.004+0900][3.500s] GC(5) Concurrent Cleanup for Next Mark 0.465ms
[2023-02-28T11:20:49.005+0900][3.500s] GC(5) Concurrent Cycle 24.596ms
[2023-02-28T11:20:49.772+0900][4.268s] GC(6) Pause Young (Normal) (G1 Evacuation Pause)
[2023-02-28T11:20:49.772+0900][4.268s] GC(6) Using 10 workers of 10 for evacuation
[2023-02-28T11:20:49.779+0900][4.275s] GC(6)   Pre Evacuate Collection Set: 0.0ms
[2023-02-28T11:20:49.779+0900][4.275s] GC(6)   Evacuate Collection Set: 5.8ms
[2023-02-28T11:20:49.779+0900][4.275s] GC(6)   Post Evacuate Collection Set: 0.9ms
[2023-02-28T11:20:49.779+0900][4.275s] GC(6)   Other: 0.3ms
[2023-02-28T11:20:49.779+0900][4.275s] GC(6) Eden regions: 107->0(173)
[2023-02-28T11:20:49.779+0900][4.275s] GC(6) Survivor regions: 10->8(15)
[2023-02-28T11:20:49.780+0900][4.275s] GC(6) Old regions: 12->20
[2023-02-28T11:20:49.780+0900][4.275s] GC(6) Humongous regions: 5->4
[2023-02-28T11:20:49.780+0900][4.275s] GC(6) Metaspace: 45513K(46592K)->45513K(46592K) NonClass: 40355K(40960K)->40355K(40960K) Class: 5158K(5632K)->5158K(5632K)
[2023-02-28T11:20:49.780+0900][4.275s] GC(6) Pause Young (Normal) (G1 Evacuation Pause) 133M->30M(512M) 7.190ms
[2023-02-28T11:20:49.780+0900][4.275s] GC(6) User=0.05s Sys=0.00s Real=0.01s
[2023-02-28T11:21:49.285+0900][63.781s] GC(7) Pause Young (Normal) (G1 Evacuation Pause)
[2023-02-28T11:21:49.285+0900][63.781s] GC(7) Using 10 workers of 10 for evacuation
[2023-02-28T11:21:49.292+0900][63.788s] GC(7)   Pre Evacuate Collection Set: 0.0ms
[2023-02-28T11:21:49.292+0900][63.788s] GC(7)   Evacuate Collection Set: 6.4ms
[2023-02-28T11:21:49.292+0900][63.788s] GC(7)   Post Evacuate Collection Set: 0.8ms
[2023-02-28T11:21:49.292+0900][63.788s] GC(7)   Other: 0.4ms
[2023-02-28T11:21:49.292+0900][63.788s] GC(7) Eden regions: 173->0(273)
[2023-02-28T11:21:49.292+0900][63.788s] GC(7) Survivor regions: 8->16(23)
[2023-02-28T11:21:49.292+0900][63.788s] GC(7) Old regions: 20->20
[2023-02-28T11:21:49.292+0900][63.788s] GC(7) Humongous regions: 4->4
[2023-02-28T11:21:49.292+0900][63.788s] GC(7) Metaspace: 55851K(57216K)->55851K(57216K) NonClass: 49365K(50176K)->49365K(50176K) Class: 6485K(7040K)->6485K(7040K)
[2023-02-28T11:21:49.292+0900][63.788s] GC(7) Pause Young (Normal) (G1 Evacuation Pause) 203M->38M(512M) 7.801ms
[2023-02-28T11:21:49.292+0900][63.788s] GC(7) User=0.00s Sys=0.00s Real=0.01s
[2023-02-28T14:17:54.955+0900][10628.083s] Heap
[2023-02-28T14:17:54.955+0900][10628.083s]  garbage-first heap   total 524288K, used 73190K [0x00000000e0000000, 0x0000000100000000)
[2023-02-28T14:17:54.955+0900][10628.083s]   region size 1024K, 50 young (51200K), 16 survivors (16384K)
[2023-02-28T14:17:54.955+0900][10628.083s]  Metaspace       used 56761K, capacity 58023K, committed 58368K, reserved 1099776K
[2023-02-28T14:17:54.955+0900][10628.083s]   class space    used 6567K, capacity 7058K, committed 7168K, reserved 1048576K
