[2023-02-28T15:46:42.496+0900][0.025s] Heap region size: 1M
[2023-02-28T15:46:42.599+0900][0.127s] Using G1
[2023-02-28T15:46:42.599+0900][0.128s] Heap address: 0x00000000e0000000, size: 512 MB, Compressed Oops mode: 32-bit
[2023-02-28T15:46:43.262+0900][0.791s] GC(0) Pause Young (Normal) (G1 Evacuation Pause)
[2023-02-28T15:46:43.263+0900][0.791s] GC(0) Using 10 workers of 10 for evacuation
[2023-02-28T15:46:43.266+0900][0.794s] GC(0)   Pre Evacuate Collection Set: 0.0ms
[2023-02-28T15:46:43.266+0900][0.794s] GC(0)   Evacuate Collection Set: 2.3ms
[2023-02-28T15:46:43.266+0900][0.794s] GC(0)   Post Evacuate Collection Set: 0.2ms
[2023-02-28T15:46:43.266+0900][0.794s] GC(0)   Other: 1.0ms
[2023-02-28T15:46:43.266+0900][0.795s] GC(0) Eden regions: 30->0(303)
[2023-02-28T15:46:43.266+0900][0.795s] GC(0) Survivor regions: 0->4(4)
[2023-02-28T15:46:43.266+0900][0.795s] GC(0) Old regions: 0->1
[2023-02-28T15:46:43.266+0900][0.795s] GC(0) Humongous regions: 0->0
[2023-02-28T15:46:43.266+0900][0.795s] GC(0) Metaspace: 15093K(15616K)->15093K(15616K) NonClass: 13503K(13824K)->13503K(13824K) Class: 1589K(1792K)->1589K(1792K)
[2023-02-28T15:46:43.266+0900][0.795s] GC(0) Pause Young (Normal) (G1 Evacuation Pause) 30M->4M(512M) 3.997ms
[2023-02-28T15:46:43.266+0900][0.795s] GC(0) User=0.00s Sys=0.00s Real=0.00s
[2023-02-28T15:46:43.554+0900][1.083s] GC(1) Pause Young (Concurrent Start) (Metadata GC Threshold)
[2023-02-28T15:46:43.554+0900][1.083s] GC(1) Using 10 workers of 10 for evacuation
[2023-02-28T15:46:43.564+0900][1.093s] GC(1)   Pre Evacuate Collection Set: 0.0ms
[2023-02-28T15:46:43.564+0900][1.093s] GC(1)   Evacuate Collection Set: 9.5ms
[2023-02-28T15:46:43.564+0900][1.093s] GC(1)   Post Evacuate Collection Set: 0.4ms
[2023-02-28T15:46:43.564+0900][1.093s] GC(1)   Other: 0.2ms
[2023-02-28T15:46:43.565+0900][1.093s] GC(1) Eden regions: 21->0(54)
[2023-02-28T15:46:43.565+0900][1.093s] GC(1) Survivor regions: 4->13(39)
[2023-02-28T15:46:43.565+0900][1.093s] GC(1) Old regions: 1->1
[2023-02-28T15:46:43.565+0900][1.093s] GC(1) Humongous regions: 4->4
[2023-02-28T15:46:43.565+0900][1.093s] GC(1) Metaspace: 20638K(21248K)->20638K(21248K) NonClass: 18383K(18688K)->18383K(18688K) Class: 2254K(2560K)->2254K(2560K)
[2023-02-28T15:46:43.565+0900][1.093s] GC(1) Pause Young (Concurrent Start) (Metadata GC Threshold) 28M->16M(512M) 10.379ms
[2023-02-28T15:46:43.565+0900][1.093s] GC(1) User=0.16s Sys=0.00s Real=0.01s
[2023-02-28T15:46:43.565+0900][1.094s] GC(2) Concurrent Cycle
[2023-02-28T15:46:43.565+0900][1.094s] GC(2) Concurrent Clear Claimed Marks
[2023-02-28T15:46:43.565+0900][1.094s] GC(2) Concurrent Clear Claimed Marks 0.047ms
[2023-02-28T15:46:43.565+0900][1.094s] GC(2) Concurrent Scan Root Regions
[2023-02-28T15:46:43.567+0900][1.096s] GC(2) Concurrent Scan Root Regions 2.594ms
[2023-02-28T15:46:43.567+0900][1.096s] GC(2) Concurrent Mark (1.096s)
[2023-02-28T15:46:43.567+0900][1.096s] GC(2) Concurrent Mark From Roots
[2023-02-28T15:46:43.568+0900][1.096s] GC(2) Using 3 workers of 3 for marking
[2023-02-28T15:46:43.568+0900][1.097s] GC(2) Concurrent Mark From Roots 0.512ms
[2023-02-28T15:46:43.568+0900][1.097s] GC(2) Concurrent Preclean
[2023-02-28T15:46:43.568+0900][1.097s] GC(2) Concurrent Preclean 0.062ms
[2023-02-28T15:46:43.568+0900][1.097s] GC(2) Concurrent Mark (1.096s, 1.097s) 0.661ms
[2023-02-28T15:46:43.568+0900][1.097s] GC(2) Pause Remark
[2023-02-28T15:46:43.569+0900][1.098s] GC(2) Cleaned string and symbol table, strings: 9847 processed, 0 removed, symbols: 68545 processed, 23 removed
[2023-02-28T15:46:43.570+0900][1.098s] GC(2) Pause Remark 16M->16M(512M) 1.379ms
[2023-02-28T15:46:43.570+0900][1.099s] GC(2) User=0.00s Sys=0.00s Real=0.00s
[2023-02-28T15:46:43.570+0900][1.099s] GC(2) Concurrent Rebuild Remembered Sets
[2023-02-28T15:46:43.571+0900][1.100s] GC(2) Concurrent Rebuild Remembered Sets 1.075ms
[2023-02-28T15:46:43.571+0900][1.100s] GC(2) Pause Cleanup
[2023-02-28T15:46:43.571+0900][1.100s] GC(2) Pause Cleanup 16M->16M(512M) 0.142ms
[2023-02-28T15:46:43.571+0900][1.100s] GC(2) User=0.00s Sys=0.00s Real=0.00s
[2023-02-28T15:46:43.571+0900][1.100s] GC(2) Concurrent Cleanup for Next Mark
[2023-02-28T15:46:43.572+0900][1.101s] GC(2) Concurrent Cleanup for Next Mark 0.480ms
[2023-02-28T15:46:43.572+0900][1.101s] GC(2) Concurrent Cycle 7.060ms
[2023-02-28T15:46:44.879+0900][2.408s] GC(3) Pause Young (Normal) (G1 Evacuation Pause)
[2023-02-28T15:46:44.879+0900][2.408s] GC(3) Using 10 workers of 10 for evacuation
[2023-02-28T15:46:44.888+0900][2.416s] GC(3)   Pre Evacuate Collection Set: 0.0ms
[2023-02-28T15:46:44.888+0900][2.416s] GC(3)   Evacuate Collection Set: 6.9ms
[2023-02-28T15:46:44.888+0900][2.416s] GC(3)   Post Evacuate Collection Set: 1.3ms
[2023-02-28T15:46:44.888+0900][2.416s] GC(3)   Other: 0.2ms
[2023-02-28T15:46:44.888+0900][2.417s] GC(3) Eden regions: 47->0(150)
[2023-02-28T15:46:44.888+0900][2.417s] GC(3) Survivor regions: 13->8(8)
[2023-02-28T15:46:44.888+0900][2.417s] GC(3) Old regions: 1->13
[2023-02-28T15:46:44.888+0900][2.417s] GC(3) Humongous regions: 4->4
[2023-02-28T15:46:44.888+0900][2.417s] GC(3) Metaspace: 24764K(25472K)->24764K(25472K) NonClass: 22066K(22528K)->22066K(22528K) Class: 2697K(2944K)->2697K(2944K)
[2023-02-28T15:46:44.888+0900][2.417s] GC(3) Pause Young (Normal) (G1 Evacuation Pause) 63M->24M(512M) 8.887ms
[2023-02-28T15:46:44.888+0900][2.417s] GC(3) User=0.14s Sys=0.02s Real=0.01s
[2023-02-28T15:46:45.656+0900][3.184s] GC(4) Pause Young (Concurrent Start) (Metadata GC Threshold)
[2023-02-28T15:46:45.656+0900][3.184s] GC(4) Using 10 workers of 10 for evacuation
[2023-02-28T15:46:45.660+0900][3.189s] GC(4)   Pre Evacuate Collection Set: 0.1ms
[2023-02-28T15:46:45.660+0900][3.189s] GC(4)   Evacuate Collection Set: 3.7ms
[2023-02-28T15:46:45.660+0900][3.189s] GC(4)   Post Evacuate Collection Set: 0.5ms
[2023-02-28T15:46:45.660+0900][3.189s] GC(4)   Other: 0.4ms
[2023-02-28T15:46:45.661+0900][3.189s] GC(4) Eden regions: 91->0(120)
[2023-02-28T15:46:45.661+0900][3.189s] GC(4) Survivor regions: 8->10(20)
[2023-02-28T15:46:45.661+0900][3.189s] GC(4) Old regions: 13->13
[2023-02-28T15:46:45.661+0900][3.189s] GC(4) Humongous regions: 4->4
[2023-02-28T15:46:45.661+0900][3.189s] GC(4) Metaspace: 34992K(35840K)->34992K(35840K) NonClass: 31147K(31616K)->31147K(31616K) Class: 3844K(4224K)->3844K(4224K)
[2023-02-28T15:46:45.661+0900][3.189s] GC(4) Pause Young (Concurrent Start) (Metadata GC Threshold) 114M->26M(512M) 5.031ms
[2023-02-28T15:46:45.661+0900][3.189s] GC(4) User=0.00s Sys=0.00s Real=0.01s
[2023-02-28T15:46:45.661+0900][3.189s] GC(5) Concurrent Cycle
[2023-02-28T15:46:45.661+0900][3.189s] GC(5) Concurrent Clear Claimed Marks
[2023-02-28T15:46:45.661+0900][3.189s] GC(5) Concurrent Clear Claimed Marks 0.062ms
[2023-02-28T15:46:45.661+0900][3.189s] GC(5) Concurrent Scan Root Regions
[2023-02-28T15:46:45.662+0900][3.191s] GC(5) Concurrent Scan Root Regions 1.425ms
[2023-02-28T15:46:45.662+0900][3.191s] GC(5) Concurrent Mark (3.191s)
[2023-02-28T15:46:45.662+0900][3.191s] GC(5) Concurrent Mark From Roots
[2023-02-28T15:46:45.662+0900][3.191s] GC(5) Using 3 workers of 3 for marking
[2023-02-28T15:46:45.679+0900][3.208s] GC(5) Concurrent Mark From Roots 16.876ms
[2023-02-28T15:46:45.679+0900][3.208s] GC(5) Concurrent Preclean
[2023-02-28T15:46:45.679+0900][3.208s] GC(5) Concurrent Preclean 0.104ms
[2023-02-28T15:46:45.680+0900][3.208s] GC(5) Concurrent Mark (3.191s, 3.208s) 17.119ms
[2023-02-28T15:46:45.680+0900][3.208s] GC(5) Pause Remark
[2023-02-28T15:46:45.682+0900][3.211s] GC(5) Cleaned string and symbol table, strings: 16204 processed, 22 removed, symbols: 116095 processed, 42 removed
[2023-02-28T15:46:45.682+0900][3.211s] GC(5) Pause Remark 27M->27M(512M) 2.664ms
[2023-02-28T15:46:45.682+0900][3.211s] GC(5) User=0.00s Sys=0.00s Real=0.00s
[2023-02-28T15:46:45.682+0900][3.211s] GC(5) Concurrent Rebuild Remembered Sets
[2023-02-28T15:46:45.687+0900][3.216s] GC(5) Concurrent Rebuild Remembered Sets 4.830ms
[2023-02-28T15:46:45.687+0900][3.216s] GC(5) Pause Cleanup
[2023-02-28T15:46:45.688+0900][3.216s] GC(5) Pause Cleanup 28M->28M(512M) 0.107ms
[2023-02-28T15:46:45.688+0900][3.216s] GC(5) User=0.00s Sys=0.00s Real=0.00s
[2023-02-28T15:46:45.688+0900][3.216s] GC(5) Concurrent Cleanup for Next Mark
[2023-02-28T15:46:45.688+0900][3.217s] GC(5) Concurrent Cleanup for Next Mark 0.713ms
[2023-02-28T15:46:45.689+0900][3.217s] GC(5) Concurrent Cycle 27.786ms
[2023-02-28T15:46:46.565+0900][4.093s] GC(6) Pause Young (Concurrent Start) (G1 Evacuation Pause)
[2023-02-28T15:46:46.565+0900][4.093s] GC(6) Using 10 workers of 10 for evacuation
[2023-02-28T15:46:46.573+0900][4.101s] GC(6)   Pre Evacuate Collection Set: 0.1ms
[2023-02-28T15:46:46.573+0900][4.102s] GC(6)   Evacuate Collection Set: 7.8ms
[2023-02-28T15:46:46.573+0900][4.102s] GC(6)   Post Evacuate Collection Set: 0.3ms
[2023-02-28T15:46:46.573+0900][4.102s] GC(6)   Other: 0.2ms
[2023-02-28T15:46:46.573+0900][4.102s] GC(6) Eden regions: 120->0(175)
[2023-02-28T15:46:46.573+0900][4.102s] GC(6) Survivor regions: 10->9(17)
[2023-02-28T15:46:46.573+0900][4.102s] GC(6) Old regions: 13->21
[2023-02-28T15:46:46.574+0900][4.102s] GC(6) Humongous regions: 5->4
[2023-02-28T15:46:46.574+0900][4.102s] GC(6) Metaspace: 46579K(47744K)->46579K(47744K) NonClass: 41320K(41984K)->41320K(41984K) Class: 5259K(5760K)->5259K(5760K)
[2023-02-28T15:46:46.574+0900][4.102s] GC(6) Pause Young (Concurrent Start) (G1 Evacuation Pause) 147M->32M(512M) 8.560ms
[2023-02-28T15:46:46.574+0900][4.102s] GC(6) User=0.00s Sys=0.00s Real=0.01s
[2023-02-28T15:46:46.574+0900][4.102s] GC(7) Concurrent Cycle
[2023-02-28T15:46:46.574+0900][4.102s] GC(7) Concurrent Clear Claimed Marks
[2023-02-28T15:46:46.574+0900][4.102s] GC(7) Concurrent Clear Claimed Marks 0.109ms
[2023-02-28T15:46:46.574+0900][4.102s] GC(7) Concurrent Scan Root Regions
[2023-02-28T15:46:46.576+0900][4.104s] GC(7) Concurrent Scan Root Regions 1.978ms
[2023-02-28T15:46:46.576+0900][4.104s] GC(7) Concurrent Mark (4.104s)
[2023-02-28T15:46:46.576+0900][4.104s] GC(7) Concurrent Mark From Roots
[2023-02-28T15:46:46.576+0900][4.104s] GC(7) Using 3 workers of 3 for marking
[2023-02-28T15:46:46.588+0900][4.116s] GC(7) Concurrent Mark From Roots 12.178ms
[2023-02-28T15:46:46.588+0900][4.116s] GC(7) Concurrent Preclean
[2023-02-28T15:46:46.588+0900][4.116s] GC(7) Concurrent Preclean 0.173ms
[2023-02-28T15:46:46.588+0900][4.116s] GC(7) Concurrent Mark (4.104s, 4.116s) 12.485ms
[2023-02-28T15:46:46.588+0900][4.117s] GC(7) Pause Remark
[2023-02-28T15:46:46.592+0900][4.120s] GC(7) Cleaned string and symbol table, strings: 22777 processed, 1 removed, symbols: 151943 processed, 86 removed
[2023-02-28T15:46:46.592+0900][4.120s] GC(7) Pause Remark 34M->34M(512M) 3.410ms
[2023-02-28T15:46:46.592+0900][4.120s] GC(7) User=0.14s Sys=0.02s Real=0.00s
[2023-02-28T15:46:46.592+0900][4.120s] GC(7) Concurrent Rebuild Remembered Sets
[2023-02-28T15:46:46.597+0900][4.125s] GC(7) Concurrent Rebuild Remembered Sets 4.641ms
[2023-02-28T15:46:46.597+0900][4.125s] GC(7) Pause Cleanup
[2023-02-28T15:46:46.597+0900][4.125s] GC(7) Pause Cleanup 35M->35M(512M) 0.089ms
[2023-02-28T15:46:46.597+0900][4.125s] GC(7) User=0.00s Sys=0.00s Real=0.00s
[2023-02-28T15:46:46.597+0900][4.125s] GC(7) Concurrent Cleanup for Next Mark
[2023-02-28T15:46:46.598+0900][4.126s] GC(7) Concurrent Cleanup for Next Mark 0.660ms
[2023-02-28T15:46:46.598+0900][4.126s] GC(7) Concurrent Cycle 23.969ms
[2023-02-28T15:46:58.431+0900][15.960s] GC(8) Pause Young (Normal) (G1 Evacuation Pause)
[2023-02-28T15:46:58.431+0900][15.960s] GC(8) Using 10 workers of 10 for evacuation
[2023-02-28T15:46:58.439+0900][15.968s] GC(8)   Pre Evacuate Collection Set: 0.0ms
[2023-02-28T15:46:58.439+0900][15.968s] GC(8)   Evacuate Collection Set: 7.2ms
[2023-02-28T15:46:58.439+0900][15.968s] GC(8)   Post Evacuate Collection Set: 0.9ms
[2023-02-28T15:46:58.439+0900][15.968s] GC(8)   Other: 0.2ms
[2023-02-28T15:46:58.439+0900][15.968s] GC(8) Eden regions: 182->0(290)
[2023-02-28T15:46:58.439+0900][15.968s] GC(8) Survivor regions: 9->17(24)
[2023-02-28T15:46:58.440+0900][15.968s] GC(8) Old regions: 21->21
[2023-02-28T15:46:58.440+0900][15.968s] GC(8) Humongous regions: 4->4
[2023-02-28T15:46:58.440+0900][15.968s] GC(8) Metaspace: 57834K(59264K)->57834K(59264K) NonClass: 51122K(51968K)->51122K(51968K) Class: 6712K(7296K)->6712K(7296K)
[2023-02-28T15:46:58.440+0900][15.968s] GC(8) Pause Young (Normal) (G1 Evacuation Pause) 214M->40M(512M) 8.474ms
[2023-02-28T15:46:58.440+0900][15.968s] GC(8) User=0.17s Sys=0.00s Real=0.01s
[2023-02-28T15:46:59.903+0900][17.432s] GC(9) Pause Young (Normal) (G1 Evacuation Pause)
[2023-02-28T15:46:59.903+0900][17.432s] GC(9) Using 10 workers of 10 for evacuation
[2023-02-28T15:46:59.926+0900][17.454s] GC(9)   Pre Evacuate Collection Set: 0.0ms
[2023-02-28T15:46:59.926+0900][17.455s] GC(9)   Evacuate Collection Set: 20.2ms
[2023-02-28T15:46:59.926+0900][17.455s] GC(9)   Post Evacuate Collection Set: 1.8ms
[2023-02-28T15:46:59.926+0900][17.455s] GC(9)   Other: 0.3ms
[2023-02-28T15:46:59.926+0900][17.455s] GC(9) Eden regions: 290->0(268)
[2023-02-28T15:46:59.926+0900][17.455s] GC(9) Survivor regions: 17->39(39)
[2023-02-28T15:46:59.926+0900][17.455s] GC(9) Old regions: 21->30
[2023-02-28T15:46:59.926+0900][17.455s] GC(9) Humongous regions: 17->17
[2023-02-28T15:46:59.926+0900][17.455s] GC(9) Metaspace: 64569K(66048K)->64569K(66048K) NonClass: 57125K(58112K)->57125K(58112K) Class: 7443K(7936K)->7443K(7936K)
[2023-02-28T15:46:59.926+0900][17.455s] GC(9) Pause Young (Normal) (G1 Evacuation Pause) 343M->85M(512M) 22.805ms
[2023-02-28T15:46:59.926+0900][17.455s] GC(9) User=0.19s Sys=0.00s Real=0.02s
[2023-02-28T15:47:00.597+0900][18.125s] GC(10) Pause Young (Normal) (G1 Evacuation Pause)
[2023-02-28T15:47:00.597+0900][18.125s] GC(10) Using 10 workers of 10 for evacuation
[2023-02-28T15:47:00.626+0900][18.154s] GC(10)   Pre Evacuate Collection Set: 0.0ms
[2023-02-28T15:47:00.626+0900][18.154s] GC(10)   Evacuate Collection Set: 27.6ms
[2023-02-28T15:47:00.626+0900][18.154s] GC(10)   Post Evacuate Collection Set: 1.6ms
[2023-02-28T15:47:00.626+0900][18.154s] GC(10)   Other: 0.3ms
[2023-02-28T15:47:00.626+0900][18.154s] GC(10) Eden regions: 268->0(254)
[2023-02-28T15:47:00.627+0900][18.154s] GC(10) Survivor regions: 39->38(39)
[2023-02-28T15:47:00.627+0900][18.154s] GC(10) Old regions: 30->67
[2023-02-28T15:47:00.627+0900][18.155s] GC(10) Humongous regions: 17->17
[2023-02-28T15:47:00.627+0900][18.155s] GC(10) Metaspace: 64618K(66048K)->64618K(66048K) NonClass: 57174K(58112K)->57174K(58112K) Class: 7443K(7936K)->7443K(7936K)
[2023-02-28T15:47:00.627+0900][18.155s] GC(10) Pause Young (Normal) (G1 Evacuation Pause) 353M->121M(512M) 29.979ms
[2023-02-28T15:47:00.627+0900][18.155s] GC(10) User=0.38s Sys=0.00s Real=0.03s
[2023-02-28T15:47:01.200+0900][18.728s] GC(11) Pause Young (Normal) (G1 Evacuation Pause)
[2023-02-28T15:47:01.200+0900][18.728s] GC(11) Using 10 workers of 10 for evacuation
[2023-02-28T15:47:01.222+0900][18.750s] GC(11)   Pre Evacuate Collection Set: 0.0ms
[2023-02-28T15:47:01.222+0900][18.750s] GC(11)   Evacuate Collection Set: 21.4ms
[2023-02-28T15:47:01.222+0900][18.750s] GC(11)   Post Evacuate Collection Set: 0.4ms
[2023-02-28T15:47:01.222+0900][18.750s] GC(11)   Other: 0.2ms
[2023-02-28T15:47:01.222+0900][18.750s] GC(11) Eden regions: 254->0(228)
[2023-02-28T15:47:01.222+0900][18.750s] GC(11) Survivor regions: 38->37(37)
[2023-02-28T15:47:01.222+0900][18.750s] GC(11) Old regions: 67->103
[2023-02-28T15:47:01.222+0900][18.750s] GC(11) Humongous regions: 17->17
[2023-02-28T15:47:01.222+0900][18.750s] GC(11) Metaspace: 64653K(66048K)->64653K(66048K) NonClass: 57209K(58112K)->57209K(58112K) Class: 7444K(7936K)->7444K(7936K)
[2023-02-28T15:47:01.222+0900][18.750s] GC(11) Pause Young (Normal) (G1 Evacuation Pause) 375M->157M(512M) 22.243ms
[2023-02-28T15:47:01.222+0900][18.750s] GC(11) User=0.16s Sys=0.00s Real=0.02s
[2023-02-28T15:47:01.713+0900][19.241s] GC(12) Pause Young (Normal) (G1 Evacuation Pause)
[2023-02-28T15:47:01.713+0900][19.241s] GC(12) Using 10 workers of 10 for evacuation
[2023-02-28T15:47:01.734+0900][19.262s] GC(12)   Pre Evacuate Collection Set: 0.0ms
[2023-02-28T15:47:01.734+0900][19.262s] GC(12)   Evacuate Collection Set: 20.3ms
[2023-02-28T15:47:01.734+0900][19.262s] GC(12)   Post Evacuate Collection Set: 0.6ms
[2023-02-28T15:47:01.734+0900][19.262s] GC(12)   Other: 0.2ms
[2023-02-28T15:47:01.734+0900][19.262s] GC(12) Eden regions: 228->0(200)
[2023-02-28T15:47:01.734+0900][19.262s] GC(12) Survivor regions: 37->34(34)
[2023-02-28T15:47:01.734+0900][19.262s] GC(12) Old regions: 103->139
[2023-02-28T15:47:01.734+0900][19.262s] GC(12) Humongous regions: 17->17
[2023-02-28T15:47:01.734+0900][19.262s] GC(12) Metaspace: 64663K(66048K)->64663K(66048K) NonClass: 57219K(58112K)->57219K(58112K) Class: 7444K(7936K)->7444K(7936K)
[2023-02-28T15:47:01.734+0900][19.262s] GC(12) Pause Young (Normal) (G1 Evacuation Pause) 385M->190M(512M) 21.411ms
[2023-02-28T15:47:01.734+0900][19.262s] GC(12) User=0.31s Sys=0.00s Real=0.02s
[2023-02-28T15:47:03.066+0900][20.595s] GC(13) Pause Young (Normal) (G1 Evacuation Pause)
[2023-02-28T15:47:03.066+0900][20.595s] GC(13) Using 10 workers of 10 for evacuation
[2023-02-28T15:47:03.083+0900][20.612s] GC(13)   Pre Evacuate Collection Set: 0.0ms
[2023-02-28T15:47:03.083+0900][20.612s] GC(13)   Evacuate Collection Set: 15.3ms
[2023-02-28T15:47:03.083+0900][20.612s] GC(13)   Post Evacuate Collection Set: 1.1ms
[2023-02-28T15:47:03.083+0900][20.612s] GC(13)   Other: 0.3ms
[2023-02-28T15:47:03.083+0900][20.612s] GC(13) Eden regions: 200->0(200)
[2023-02-28T15:47:03.083+0900][20.612s] GC(13) Survivor regions: 34->9(30)
[2023-02-28T15:47:03.083+0900][20.612s] GC(13) Old regions: 139->174
[2023-02-28T15:47:03.083+0900][20.612s] GC(13) Humongous regions: 17->17
[2023-02-28T15:47:03.083+0900][20.612s] GC(13) Metaspace: 64713K(66048K)->64713K(66048K) NonClass: 57266K(58112K)->57266K(58112K) Class: 7446K(7936K)->7446K(7936K)
[2023-02-28T15:47:03.083+0900][20.612s] GC(13) Pause Young (Normal) (G1 Evacuation Pause) 390M->199M(512M) 17.091ms
[2023-02-28T15:47:03.083+0900][20.612s] GC(13) User=0.16s Sys=0.00s Real=0.02s
[2023-02-28T15:47:04.625+0900][22.154s] GC(14) Pause Young (Normal) (G1 Evacuation Pause)
[2023-02-28T15:47:04.625+0900][22.154s] GC(14) Using 10 workers of 10 for evacuation
[2023-02-28T15:47:04.628+0900][22.157s] GC(14)   Pre Evacuate Collection Set: 0.0ms
[2023-02-28T15:47:04.628+0900][22.157s] GC(14)   Evacuate Collection Set: 2.5ms
[2023-02-28T15:47:04.628+0900][22.157s] GC(14)   Post Evacuate Collection Set: 0.4ms
[2023-02-28T15:47:04.628+0900][22.157s] GC(14)   Other: 0.1ms
[2023-02-28T15:47:04.628+0900][22.157s] GC(14) Eden regions: 200->0(207)
[2023-02-28T15:47:04.628+0900][22.157s] GC(14) Survivor regions: 9->9(27)
[2023-02-28T15:47:04.628+0900][22.157s] GC(14) Old regions: 174->174
[2023-02-28T15:47:04.628+0900][22.157s] GC(14) Humongous regions: 17->17
[2023-02-28T15:47:04.628+0900][22.157s] GC(14) Metaspace: 64722K(66048K)->64722K(66048K) NonClass: 57276K(58112K)->57276K(58112K) Class: 7446K(7936K)->7446K(7936K)
[2023-02-28T15:47:04.628+0900][22.157s] GC(14) Pause Young (Normal) (G1 Evacuation Pause) 399M->199M(512M) 3.310ms
[2023-02-28T15:47:04.628+0900][22.157s] GC(14) User=0.00s Sys=0.00s Real=0.00s
[2023-02-28T15:47:06.252+0900][23.780s] GC(15) Pause Young (Normal) (G1 Evacuation Pause)
[2023-02-28T15:47:06.252+0900][23.780s] GC(15) Using 10 workers of 10 for evacuation
[2023-02-28T15:47:06.255+0900][23.783s] GC(15)   Pre Evacuate Collection Set: 0.0ms
[2023-02-28T15:47:06.255+0900][23.783s] GC(15)   Evacuate Collection Set: 2.5ms
[2023-02-28T15:47:06.255+0900][23.783s] GC(15)   Post Evacuate Collection Set: 0.4ms
[2023-02-28T15:47:06.255+0900][23.783s] GC(15)   Other: 0.1ms
[2023-02-28T15:47:06.255+0900][23.783s] GC(15) Eden regions: 207->0(213)
[2023-02-28T15:47:06.255+0900][23.783s] GC(15) Survivor regions: 9->9(27)
[2023-02-28T15:47:06.255+0900][23.783s] GC(15) Old regions: 174->174
[2023-02-28T15:47:06.255+0900][23.784s] GC(15) Humongous regions: 17->17
[2023-02-28T15:47:06.255+0900][23.784s] GC(15) Metaspace: 64722K(66048K)->64722K(66048K) NonClass: 57276K(58112K)->57276K(58112K) Class: 7446K(7936K)->7446K(7936K)
[2023-02-28T15:47:06.255+0900][23.784s] GC(15) Pause Young (Normal) (G1 Evacuation Pause) 406M->199M(512M) 3.338ms
[2023-02-28T15:47:06.255+0900][23.784s] GC(15) User=0.00s Sys=0.00s Real=0.00s
[2023-02-28T15:47:08.011+0900][25.539s] GC(16) Pause Young (Normal) (G1 Evacuation Pause)
[2023-02-28T15:47:08.011+0900][25.539s] GC(16) Using 10 workers of 10 for evacuation
[2023-02-28T15:47:08.014+0900][25.543s] GC(16)   Pre Evacuate Collection Set: 0.0ms
[2023-02-28T15:47:08.014+0900][25.543s] GC(16)   Evacuate Collection Set: 2.9ms
[2023-02-28T15:47:08.015+0900][25.543s] GC(16)   Post Evacuate Collection Set: 0.3ms
[2023-02-28T15:47:08.015+0900][25.543s] GC(16)   Other: 0.2ms
[2023-02-28T15:47:08.015+0900][25.543s] GC(16) Eden regions: 213->0(217)
[2023-02-28T15:47:08.015+0900][25.543s] GC(16) Survivor regions: 9->10(28)
[2023-02-28T15:47:08.015+0900][25.543s] GC(16) Old regions: 174->174
[2023-02-28T15:47:08.015+0900][25.543s] GC(16) Humongous regions: 17->17
[2023-02-28T15:47:08.015+0900][25.543s] GC(16) Metaspace: 64722K(66048K)->64722K(66048K) NonClass: 57276K(58112K)->57276K(58112K) Class: 7446K(7936K)->7446K(7936K)
[2023-02-28T15:47:08.015+0900][25.543s] GC(16) Pause Young (Normal) (G1 Evacuation Pause) 412M->200M(512M) 3.587ms
[2023-02-28T15:47:08.015+0900][25.543s] GC(16) User=0.16s Sys=0.00s Real=0.00s
[2023-02-28T15:47:09.810+0900][27.338s] GC(17) Pause Young (Normal) (G1 Evacuation Pause)
[2023-02-28T15:47:09.810+0900][27.338s] GC(17) Using 10 workers of 10 for evacuation
[2023-02-28T15:47:09.814+0900][27.342s] GC(17)   Pre Evacuate Collection Set: 0.0ms
[2023-02-28T15:47:09.814+0900][27.343s] GC(17)   Evacuate Collection Set: 3.7ms
[2023-02-28T15:47:09.814+0900][27.343s] GC(17)   Post Evacuate Collection Set: 0.5ms
[2023-02-28T15:47:09.814+0900][27.343s] GC(17)   Other: 0.2ms
[2023-02-28T15:47:09.814+0900][27.343s] GC(17) Eden regions: 217->0(221)
[2023-02-28T15:47:09.815+0900][27.343s] GC(17) Survivor regions: 10->11(29)
[2023-02-28T15:47:09.815+0900][27.343s] GC(17) Old regions: 174->174
[2023-02-28T15:47:09.815+0900][27.343s] GC(17) Humongous regions: 17->17
[2023-02-28T15:47:09.815+0900][27.343s] GC(17) Metaspace: 64722K(66048K)->64722K(66048K) NonClass: 57276K(58112K)->57276K(58112K) Class: 7446K(7936K)->7446K(7936K)
[2023-02-28T15:47:09.815+0900][27.343s] GC(17) Pause Young (Normal) (G1 Evacuation Pause) 417M->201M(512M) 4.752ms
[2023-02-28T15:47:09.815+0900][27.343s] GC(17) User=0.00s Sys=0.00s Real=0.01s
[2023-02-28T15:47:11.656+0900][29.184s] GC(18) Pause Young (Normal) (G1 Evacuation Pause)
[2023-02-28T15:47:11.656+0900][29.185s] GC(18) Using 10 workers of 10 for evacuation
[2023-02-28T15:47:11.661+0900][29.189s] GC(18)   Pre Evacuate Collection Set: 0.0ms
[2023-02-28T15:47:11.661+0900][29.189s] GC(18)   Evacuate Collection Set: 4.1ms
[2023-02-28T15:47:11.661+0900][29.189s] GC(18)   Post Evacuate Collection Set: 0.3ms
[2023-02-28T15:47:11.661+0900][29.189s] GC(18)   Other: 0.2ms
[2023-02-28T15:47:11.661+0900][29.189s] GC(18) Eden regions: 221->0(225)
[2023-02-28T15:47:11.661+0900][29.189s] GC(18) Survivor regions: 11->12(29)
[2023-02-28T15:47:11.661+0900][29.189s] GC(18) Old regions: 174->174
[2023-02-28T15:47:11.661+0900][29.189s] GC(18) Humongous regions: 17->17
[2023-02-28T15:47:11.661+0900][29.189s] GC(18) Metaspace: 64722K(66048K)->64722K(66048K) NonClass: 57276K(58112K)->57276K(58112K) Class: 7446K(7936K)->7446K(7936K)
[2023-02-28T15:47:11.661+0900][29.189s] GC(18) Pause Young (Normal) (G1 Evacuation Pause) 422M->202M(512M) 4.813ms
[2023-02-28T15:47:11.661+0900][29.189s] GC(18) User=0.00s Sys=0.00s Real=0.01s
[2023-02-28T15:47:13.432+0900][30.960s] GC(19) Pause Young (Normal) (G1 Evacuation Pause)
[2023-02-28T15:47:13.432+0900][30.960s] GC(19) Using 10 workers of 10 for evacuation
[2023-02-28T15:47:13.436+0900][30.965s] GC(19)   Pre Evacuate Collection Set: 0.0ms
[2023-02-28T15:47:13.436+0900][30.965s] GC(19)   Evacuate Collection Set: 4.0ms
[2023-02-28T15:47:13.436+0900][30.965s] GC(19)   Post Evacuate Collection Set: 0.5ms
[2023-02-28T15:47:13.436+0900][30.965s] GC(19)   Other: 0.1ms
[2023-02-28T15:47:13.436+0900][30.965s] GC(19) Eden regions: 225->0(228)
[2023-02-28T15:47:13.436+0900][30.965s] GC(19) Survivor regions: 12->13(30)
[2023-02-28T15:47:13.436+0900][30.965s] GC(19) Old regions: 174->174
[2023-02-28T15:47:13.436+0900][30.965s] GC(19) Humongous regions: 17->17
[2023-02-28T15:47:13.436+0900][30.965s] GC(19) Metaspace: 64722K(66048K)->64722K(66048K) NonClass: 57276K(58112K)->57276K(58112K) Class: 7446K(7936K)->7446K(7936K)
[2023-02-28T15:47:13.437+0900][30.965s] GC(19) Pause Young (Normal) (G1 Evacuation Pause) 427M->203M(512M) 4.994ms
[2023-02-28T15:47:13.437+0900][30.965s] GC(19) User=0.16s Sys=0.00s Real=0.01s
[2023-02-28T15:47:15.232+0900][32.760s] GC(20) Pause Young (Normal) (G1 Evacuation Pause)
[2023-02-28T15:47:15.232+0900][32.760s] GC(20) Using 10 workers of 10 for evacuation
[2023-02-28T15:47:15.237+0900][32.765s] GC(20)   Pre Evacuate Collection Set: 0.0ms
[2023-02-28T15:47:15.237+0900][32.765s] GC(20)   Evacuate Collection Set: 4.5ms
[2023-02-28T15:47:15.237+0900][32.765s] GC(20)   Post Evacuate Collection Set: 0.4ms
[2023-02-28T15:47:15.237+0900][32.765s] GC(20)   Other: 0.1ms
[2023-02-28T15:47:15.237+0900][32.765s] GC(20) Eden regions: 228->0(229)
[2023-02-28T15:47:15.237+0900][32.765s] GC(20) Survivor regions: 13->15(31)
[2023-02-28T15:47:15.237+0900][32.765s] GC(20) Old regions: 174->174
[2023-02-28T15:47:15.237+0900][32.765s] GC(20) Humongous regions: 17->17
[2023-02-28T15:47:15.237+0900][32.765s] GC(20) Metaspace: 64722K(66048K)->64722K(66048K) NonClass: 57276K(58112K)->57276K(58112K) Class: 7446K(7936K)->7446K(7936K)
[2023-02-28T15:47:15.237+0900][32.765s] GC(20) Pause Young (Normal) (G1 Evacuation Pause) 431M->204M(512M) 5.350ms
[2023-02-28T15:47:15.237+0900][32.765s] GC(20) User=0.00s Sys=0.00s Real=0.00s
[2023-02-28T15:47:17.027+0900][34.555s] GC(21) Pause Young (Normal) (G1 Evacuation Pause)
[2023-02-28T15:47:17.027+0900][34.555s] GC(21) Using 10 workers of 10 for evacuation
[2023-02-28T15:47:17.032+0900][34.561s] GC(21)   Pre Evacuate Collection Set: 0.0ms
[2023-02-28T15:47:17.032+0900][34.561s] GC(21)   Evacuate Collection Set: 5.0ms
[2023-02-28T15:47:17.032+0900][34.561s] GC(21)   Post Evacuate Collection Set: 0.3ms
[2023-02-28T15:47:17.032+0900][34.561s] GC(21)   Other: 0.2ms
[2023-02-28T15:47:17.032+0900][34.561s] GC(21) Eden regions: 229->0(232)
[2023-02-28T15:47:17.032+0900][34.561s] GC(21) Survivor regions: 15->16(31)
[2023-02-28T15:47:17.033+0900][34.561s] GC(21) Old regions: 174->174
[2023-02-28T15:47:17.033+0900][34.561s] GC(21) Humongous regions: 17->17
[2023-02-28T15:47:17.033+0900][34.561s] GC(21) Metaspace: 64722K(66048K)->64722K(66048K) NonClass: 57276K(58112K)->57276K(58112K) Class: 7446K(7936K)->7446K(7936K)
[2023-02-28T15:47:17.033+0900][34.561s] GC(21) Pause Young (Normal) (G1 Evacuation Pause) 433M->205M(512M) 5.784ms
[2023-02-28T15:47:17.033+0900][34.561s] GC(21) User=0.16s Sys=0.00s Real=0.01s
[2023-02-28T15:47:18.837+0900][36.366s] GC(22) Pause Young (Normal) (G1 Evacuation Pause)
[2023-02-28T15:47:18.837+0900][36.366s] GC(22) Using 10 workers of 10 for evacuation
[2023-02-28T15:47:18.844+0900][36.373s] GC(22)   Pre Evacuate Collection Set: 0.0ms
[2023-02-28T15:47:18.844+0900][36.373s] GC(22)   Evacuate Collection Set: 6.1ms
[2023-02-28T15:47:18.844+0900][36.373s] GC(22)   Post Evacuate Collection Set: 0.5ms
[2023-02-28T15:47:18.844+0900][36.373s] GC(22)   Other: 0.2ms
[2023-02-28T15:47:18.844+0900][36.373s] GC(22) Eden regions: 232->0(234)
[2023-02-28T15:47:18.844+0900][36.373s] GC(22) Survivor regions: 16->17(31)
[2023-02-28T15:47:18.844+0900][36.373s] GC(22) Old regions: 174->174
[2023-02-28T15:47:18.844+0900][36.373s] GC(22) Humongous regions: 17->17
[2023-02-28T15:47:18.844+0900][36.373s] GC(22) Metaspace: 64722K(66048K)->64722K(66048K) NonClass: 57276K(58112K)->57276K(58112K) Class: 7446K(7936K)->7446K(7936K)
[2023-02-28T15:47:18.844+0900][36.373s] GC(22) Pause Young (Normal) (G1 Evacuation Pause) 437M->207M(512M) 7.170ms
[2023-02-28T15:47:18.844+0900][36.373s] GC(22) User=0.16s Sys=0.00s Real=0.01s
[2023-02-28T15:47:20.720+0900][38.248s] GC(23) Pause Young (Normal) (G1 Evacuation Pause)
[2023-02-28T15:47:20.720+0900][38.248s] GC(23) Using 10 workers of 10 for evacuation
[2023-02-28T15:47:20.727+0900][38.255s] GC(23)   Pre Evacuate Collection Set: 0.0ms
[2023-02-28T15:47:20.727+0900][38.255s] GC(23)   Evacuate Collection Set: 6.6ms
[2023-02-28T15:47:20.727+0900][38.255s] GC(23)   Post Evacuate Collection Set: 0.3ms
[2023-02-28T15:47:20.727+0900][38.255s] GC(23)   Other: 0.2ms
[2023-02-28T15:47:20.727+0900][38.255s] GC(23) Eden regions: 234->0(233)
[2023-02-28T15:47:20.727+0900][38.255s] GC(23) Survivor regions: 17->18(32)
[2023-02-28T15:47:20.727+0900][38.255s] GC(23) Old regions: 174->174
[2023-02-28T15:47:20.727+0900][38.255s] GC(23) Humongous regions: 17->17
[2023-02-28T15:47:20.727+0900][38.255s] GC(23) Metaspace: 64722K(66048K)->64722K(66048K) NonClass: 57276K(58112K)->57276K(58112K) Class: 7446K(7936K)->7446K(7936K)
[2023-02-28T15:47:20.727+0900][38.255s] GC(23) Pause Young (Normal) (G1 Evacuation Pause) 441M->208M(512M) 7.372ms
[2023-02-28T15:47:20.727+0900][38.255s] GC(23) User=0.00s Sys=0.00s Real=0.01s
[2023-02-28T15:47:22.641+0900][40.170s] GC(24) Pause Young (Normal) (G1 Evacuation Pause)
[2023-02-28T15:47:22.641+0900][40.170s] GC(24) Using 10 workers of 10 for evacuation
[2023-02-28T15:47:22.649+0900][40.178s] GC(24)   Pre Evacuate Collection Set: 0.0ms
[2023-02-28T15:47:22.649+0900][40.178s] GC(24)   Evacuate Collection Set: 7.3ms
[2023-02-28T15:47:22.649+0900][40.178s] GC(24)   Post Evacuate Collection Set: 0.5ms
[2023-02-28T15:47:22.649+0900][40.178s] GC(24)   Other: 0.2ms
[2023-02-28T15:47:22.649+0900][40.178s] GC(24) Eden regions: 233->0(236)
[2023-02-28T15:47:22.649+0900][40.178s] GC(24) Survivor regions: 18->13(32)
[2023-02-28T15:47:22.649+0900][40.178s] GC(24) Old regions: 174->181
[2023-02-28T15:47:22.649+0900][40.178s] GC(24) Humongous regions: 17->17
[2023-02-28T15:47:22.649+0900][40.178s] GC(24) Metaspace: 64722K(66048K)->64722K(66048K) NonClass: 57276K(58112K)->57276K(58112K) Class: 7446K(7936K)->7446K(7936K)
[2023-02-28T15:47:22.649+0900][40.178s] GC(24) Pause Young (Normal) (G1 Evacuation Pause) 441M->209M(512M) 8.131ms
[2023-02-28T15:47:22.649+0900][40.178s] GC(24) User=0.00s Sys=0.00s Real=0.01s
[2023-02-28T15:47:24.623+0900][42.151s] GC(25) Pause Young (Normal) (G1 Evacuation Pause)
[2023-02-28T15:47:24.623+0900][42.151s] GC(25) Using 10 workers of 10 for evacuation
[2023-02-28T15:47:24.628+0900][42.156s] GC(25)   Pre Evacuate Collection Set: 0.0ms
[2023-02-28T15:47:24.628+0900][42.156s] GC(25)   Evacuate Collection Set: 4.9ms
[2023-02-28T15:47:24.628+0900][42.156s] GC(25)   Post Evacuate Collection Set: 0.4ms
[2023-02-28T15:47:24.628+0900][42.156s] GC(25)   Other: 0.1ms
[2023-02-28T15:47:24.628+0900][42.156s] GC(25) Eden regions: 236->0(236)
[2023-02-28T15:47:24.628+0900][42.156s] GC(25) Survivor regions: 13->13(32)
[2023-02-28T15:47:24.628+0900][42.156s] GC(25) Old regions: 181->181
[2023-02-28T15:47:24.628+0900][42.156s] GC(25) Humongous regions: 17->17
[2023-02-28T15:47:24.628+0900][42.157s] GC(25) Metaspace: 64722K(66048K)->64722K(66048K) NonClass: 57276K(58112K)->57276K(58112K) Class: 7446K(7936K)->7446K(7936K)
[2023-02-28T15:47:24.628+0900][42.157s] GC(25) Pause Young (Normal) (G1 Evacuation Pause) 445M->209M(512M) 5.631ms
[2023-02-28T15:47:24.628+0900][42.157s] GC(25) User=0.00s Sys=0.00s Real=0.01s
[2023-02-28T15:47:26.564+0900][44.092s] GC(26) Pause Young (Normal) (G1 Evacuation Pause)
[2023-02-28T15:47:26.564+0900][44.092s] GC(26) Using 10 workers of 10 for evacuation
[2023-02-28T15:47:26.570+0900][44.098s] GC(26)   Pre Evacuate Collection Set: 0.0ms
[2023-02-28T15:47:26.570+0900][44.098s] GC(26)   Evacuate Collection Set: 5.4ms
[2023-02-28T15:47:26.570+0900][44.098s] GC(26)   Post Evacuate Collection Set: 0.4ms
[2023-02-28T15:47:26.570+0900][44.098s] GC(26)   Other: 0.2ms
[2023-02-28T15:47:26.570+0900][44.098s] GC(26) Eden regions: 236->0(232)
[2023-02-28T15:47:26.570+0900][44.099s] GC(26) Survivor regions: 13->15(32)
[2023-02-28T15:47:26.570+0900][44.099s] GC(26) Old regions: 181->181
[2023-02-28T15:47:26.570+0900][44.099s] GC(26) Humongous regions: 17->17
[2023-02-28T15:47:26.570+0900][44.099s] GC(26) Metaspace: 64722K(66048K)->64722K(66048K) NonClass: 57276K(58112K)->57276K(58112K) Class: 7446K(7936K)->7446K(7936K)
[2023-02-28T15:47:26.570+0900][44.099s] GC(26) Pause Young (Normal) (G1 Evacuation Pause) 445M->211M(512M) 6.415ms
[2023-02-28T15:47:26.571+0900][44.099s] GC(26) User=0.00s Sys=0.00s Real=0.01s
[2023-02-28T15:47:28.586+0900][46.114s] GC(27) Pause Young (Normal) (G1 Evacuation Pause)
[2023-02-28T15:47:28.586+0900][46.114s] GC(27) Using 10 workers of 10 for evacuation
[2023-02-28T15:47:28.594+0900][46.122s] GC(27)   Pre Evacuate Collection Set: 0.0ms
[2023-02-28T15:47:28.594+0900][46.122s] GC(27)   Evacuate Collection Set: 6.9ms
[2023-02-28T15:47:28.594+0900][46.122s] GC(27)   Post Evacuate Collection Set: 0.5ms
[2023-02-28T15:47:28.594+0900][46.122s] GC(27)   Other: 0.2ms
[2023-02-28T15:47:28.594+0900][46.122s] GC(27) Eden regions: 232->0(230)
[2023-02-28T15:47:28.594+0900][46.122s] GC(27) Survivor regions: 15->16(31)
[2023-02-28T15:47:28.594+0900][46.122s] GC(27) Old regions: 181->181
[2023-02-28T15:47:28.594+0900][46.122s] GC(27) Humongous regions: 17->17
[2023-02-28T15:47:28.594+0900][46.122s] GC(27) Metaspace: 64722K(66048K)->64722K(66048K) NonClass: 57276K(58112K)->57276K(58112K) Class: 7446K(7936K)->7446K(7936K)
[2023-02-28T15:47:28.594+0900][46.122s] GC(27) Pause Young (Normal) (G1 Evacuation Pause) 443M->212M(512M) 7.874ms
[2023-02-28T15:47:28.594+0900][46.122s] GC(27) User=0.14s Sys=0.00s Real=0.01s
[2023-02-28T15:47:30.573+0900][48.102s] GC(28) Pause Young (Normal) (G1 Evacuation Pause)
[2023-02-28T15:47:30.573+0900][48.102s] GC(28) Using 10 workers of 10 for evacuation
[2023-02-28T15:47:30.581+0900][48.110s] GC(28)   Pre Evacuate Collection Set: 0.0ms
[2023-02-28T15:47:30.581+0900][48.110s] GC(28)   Evacuate Collection Set: 7.2ms
[2023-02-28T15:47:30.581+0900][48.110s] GC(28)   Post Evacuate Collection Set: 0.4ms
[2023-02-28T15:47:30.581+0900][48.110s] GC(28)   Other: 0.3ms
[2023-02-28T15:47:30.581+0900][48.110s] GC(28) Eden regions: 230->0(228)
[2023-02-28T15:47:30.581+0900][48.110s] GC(28) Survivor regions: 16->17(31)
[2023-02-28T15:47:30.581+0900][48.110s] GC(28) Old regions: 181->181
[2023-02-28T15:47:30.581+0900][48.110s] GC(28) Humongous regions: 17->17
[2023-02-28T15:47:30.581+0900][48.110s] GC(28) Metaspace: 64722K(66048K)->64722K(66048K) NonClass: 57276K(58112K)->57276K(58112K) Class: 7446K(7936K)->7446K(7936K)
[2023-02-28T15:47:30.581+0900][48.110s] GC(28) Pause Young (Normal) (G1 Evacuation Pause) 442M->213M(512M) 8.149ms
[2023-02-28T15:47:30.581+0900][48.110s] GC(28) User=0.16s Sys=0.00s Real=0.01s
[2023-02-28T15:47:32.698+0900][50.226s] GC(29) Pause Young (Normal) (G1 Evacuation Pause)
[2023-02-28T15:47:32.698+0900][50.226s] GC(29) Using 10 workers of 10 for evacuation
[2023-02-28T15:47:32.706+0900][50.234s] GC(29)   Pre Evacuate Collection Set: 0.0ms
[2023-02-28T15:47:32.706+0900][50.234s] GC(29)   Evacuate Collection Set: 7.2ms
[2023-02-28T15:47:32.706+0900][50.234s] GC(29)   Post Evacuate Collection Set: 0.4ms
[2023-02-28T15:47:32.706+0900][50.234s] GC(29)   Other: 0.2ms
[2023-02-28T15:47:32.706+0900][50.234s] GC(29) Eden regions: 228->0(228)
[2023-02-28T15:47:32.706+0900][50.234s] GC(29) Survivor regions: 17->17(31)
[2023-02-28T15:47:32.706+0900][50.234s] GC(29) Old regions: 181->181
[2023-02-28T15:47:32.706+0900][50.234s] GC(29) Humongous regions: 17->17
[2023-02-28T15:47:32.706+0900][50.234s] GC(29) Metaspace: 64722K(66048K)->64722K(66048K) NonClass: 57276K(58112K)->57276K(58112K) Class: 7446K(7936K)->7446K(7936K)
[2023-02-28T15:47:32.706+0900][50.234s] GC(29) Pause Young (Normal) (G1 Evacuation Pause) 441M->214M(512M) 8.153ms
[2023-02-28T15:47:32.706+0900][50.234s] GC(29) User=0.16s Sys=0.00s Real=0.01s
[2023-02-28T15:47:34.522+0900][52.051s] GC(30) Pause Young (Normal) (G1 Evacuation Pause)
[2023-02-28T15:47:34.522+0900][52.051s] GC(30) Using 10 workers of 10 for evacuation
[2023-02-28T15:47:34.530+0900][52.058s] GC(30)   Pre Evacuate Collection Set: 0.0ms
[2023-02-28T15:47:34.530+0900][52.058s] GC(30)   Evacuate Collection Set: 6.8ms
[2023-02-28T15:47:34.530+0900][52.058s] GC(30)   Post Evacuate Collection Set: 0.6ms
[2023-02-28T15:47:34.530+0900][52.058s] GC(30)   Other: 0.3ms
[2023-02-28T15:47:34.530+0900][52.058s] GC(30) Eden regions: 228->0(227)
[2023-02-28T15:47:34.530+0900][52.058s] GC(30) Survivor regions: 17->17(31)
[2023-02-28T15:47:34.530+0900][52.058s] GC(30) Old regions: 181->182
[2023-02-28T15:47:34.530+0900][52.058s] GC(30) Humongous regions: 17->17
[2023-02-28T15:47:34.530+0900][52.058s] GC(30) Metaspace: 64722K(66048K)->64722K(66048K) NonClass: 57276K(58112K)->57276K(58112K) Class: 7446K(7936K)->7446K(7936K)
[2023-02-28T15:47:34.530+0900][52.059s] GC(30) Pause Young (Normal) (G1 Evacuation Pause) 442M->215M(512M) 7.944ms
[2023-02-28T15:47:34.530+0900][52.059s] GC(30) User=0.16s Sys=0.00s Real=0.01s
[2023-02-28T15:47:36.289+0900][53.818s] GC(31) Pause Young (Normal) (G1 Evacuation Pause)
[2023-02-28T15:47:36.290+0900][53.818s] GC(31) Using 10 workers of 10 for evacuation
[2023-02-28T15:47:36.297+0900][53.825s] GC(31)   Pre Evacuate Collection Set: 0.0ms
[2023-02-28T15:47:36.297+0900][53.825s] GC(31)   Evacuate Collection Set: 6.8ms
[2023-02-28T15:47:36.297+0900][53.825s] GC(31)   Post Evacuate Collection Set: 0.4ms
[2023-02-28T15:47:36.297+0900][53.825s] GC(31)   Other: 0.2ms
[2023-02-28T15:47:36.297+0900][53.825s] GC(31) Eden regions: 227->0(226)
[2023-02-28T15:47:36.297+0900][53.825s] GC(31) Survivor regions: 17->17(31)
[2023-02-28T15:47:36.297+0900][53.825s] GC(31) Old regions: 182->183
[2023-02-28T15:47:36.297+0900][53.825s] GC(31) Humongous regions: 17->17
[2023-02-28T15:47:36.297+0900][53.825s] GC(31) Metaspace: 64727K(66048K)->64727K(66048K) NonClass: 57280K(58112K)->57280K(58112K) Class: 7447K(7936K)->7447K(7936K)
[2023-02-28T15:47:36.297+0900][53.825s] GC(31) Pause Young (Normal) (G1 Evacuation Pause) 442M->216M(512M) 7.621ms
[2023-02-28T15:47:36.297+0900][53.825s] GC(31) User=0.16s Sys=0.00s Real=0.01s
[2023-02-28T15:47:38.097+0900][55.625s] GC(32) Pause Young (Normal) (G1 Evacuation Pause)
[2023-02-28T15:47:38.097+0900][55.625s] GC(32) Using 10 workers of 10 for evacuation
[2023-02-28T15:47:38.104+0900][55.632s] GC(32)   Pre Evacuate Collection Set: 0.0ms
[2023-02-28T15:47:38.104+0900][55.632s] GC(32)   Evacuate Collection Set: 6.2ms
[2023-02-28T15:47:38.104+0900][55.632s] GC(32)   Post Evacuate Collection Set: 0.5ms
[2023-02-28T15:47:38.104+0900][55.632s] GC(32)   Other: 0.2ms
[2023-02-28T15:47:38.104+0900][55.632s] GC(32) Eden regions: 226->0(225)
[2023-02-28T15:47:38.104+0900][55.632s] GC(32) Survivor regions: 17->17(31)
[2023-02-28T15:47:38.104+0900][55.632s] GC(32) Old regions: 183->184
[2023-02-28T15:47:38.104+0900][55.632s] GC(32) Humongous regions: 17->17
[2023-02-28T15:47:38.104+0900][55.633s] GC(32) Metaspace: 64727K(66048K)->64727K(66048K) NonClass: 57280K(58112K)->57280K(58112K) Class: 7447K(7936K)->7447K(7936K)
[2023-02-28T15:47:38.104+0900][55.633s] GC(32) Pause Young (Normal) (G1 Evacuation Pause) 442M->217M(512M) 7.154ms
[2023-02-28T15:47:38.104+0900][55.633s] GC(32) User=0.00s Sys=0.00s Real=0.01s
[2023-02-28T15:47:39.927+0900][57.455s] GC(33) Pause Young (Normal) (G1 Evacuation Pause)
[2023-02-28T15:47:39.927+0900][57.455s] GC(33) Using 10 workers of 10 for evacuation
[2023-02-28T15:47:39.934+0900][57.462s] GC(33)   Pre Evacuate Collection Set: 0.0ms
[2023-02-28T15:47:39.934+0900][57.462s] GC(33)   Evacuate Collection Set: 6.8ms
[2023-02-28T15:47:39.934+0900][57.462s] GC(33)   Post Evacuate Collection Set: 0.4ms
[2023-02-28T15:47:39.934+0900][57.462s] GC(33)   Other: 0.2ms
[2023-02-28T15:47:39.934+0900][57.462s] GC(33) Eden regions: 225->0(223)
[2023-02-28T15:47:39.934+0900][57.462s] GC(33) Survivor regions: 17->17(31)
[2023-02-28T15:47:39.934+0900][57.462s] GC(33) Old regions: 184->186
[2023-02-28T15:47:39.934+0900][57.463s] GC(33) Humongous regions: 17->17
[2023-02-28T15:47:39.934+0900][57.463s] GC(33) Metaspace: 64727K(66048K)->64727K(66048K) NonClass: 57280K(58112K)->57280K(58112K) Class: 7447K(7936K)->7447K(7936K)
[2023-02-28T15:47:39.934+0900][57.463s] GC(33) Pause Young (Normal) (G1 Evacuation Pause) 442M->218M(512M) 7.784ms
[2023-02-28T15:47:39.934+0900][57.463s] GC(33) User=0.00s Sys=0.00s Real=0.01s
[2023-02-28T15:47:41.860+0900][59.389s] GC(34) Pause Young (Normal) (G1 Evacuation Pause)
[2023-02-28T15:47:41.860+0900][59.389s] GC(34) Using 10 workers of 10 for evacuation
[2023-02-28T15:47:41.868+0900][59.397s] GC(34)   Pre Evacuate Collection Set: 0.0ms
[2023-02-28T15:47:41.868+0900][59.397s] GC(34)   Evacuate Collection Set: 8.1ms
[2023-02-28T15:47:41.868+0900][59.397s] GC(34)   Post Evacuate Collection Set: 0.4ms
[2023-02-28T15:47:41.868+0900][59.397s] GC(34)   Other: 0.2ms
[2023-02-28T15:47:41.869+0900][59.397s] GC(34) Eden regions: 223->0(222)
[2023-02-28T15:47:41.869+0900][59.397s] GC(34) Survivor regions: 17->17(30)
[2023-02-28T15:47:41.869+0900][59.397s] GC(34) Old regions: 186->187
[2023-02-28T15:47:41.869+0900][59.397s] GC(34) Humongous regions: 17->17
[2023-02-28T15:47:41.869+0900][59.397s] GC(34) Metaspace: 64728K(66048K)->64728K(66048K) NonClass: 57280K(58112K)->57280K(58112K) Class: 7447K(7936K)->7447K(7936K)
[2023-02-28T15:47:41.869+0900][59.397s] GC(34) Pause Young (Normal) (G1 Evacuation Pause) 441M->219M(512M) 8.887ms
[2023-02-28T15:47:41.869+0900][59.397s] GC(34) User=0.00s Sys=0.00s Real=0.01s
[2023-02-28T15:47:43.768+0900][61.297s] GC(35) Pause Young (Normal) (G1 Evacuation Pause)
[2023-02-28T15:47:43.768+0900][61.297s] GC(35) Using 10 workers of 10 for evacuation
[2023-02-28T15:47:43.778+0900][61.306s] GC(35)   Pre Evacuate Collection Set: 0.0ms
[2023-02-28T15:47:43.778+0900][61.306s] GC(35)   Evacuate Collection Set: 8.8ms
[2023-02-28T15:47:43.778+0900][61.307s] GC(35)   Post Evacuate Collection Set: 0.5ms
[2023-02-28T15:47:43.778+0900][61.307s] GC(35)   Other: 0.2ms
[2023-02-28T15:47:43.778+0900][61.307s] GC(35) Eden regions: 222->0(221)
[2023-02-28T15:47:43.778+0900][61.307s] GC(35) Survivor regions: 17->17(30)
[2023-02-28T15:47:43.778+0900][61.307s] GC(35) Old regions: 187->188
[2023-02-28T15:47:43.778+0900][61.307s] GC(35) Humongous regions: 17->17
[2023-02-28T15:47:43.778+0900][61.307s] GC(35) Metaspace: 64728K(66048K)->64728K(66048K) NonClass: 57280K(58112K)->57280K(58112K) Class: 7447K(7936K)->7447K(7936K)
[2023-02-28T15:47:43.778+0900][61.307s] GC(35) Pause Young (Normal) (G1 Evacuation Pause) 441M->220M(512M) 9.688ms
[2023-02-28T15:47:43.778+0900][61.307s] GC(35) User=0.02s Sys=0.00s Real=0.01s
[2023-02-28T15:47:45.654+0900][63.182s] GC(36) Pause Young (Normal) (G1 Evacuation Pause)
[2023-02-28T15:47:45.654+0900][63.183s] GC(36) Using 10 workers of 10 for evacuation
[2023-02-28T15:47:45.662+0900][63.190s] GC(36)   Pre Evacuate Collection Set: 0.0ms
[2023-02-28T15:47:45.662+0900][63.190s] GC(36)   Evacuate Collection Set: 6.7ms
[2023-02-28T15:47:45.662+0900][63.190s] GC(36)   Post Evacuate Collection Set: 0.4ms
[2023-02-28T15:47:45.662+0900][63.190s] GC(36)   Other: 0.2ms
[2023-02-28T15:47:45.662+0900][63.190s] GC(36) Eden regions: 221->0(222)
[2023-02-28T15:47:45.662+0900][63.190s] GC(36) Survivor regions: 17->16(30)
[2023-02-28T15:47:45.662+0900][63.190s] GC(36) Old regions: 188->189
[2023-02-28T15:47:45.662+0900][63.190s] GC(36) Humongous regions: 17->17
[2023-02-28T15:47:45.662+0900][63.190s] GC(36) Metaspace: 64728K(66048K)->64728K(66048K) NonClass: 57280K(58112K)->57280K(58112K) Class: 7447K(7936K)->7447K(7936K)
[2023-02-28T15:47:45.662+0900][63.190s] GC(36) Pause Young (Normal) (G1 Evacuation Pause) 441M->221M(512M) 7.454ms
[2023-02-28T15:47:45.662+0900][63.190s] GC(36) User=0.00s Sys=0.00s Real=0.01s
[2023-02-28T15:47:47.518+0900][65.047s] GC(37) Pause Young (Normal) (G1 Evacuation Pause)
[2023-02-28T15:47:47.518+0900][65.047s] GC(37) Using 10 workers of 10 for evacuation
[2023-02-28T15:47:47.525+0900][65.053s] GC(37)   Pre Evacuate Collection Set: 0.0ms
[2023-02-28T15:47:47.525+0900][65.054s] GC(37)   Evacuate Collection Set: 6.3ms
[2023-02-28T15:47:47.525+0900][65.054s] GC(37)   Post Evacuate Collection Set: 0.4ms
[2023-02-28T15:47:47.525+0900][65.054s] GC(37)   Other: 0.2ms
[2023-02-28T15:47:47.525+0900][65.054s] GC(37) Eden regions: 222->0(219)
[2023-02-28T15:47:47.525+0900][65.054s] GC(37) Survivor regions: 16->17(30)
[2023-02-28T15:47:47.525+0900][65.054s] GC(37) Old regions: 189->190
[2023-02-28T15:47:47.525+0900][65.054s] GC(37) Humongous regions: 17->17
[2023-02-28T15:47:47.525+0900][65.054s] GC(37) Metaspace: 65122K(66432K)->65122K(66432K) NonClass: 57623K(58368K)->57623K(58368K) Class: 7498K(8064K)->7498K(8064K)
[2023-02-28T15:47:47.525+0900][65.054s] GC(37) Pause Young (Normal) (G1 Evacuation Pause) 443M->222M(512M) 7.171ms
[2023-02-28T15:47:47.525+0900][65.054s] GC(37) User=0.00s Sys=0.00s Real=0.01s
[2023-02-28T15:47:49.215+0900][66.743s] GC(38) Pause Young (Normal) (G1 Evacuation Pause)
[2023-02-28T15:47:49.215+0900][66.743s] GC(38) Using 10 workers of 10 for evacuation
[2023-02-28T15:47:49.222+0900][66.750s] GC(38)   Pre Evacuate Collection Set: 0.0ms
[2023-02-28T15:47:49.222+0900][66.750s] GC(38)   Evacuate Collection Set: 6.2ms
[2023-02-28T15:47:49.222+0900][66.750s] GC(38)   Post Evacuate Collection Set: 0.4ms
[2023-02-28T15:47:49.222+0900][66.750s] GC(38)   Other: 0.1ms
[2023-02-28T15:47:49.222+0900][66.750s] GC(38) Eden regions: 219->0(220)
[2023-02-28T15:47:49.222+0900][66.750s] GC(38) Survivor regions: 17->16(30)
[2023-02-28T15:47:49.222+0900][66.750s] GC(38) Old regions: 190->191
[2023-02-28T15:47:49.222+0900][66.750s] GC(38) Humongous regions: 17->17
[2023-02-28T15:47:49.222+0900][66.750s] GC(38) Metaspace: 65122K(66432K)->65122K(66432K) NonClass: 57623K(58368K)->57623K(58368K) Class: 7498K(8064K)->7498K(8064K)
[2023-02-28T15:47:49.222+0900][66.750s] GC(38) Pause Young (Normal) (G1 Evacuation Pause) 441M->223M(512M) 7.064ms
[2023-02-28T15:47:49.222+0900][66.750s] GC(38) User=0.00s Sys=0.00s Real=0.01s
[2023-02-28T15:47:50.929+0900][68.457s] GC(39) Pause Young (Normal) (G1 Evacuation Pause)
[2023-02-28T15:47:50.929+0900][68.457s] GC(39) Using 10 workers of 10 for evacuation
[2023-02-28T15:47:50.936+0900][68.464s] GC(39)   Pre Evacuate Collection Set: 0.0ms
[2023-02-28T15:47:50.936+0900][68.465s] GC(39)   Evacuate Collection Set: 6.8ms
[2023-02-28T15:47:50.936+0900][68.465s] GC(39)   Post Evacuate Collection Set: 0.4ms
[2023-02-28T15:47:50.936+0900][68.465s] GC(39)   Other: 0.1ms
[2023-02-28T15:47:50.936+0900][68.465s] GC(39) Eden regions: 220->0(217)
[2023-02-28T15:47:50.936+0900][68.465s] GC(39) Survivor regions: 16->17(30)
[2023-02-28T15:47:50.936+0900][68.465s] GC(39) Old regions: 191->192
[2023-02-28T15:47:50.936+0900][68.465s] GC(39) Humongous regions: 17->17
[2023-02-28T15:47:50.936+0900][68.465s] GC(39) Metaspace: 65122K(66432K)->65122K(66432K) NonClass: 57623K(58368K)->57623K(58368K) Class: 7498K(8064K)->7498K(8064K)
[2023-02-28T15:47:50.936+0900][68.465s] GC(39) Pause Young (Normal) (G1 Evacuation Pause) 443M->225M(512M) 7.540ms
[2023-02-28T15:47:50.936+0900][68.465s] GC(39) User=0.16s Sys=0.00s Real=0.01s
[2023-02-28T15:47:52.566+0900][70.094s] GC(40) Pause Young (Normal) (G1 Evacuation Pause)
[2023-02-28T15:47:52.566+0900][70.094s] GC(40) Using 10 workers of 10 for evacuation
[2023-02-28T15:47:52.573+0900][70.101s] GC(40)   Pre Evacuate Collection Set: 0.0ms
[2023-02-28T15:47:52.573+0900][70.101s] GC(40)   Evacuate Collection Set: 6.6ms
[2023-02-28T15:47:52.573+0900][70.101s] GC(40)   Post Evacuate Collection Set: 0.4ms
[2023-02-28T15:47:52.573+0900][70.101s] GC(40)   Other: 0.1ms
[2023-02-28T15:47:52.573+0900][70.101s] GC(40) Eden regions: 217->0(216)
[2023-02-28T15:47:52.573+0900][70.101s] GC(40) Survivor regions: 17->17(30)
[2023-02-28T15:47:52.573+0900][70.101s] GC(40) Old regions: 192->193
[2023-02-28T15:47:52.573+0900][70.101s] GC(40) Humongous regions: 17->17
[2023-02-28T15:47:52.573+0900][70.101s] GC(40) Metaspace: 65122K(66432K)->65122K(66432K) NonClass: 57623K(58368K)->57623K(58368K) Class: 7498K(8064K)->7498K(8064K)
[2023-02-28T15:47:52.573+0900][70.101s] GC(40) Pause Young (Normal) (G1 Evacuation Pause) 442M->226M(512M) 7.441ms
[2023-02-28T15:47:52.573+0900][70.101s] GC(40) User=0.00s Sys=0.00s Real=0.01s
[2023-02-28T15:47:54.184+0900][71.712s] GC(41) Pause Young (Normal) (G1 Evacuation Pause)
[2023-02-28T15:47:54.184+0900][71.712s] GC(41) Using 10 workers of 10 for evacuation
[2023-02-28T15:47:54.192+0900][71.721s] GC(41)   Pre Evacuate Collection Set: 0.0ms
[2023-02-28T15:47:54.192+0900][71.721s] GC(41)   Evacuate Collection Set: 8.2ms
[2023-02-28T15:47:54.192+0900][71.721s] GC(41)   Post Evacuate Collection Set: 0.6ms
[2023-02-28T15:47:54.192+0900][71.721s] GC(41)   Other: 0.1ms
[2023-02-28T15:47:54.192+0900][71.721s] GC(41) Eden regions: 216->0(215)
[2023-02-28T15:47:54.192+0900][71.721s] GC(41) Survivor regions: 17->17(30)
[2023-02-28T15:47:54.192+0900][71.721s] GC(41) Old regions: 193->194
[2023-02-28T15:47:54.192+0900][71.721s] GC(41) Humongous regions: 17->17
[2023-02-28T15:47:54.192+0900][71.721s] GC(41) Metaspace: 65122K(66432K)->65122K(66432K) NonClass: 57623K(58368K)->57623K(58368K) Class: 7498K(8064K)->7498K(8064K)
[2023-02-28T15:47:54.192+0900][71.721s] GC(41) Pause Young (Normal) (G1 Evacuation Pause) 442M->227M(512M) 9.215ms
[2023-02-28T15:47:54.192+0900][71.721s] GC(41) User=0.16s Sys=0.00s Real=0.01s
[2023-02-28T15:47:55.818+0900][73.346s] GC(42) Pause Young (Normal) (G1 Evacuation Pause)
[2023-02-28T15:47:55.818+0900][73.346s] GC(42) Using 10 workers of 10 for evacuation
[2023-02-28T15:47:55.824+0900][73.353s] GC(42)   Pre Evacuate Collection Set: 0.0ms
[2023-02-28T15:47:55.824+0900][73.353s] GC(42)   Evacuate Collection Set: 6.9ms
[2023-02-28T15:47:55.824+0900][73.353s] GC(42)   Post Evacuate Collection Set: 0.5ms
[2023-02-28T15:47:55.824+0900][73.353s] GC(42)   Other: 0.2ms
[2023-02-28T15:47:55.824+0900][73.353s] GC(42) Eden regions: 215->0(215)
[2023-02-28T15:47:55.824+0900][73.353s] GC(42) Survivor regions: 17->16(29)
[2023-02-28T15:47:55.824+0900][73.353s] GC(42) Old regions: 194->196
[2023-02-28T15:47:55.824+0900][73.353s] GC(42) Humongous regions: 17->17
[2023-02-28T15:47:55.824+0900][73.353s] GC(42) Metaspace: 65122K(66432K)->65122K(66432K) NonClass: 57623K(58368K)->57623K(58368K) Class: 7498K(8064K)->7498K(8064K)
[2023-02-28T15:47:55.824+0900][73.353s] GC(42) Pause Young (Normal) (G1 Evacuation Pause) 442M->228M(512M) 7.828ms
[2023-02-28T15:47:55.826+0900][73.353s] GC(42) User=0.02s Sys=0.00s Real=0.01s
[2023-02-28T15:47:57.597+0900][75.125s] GC(43) Pause Young (Normal) (G1 Evacuation Pause)
[2023-02-28T15:47:57.597+0900][75.125s] GC(43) Using 10 workers of 10 for evacuation
[2023-02-28T15:47:57.605+0900][75.133s] GC(43)   Pre Evacuate Collection Set: 0.0ms
[2023-02-28T15:47:57.605+0900][75.133s] GC(43)   Evacuate Collection Set: 6.8ms
[2023-02-28T15:47:57.605+0900][75.133s] GC(43)   Post Evacuate Collection Set: 0.4ms
[2023-02-28T15:47:57.605+0900][75.133s] GC(43)   Other: 0.2ms
[2023-02-28T15:47:57.605+0900][75.133s] GC(43) Eden regions: 215->0(214)
[2023-02-28T15:47:57.605+0900][75.133s] GC(43) Survivor regions: 16->16(29)
[2023-02-28T15:47:57.605+0900][75.133s] GC(43) Old regions: 196->197
[2023-02-28T15:47:57.605+0900][75.133s] GC(43) Humongous regions: 17->17
[2023-02-28T15:47:57.605+0900][75.133s] GC(43) Metaspace: 65122K(66432K)->65122K(66432K) NonClass: 57623K(58368K)->57623K(58368K) Class: 7498K(8064K)->7498K(8064K)
[2023-02-28T15:47:57.605+0900][75.133s] GC(43) Pause Young (Normal) (G1 Evacuation Pause) 443M->229M(512M) 7.600ms
[2023-02-28T15:47:57.605+0900][75.133s] GC(43) User=0.00s Sys=0.00s Real=0.01s
[2023-02-28T15:47:59.438+0900][76.967s] GC(44) Pause Young (Normal) (G1 Evacuation Pause)
[2023-02-28T15:47:59.438+0900][76.967s] GC(44) Using 10 workers of 10 for evacuation
[2023-02-28T15:47:59.446+0900][76.975s] GC(44)   Pre Evacuate Collection Set: 0.0ms
[2023-02-28T15:47:59.446+0900][76.975s] GC(44)   Evacuate Collection Set: 6.7ms
[2023-02-28T15:47:59.446+0900][76.975s] GC(44)   Post Evacuate Collection Set: 0.6ms
[2023-02-28T15:47:59.446+0900][76.975s] GC(44)   Other: 0.2ms
[2023-02-28T15:47:59.446+0900][76.975s] GC(44) Eden regions: 214->0(211)
[2023-02-28T15:47:59.446+0900][76.975s] GC(44) Survivor regions: 16->17(29)
[2023-02-28T15:47:59.446+0900][76.975s] GC(44) Old regions: 197->198
[2023-02-28T15:47:59.446+0900][76.975s] GC(44) Humongous regions: 17->17
[2023-02-28T15:47:59.447+0900][76.975s] GC(44) Metaspace: 65122K(66432K)->65122K(66432K) NonClass: 57623K(58368K)->57623K(58368K) Class: 7498K(8064K)->7498K(8064K)
[2023-02-28T15:47:59.447+0900][76.975s] GC(44) Pause Young (Normal) (G1 Evacuation Pause) 443M->230M(512M) 8.241ms
[2023-02-28T15:47:59.447+0900][76.975s] GC(44) User=0.00s Sys=0.00s Real=0.01s
[2023-02-28T15:48:01.223+0900][78.752s] GC(45) Pause Young (Normal) (G1 Evacuation Pause)
[2023-02-28T15:48:01.223+0900][78.752s] GC(45) Using 10 workers of 10 for evacuation
[2023-02-28T15:48:01.230+0900][78.759s] GC(45)   Pre Evacuate Collection Set: 0.0ms
[2023-02-28T15:48:01.230+0900][78.759s] GC(45)   Evacuate Collection Set: 6.5ms
[2023-02-28T15:48:01.230+0900][78.759s] GC(45)   Post Evacuate Collection Set: 0.4ms
[2023-02-28T15:48:01.230+0900][78.759s] GC(45)   Other: 0.2ms
[2023-02-28T15:48:01.230+0900][78.759s] GC(45) Eden regions: 211->0(212)
[2023-02-28T15:48:01.230+0900][78.759s] GC(45) Survivor regions: 17->16(29)
[2023-02-28T15:48:01.230+0900][78.759s] GC(45) Old regions: 198->199
[2023-02-28T15:48:01.230+0900][78.759s] GC(45) Humongous regions: 17->17
[2023-02-28T15:48:01.231+0900][78.759s] GC(45) Metaspace: 65122K(66432K)->65122K(66432K) NonClass: 57623K(58368K)->57623K(58368K) Class: 7498K(8064K)->7498K(8064K)
[2023-02-28T15:48:01.231+0900][78.759s] GC(45) Pause Young (Normal) (G1 Evacuation Pause) 441M->231M(512M) 7.567ms
[2023-02-28T15:48:01.231+0900][78.759s] GC(45) User=0.00s Sys=0.00s Real=0.01s
[2023-02-28T15:48:03.017+0900][80.545s] GC(46) Pause Young (Normal) (G1 Evacuation Pause)
[2023-02-28T15:48:03.017+0900][80.545s] GC(46) Using 10 workers of 10 for evacuation
[2023-02-28T15:48:03.024+0900][80.552s] GC(46)   Pre Evacuate Collection Set: 0.0ms
[2023-02-28T15:48:03.024+0900][80.552s] GC(46)   Evacuate Collection Set: 6.2ms
[2023-02-28T15:48:03.024+0900][80.552s] GC(46)   Post Evacuate Collection Set: 0.4ms
[2023-02-28T15:48:03.024+0900][80.552s] GC(46)   Other: 0.1ms
[2023-02-28T15:48:03.024+0900][80.552s] GC(46) Eden regions: 212->0(211)
[2023-02-28T15:48:03.024+0900][80.552s] GC(46) Survivor regions: 16->16(29)
[2023-02-28T15:48:03.024+0900][80.552s] GC(46) Old regions: 199->200
[2023-02-28T15:48:03.024+0900][80.552s] GC(46) Humongous regions: 17->17
[2023-02-28T15:48:03.024+0900][80.552s] GC(46) Metaspace: 65122K(66432K)->65122K(66432K) NonClass: 57623K(58368K)->57623K(58368K) Class: 7498K(8064K)->7498K(8064K)
[2023-02-28T15:48:03.024+0900][80.552s] GC(46) Pause Young (Normal) (G1 Evacuation Pause) 443M->232M(512M) 6.993ms
[2023-02-28T15:48:03.024+0900][80.552s] GC(46) User=0.00s Sys=0.00s Real=0.01s
[2023-02-28T15:48:04.693+0900][82.222s] GC(47) Pause Young (Normal) (G1 Evacuation Pause)
[2023-02-28T15:48:04.693+0900][82.222s] GC(47) Using 10 workers of 10 for evacuation
[2023-02-28T15:48:04.700+0900][82.228s] GC(47)   Pre Evacuate Collection Set: 0.0ms
[2023-02-28T15:48:04.700+0900][82.228s] GC(47)   Evacuate Collection Set: 6.0ms
[2023-02-28T15:48:04.700+0900][82.228s] GC(47)   Post Evacuate Collection Set: 0.4ms
[2023-02-28T15:48:04.700+0900][82.228s] GC(47)   Other: 0.1ms
[2023-02-28T15:48:04.700+0900][82.228s] GC(47) Eden regions: 211->0(210)
[2023-02-28T15:48:04.700+0900][82.228s] GC(47) Survivor regions: 16->16(29)
[2023-02-28T15:48:04.700+0900][82.228s] GC(47) Old regions: 200->201
[2023-02-28T15:48:04.700+0900][82.228s] GC(47) Humongous regions: 17->17
[2023-02-28T15:48:04.700+0900][82.228s] GC(47) Metaspace: 65122K(66432K)->65122K(66432K) NonClass: 57623K(58368K)->57623K(58368K) Class: 7498K(8064K)->7498K(8064K)
[2023-02-28T15:48:04.700+0900][82.228s] GC(47) Pause Young (Normal) (G1 Evacuation Pause) 443M->233M(512M) 6.783ms
[2023-02-28T15:48:04.700+0900][82.228s] GC(47) User=0.00s Sys=0.00s Real=0.01s
[2023-02-28T15:48:06.456+0900][83.985s] GC(48) Pause Young (Normal) (G1 Evacuation Pause)
[2023-02-28T15:48:06.456+0900][83.985s] GC(48) Using 10 workers of 10 for evacuation
[2023-02-28T15:48:06.463+0900][83.992s] GC(48)   Pre Evacuate Collection Set: 0.0ms
[2023-02-28T15:48:06.463+0900][83.992s] GC(48)   Evacuate Collection Set: 6.3ms
[2023-02-28T15:48:06.463+0900][83.992s] GC(48)   Post Evacuate Collection Set: 0.4ms
[2023-02-28T15:48:06.463+0900][83.992s] GC(48)   Other: 0.2ms
[2023-02-28T15:48:06.463+0900][83.992s] GC(48) Eden regions: 210->0(209)
[2023-02-28T15:48:06.463+0900][83.992s] GC(48) Survivor regions: 16->16(29)
[2023-02-28T15:48:06.463+0900][83.992s] GC(48) Old regions: 201->202
[2023-02-28T15:48:06.463+0900][83.992s] GC(48) Humongous regions: 17->17
[2023-02-28T15:48:06.463+0900][83.992s] GC(48) Metaspace: 65122K(66432K)->65122K(66432K) NonClass: 57623K(58368K)->57623K(58368K) Class: 7498K(8064K)->7498K(8064K)
[2023-02-28T15:48:06.464+0900][83.992s] GC(48) Pause Young (Normal) (G1 Evacuation Pause) 443M->234M(512M) 7.079ms
[2023-02-28T15:48:06.464+0900][83.992s] GC(48) User=0.00s Sys=0.00s Real=0.01s
[2023-02-28T15:48:08.059+0900][85.587s] GC(49) Pause Young (Normal) (G1 Evacuation Pause)
[2023-02-28T15:48:08.059+0900][85.587s] GC(49) Using 10 workers of 10 for evacuation
[2023-02-28T15:48:08.067+0900][85.596s] GC(49)   Pre Evacuate Collection Set: 0.0ms
[2023-02-28T15:48:08.067+0900][85.596s] GC(49)   Evacuate Collection Set: 7.7ms
[2023-02-28T15:48:08.067+0900][85.596s] GC(49)   Post Evacuate Collection Set: 0.5ms
[2023-02-28T15:48:08.067+0900][85.596s] GC(49)   Other: 0.2ms
[2023-02-28T15:48:08.067+0900][85.596s] GC(49) Eden regions: 209->0(208)
[2023-02-28T15:48:08.067+0900][85.596s] GC(49) Survivor regions: 16->16(29)
[2023-02-28T15:48:08.067+0900][85.596s] GC(49) Old regions: 202->203
[2023-02-28T15:48:08.067+0900][85.596s] GC(49) Humongous regions: 17->17
[2023-02-28T15:48:08.067+0900][85.596s] GC(49) Metaspace: 65122K(66432K)->65122K(66432K) NonClass: 57623K(58368K)->57623K(58368K) Class: 7498K(8064K)->7498K(8064K)
[2023-02-28T15:48:08.067+0900][85.596s] GC(49) Pause Young (Normal) (G1 Evacuation Pause) 443M->235M(512M) 8.760ms
[2023-02-28T15:48:08.067+0900][85.596s] GC(49) User=0.00s Sys=0.00s Real=0.01s
[2023-02-28T15:48:09.719+0900][87.247s] GC(50) Pause Young (Normal) (G1 Evacuation Pause)
[2023-02-28T15:48:09.719+0900][87.247s] GC(50) Using 10 workers of 10 for evacuation
[2023-02-28T15:48:09.726+0900][87.254s] GC(50)   Pre Evacuate Collection Set: 0.0ms
[2023-02-28T15:48:09.726+0900][87.254s] GC(50)   Evacuate Collection Set: 6.3ms
[2023-02-28T15:48:09.726+0900][87.254s] GC(50)   Post Evacuate Collection Set: 0.3ms
[2023-02-28T15:48:09.726+0900][87.254s] GC(50)   Other: 0.1ms
[2023-02-28T15:48:09.726+0900][87.254s] GC(50) Eden regions: 208->0(207)
[2023-02-28T15:48:09.726+0900][87.254s] GC(50) Survivor regions: 16->16(28)
[2023-02-28T15:48:09.726+0900][87.254s] GC(50) Old regions: 203->204
[2023-02-28T15:48:09.726+0900][87.254s] GC(50) Humongous regions: 17->17
[2023-02-28T15:48:09.726+0900][87.254s] GC(50) Metaspace: 65122K(66432K)->65122K(66432K) NonClass: 57623K(58368K)->57623K(58368K) Class: 7498K(8064K)->7498K(8064K)
[2023-02-28T15:48:09.726+0900][87.254s] GC(50) Pause Young (Normal) (G1 Evacuation Pause) 443M->236M(512M) 7.042ms
[2023-02-28T15:48:09.726+0900][87.254s] GC(50) User=0.00s Sys=0.00s Real=0.01s
[2023-02-28T15:48:11.333+0900][88.862s] GC(51) Pause Young (Normal) (G1 Evacuation Pause)
[2023-02-28T15:48:11.333+0900][88.862s] GC(51) Using 10 workers of 10 for evacuation
[2023-02-28T15:48:11.347+0900][88.876s] GC(51)   Pre Evacuate Collection Set: 0.0ms
[2023-02-28T15:48:11.347+0900][88.876s] GC(51)   Evacuate Collection Set: 12.5ms
[2023-02-28T15:48:11.347+0900][88.876s] GC(51)   Post Evacuate Collection Set: 1.0ms
[2023-02-28T15:48:11.347+0900][88.876s] GC(51)   Other: 0.3ms
[2023-02-28T15:48:11.347+0900][88.876s] GC(51) Eden regions: 207->0(206)
[2023-02-28T15:48:11.347+0900][88.876s] GC(51) Survivor regions: 16->16(28)
[2023-02-28T15:48:11.347+0900][88.876s] GC(51) Old regions: 204->205
[2023-02-28T15:48:11.347+0900][88.876s] GC(51) Humongous regions: 17->17
[2023-02-28T15:48:11.347+0900][88.876s] GC(51) Metaspace: 65122K(66432K)->65122K(66432K) NonClass: 57623K(58368K)->57623K(58368K) Class: 7498K(8064K)->7498K(8064K)
[2023-02-28T15:48:11.347+0900][88.876s] GC(51) Pause Young (Normal) (G1 Evacuation Pause) 443M->237M(512M) 14.097ms
[2023-02-28T15:48:11.347+0900][88.876s] GC(51) User=0.14s Sys=0.00s Real=0.01s
[2023-02-28T15:48:12.989+0900][90.517s] GC(52) Pause Young (Normal) (G1 Evacuation Pause)
[2023-02-28T15:48:12.989+0900][90.517s] GC(52) Using 10 workers of 10 for evacuation
[2023-02-28T15:48:12.996+0900][90.524s] GC(52)   Pre Evacuate Collection Set: 0.0ms
[2023-02-28T15:48:12.996+0900][90.525s] GC(52)   Evacuate Collection Set: 6.6ms
[2023-02-28T15:48:12.997+0900][90.525s] GC(52)   Post Evacuate Collection Set: 0.4ms
[2023-02-28T15:48:12.997+0900][90.525s] GC(52)   Other: 0.1ms
[2023-02-28T15:48:12.997+0900][90.525s] GC(52) Eden regions: 206->0(204)
[2023-02-28T15:48:12.997+0900][90.525s] GC(52) Survivor regions: 16->16(28)
[2023-02-28T15:48:12.997+0900][90.525s] GC(52) Old regions: 205->207
[2023-02-28T15:48:12.997+0900][90.525s] GC(52) Humongous regions: 17->17
[2023-02-28T15:48:12.997+0900][90.525s] GC(52) Metaspace: 65122K(66432K)->65122K(66432K) NonClass: 57624K(58368K)->57624K(58368K) Class: 7498K(8064K)->7498K(8064K)
[2023-02-28T15:48:12.997+0900][90.525s] GC(52) Pause Young (Normal) (G1 Evacuation Pause) 443M->238M(512M) 7.359ms
[2023-02-28T15:48:12.997+0900][90.525s] GC(52) User=0.00s Sys=0.02s Real=0.01s
[2023-02-28T15:48:14.726+0900][92.255s] GC(53) Pause Young (Normal) (G1 Evacuation Pause)
[2023-02-28T15:48:14.727+0900][92.255s] GC(53) Using 10 workers of 10 for evacuation
[2023-02-28T15:48:14.733+0900][92.261s] GC(53)   Pre Evacuate Collection Set: 0.0ms
[2023-02-28T15:48:14.733+0900][92.261s] GC(53)   Evacuate Collection Set: 6.1ms
[2023-02-28T15:48:14.733+0900][92.261s] GC(53)   Post Evacuate Collection Set: 0.4ms
[2023-02-28T15:48:14.733+0900][92.261s] GC(53)   Other: 0.2ms
[2023-02-28T15:48:14.733+0900][92.261s] GC(53) Eden regions: 204->0(203)
[2023-02-28T15:48:14.733+0900][92.261s] GC(53) Survivor regions: 16->16(28)
[2023-02-28T15:48:14.733+0900][92.261s] GC(53) Old regions: 207->208
[2023-02-28T15:48:14.733+0900][92.262s] GC(53) Humongous regions: 17->17
[2023-02-28T15:48:14.733+0900][92.262s] GC(53) Metaspace: 65122K(66432K)->65122K(66432K) NonClass: 57624K(58368K)->57624K(58368K) Class: 7498K(8064K)->7498K(8064K)
[2023-02-28T15:48:14.733+0900][92.262s] GC(53) Pause Young (Normal) (G1 Evacuation Pause) 442M->239M(512M) 6.889ms
[2023-02-28T15:48:14.733+0900][92.262s] GC(53) User=0.16s Sys=0.00s Real=0.01s
[2023-02-28T15:48:16.396+0900][93.925s] GC(54) Pause Young (Normal) (G1 Evacuation Pause)
[2023-02-28T15:48:16.396+0900][93.925s] GC(54) Using 10 workers of 10 for evacuation
[2023-02-28T15:48:16.402+0900][93.931s] GC(54)   Pre Evacuate Collection Set: 0.0ms
[2023-02-28T15:48:16.402+0900][93.931s] GC(54)   Evacuate Collection Set: 5.7ms
[2023-02-28T15:48:16.402+0900][93.931s] GC(54)   Post Evacuate Collection Set: 0.4ms
[2023-02-28T15:48:16.402+0900][93.931s] GC(54)   Other: 0.2ms
[2023-02-28T15:48:16.402+0900][93.931s] GC(54) Eden regions: 203->0(204)
[2023-02-28T15:48:16.402+0900][93.931s] GC(54) Survivor regions: 16->15(28)
[2023-02-28T15:48:16.402+0900][93.931s] GC(54) Old regions: 208->209
[2023-02-28T15:48:16.402+0900][93.931s] GC(54) Humongous regions: 17->17
[2023-02-28T15:48:16.402+0900][93.931s] GC(54) Metaspace: 65122K(66432K)->65122K(66432K) NonClass: 57624K(58368K)->57624K(58368K) Class: 7498K(8064K)->7498K(8064K)
[2023-02-28T15:48:16.402+0900][93.931s] GC(54) Pause Young (Normal) (G1 Evacuation Pause) 442M->240M(512M) 6.599ms
[2023-02-28T15:48:16.403+0900][93.931s] GC(54) User=0.00s Sys=0.02s Real=0.01s
[2023-02-28T15:48:18.122+0900][95.650s] GC(55) Pause Young (Normal) (G1 Evacuation Pause)
[2023-02-28T15:48:18.122+0900][95.650s] GC(55) Using 10 workers of 10 for evacuation
[2023-02-28T15:48:18.128+0900][95.657s] GC(55)   Pre Evacuate Collection Set: 0.0ms
[2023-02-28T15:48:18.128+0900][95.657s] GC(55)   Evacuate Collection Set: 6.0ms
[2023-02-28T15:48:18.128+0900][95.657s] GC(55)   Post Evacuate Collection Set: 0.3ms
[2023-02-28T15:48:18.128+0900][95.657s] GC(55)   Other: 0.2ms
[2023-02-28T15:48:18.129+0900][95.657s] GC(55) Eden regions: 204->0(201)
[2023-02-28T15:48:18.129+0900][95.657s] GC(55) Survivor regions: 15->16(28)
[2023-02-28T15:48:18.129+0900][95.657s] GC(55) Old regions: 209->210
[2023-02-28T15:48:18.129+0900][95.657s] GC(55) Humongous regions: 17->17
[2023-02-28T15:48:18.129+0900][95.657s] GC(55) Metaspace: 65122K(66432K)->65122K(66432K) NonClass: 57624K(58368K)->57624K(58368K) Class: 7498K(8064K)->7498K(8064K)
[2023-02-28T15:48:18.129+0900][95.657s] GC(55) Pause Young (Normal) (G1 Evacuation Pause) 444M->241M(512M) 6.723ms
[2023-02-28T15:48:18.129+0900][95.657s] GC(55) User=0.00s Sys=0.00s Real=0.01s
[2023-02-28T15:48:19.798+0900][97.326s] GC(56) Pause Young (Normal) (G1 Evacuation Pause)
[2023-02-28T15:48:19.798+0900][97.326s] GC(56) Using 10 workers of 10 for evacuation
[2023-02-28T15:48:19.805+0900][97.333s] GC(56)   Pre Evacuate Collection Set: 0.0ms
[2023-02-28T15:48:19.805+0900][97.333s] GC(56)   Evacuate Collection Set: 6.6ms
[2023-02-28T15:48:19.805+0900][97.334s] GC(56)   Post Evacuate Collection Set: 0.4ms
[2023-02-28T15:48:19.805+0900][97.334s] GC(56)   Other: 0.2ms
[2023-02-28T15:48:19.805+0900][97.334s] GC(56) Eden regions: 201->0(202)
[2023-02-28T15:48:19.805+0900][97.334s] GC(56) Survivor regions: 16->15(28)
[2023-02-28T15:48:19.805+0900][97.334s] GC(56) Old regions: 210->211
[2023-02-28T15:48:19.805+0900][97.334s] GC(56) Humongous regions: 17->17
[2023-02-28T15:48:19.805+0900][97.334s] GC(56) Metaspace: 65122K(66432K)->65122K(66432K) NonClass: 57624K(58368K)->57624K(58368K) Class: 7498K(8064K)->7498K(8064K)
[2023-02-28T15:48:19.805+0900][97.334s] GC(56) Pause Young (Normal) (G1 Evacuation Pause) 442M->242M(512M) 7.373ms
[2023-02-28T15:48:19.805+0900][97.334s] GC(56) User=0.00s Sys=0.00s Real=0.01s
[2023-02-28T15:48:21.366+0900][98.895s] GC(57) Pause Young (Normal) (G1 Evacuation Pause)
[2023-02-28T15:48:21.366+0900][98.895s] GC(57) Using 10 workers of 10 for evacuation
[2023-02-28T15:48:21.373+0900][98.902s] GC(57)   Pre Evacuate Collection Set: 0.0ms
[2023-02-28T15:48:21.373+0900][98.902s] GC(57)   Evacuate Collection Set: 6.1ms
[2023-02-28T15:48:21.373+0900][98.902s] GC(57)   Post Evacuate Collection Set: 0.4ms
[2023-02-28T15:48:21.373+0900][98.902s] GC(57)   Other: 0.2ms
[2023-02-28T15:48:21.373+0900][98.902s] GC(57) Eden regions: 202->0(201)
[2023-02-28T15:48:21.373+0900][98.902s] GC(57) Survivor regions: 15->15(28)
[2023-02-28T15:48:21.373+0900][98.902s] GC(57) Old regions: 211->212
[2023-02-28T15:48:21.374+0900][98.902s] GC(57) Humongous regions: 17->17
[2023-02-28T15:48:21.374+0900][98.902s] GC(57) Metaspace: 65122K(66432K)->65122K(66432K) NonClass: 57624K(58368K)->57624K(58368K) Class: 7498K(8064K)->7498K(8064K)
[2023-02-28T15:48:21.374+0900][98.903s] GC(57) Pause Young (Normal) (G1 Evacuation Pause) 444M->243M(512M) 7.210ms
[2023-02-28T15:48:21.374+0900][98.903s] GC(57) User=0.16s Sys=0.00s Real=0.01s
[2023-02-28T15:48:22.940+0900][100.468s] GC(58) Pause Young (Normal) (G1 Evacuation Pause)
[2023-02-28T15:48:22.940+0900][100.468s] GC(58) Using 10 workers of 10 for evacuation
[2023-02-28T15:48:22.946+0900][100.474s] GC(58)   Pre Evacuate Collection Set: 0.0ms
[2023-02-28T15:48:22.946+0900][100.474s] GC(58)   Evacuate Collection Set: 5.6ms
[2023-02-28T15:48:22.946+0900][100.474s] GC(58)   Post Evacuate Collection Set: 0.4ms
[2023-02-28T15:48:22.946+0900][100.474s] GC(58)   Other: 0.1ms
[2023-02-28T15:48:22.946+0900][100.474s] GC(58) Eden regions: 201->0(200)
[2023-02-28T15:48:22.946+0900][100.474s] GC(58) Survivor regions: 15->15(27)
[2023-02-28T15:48:22.946+0900][100.474s] GC(58) Old regions: 212->213
[2023-02-28T15:48:22.946+0900][100.474s] GC(58) Humongous regions: 17->17
[2023-02-28T15:48:22.946+0900][100.475s] GC(58) Metaspace: 65122K(66432K)->65122K(66432K) NonClass: 57624K(58368K)->57624K(58368K) Class: 7498K(8064K)->7498K(8064K)
[2023-02-28T15:48:22.946+0900][100.475s] GC(58) Pause Young (Normal) (G1 Evacuation Pause) 444M->244M(512M) 6.496ms
[2023-02-28T15:48:22.946+0900][100.475s] GC(58) User=0.00s Sys=0.00s Real=0.01s
[2023-02-28T15:48:24.548+0900][102.077s] GC(59) Pause Young (Normal) (G1 Evacuation Pause)
[2023-02-28T15:48:24.548+0900][102.077s] GC(59) Using 10 workers of 10 for evacuation
[2023-02-28T15:48:24.555+0900][102.083s] GC(59)   Pre Evacuate Collection Set: 0.0ms
[2023-02-28T15:48:24.555+0900][102.083s] GC(59)   Evacuate Collection Set: 6.0ms
[2023-02-28T15:48:24.555+0900][102.083s] GC(59)   Post Evacuate Collection Set: 0.4ms
[2023-02-28T15:48:24.555+0900][102.083s] GC(59)   Other: 0.2ms
[2023-02-28T15:48:24.555+0900][102.083s] GC(59) Eden regions: 200->0(199)
[2023-02-28T15:48:24.555+0900][102.083s] GC(59) Survivor regions: 15->15(27)
[2023-02-28T15:48:24.555+0900][102.083s] GC(59) Old regions: 213->214
[2023-02-28T15:48:24.555+0900][102.083s] GC(59) Humongous regions: 17->17
[2023-02-28T15:48:24.555+0900][102.083s] GC(59) Metaspace: 65122K(66432K)->65122K(66432K) NonClass: 57624K(58368K)->57624K(58368K) Class: 7498K(8064K)->7498K(8064K)
[2023-02-28T15:48:24.555+0900][102.083s] GC(59) Pause Young (Normal) (G1 Evacuation Pause) 444M->245M(512M) 6.795ms
[2023-02-28T15:48:24.555+0900][102.084s] GC(59) User=0.00s Sys=0.00s Real=0.01s
[2023-02-28T15:48:26.166+0900][103.695s] GC(60) Pause Young (Concurrent Start) (G1 Evacuation Pause)
[2023-02-28T15:48:26.166+0900][103.695s] GC(60) Using 10 workers of 10 for evacuation
[2023-02-28T15:48:26.175+0900][103.702s] GC(60)   Pre Evacuate Collection Set: 0.1ms
[2023-02-28T15:48:26.175+0900][103.703s] GC(60)   Evacuate Collection Set: 6.6ms
[2023-02-28T15:48:26.175+0900][103.703s] GC(60)   Post Evacuate Collection Set: 0.5ms
[2023-02-28T15:48:26.175+0900][103.703s] GC(60)   Other: 0.2ms
[2023-02-28T15:48:26.175+0900][103.703s] GC(60) Eden regions: 199->0(198)
[2023-02-28T15:48:26.175+0900][103.703s] GC(60) Survivor regions: 15->15(27)
[2023-02-28T15:48:26.175+0900][103.703s] GC(60) Old regions: 214->215
[2023-02-28T15:48:26.175+0900][103.703s] GC(60) Humongous regions: 17->17
[2023-02-28T15:48:26.175+0900][103.703s] GC(60) Metaspace: 65122K(66432K)->65122K(66432K) NonClass: 57624K(58368K)->57624K(58368K) Class: 7498K(8064K)->7498K(8064K)
[2023-02-28T15:48:26.175+0900][103.703s] GC(60) Pause Young (Concurrent Start) (G1 Evacuation Pause) 444M->246M(512M) 7.514ms
[2023-02-28T15:48:26.175+0900][103.703s] GC(60) User=0.16s Sys=0.00s Real=0.01s
[2023-02-28T15:48:26.175+0900][103.703s] GC(61) Concurrent Cycle
[2023-02-28T15:48:26.175+0900][103.703s] GC(61) Concurrent Clear Claimed Marks
[2023-02-28T15:48:26.175+0900][103.703s] GC(61) Concurrent Clear Claimed Marks 0.068ms
[2023-02-28T15:48:26.175+0900][103.703s] GC(61) Concurrent Scan Root Regions
[2023-02-28T15:48:26.179+0900][103.707s] GC(61) Concurrent Scan Root Regions 4.333ms
[2023-02-28T15:48:26.179+0900][103.707s] GC(61) Concurrent Mark (103.707s)
[2023-02-28T15:48:26.179+0900][103.707s] GC(61) Concurrent Mark From Roots
[2023-02-28T15:48:26.179+0900][103.707s] GC(61) Using 3 workers of 3 for marking
[2023-02-28T15:48:26.201+0900][103.730s] GC(61) Concurrent Mark From Roots 22.267ms
[2023-02-28T15:48:26.201+0900][103.730s] GC(61) Concurrent Preclean
[2023-02-28T15:48:26.202+0900][103.730s] GC(61) Concurrent Preclean 0.142ms
[2023-02-28T15:48:26.202+0900][103.730s] GC(61) Concurrent Mark (103.707s, 103.730s) 22.534ms
[2023-02-28T15:48:26.202+0900][103.730s] GC(61) Pause Remark
[2023-02-28T15:48:26.213+0900][103.741s] GC(61) Cleaned string and symbol table, strings: 32481 processed, 26 removed, symbols: 195723 processed, 550 removed
[2023-02-28T15:48:26.213+0900][103.742s] GC(61) Pause Remark 249M->211M(512M) 11.457ms
[2023-02-28T15:48:26.213+0900][103.742s] GC(61) User=0.00s Sys=0.00s Real=0.01s
[2023-02-28T15:48:26.214+0900][103.742s] GC(61) Concurrent Rebuild Remembered Sets
[2023-02-28T15:48:26.223+0900][103.751s] GC(61) Concurrent Rebuild Remembered Sets 9.471ms
[2023-02-28T15:48:26.223+0900][103.751s] GC(61) Pause Cleanup
[2023-02-28T15:48:26.223+0900][103.751s] GC(61) Pause Cleanup 212M->212M(512M) 0.163ms
[2023-02-28T15:48:26.223+0900][103.752s] GC(61) User=0.00s Sys=0.00s Real=0.00s
[2023-02-28T15:48:26.223+0900][103.752s] GC(61) Concurrent Cleanup for Next Mark
[2023-02-28T15:48:26.224+0900][103.752s] GC(61) Concurrent Cleanup for Next Mark 0.304ms
[2023-02-28T15:48:26.224+0900][103.752s] GC(61) Concurrent Cycle 49.096ms
[2023-02-28T15:52:59.949+0900][377.478s] GC(62) Pause Young (Prepare Mixed) (G1 Evacuation Pause)
[2023-02-28T15:52:59.949+0900][377.478s] GC(62) Using 10 workers of 10 for evacuation
[2023-02-28T15:52:59.955+0900][377.484s] GC(62)   Pre Evacuate Collection Set: 0.0ms
[2023-02-28T15:52:59.955+0900][377.484s] GC(62)   Evacuate Collection Set: 5.6ms
[2023-02-28T15:52:59.955+0900][377.484s] GC(62)   Post Evacuate Collection Set: 0.6ms
[2023-02-28T15:52:59.955+0900][377.484s] GC(62)   Other: 0.3ms
[2023-02-28T15:52:59.955+0900][377.484s] GC(62) Eden regions: 198->0(14)
[2023-02-28T15:52:59.956+0900][377.484s] GC(62) Survivor regions: 15->11(27)
[2023-02-28T15:52:59.956+0900][377.484s] GC(62) Old regions: 177->178
[2023-02-28T15:52:59.956+0900][377.484s] GC(62) Humongous regions: 17->17
[2023-02-28T15:52:59.956+0900][377.484s] GC(62) Metaspace: 66558K(68096K)->66558K(68096K) NonClass: 58929K(59904K)->58929K(59904K) Class: 7628K(8192K)->7628K(8192K)
[2023-02-28T15:52:59.956+0900][377.485s] GC(62) Pause Young (Prepare Mixed) (G1 Evacuation Pause) 406M->205M(512M) 6.813ms
[2023-02-28T15:52:59.956+0900][377.485s] GC(62) User=0.19s Sys=0.00s Real=0.01s
[2023-02-28T15:53:00.027+0900][377.555s] GC(63) Pause Young (Mixed) (G1 Evacuation Pause)
[2023-02-28T15:53:00.027+0900][377.555s] GC(63) Using 10 workers of 10 for evacuation
[2023-02-28T15:53:00.031+0900][377.559s] GC(63)   Pre Evacuate Collection Set: 0.0ms
[2023-02-28T15:53:00.031+0900][377.559s] GC(63)   Evacuate Collection Set: 3.5ms
[2023-02-28T15:53:00.031+0900][377.559s] GC(63)   Post Evacuate Collection Set: 0.4ms
[2023-02-28T15:53:00.031+0900][377.559s] GC(63)   Other: 0.2ms
[2023-02-28T15:53:00.031+0900][377.559s] GC(63) Eden regions: 14->0(22)
[2023-02-28T15:53:00.031+0900][377.559s] GC(63) Survivor regions: 11->3(4)
[2023-02-28T15:53:00.031+0900][377.559s] GC(63) Old regions: 178->135
[2023-02-28T15:53:00.031+0900][377.560s] GC(63) Humongous regions: 17->17
[2023-02-28T15:53:00.031+0900][377.560s] GC(63) Metaspace: 66560K(68096K)->66560K(68096K) NonClass: 58931K(59904K)->58931K(59904K) Class: 7628K(8192K)->7628K(8192K)
[2023-02-28T15:53:00.031+0900][377.560s] GC(63) Pause Young (Mixed) (G1 Evacuation Pause) 219M->153M(512M) 4.292ms
[2023-02-28T15:53:00.031+0900][377.560s] GC(63) User=0.16s Sys=0.00s Real=0.00s
[2023-02-28T15:53:05.907+0900][383.436s] GC(64) Pause Young (Mixed) (G1 Evacuation Pause)
[2023-02-28T15:53:05.907+0900][383.436s] GC(64) Using 10 workers of 10 for evacuation
[2023-02-28T15:53:05.909+0900][383.438s] GC(64)   Pre Evacuate Collection Set: 0.1ms
[2023-02-28T15:53:05.909+0900][383.438s] GC(64)   Evacuate Collection Set: 2.0ms
[2023-02-28T15:53:05.909+0900][383.438s] GC(64)   Post Evacuate Collection Set: 0.4ms
[2023-02-28T15:53:05.909+0900][383.438s] GC(64)   Other: 0.2ms
[2023-02-28T15:53:05.909+0900][383.438s] GC(64) Eden regions: 22->0(301)
[2023-02-28T15:53:05.909+0900][383.438s] GC(64) Survivor regions: 3->2(4)
[2023-02-28T15:53:05.909+0900][383.438s] GC(64) Old regions: 135->94
[2023-02-28T15:53:05.909+0900][383.438s] GC(64) Humongous regions: 17->17
[2023-02-28T15:53:05.909+0900][383.438s] GC(64) Metaspace: 66616K(68096K)->66616K(68096K) NonClass: 58986K(59904K)->58986K(59904K) Class: 7629K(8192K)->7629K(8192K)
[2023-02-28T15:53:05.909+0900][383.438s] GC(64) Pause Young (Mixed) (G1 Evacuation Pause) 175M->112M(512M) 2.873ms
[2023-02-28T15:53:05.910+0900][383.438s] GC(64) User=0.00s Sys=0.00s Real=0.00s
[2023-02-28T15:58:59.100+0900][736.629s] Heap
[2023-02-28T15:58:59.101+0900][736.629s]  garbage-first heap   total 524288K, used 353146K [0x00000000e0000000, 0x0000000100000000)
[2023-02-28T15:58:59.101+0900][736.629s]   region size 1024K, 235 young (240640K), 2 survivors (2048K)
[2023-02-28T15:58:59.101+0900][736.629s]  Metaspace       used 68584K, capacity 69960K, committed 70144K, reserved 1112064K
[2023-02-28T15:58:59.101+0900][736.629s]   class space    used 7818K, capacity 8376K, committed 8448K, reserved 1048576K
