[2023-03-03T13:36:12.558+0900][0.028s] Heap region size: 1M
[2023-03-03T13:36:12.709+0900][0.179s] Using G1
[2023-03-03T13:36:12.710+0900][0.179s] Heap address: 0x00000000e0000000, size: 512 MB, Compressed Oops mode: 32-bit
[2023-03-03T13:36:13.653+0900][1.122s] GC(0) Pause Young (Normal) (G1 Evacuation Pause)
[2023-03-03T13:36:13.654+0900][1.123s] GC(0) Using 10 workers of 10 for evacuation
[2023-03-03T13:36:13.657+0900][1.126s] GC(0)   Pre Evacuate Collection Set: 0.0ms
[2023-03-03T13:36:13.657+0900][1.126s] GC(0)   Evacuate Collection Set: 2.4ms
[2023-03-03T13:36:13.657+0900][1.126s] GC(0)   Post Evacuate Collection Set: 0.3ms
[2023-03-03T13:36:13.657+0900][1.126s] GC(0)   Other: 0.9ms
[2023-03-03T13:36:13.657+0900][1.126s] GC(0) Eden regions: 30->0(303)
[2023-03-03T13:36:13.657+0900][1.126s] GC(0) Survivor regions: 0->4(4)
[2023-03-03T13:36:13.657+0900][1.126s] GC(0) Old regions: 0->1
[2023-03-03T13:36:13.657+0900][1.126s] GC(0) Humongous regions: 0->0
[2023-03-03T13:36:13.657+0900][1.127s] GC(0) Metaspace: 15153K(15872K)->15153K(15872K) NonClass: 13550K(14080K)->13550K(14080K) Class: 1602K(1792K)->1602K(1792K)
[2023-03-03T13:36:13.657+0900][1.127s] GC(0) Pause Young (Normal) (G1 Evacuation Pause) 30M->4M(512M) 4.253ms
[2023-03-03T13:36:13.657+0900][1.127s] GC(0) User=0.00s Sys=0.00s Real=0.00s
[2023-03-03T13:36:13.978+0900][1.447s] GC(1) Pause Young (Concurrent Start) (Metadata GC Threshold)
[2023-03-03T13:36:13.978+0900][1.447s] GC(1) Using 10 workers of 10 for evacuation
[2023-03-03T13:36:13.987+0900][1.457s] GC(1)   Pre Evacuate Collection Set: 0.0ms
[2023-03-03T13:36:13.987+0900][1.457s] GC(1)   Evacuate Collection Set: 8.4ms
[2023-03-03T13:36:13.987+0900][1.457s] GC(1)   Post Evacuate Collection Set: 0.6ms
[2023-03-03T13:36:13.987+0900][1.457s] GC(1)   Other: 0.2ms
[2023-03-03T13:36:13.988+0900][1.457s] GC(1) Eden regions: 21->0(54)
[2023-03-03T13:36:13.988+0900][1.457s] GC(1) Survivor regions: 4->13(39)
[2023-03-03T13:36:13.988+0900][1.457s] GC(1) Old regions: 1->1
[2023-03-03T13:36:13.988+0900][1.457s] GC(1) Humongous regions: 4->4
[2023-03-03T13:36:13.988+0900][1.457s] GC(1) Metaspace: 20642K(21248K)->20642K(21248K) NonClass: 18394K(18688K)->18394K(18688K) Class: 2247K(2560K)->2247K(2560K)
[2023-03-03T13:36:13.988+0900][1.457s] GC(1) Pause Young (Concurrent Start) (Metadata GC Threshold) 28M->16M(512M) 9.478ms
[2023-03-03T13:36:13.988+0900][1.457s] GC(1) User=0.00s Sys=0.02s Real=0.01s
[2023-03-03T13:36:13.988+0900][1.457s] GC(2) Concurrent Cycle
[2023-03-03T13:36:13.988+0900][1.457s] GC(2) Concurrent Clear Claimed Marks
[2023-03-03T13:36:13.988+0900][1.457s] GC(2) Concurrent Clear Claimed Marks 0.099ms
[2023-03-03T13:36:13.988+0900][1.457s] GC(2) Concurrent Scan Root Regions
[2023-03-03T13:36:13.991+0900][1.460s] GC(2) Concurrent Scan Root Regions 2.834ms
[2023-03-03T13:36:13.991+0900][1.460s] GC(2) Concurrent Mark (1.460s)
[2023-03-03T13:36:13.991+0900][1.460s] GC(2) Concurrent Mark From Roots
[2023-03-03T13:36:13.991+0900][1.460s] GC(2) Using 3 workers of 3 for marking
[2023-03-03T13:36:13.991+0900][1.461s] GC(2) Concurrent Mark From Roots 0.615ms
[2023-03-03T13:36:13.991+0900][1.461s] GC(2) Concurrent Preclean
[2023-03-03T13:36:13.992+0900][1.461s] GC(2) Concurrent Preclean 0.057ms
[2023-03-03T13:36:13.992+0900][1.461s] GC(2) Concurrent Mark (1.460s, 1.461s) 0.753ms
[2023-03-03T13:36:13.992+0900][1.461s] GC(2) Pause Remark
[2023-03-03T13:36:13.993+0900][1.462s] GC(2) Cleaned string and symbol table, strings: 9850 processed, 0 removed, symbols: 68388 processed, 23 removed
[2023-03-03T13:36:13.993+0900][1.462s] GC(2) Pause Remark 17M->17M(512M) 1.582ms
[2023-03-03T13:36:13.993+0900][1.462s] GC(2) User=0.00s Sys=0.00s Real=0.00s
[2023-03-03T13:36:13.993+0900][1.463s] GC(2) Concurrent Rebuild Remembered Sets
[2023-03-03T13:36:13.995+0900][1.464s] GC(2) Concurrent Rebuild Remembered Sets 1.281ms
[2023-03-03T13:36:13.995+0900][1.464s] GC(2) Pause Cleanup
[2023-03-03T13:36:13.995+0900][1.464s] GC(2) Pause Cleanup 17M->17M(512M) 0.093ms
[2023-03-03T13:36:13.995+0900][1.464s] GC(2) User=0.00s Sys=0.00s Real=0.00s
[2023-03-03T13:36:13.995+0900][1.464s] GC(2) Concurrent Cleanup for Next Mark
[2023-03-03T13:36:13.996+0900][1.465s] GC(2) Concurrent Cleanup for Next Mark 0.774ms
[2023-03-03T13:36:13.996+0900][1.465s] GC(2) Concurrent Cycle 8.064ms
[2023-03-03T13:36:15.451+0900][2.920s] GC(3) Pause Young (Normal) (G1 Evacuation Pause)
[2023-03-03T13:36:15.451+0900][2.920s] GC(3) Using 10 workers of 10 for evacuation
[2023-03-03T13:36:15.459+0900][2.929s] GC(3)   Pre Evacuate Collection Set: 0.0ms
[2023-03-03T13:36:15.459+0900][2.929s] GC(3)   Evacuate Collection Set: 7.1ms
[2023-03-03T13:36:15.459+0900][2.929s] GC(3)   Post Evacuate Collection Set: 0.9ms
[2023-03-03T13:36:15.459+0900][2.929s] GC(3)   Other: 0.1ms
[2023-03-03T13:36:15.459+0900][2.929s] GC(3) Eden regions: 46->0(84)
[2023-03-03T13:36:15.459+0900][2.929s] GC(3) Survivor regions: 13->8(8)
[2023-03-03T13:36:15.459+0900][2.929s] GC(3) Old regions: 1->13
[2023-03-03T13:36:15.459+0900][2.929s] GC(3) Humongous regions: 4->4
[2023-03-03T13:36:15.460+0900][2.929s] GC(3) Metaspace: 24550K(25216K)->24550K(25216K) NonClass: 21891K(22272K)->21891K(22272K) Class: 2658K(2944K)->2658K(2944K)
[2023-03-03T13:36:15.460+0900][2.929s] GC(3) Pause Young (Normal) (G1 Evacuation Pause) 62M->24M(512M) 8.415ms
[2023-03-03T13:36:15.460+0900][2.929s] GC(3) User=0.16s Sys=0.00s Real=0.01s
[2023-03-03T13:36:16.185+0900][3.655s] GC(4) Pause Young (Concurrent Start) (Metadata GC Threshold)
[2023-03-03T13:36:16.185+0900][3.655s] GC(4) Using 10 workers of 10 for evacuation
[2023-03-03T13:36:16.190+0900][3.659s] GC(4)   Pre Evacuate Collection Set: 0.0ms
[2023-03-03T13:36:16.190+0900][3.660s] GC(4)   Evacuate Collection Set: 4.0ms
[2023-03-03T13:36:16.190+0900][3.660s] GC(4)   Post Evacuate Collection Set: 0.5ms
[2023-03-03T13:36:16.190+0900][3.660s] GC(4)   Other: 0.2ms
[2023-03-03T13:36:16.190+0900][3.660s] GC(4) Eden regions: 81->0(117)
[2023-03-03T13:36:16.190+0900][3.660s] GC(4) Survivor regions: 8->3(12)
[2023-03-03T13:36:16.190+0900][3.660s] GC(4) Old regions: 13->21
[2023-03-03T13:36:16.190+0900][3.660s] GC(4) Humongous regions: 4->4
[2023-03-03T13:36:16.190+0900][3.660s] GC(4) Metaspace: 35042K(35840K)->35042K(35840K) NonClass: 31188K(31616K)->31188K(31616K) Class: 3854K(4224K)->3854K(4224K)
[2023-03-03T13:36:16.190+0900][3.660s] GC(4) Pause Young (Concurrent Start) (Metadata GC Threshold) 104M->26M(512M) 5.065ms
[2023-03-03T13:36:16.190+0900][3.660s] GC(4) User=0.00s Sys=0.00s Real=0.01s
[2023-03-03T13:36:16.191+0900][3.660s] GC(5) Concurrent Cycle
[2023-03-03T13:36:16.191+0900][3.660s] GC(5) Concurrent Clear Claimed Marks
[2023-03-03T13:36:16.191+0900][3.660s] GC(5) Concurrent Clear Claimed Marks 0.081ms
[2023-03-03T13:36:16.191+0900][3.660s] GC(5) Concurrent Scan Root Regions
[2023-03-03T13:36:16.192+0900][3.661s] GC(5) Concurrent Scan Root Regions 1.010ms
[2023-03-03T13:36:16.192+0900][3.661s] GC(5) Concurrent Mark (3.661s)
[2023-03-03T13:36:16.192+0900][3.661s] GC(5) Concurrent Mark From Roots
[2023-03-03T13:36:16.192+0900][3.661s] GC(5) Using 3 workers of 3 for marking
[2023-03-03T13:36:16.210+0900][3.679s] GC(5) Concurrent Mark From Roots 17.842ms
[2023-03-03T13:36:16.210+0900][3.679s] GC(5) Concurrent Preclean
[2023-03-03T13:36:16.210+0900][3.679s] GC(5) Concurrent Preclean 0.226ms
[2023-03-03T13:36:16.210+0900][3.679s] GC(5) Concurrent Mark (3.661s, 3.679s) 18.308ms
[2023-03-03T13:36:16.210+0900][3.680s] GC(5) Pause Remark
[2023-03-03T13:36:16.213+0900][3.682s] GC(5) Cleaned string and symbol table, strings: 16123 processed, 22 removed, symbols: 116255 processed, 42 removed
[2023-03-03T13:36:16.213+0900][3.682s] GC(5) Pause Remark 28M->28M(512M) 2.533ms
[2023-03-03T13:36:16.213+0900][3.682s] GC(5) User=0.00s Sys=0.00s Real=0.00s
[2023-03-03T13:36:16.213+0900][3.682s] GC(5) Concurrent Rebuild Remembered Sets
[2023-03-03T13:36:16.218+0900][3.687s] GC(5) Concurrent Rebuild Remembered Sets 5.057ms
[2023-03-03T13:36:16.218+0900][3.688s] GC(5) Pause Cleanup
[2023-03-03T13:36:16.218+0900][3.688s] GC(5) Pause Cleanup 28M->28M(512M) 0.116ms
[2023-03-03T13:36:16.218+0900][3.688s] GC(5) User=0.00s Sys=0.00s Real=0.00s
[2023-03-03T13:36:16.219+0900][3.688s] GC(5) Concurrent Cleanup for Next Mark
[2023-03-03T13:36:16.219+0900][3.689s] GC(5) Concurrent Cleanup for Next Mark 0.852ms
[2023-03-03T13:36:16.219+0900][3.689s] GC(5) Concurrent Cycle 28.881ms
[2023-03-03T13:37:05.612+0900][53.082s] Heap
[2023-03-03T13:37:05.612+0900][53.082s]  garbage-first heap   total 524288K, used 142333K [0x00000000e0000000, 0x0000000100000000)
[2023-03-03T13:37:05.612+0900][53.082s]   region size 1024K, 116 young (118784K), 3 survivors (3072K)
[2023-03-03T13:37:05.612+0900][53.082s]  Metaspace       used 46352K, capacity 47316K, committed 47488K, reserved 1091584K
[2023-03-03T13:37:05.613+0900][53.083s]   class space    used 5297K, capacity 5710K, committed 5760K, reserved 1048576K
