[2023-02-28T10:57:19.343+0900][0.015s] Heap region size: 1M
[2023-02-28T10:57:19.471+0900][0.143s] Using G1
[2023-02-28T10:57:19.471+0900][0.143s] Heap address: 0x00000000e0000000, size: 512 MB, Compressed Oops mode: 32-bit
[2023-02-28T10:57:20.391+0900][1.063s] GC(0) Pause Young (Normal) (G1 Evacuation Pause)
[2023-02-28T10:57:20.392+0900][1.063s] GC(0) Using 10 workers of 10 for evacuation
[2023-02-28T10:57:20.394+0900][1.066s] GC(0)   Pre Evacuate Collection Set: 0.0ms
[2023-02-28T10:57:20.394+0900][1.066s] GC(0)   Evacuate Collection Set: 2.4ms
[2023-02-28T10:57:20.395+0900][1.066s] GC(0)   Post Evacuate Collection Set: 0.2ms
[2023-02-28T10:57:20.395+0900][1.066s] GC(0)   Other: 0.8ms
[2023-02-28T10:57:20.395+0900][1.066s] GC(0) Eden regions: 30->0(303)
[2023-02-28T10:57:20.395+0900][1.066s] GC(0) Survivor regions: 0->4(4)
[2023-02-28T10:57:20.395+0900][1.066s] GC(0) Old regions: 0->1
[2023-02-28T10:57:20.395+0900][1.066s] GC(0) Humongous regions: 0->0
[2023-02-28T10:57:20.395+0900][1.067s] GC(0) Metaspace: 15098K(15616K)->15098K(15616K) NonClass: 13507K(13824K)->13507K(13824K) Class: 1591K(1792K)->1591K(1792K)
[2023-02-28T10:57:20.395+0900][1.067s] GC(0) Pause Young (Normal) (G1 Evacuation Pause) 30M->4M(512M) 3.990ms
[2023-02-28T10:57:20.395+0900][1.067s] GC(0) User=0.00s Sys=0.00s Real=0.00s
[2023-02-28T10:57:20.666+0900][1.338s] GC(1) Pause Young (Concurrent Start) (Metadata GC Threshold)
[2023-02-28T10:57:20.667+0900][1.338s] GC(1) Using 10 workers of 10 for evacuation
[2023-02-28T10:57:20.673+0900][1.345s] GC(1)   Pre Evacuate Collection Set: 0.0ms
[2023-02-28T10:57:20.674+0900][1.345s] GC(1)   Evacuate Collection Set: 5.9ms
[2023-02-28T10:57:20.674+0900][1.345s] GC(1)   Post Evacuate Collection Set: 0.8ms
[2023-02-28T10:57:20.674+0900][1.345s] GC(1)   Other: 0.3ms
[2023-02-28T10:57:20.674+0900][1.345s] GC(1) Eden regions: 21->0(55)
[2023-02-28T10:57:20.674+0900][1.346s] GC(1) Survivor regions: 4->13(39)
[2023-02-28T10:57:20.674+0900][1.346s] GC(1) Old regions: 1->1
[2023-02-28T10:57:20.674+0900][1.346s] GC(1) Humongous regions: 4->4
[2023-02-28T10:57:20.674+0900][1.346s] GC(1) Metaspace: 20693K(21248K)->20693K(21248K) NonClass: 18436K(18688K)->18436K(18688K) Class: 2257K(2560K)->2257K(2560K)
[2023-02-28T10:57:20.674+0900][1.346s] GC(1) Pause Young (Concurrent Start) (Metadata GC Threshold) 29M->16M(512M) 7.299ms
[2023-02-28T10:57:20.674+0900][1.346s] GC(1) User=0.16s Sys=0.00s Real=0.01s
[2023-02-28T10:57:20.674+0900][1.346s] GC(2) Concurrent Cycle
[2023-02-28T10:57:20.674+0900][1.346s] GC(2) Concurrent Clear Claimed Marks
[2023-02-28T10:57:20.674+0900][1.346s] GC(2) Concurrent Clear Claimed Marks 0.088ms
[2023-02-28T10:57:20.674+0900][1.346s] GC(2) Concurrent Scan Root Regions
[2023-02-28T10:57:20.677+0900][1.349s] GC(2) Concurrent Scan Root Regions 3.295ms
[2023-02-28T10:57:20.677+0900][1.349s] GC(2) Concurrent Mark (1.349s)
[2023-02-28T10:57:20.677+0900][1.349s] GC(2) Concurrent Mark From Roots
[2023-02-28T10:57:20.678+0900][1.349s] GC(2) Using 3 workers of 3 for marking
[2023-02-28T10:57:20.678+0900][1.350s] GC(2) Concurrent Mark From Roots 0.861ms
[2023-02-28T10:57:20.678+0900][1.350s] GC(2) Concurrent Preclean
[2023-02-28T10:57:20.679+0900][1.350s] GC(2) Concurrent Preclean 0.097ms
[2023-02-28T10:57:20.679+0900][1.350s] GC(2) Concurrent Mark (1.349s, 1.350s) 1.087ms
[2023-02-28T10:57:20.679+0900][1.350s] GC(2) Pause Remark
[2023-02-28T10:57:20.681+0900][1.352s] GC(2) Cleaned string and symbol table, strings: 9937 processed, 0 removed, symbols: 68873 processed, 20 removed
[2023-02-28T10:57:20.681+0900][1.353s] GC(2) Pause Remark 16M->16M(512M) 2.242ms
[2023-02-28T10:57:20.681+0900][1.353s] GC(2) User=0.00s Sys=0.00s Real=0.00s
[2023-02-28T10:57:20.681+0900][1.353s] GC(2) Concurrent Rebuild Remembered Sets
[2023-02-28T10:57:20.683+0900][1.355s] GC(2) Concurrent Rebuild Remembered Sets 2.026ms
[2023-02-28T10:57:20.683+0900][1.355s] GC(2) Pause Cleanup
[2023-02-28T10:57:20.683+0900][1.355s] GC(2) Pause Cleanup 16M->16M(512M) 0.155ms
[2023-02-28T10:57:20.684+0900][1.355s] GC(2) User=0.00s Sys=0.00s Real=0.00s
[2023-02-28T10:57:20.684+0900][1.355s] GC(2) Concurrent Cleanup for Next Mark
[2023-02-28T10:57:20.685+0900][1.356s] GC(2) Concurrent Cleanup for Next Mark 0.897ms
[2023-02-28T10:57:20.685+0900][1.356s] GC(2) Concurrent Cycle 10.757ms
[2023-02-28T10:57:22.249+0900][2.920s] GC(3) Pause Young (Normal) (G1 Evacuation Pause)
[2023-02-28T10:57:22.249+0900][2.920s] GC(3) Using 10 workers of 10 for evacuation
[2023-02-28T10:57:22.260+0900][2.931s] GC(3)   Pre Evacuate Collection Set: 0.0ms
[2023-02-28T10:57:22.260+0900][2.931s] GC(3)   Evacuate Collection Set: 9.5ms
[2023-02-28T10:57:22.260+0900][2.932s] GC(3)   Post Evacuate Collection Set: 1.4ms
[2023-02-28T10:57:22.260+0900][2.932s] GC(3)   Other: 0.2ms
[2023-02-28T10:57:22.260+0900][2.932s] GC(3) Eden regions: 49->0(299)
[2023-02-28T10:57:22.260+0900][2.932s] GC(3) Survivor regions: 13->8(8)
[2023-02-28T10:57:22.260+0900][2.932s] GC(3) Old regions: 1->13
[2023-02-28T10:57:22.260+0900][2.932s] GC(3) Humongous regions: 4->4
[2023-02-28T10:57:22.260+0900][2.932s] GC(3) Metaspace: 25207K(26112K)->25207K(26112K) NonClass: 22462K(23040K)->22462K(23040K) Class: 2744K(3072K)->2744K(3072K)
[2023-02-28T10:57:22.260+0900][2.932s] GC(3) Pause Young (Normal) (G1 Evacuation Pause) 65M->24M(512M) 11.463ms
[2023-02-28T10:57:22.260+0900][2.932s] GC(3) User=0.00s Sys=0.00s Real=0.01s
[2023-02-28T10:57:22.889+0900][3.561s] GC(4) Pause Young (Concurrent Start) (Metadata GC Threshold)
[2023-02-28T10:57:22.889+0900][3.561s] GC(4) Using 10 workers of 10 for evacuation
[2023-02-28T10:57:22.894+0900][3.566s] GC(4)   Pre Evacuate Collection Set: 0.1ms
[2023-02-28T10:57:22.894+0900][3.566s] GC(4)   Evacuate Collection Set: 3.7ms
[2023-02-28T10:57:22.894+0900][3.566s] GC(4)   Post Evacuate Collection Set: 0.5ms
[2023-02-28T10:57:22.894+0900][3.566s] GC(4)   Other: 0.4ms
[2023-02-28T10:57:22.894+0900][3.566s] GC(4) Eden regions: 80->0(110)
[2023-02-28T10:57:22.894+0900][3.566s] GC(4) Survivor regions: 8->10(39)
[2023-02-28T10:57:22.894+0900][3.566s] GC(4) Old regions: 13->13
[2023-02-28T10:57:22.894+0900][3.566s] GC(4) Humongous regions: 4->4
[2023-02-28T10:57:22.894+0900][3.566s] GC(4) Metaspace: 35083K(35840K)->35083K(35840K) NonClass: 31222K(31616K)->31222K(31616K) Class: 3860K(4224K)->3860K(4224K)
[2023-02-28T10:57:22.894+0900][3.566s] GC(4) Pause Young (Concurrent Start) (Metadata GC Threshold) 103M->25M(512M) 4.948ms
[2023-02-28T10:57:22.894+0900][3.566s] GC(4) User=0.00s Sys=0.00s Real=0.01s
[2023-02-28T10:57:22.894+0900][3.566s] GC(5) Concurrent Cycle
[2023-02-28T10:57:22.894+0900][3.566s] GC(5) Concurrent Clear Claimed Marks
[2023-02-28T10:57:22.894+0900][3.566s] GC(5) Concurrent Clear Claimed Marks 0.061ms
[2023-02-28T10:57:22.894+0900][3.566s] GC(5) Concurrent Scan Root Regions
[2023-02-28T10:57:22.897+0900][3.568s] GC(5) Concurrent Scan Root Regions 2.103ms
[2023-02-28T10:57:22.897+0900][3.569s] GC(5) Concurrent Mark (3.569s)
[2023-02-28T10:57:22.897+0900][3.569s] GC(5) Concurrent Mark From Roots
[2023-02-28T10:57:22.897+0900][3.569s] GC(5) Using 3 workers of 3 for marking
[2023-02-28T10:57:22.910+0900][3.582s] GC(5) Concurrent Mark From Roots 13.663ms
[2023-02-28T10:57:22.910+0900][3.582s] GC(5) Concurrent Preclean
[2023-02-28T10:57:22.911+0900][3.583s] GC(5) Concurrent Preclean 0.218ms
[2023-02-28T10:57:22.911+0900][3.583s] GC(5) Concurrent Mark (3.569s, 3.583s) 14.057ms
[2023-02-28T10:57:22.911+0900][3.583s] GC(5) Pause Remark
[2023-02-28T10:57:22.914+0900][3.586s] GC(5) Cleaned string and symbol table, strings: 16092 processed, 23 removed, symbols: 115947 processed, 43 removed
[2023-02-28T10:57:22.915+0900][3.586s] GC(5) Pause Remark 27M->27M(512M) 3.650ms
[2023-02-28T10:57:22.915+0900][3.587s] GC(5) User=0.00s Sys=0.00s Real=0.00s
[2023-02-28T10:57:22.915+0900][3.587s] GC(5) Concurrent Rebuild Remembered Sets
[2023-02-28T10:57:22.920+0900][3.591s] GC(5) Concurrent Rebuild Remembered Sets 4.801ms
[2023-02-28T10:57:22.920+0900][3.592s] GC(5) Pause Cleanup
[2023-02-28T10:57:22.920+0900][3.592s] GC(5) Pause Cleanup 27M->27M(512M) 0.118ms
[2023-02-28T10:57:22.920+0900][3.592s] GC(5) User=0.00s Sys=0.00s Real=0.00s
[2023-02-28T10:57:22.920+0900][3.592s] GC(5) Concurrent Cleanup for Next Mark
[2023-02-28T10:57:22.921+0900][3.593s] GC(5) Concurrent Cleanup for Next Mark 0.563ms
[2023-02-28T10:57:22.921+0900][3.593s] GC(5) Concurrent Cycle 26.392ms
[2023-02-28T10:57:41.152+0900][21.824s] GC(6) Pause Young (Normal) (G1 Evacuation Pause)
[2023-02-28T10:57:41.152+0900][21.824s] GC(6) Using 10 workers of 10 for evacuation
[2023-02-28T10:57:41.159+0900][21.831s] GC(6)   Pre Evacuate Collection Set: 0.0ms
[2023-02-28T10:57:41.160+0900][21.831s] GC(6)   Evacuate Collection Set: 6.2ms
[2023-02-28T10:57:41.160+0900][21.832s] GC(6)   Post Evacuate Collection Set: 1.0ms
[2023-02-28T10:57:41.160+0900][21.832s] GC(6)   Other: 0.3ms
[2023-02-28T10:57:41.160+0900][21.832s] GC(6) Eden regions: 114->0(298)
[2023-02-28T10:57:41.160+0900][21.832s] GC(6) Survivor regions: 10->9(16)
[2023-02-28T10:57:41.160+0900][21.832s] GC(6) Old regions: 13->20
[2023-02-28T10:57:41.160+0900][21.832s] GC(6) Humongous regions: 5->4
[2023-02-28T10:57:41.160+0900][21.832s] GC(6) Metaspace: 46741K(47744K)->46741K(47744K) NonClass: 41384K(41984K)->41384K(41984K) Class: 5356K(5760K)->5356K(5760K)
[2023-02-28T10:57:41.160+0900][21.832s] GC(6) Pause Young (Normal) (G1 Evacuation Pause) 140M->32M(512M) 7.777ms
[2023-02-28T10:57:41.160+0900][21.832s] GC(6) User=0.13s Sys=0.02s Real=0.01s
[2023-02-28T11:20:40.959+0900][1401.631s] Heap
[2023-02-28T11:20:40.960+0900][1401.631s]  garbage-first heap   total 524288K, used 217199K [0x00000000e0000000, 0x0000000100000000)
[2023-02-28T11:20:40.960+0900][1401.631s]   region size 1024K, 190 young (194560K), 9 survivors (9216K)
[2023-02-28T11:20:40.960+0900][1401.631s]  Metaspace       used 56316K, capacity 57575K, committed 57856K, reserved 1099776K
[2023-02-28T11:20:40.960+0900][1401.631s]   class space    used 6543K, capacity 7054K, committed 7168K, reserved 1048576K
