[2023-03-03T13:37:10.518+0900][0.026s] Heap region size: 1M
[2023-03-03T13:37:10.630+0900][0.138s] Using G1
[2023-03-03T13:37:10.630+0900][0.139s] Heap address: 0x00000000e0000000, size: 512 MB, Compressed Oops mode: 32-bit
[2023-03-03T13:37:11.355+0900][0.863s] GC(0) Pause Young (Normal) (G1 Evacuation Pause)
[2023-03-03T13:37:11.356+0900][0.864s] GC(0) Using 10 workers of 10 for evacuation
[2023-03-03T13:37:11.358+0900][0.867s] GC(0)   Pre Evacuate Collection Set: 0.0ms
[2023-03-03T13:37:11.358+0900][0.867s] GC(0)   Evacuate Collection Set: 2.2ms
[2023-03-03T13:37:11.358+0900][0.867s] GC(0)   Post Evacuate Collection Set: 0.3ms
[2023-03-03T13:37:11.359+0900][0.867s] GC(0)   Other: 0.8ms
[2023-03-03T13:37:11.359+0900][0.867s] GC(0) Eden regions: 30->0(303)
[2023-03-03T13:37:11.359+0900][0.867s] GC(0) Survivor regions: 0->4(4)
[2023-03-03T13:37:11.359+0900][0.867s] GC(0) Old regions: 0->1
[2023-03-03T13:37:11.359+0900][0.867s] GC(0) Humongous regions: 0->0
[2023-03-03T13:37:11.359+0900][0.867s] GC(0) Metaspace: 15143K(15872K)->15143K(15872K) NonClass: 13541K(14080K)->13541K(14080K) Class: 1602K(1792K)->1602K(1792K)
[2023-03-03T13:37:11.359+0900][0.867s] GC(0) Pause Young (Normal) (G1 Evacuation Pause) 30M->4M(512M) 3.889ms
[2023-03-03T13:37:11.359+0900][0.867s] GC(0) User=0.00s Sys=0.00s Real=0.00s
[2023-03-03T13:37:11.655+0900][1.163s] GC(1) Pause Young (Concurrent Start) (Metadata GC Threshold)
[2023-03-03T13:37:11.655+0900][1.163s] GC(1) Using 10 workers of 10 for evacuation
[2023-03-03T13:37:11.664+0900][1.172s] GC(1)   Pre Evacuate Collection Set: 0.0ms
[2023-03-03T13:37:11.664+0900][1.173s] GC(1)   Evacuate Collection Set: 8.1ms
[2023-03-03T13:37:11.664+0900][1.173s] GC(1)   Post Evacuate Collection Set: 0.6ms
[2023-03-03T13:37:11.664+0900][1.173s] GC(1)   Other: 0.3ms
[2023-03-03T13:37:11.664+0900][1.173s] GC(1) Eden regions: 21->0(54)
[2023-03-03T13:37:11.664+0900][1.173s] GC(1) Survivor regions: 4->13(39)
[2023-03-03T13:37:11.664+0900][1.173s] GC(1) Old regions: 1->1
[2023-03-03T13:37:11.664+0900][1.173s] GC(1) Humongous regions: 4->4
[2023-03-03T13:37:11.664+0900][1.173s] GC(1) Metaspace: 20638K(21248K)->20638K(21248K) NonClass: 18389K(18688K)->18389K(18688K) Class: 2249K(2560K)->2249K(2560K)
[2023-03-03T13:37:11.664+0900][1.173s] GC(1) Pause Young (Concurrent Start) (Metadata GC Threshold) 28M->16M(512M) 9.349ms
[2023-03-03T13:37:11.664+0900][1.173s] GC(1) User=0.16s Sys=0.00s Real=0.01s
[2023-03-03T13:37:11.664+0900][1.173s] GC(2) Concurrent Cycle
[2023-03-03T13:37:11.664+0900][1.173s] GC(2) Concurrent Clear Claimed Marks
[2023-03-03T13:37:11.665+0900][1.173s] GC(2) Concurrent Clear Claimed Marks 0.056ms
[2023-03-03T13:37:11.665+0900][1.173s] GC(2) Concurrent Scan Root Regions
[2023-03-03T13:37:11.667+0900][1.176s] GC(2) Concurrent Scan Root Regions 2.596ms
[2023-03-03T13:37:11.667+0900][1.176s] GC(2) Concurrent Mark (1.176s)
[2023-03-03T13:37:11.667+0900][1.176s] GC(2) Concurrent Mark From Roots
[2023-03-03T13:37:11.667+0900][1.176s] GC(2) Using 3 workers of 3 for marking
[2023-03-03T13:37:11.668+0900][1.176s] GC(2) Concurrent Mark From Roots 0.599ms
[2023-03-03T13:37:11.668+0900][1.176s] GC(2) Concurrent Preclean
[2023-03-03T13:37:11.668+0900][1.176s] GC(2) Concurrent Preclean 0.053ms
[2023-03-03T13:37:11.668+0900][1.176s] GC(2) Concurrent Mark (1.176s, 1.176s) 0.730ms
[2023-03-03T13:37:11.668+0900][1.177s] GC(2) Pause Remark
[2023-03-03T13:37:11.669+0900][1.178s] GC(2) Cleaned string and symbol table, strings: 9855 processed, 0 removed, symbols: 68822 processed, 21 removed
[2023-03-03T13:37:11.670+0900][1.178s] GC(2) Pause Remark 17M->17M(512M) 1.417ms
[2023-03-03T13:37:11.670+0900][1.178s] GC(2) User=0.00s Sys=0.00s Real=0.00s
[2023-03-03T13:37:11.670+0900][1.178s] GC(2) Concurrent Rebuild Remembered Sets
[2023-03-03T13:37:11.671+0900][1.179s] GC(2) Concurrent Rebuild Remembered Sets 1.175ms
[2023-03-03T13:37:11.671+0900][1.179s] GC(2) Pause Cleanup
[2023-03-03T13:37:11.671+0900][1.180s] GC(2) Pause Cleanup 17M->17M(512M) 0.091ms
[2023-03-03T13:37:11.671+0900][1.180s] GC(2) User=0.00s Sys=0.00s Real=0.00s
[2023-03-03T13:37:11.671+0900][1.180s] GC(2) Concurrent Cleanup for Next Mark
[2023-03-03T13:37:11.672+0900][1.180s] GC(2) Concurrent Cleanup for Next Mark 0.532ms
[2023-03-03T13:37:11.672+0900][1.180s] GC(2) Concurrent Cycle 7.467ms
[2023-03-03T13:37:12.937+0900][2.446s] GC(3) Pause Young (Normal) (G1 Evacuation Pause)
[2023-03-03T13:37:12.937+0900][2.446s] GC(3) Using 10 workers of 10 for evacuation
[2023-03-03T13:37:12.945+0900][2.454s] GC(3)   Pre Evacuate Collection Set: 0.0ms
[2023-03-03T13:37:12.945+0900][2.454s] GC(3)   Evacuate Collection Set: 6.7ms
[2023-03-03T13:37:12.945+0900][2.454s] GC(3)   Post Evacuate Collection Set: 0.7ms
[2023-03-03T13:37:12.945+0900][2.454s] GC(3)   Other: 0.1ms
[2023-03-03T13:37:12.945+0900][2.454s] GC(3) Eden regions: 45->0(89)
[2023-03-03T13:37:12.945+0900][2.454s] GC(3) Survivor regions: 13->8(8)
[2023-03-03T13:37:12.945+0900][2.454s] GC(3) Old regions: 1->13
[2023-03-03T13:37:12.945+0900][2.454s] GC(3) Humongous regions: 4->4
[2023-03-03T13:37:12.945+0900][2.454s] GC(3) Metaspace: 24537K(25216K)->24537K(25216K) NonClass: 21878K(22272K)->21878K(22272K) Class: 2658K(2944K)->2658K(2944K)
[2023-03-03T13:37:12.945+0900][2.454s] GC(3) Pause Young (Normal) (G1 Evacuation Pause) 61M->24M(512M) 7.896ms
[2023-03-03T13:37:12.945+0900][2.454s] GC(3) User=0.16s Sys=0.00s Real=0.01s
[2023-03-03T13:37:13.585+0900][3.093s] GC(4) Pause Young (Concurrent Start) (Metadata GC Threshold)
[2023-03-03T13:37:13.585+0900][3.093s] GC(4) Using 10 workers of 10 for evacuation
[2023-03-03T13:37:13.590+0900][3.098s] GC(4)   Pre Evacuate Collection Set: 0.1ms
[2023-03-03T13:37:13.590+0900][3.098s] GC(4)   Evacuate Collection Set: 4.6ms
[2023-03-03T13:37:13.590+0900][3.098s] GC(4)   Post Evacuate Collection Set: 0.4ms
[2023-03-03T13:37:13.590+0900][3.098s] GC(4)   Other: 0.3ms
[2023-03-03T13:37:13.590+0900][3.098s] GC(4) Eden regions: 81->0(118)
[2023-03-03T13:37:13.590+0900][3.098s] GC(4) Survivor regions: 8->3(13)
[2023-03-03T13:37:13.590+0900][3.098s] GC(4) Old regions: 13->21
[2023-03-03T13:37:13.590+0900][3.098s] GC(4) Humongous regions: 4->4
[2023-03-03T13:37:13.590+0900][3.098s] GC(4) Metaspace: 35040K(35840K)->35040K(35840K) NonClass: 31188K(31616K)->31188K(31616K) Class: 3851K(4224K)->3851K(4224K)
[2023-03-03T13:37:13.590+0900][3.098s] GC(4) Pause Young (Concurrent Start) (Metadata GC Threshold) 105M->27M(512M) 5.553ms
[2023-03-03T13:37:13.590+0900][3.098s] GC(4) User=0.00s Sys=0.00s Real=0.00s
[2023-03-03T13:37:13.590+0900][3.098s] GC(5) Concurrent Cycle
[2023-03-03T13:37:13.590+0900][3.098s] GC(5) Concurrent Clear Claimed Marks
[2023-03-03T13:37:13.591+0900][3.098s] GC(5) Concurrent Clear Claimed Marks 0.075ms
[2023-03-03T13:37:13.591+0900][3.098s] GC(5) Concurrent Scan Root Regions
[2023-03-03T13:37:13.592+0900][3.100s] GC(5) Concurrent Scan Root Regions 1.205ms
[2023-03-03T13:37:13.592+0900][3.100s] GC(5) Concurrent Mark (3.100s)
[2023-03-03T13:37:13.592+0900][3.100s] GC(5) Concurrent Mark From Roots
[2023-03-03T13:37:13.592+0900][3.100s] GC(5) Using 3 workers of 3 for marking
[2023-03-03T13:37:13.606+0900][3.113s] GC(5) Concurrent Mark From Roots 13.757ms
[2023-03-03T13:37:13.606+0900][3.114s] GC(5) Concurrent Preclean
[2023-03-03T13:37:13.606+0900][3.114s] GC(5) Concurrent Preclean 0.149ms
[2023-03-03T13:37:13.606+0900][3.114s] GC(5) Concurrent Mark (3.100s, 3.114s) 14.037ms
[2023-03-03T13:37:13.606+0900][3.114s] GC(5) Pause Remark
[2023-03-03T13:37:13.609+0900][3.117s] GC(5) Cleaned string and symbol table, strings: 16059 processed, 22 removed, symbols: 115620 processed, 43 removed
[2023-03-03T13:37:13.609+0900][3.117s] GC(5) Pause Remark 28M->28M(512M) 2.969ms
[2023-03-03T13:37:13.609+0900][3.117s] GC(5) User=0.00s Sys=0.00s Real=0.00s
[2023-03-03T13:37:13.609+0900][3.117s] GC(5) Concurrent Rebuild Remembered Sets
[2023-03-03T13:37:13.614+0900][3.122s] GC(5) Concurrent Rebuild Remembered Sets 5.340ms
[2023-03-03T13:37:13.615+0900][3.122s] GC(5) Pause Cleanup
[2023-03-03T13:37:13.615+0900][3.123s] GC(5) Pause Cleanup 29M->29M(512M) 0.110ms
[2023-03-03T13:37:13.615+0900][3.123s] GC(5) User=0.00s Sys=0.00s Real=0.00s
[2023-03-03T13:37:13.615+0900][3.123s] GC(5) Concurrent Cleanup for Next Mark
[2023-03-03T13:37:13.615+0900][3.123s] GC(5) Concurrent Cleanup for Next Mark 0.560ms
[2023-03-03T13:37:13.616+0900][3.123s] GC(5) Concurrent Cycle 25.055ms
[2023-03-03T13:38:13.884+0900][63.392s] GC(6) Pause Young (Normal) (G1 Evacuation Pause)
[2023-03-03T13:38:13.884+0900][63.392s] GC(6) Using 10 workers of 10 for evacuation
[2023-03-03T13:38:13.889+0900][63.396s] GC(6)   Pre Evacuate Collection Set: 0.0ms
[2023-03-03T13:38:13.889+0900][63.396s] GC(6)   Evacuate Collection Set: 3.6ms
[2023-03-03T13:38:13.889+0900][63.396s] GC(6)   Post Evacuate Collection Set: 0.7ms
[2023-03-03T13:38:13.889+0900][63.396s] GC(6)   Other: 0.2ms
[2023-03-03T13:38:13.889+0900][63.396s] GC(6) Eden regions: 118->0(299)
[2023-03-03T13:38:13.889+0900][63.396s] GC(6) Survivor regions: 3->8(16)
[2023-03-03T13:38:13.889+0900][63.396s] GC(6) Old regions: 21->21
[2023-03-03T13:38:13.889+0900][63.397s] GC(6) Humongous regions: 5->4
[2023-03-03T13:38:13.889+0900][63.397s] GC(6) Metaspace: 46770K(48128K)->46770K(48128K) NonClass: 41431K(42240K)->41431K(42240K) Class: 5339K(5888K)->5339K(5888K)
[2023-03-03T13:38:13.889+0900][63.397s] GC(6) Pause Young (Normal) (G1 Evacuation Pause) 146M->32M(512M) 4.651ms
[2023-03-03T13:38:13.889+0900][63.397s] GC(6) User=0.00s Sys=0.00s Real=0.00s
[2023-03-03T13:40:01.616+0900][171.124s] Heap
[2023-03-03T13:40:01.616+0900][171.124s]  garbage-first heap   total 524288K, used 45889K [0x00000000e0000000, 0x0000000100000000)
[2023-03-03T13:40:01.616+0900][171.124s]   region size 1024K, 21 young (21504K), 8 survivors (8192K)
[2023-03-03T13:40:01.616+0900][171.124s]  Metaspace       used 47187K, capacity 48143K, committed 48384K, reserved 1091584K
[2023-03-03T13:40:01.616+0900][171.124s]   class space    used 5389K, capacity 5793K, committed 5888K, reserved 1048576K
