[2023-02-28T14:41:54.277+0900][0.020s] Heap region size: 1M
[2023-02-28T14:41:54.421+0900][0.163s] Using G1
[2023-02-28T14:41:54.421+0900][0.164s] Heap address: 0x00000000e0000000, size: 512 MB, Compressed Oops mode: 32-bit
[2023-02-28T14:41:55.167+0900][0.910s] GC(0) Pause Young (Normal) (G1 Evacuation Pause)
[2023-02-28T14:41:55.168+0900][0.910s] GC(0) Using 10 workers of 10 for evacuation
[2023-02-28T14:41:55.172+0900][0.914s] GC(0)   Pre Evacuate Collection Set: 0.0ms
[2023-02-28T14:41:55.172+0900][0.914s] GC(0)   Evacuate Collection Set: 2.9ms
[2023-02-28T14:41:55.172+0900][0.914s] GC(0)   Post Evacuate Collection Set: 0.3ms
[2023-02-28T14:41:55.172+0900][0.914s] GC(0)   Other: 0.9ms
[2023-02-28T14:41:55.172+0900][0.914s] GC(0) Eden regions: 30->0(303)
[2023-02-28T14:41:55.178+0900][0.920s] GC(0) Survivor regions: 0->4(4)
[2023-02-28T14:41:55.178+0900][0.920s] GC(0) Old regions: 0->1
[2023-02-28T14:41:55.178+0900][0.920s] GC(0) Humongous regions: 0->0
[2023-02-28T14:41:55.178+0900][0.920s] GC(0) Metaspace: 15084K(15616K)->15084K(15616K) NonClass: 13495K(13824K)->13495K(13824K) Class: 1588K(1792K)->1588K(1792K)
[2023-02-28T14:41:55.178+0900][0.920s] GC(0) Pause Young (Normal) (G1 Evacuation Pause) 30M->4M(512M) 10.293ms
[2023-02-28T14:41:55.178+0900][0.920s] GC(0) User=0.16s Sys=0.00s Real=0.01s
[2023-02-28T14:41:55.470+0900][1.212s] GC(1) Pause Young (Concurrent Start) (Metadata GC Threshold)
[2023-02-28T14:41:55.470+0900][1.212s] GC(1) Using 10 workers of 10 for evacuation
[2023-02-28T14:41:55.481+0900][1.223s] GC(1)   Pre Evacuate Collection Set: 0.1ms
[2023-02-28T14:41:55.481+0900][1.223s] GC(1)   Evacuate Collection Set: 9.2ms
[2023-02-28T14:41:55.481+0900][1.223s] GC(1)   Post Evacuate Collection Set: 1.0ms
[2023-02-28T14:41:55.481+0900][1.223s] GC(1)   Other: 0.5ms
[2023-02-28T14:41:55.481+0900][1.223s] GC(1) Eden regions: 21->0(54)
[2023-02-28T14:41:55.481+0900][1.223s] GC(1) Survivor regions: 4->13(39)
[2023-02-28T14:41:55.481+0900][1.223s] GC(1) Old regions: 1->1
[2023-02-28T14:41:55.481+0900][1.223s] GC(1) Humongous regions: 4->4
[2023-02-28T14:41:55.481+0900][1.223s] GC(1) Metaspace: 20634K(21248K)->20634K(21248K) NonClass: 18389K(18688K)->18389K(18688K) Class: 2245K(2560K)->2245K(2560K)
[2023-02-28T14:41:55.481+0900][1.224s] GC(1) Pause Young (Concurrent Start) (Metadata GC Threshold) 29M->16M(512M) 11.153ms
[2023-02-28T14:41:55.481+0900][1.224s] GC(1) User=0.02s Sys=0.00s Real=0.01s
[2023-02-28T14:41:55.481+0900][1.224s] GC(2) Concurrent Cycle
[2023-02-28T14:41:55.481+0900][1.224s] GC(2) Concurrent Clear Claimed Marks
[2023-02-28T14:41:55.481+0900][1.224s] GC(2) Concurrent Clear Claimed Marks 0.089ms
[2023-02-28T14:41:55.481+0900][1.224s] GC(2) Concurrent Scan Root Regions
[2023-02-28T14:41:55.485+0900][1.227s] GC(2) Concurrent Scan Root Regions 3.651ms
[2023-02-28T14:41:55.485+0900][1.228s] GC(2) Concurrent Mark (1.228s)
[2023-02-28T14:41:55.485+0900][1.228s] GC(2) Concurrent Mark From Roots
[2023-02-28T14:41:55.485+0900][1.228s] GC(2) Using 3 workers of 3 for marking
[2023-02-28T14:41:55.486+0900][1.229s] GC(2) Concurrent Mark From Roots 0.894ms
[2023-02-28T14:41:55.486+0900][1.229s] GC(2) Concurrent Preclean
[2023-02-28T14:41:55.486+0900][1.229s] GC(2) Concurrent Preclean 0.092ms
[2023-02-28T14:41:55.486+0900][1.229s] GC(2) Concurrent Mark (1.228s, 1.229s) 1.153ms
[2023-02-28T14:41:55.487+0900][1.229s] GC(2) Pause Remark
[2023-02-28T14:41:55.488+0900][1.231s] GC(2) Cleaned string and symbol table, strings: 9825 processed, 0 removed, symbols: 68697 processed, 21 removed
[2023-02-28T14:41:55.489+0900][1.231s] GC(2) Pause Remark 16M->16M(512M) 1.930ms
[2023-02-28T14:41:55.489+0900][1.231s] GC(2) User=0.00s Sys=0.00s Real=0.00s
[2023-02-28T14:41:55.489+0900][1.231s] GC(2) Concurrent Rebuild Remembered Sets
[2023-02-28T14:41:55.491+0900][1.233s] GC(2) Concurrent Rebuild Remembered Sets 1.848ms
[2023-02-28T14:41:55.491+0900][1.233s] GC(2) Pause Cleanup
[2023-02-28T14:41:55.491+0900][1.233s] GC(2) Pause Cleanup 16M->16M(512M) 0.079ms
[2023-02-28T14:41:55.491+0900][1.233s] GC(2) User=0.00s Sys=0.00s Real=0.00s
[2023-02-28T14:41:55.491+0900][1.233s] GC(2) Concurrent Cleanup for Next Mark
[2023-02-28T14:41:55.491+0900][1.234s] GC(2) Concurrent Cleanup for Next Mark 0.518ms
[2023-02-28T14:41:55.491+0900][1.234s] GC(2) Concurrent Cycle 10.207ms
[2023-02-28T14:41:56.870+0900][2.613s] GC(3) Pause Young (Normal) (G1 Evacuation Pause)
[2023-02-28T14:41:56.870+0900][2.613s] GC(3) Using 10 workers of 10 for evacuation
[2023-02-28T14:41:56.878+0900][2.621s] GC(3)   Pre Evacuate Collection Set: 0.0ms
[2023-02-28T14:41:56.878+0900][2.621s] GC(3)   Evacuate Collection Set: 7.3ms
[2023-02-28T14:41:56.878+0900][2.621s] GC(3)   Post Evacuate Collection Set: 0.7ms
[2023-02-28T14:41:56.878+0900][2.621s] GC(3)   Other: 0.1ms
[2023-02-28T14:41:56.878+0900][2.621s] GC(3) Eden regions: 47->0(115)
[2023-02-28T14:41:56.878+0900][2.621s] GC(3) Survivor regions: 13->8(8)
[2023-02-28T14:41:56.878+0900][2.621s] GC(3) Old regions: 1->13
[2023-02-28T14:41:56.878+0900][2.621s] GC(3) Humongous regions: 4->4
[2023-02-28T14:41:56.878+0900][2.621s] GC(3) Metaspace: 24831K(25472K)->24831K(25472K) NonClass: 22135K(22528K)->22135K(22528K) Class: 2695K(2944K)->2695K(2944K)
[2023-02-28T14:41:56.878+0900][2.621s] GC(3) Pause Young (Normal) (G1 Evacuation Pause) 63M->24M(512M) 8.395ms
[2023-02-28T14:41:56.879+0900][2.621s] GC(3) User=0.16s Sys=0.00s Real=0.01s
[2023-02-28T14:41:57.473+0900][3.215s] GC(4) Pause Young (Concurrent Start) (Metadata GC Threshold)
[2023-02-28T14:41:57.473+0900][3.215s] GC(4) Using 10 workers of 10 for evacuation
[2023-02-28T14:41:57.478+0900][3.220s] GC(4)   Pre Evacuate Collection Set: 0.1ms
[2023-02-28T14:41:57.478+0900][3.220s] GC(4)   Evacuate Collection Set: 3.6ms
[2023-02-28T14:41:57.478+0900][3.220s] GC(4)   Post Evacuate Collection Set: 0.5ms
[2023-02-28T14:41:57.478+0900][3.220s] GC(4)   Other: 0.3ms
[2023-02-28T14:41:57.478+0900][3.220s] GC(4) Eden regions: 86->0(115)
[2023-02-28T14:41:57.478+0900][3.220s] GC(4) Survivor regions: 8->10(16)
[2023-02-28T14:41:57.478+0900][3.220s] GC(4) Old regions: 13->13
[2023-02-28T14:41:57.478+0900][3.220s] GC(4) Humongous regions: 4->4
[2023-02-28T14:41:57.478+0900][3.220s] GC(4) Metaspace: 35059K(35840K)->35059K(35840K) NonClass: 31209K(31616K)->31209K(31616K) Class: 3849K(4224K)->3849K(4224K)
[2023-02-28T14:41:57.478+0900][3.220s] GC(4) Pause Young (Concurrent Start) (Metadata GC Threshold) 110M->25M(512M) 4.685ms
[2023-02-28T14:41:57.478+0900][3.220s] GC(4) User=0.00s Sys=0.00s Real=0.00s
[2023-02-28T14:41:57.478+0900][3.220s] GC(5) Concurrent Cycle
[2023-02-28T14:41:57.478+0900][3.220s] GC(5) Concurrent Clear Claimed Marks
[2023-02-28T14:41:57.478+0900][3.220s] GC(5) Concurrent Clear Claimed Marks 0.068ms
[2023-02-28T14:41:57.478+0900][3.220s] GC(5) Concurrent Scan Root Regions
[2023-02-28T14:41:57.479+0900][3.221s] GC(5) Concurrent Scan Root Regions 1.345ms
[2023-02-28T14:41:57.479+0900][3.222s] GC(5) Concurrent Mark (3.222s)
[2023-02-28T14:41:57.480+0900][3.222s] GC(5) Concurrent Mark From Roots
[2023-02-28T14:41:57.480+0900][3.222s] GC(5) Using 3 workers of 3 for marking
[2023-02-28T14:41:57.494+0900][3.236s] GC(5) Concurrent Mark From Roots 14.235ms
[2023-02-28T14:41:57.494+0900][3.236s] GC(5) Concurrent Preclean
[2023-02-28T14:41:57.494+0900][3.236s] GC(5) Concurrent Preclean 0.120ms
[2023-02-28T14:41:57.494+0900][3.236s] GC(5) Concurrent Mark (3.222s, 3.236s) 14.500ms
[2023-02-28T14:41:57.494+0900][3.236s] GC(5) Pause Remark
[2023-02-28T14:41:57.497+0900][3.239s] GC(5) Cleaned string and symbol table, strings: 16208 processed, 22 removed, symbols: 116310 processed, 42 removed
[2023-02-28T14:41:57.497+0900][3.239s] GC(5) Pause Remark 27M->26M(512M) 2.924ms
[2023-02-28T14:41:57.497+0900][3.239s] GC(5) User=0.17s Sys=0.00s Real=0.00s
[2023-02-28T14:41:57.497+0900][3.239s] GC(5) Concurrent Rebuild Remembered Sets
[2023-02-28T14:41:57.501+0900][3.243s] GC(5) Concurrent Rebuild Remembered Sets 4.104ms
[2023-02-28T14:41:57.502+0900][3.244s] GC(5) Pause Cleanup
[2023-02-28T14:41:57.502+0900][3.244s] GC(5) Pause Cleanup 27M->27M(512M) 0.108ms
[2023-02-28T14:41:57.502+0900][3.244s] GC(5) User=0.00s Sys=0.00s Real=0.00s
[2023-02-28T14:41:57.502+0900][3.244s] GC(5) Concurrent Cleanup for Next Mark
[2023-02-28T14:41:57.503+0900][3.245s] GC(5) Concurrent Cleanup for Next Mark 0.775ms
[2023-02-28T14:41:57.503+0900][3.245s] GC(5) Concurrent Cycle 24.803ms
[2023-02-28T14:41:58.300+0900][4.042s] GC(6) Pause Young (Normal) (G1 Evacuation Pause)
[2023-02-28T14:41:58.300+0900][4.042s] GC(6) Using 10 workers of 10 for evacuation
[2023-02-28T14:41:58.307+0900][4.049s] GC(6)   Pre Evacuate Collection Set: 0.0ms
[2023-02-28T14:41:58.307+0900][4.049s] GC(6)   Evacuate Collection Set: 6.1ms
[2023-02-28T14:41:58.307+0900][4.049s] GC(6)   Post Evacuate Collection Set: 0.7ms
[2023-02-28T14:41:58.307+0900][4.049s] GC(6)   Other: 0.2ms
[2023-02-28T14:41:58.307+0900][4.049s] GC(6) Eden regions: 115->0(296)
[2023-02-28T14:41:58.307+0900][4.049s] GC(6) Survivor regions: 10->9(16)
[2023-02-28T14:41:58.307+0900][4.049s] GC(6) Old regions: 12->20
[2023-02-28T14:41:58.307+0900][4.049s] GC(6) Humongous regions: 5->4
[2023-02-28T14:41:58.307+0900][4.049s] GC(6) Metaspace: 46531K(47744K)->46531K(47744K) NonClass: 41279K(41984K)->41279K(41984K) Class: 5251K(5760K)->5251K(5760K)
[2023-02-28T14:41:58.307+0900][4.049s] GC(6) Pause Young (Normal) (G1 Evacuation Pause) 141M->32M(512M) 7.291ms
[2023-02-28T14:41:58.308+0900][4.049s] GC(6) User=0.00s Sys=0.00s Real=0.01s
[2023-02-28T14:54:22.980+0900][748.722s] Heap
[2023-02-28T14:54:22.980+0900][748.723s]  garbage-first heap   total 524288K, used 213042K [0x00000000e0000000, 0x0000000100000000)
[2023-02-28T14:54:22.980+0900][748.723s]   region size 1024K, 187 young (191488K), 9 survivors (9216K)
[2023-02-28T14:54:22.980+0900][748.723s]  Metaspace       used 57644K, capacity 58827K, committed 58880K, reserved 1101824K
[2023-02-28T14:54:22.980+0900][748.723s]   class space    used 6675K, capacity 7153K, committed 7168K, reserved 1048576K
