[2023-03-03T13:40:06.491+0900][0.024s] Heap region size: 1M
[2023-03-03T13:40:06.601+0900][0.133s] Using G1
[2023-03-03T13:40:06.601+0900][0.133s] Heap address: 0x00000000e0000000, size: 512 MB, Compressed Oops mode: 32-bit
[2023-03-03T13:40:07.320+0900][0.854s] GC(0) Pause Young (Normal) (G1 Evacuation Pause)
[2023-03-03T13:40:07.321+0900][0.855s] GC(0) Using 10 workers of 10 for evacuation
[2023-03-03T13:40:07.324+0900][0.858s] GC(0)   Pre Evacuate Collection Set: 0.0ms
[2023-03-03T13:40:07.324+0900][0.858s] GC(0)   Evacuate Collection Set: 2.5ms
[2023-03-03T13:40:07.324+0900][0.858s] GC(0)   Post Evacuate Collection Set: 0.4ms
[2023-03-03T13:40:07.324+0900][0.858s] GC(0)   Other: 0.9ms
[2023-03-03T13:40:07.324+0900][0.858s] GC(0) Eden regions: 30->0(303)
[2023-03-03T13:40:07.325+0900][0.858s] GC(0) Survivor regions: 0->4(4)
[2023-03-03T13:40:07.325+0900][0.858s] GC(0) Old regions: 0->1
[2023-03-03T13:40:07.325+0900][0.858s] GC(0) Humongous regions: 0->0
[2023-03-03T13:40:07.325+0900][0.858s] GC(0) Metaspace: 15174K(15872K)->15174K(15872K) NonClass: 13569K(14080K)->13569K(14080K) Class: 1605K(1792K)->1605K(1792K)
[2023-03-03T13:40:07.325+0900][0.858s] GC(0) Pause Young (Normal) (G1 Evacuation Pause) 30M->4M(512M) 4.368ms
[2023-03-03T13:40:07.325+0900][0.858s] GC(0) User=0.00s Sys=0.00s Real=0.01s
[2023-03-03T13:40:07.613+0900][1.146s] GC(1) Pause Young (Concurrent Start) (Metadata GC Threshold)
[2023-03-03T13:40:07.614+0900][1.146s] GC(1) Using 10 workers of 10 for evacuation
[2023-03-03T13:40:07.623+0900][1.156s] GC(1)   Pre Evacuate Collection Set: 0.0ms
[2023-03-03T13:40:07.623+0900][1.156s] GC(1)   Evacuate Collection Set: 8.6ms
[2023-03-03T13:40:07.623+0900][1.156s] GC(1)   Post Evacuate Collection Set: 0.8ms
[2023-03-03T13:40:07.623+0900][1.156s] GC(1)   Other: 0.3ms
[2023-03-03T13:40:07.623+0900][1.156s] GC(1) Eden regions: 21->0(54)
[2023-03-03T13:40:07.623+0900][1.156s] GC(1) Survivor regions: 4->13(39)
[2023-03-03T13:40:07.623+0900][1.156s] GC(1) Old regions: 1->1
[2023-03-03T13:40:07.623+0900][1.156s] GC(1) Humongous regions: 4->4
[2023-03-03T13:40:07.623+0900][1.156s] GC(1) Metaspace: 20686K(21248K)->20686K(21248K) NonClass: 18430K(18688K)->18430K(18688K) Class: 2255K(2560K)->2255K(2560K)
[2023-03-03T13:40:07.623+0900][1.156s] GC(1) Pause Young (Concurrent Start) (Metadata GC Threshold) 28M->16M(512M) 9.992ms
[2023-03-03T13:40:07.624+0900][1.156s] GC(1) User=0.00s Sys=0.00s Real=0.01s
[2023-03-03T13:40:07.624+0900][1.156s] GC(2) Concurrent Cycle
[2023-03-03T13:40:07.624+0900][1.156s] GC(2) Concurrent Clear Claimed Marks
[2023-03-03T13:40:07.624+0900][1.157s] GC(2) Concurrent Clear Claimed Marks 0.096ms
[2023-03-03T13:40:07.624+0900][1.157s] GC(2) Concurrent Scan Root Regions
[2023-03-03T13:40:07.627+0900][1.159s] GC(2) Concurrent Scan Root Regions 2.703ms
[2023-03-03T13:40:07.627+0900][1.159s] GC(2) Concurrent Mark (1.159s)
[2023-03-03T13:40:07.627+0900][1.159s] GC(2) Concurrent Mark From Roots
[2023-03-03T13:40:07.627+0900][1.159s] GC(2) Using 3 workers of 3 for marking
[2023-03-03T13:40:07.627+0900][1.160s] GC(2) Concurrent Mark From Roots 0.722ms
[2023-03-03T13:40:07.627+0900][1.160s] GC(2) Concurrent Preclean
[2023-03-03T13:40:07.627+0900][1.160s] GC(2) Concurrent Preclean 0.053ms
[2023-03-03T13:40:07.627+0900][1.160s] GC(2) Concurrent Mark (1.159s, 1.160s) 0.850ms
[2023-03-03T13:40:07.627+0900][1.160s] GC(2) Pause Remark
[2023-03-03T13:40:07.629+0900][1.162s] GC(2) Cleaned string and symbol table, strings: 9885 processed, 0 removed, symbols: 68923 processed, 20 removed
[2023-03-03T13:40:07.629+0900][1.162s] GC(2) Pause Remark 17M->17M(512M) 1.468ms
[2023-03-03T13:40:07.629+0900][1.162s] GC(2) User=0.02s Sys=0.02s Real=0.00s
[2023-03-03T13:40:07.629+0900][1.162s] GC(2) Concurrent Rebuild Remembered Sets
[2023-03-03T13:40:07.630+0900][1.163s] GC(2) Concurrent Rebuild Remembered Sets 1.172ms
[2023-03-03T13:40:07.630+0900][1.163s] GC(2) Pause Cleanup
[2023-03-03T13:40:07.630+0900][1.163s] GC(2) Pause Cleanup 17M->17M(512M) 0.090ms
[2023-03-03T13:40:07.630+0900][1.163s] GC(2) User=0.00s Sys=0.00s Real=0.00s
[2023-03-03T13:40:07.631+0900][1.163s] GC(2) Concurrent Cleanup for Next Mark
[2023-03-03T13:40:07.631+0900][1.164s] GC(2) Concurrent Cleanup for Next Mark 0.674ms
[2023-03-03T13:40:07.631+0900][1.164s] GC(2) Concurrent Cycle 7.784ms
[2023-03-03T13:40:08.961+0900][2.494s] GC(3) Pause Young (Normal) (G1 Evacuation Pause)
[2023-03-03T13:40:08.961+0900][2.494s] GC(3) Using 10 workers of 10 for evacuation
[2023-03-03T13:40:08.970+0900][2.503s] GC(3)   Pre Evacuate Collection Set: 0.0ms
[2023-03-03T13:40:08.971+0900][2.505s] GC(3)   Evacuate Collection Set: 8.2ms
[2023-03-03T13:40:08.972+0900][2.505s] GC(3)   Post Evacuate Collection Set: 0.9ms
[2023-03-03T13:40:08.972+0900][2.505s] GC(3)   Other: 0.2ms
[2023-03-03T13:40:08.972+0900][2.505s] GC(3) Eden regions: 46->0(109)
[2023-03-03T13:40:08.972+0900][2.505s] GC(3) Survivor regions: 13->8(8)
[2023-03-03T13:40:08.972+0900][2.505s] GC(3) Old regions: 1->13
[2023-03-03T13:40:08.972+0900][2.505s] GC(3) Humongous regions: 4->4
[2023-03-03T13:40:08.972+0900][2.505s] GC(3) Metaspace: 24540K(25216K)->24540K(25216K) NonClass: 21882K(22272K)->21882K(22272K) Class: 2658K(2944K)->2658K(2944K)
[2023-03-03T13:40:08.972+0900][2.505s] GC(3) Pause Young (Normal) (G1 Evacuation Pause) 62M->24M(512M) 10.840ms
[2023-03-03T13:40:08.972+0900][2.505s] GC(3) User=0.00s Sys=0.00s Real=0.01s
[2023-03-03T13:40:09.629+0900][3.163s] GC(4) Pause Young (Concurrent Start) (Metadata GC Threshold)
[2023-03-03T13:40:09.630+0900][3.163s] GC(4) Using 10 workers of 10 for evacuation
[2023-03-03T13:40:09.635+0900][3.168s] GC(4)   Pre Evacuate Collection Set: 0.1ms
[2023-03-03T13:40:09.635+0900][3.169s] GC(4)   Evacuate Collection Set: 4.5ms
[2023-03-03T13:40:09.635+0900][3.169s] GC(4)   Post Evacuate Collection Set: 0.6ms
[2023-03-03T13:40:09.635+0900][3.169s] GC(4)   Other: 0.3ms
[2023-03-03T13:40:09.635+0900][3.169s] GC(4) Eden regions: 80->0(110)
[2023-03-03T13:40:09.635+0900][3.169s] GC(4) Survivor regions: 8->10(15)
[2023-03-03T13:40:09.635+0900][3.169s] GC(4) Old regions: 13->13
[2023-03-03T13:40:09.635+0900][3.169s] GC(4) Humongous regions: 4->4
[2023-03-03T13:40:09.635+0900][3.169s] GC(4) Metaspace: 35067K(35840K)->35067K(35840K) NonClass: 31206K(31616K)->31206K(31616K) Class: 3861K(4224K)->3861K(4224K)
[2023-03-03T13:40:09.635+0900][3.169s] GC(4) Pause Young (Concurrent Start) (Metadata GC Threshold) 104M->25M(512M) 5.828ms
[2023-03-03T13:40:09.635+0900][3.169s] GC(4) User=0.00s Sys=0.00s Real=0.01s
[2023-03-03T13:40:09.635+0900][3.169s] GC(5) Concurrent Cycle
[2023-03-03T13:40:09.635+0900][3.169s] GC(5) Concurrent Clear Claimed Marks
[2023-03-03T13:40:09.635+0900][3.169s] GC(5) Concurrent Clear Claimed Marks 0.036ms
[2023-03-03T13:40:09.635+0900][3.169s] GC(5) Concurrent Scan Root Regions
[2023-03-03T13:40:09.637+0900][3.171s] GC(5) Concurrent Scan Root Regions 1.613ms
[2023-03-03T13:40:09.637+0900][3.171s] GC(5) Concurrent Mark (3.171s)
[2023-03-03T13:40:09.637+0900][3.171s] GC(5) Concurrent Mark From Roots
[2023-03-03T13:40:09.637+0900][3.171s] GC(5) Using 3 workers of 3 for marking
[2023-03-03T13:40:09.649+0900][3.182s] GC(5) Concurrent Mark From Roots 11.314ms
[2023-03-03T13:40:09.649+0900][3.182s] GC(5) Concurrent Preclean
[2023-03-03T13:40:09.649+0900][3.182s] GC(5) Concurrent Preclean 0.127ms
[2023-03-03T13:40:09.649+0900][3.182s] GC(5) Concurrent Mark (3.171s, 3.182s) 11.626ms
[2023-03-03T13:40:09.649+0900][3.183s] GC(5) Pause Remark
[2023-03-03T13:40:09.652+0900][3.185s] GC(5) Cleaned string and symbol table, strings: 16100 processed, 22 removed, symbols: 115656 processed, 42 removed
[2023-03-03T13:40:09.652+0900][3.186s] GC(5) Pause Remark 27M->27M(512M) 2.686ms
[2023-03-03T13:40:09.652+0900][3.186s] GC(5) User=0.00s Sys=0.00s Real=0.00s
[2023-03-03T13:40:09.652+0900][3.186s] GC(5) Concurrent Rebuild Remembered Sets
[2023-03-03T13:40:09.657+0900][3.190s] GC(5) Concurrent Rebuild Remembered Sets 4.642ms
[2023-03-03T13:40:09.657+0900][3.190s] GC(5) Pause Cleanup
[2023-03-03T13:40:09.657+0900][3.191s] GC(5) Pause Cleanup 27M->27M(512M) 0.109ms
[2023-03-03T13:40:09.657+0900][3.191s] GC(5) User=0.00s Sys=0.00s Real=0.00s
[2023-03-03T13:40:09.657+0900][3.191s] GC(5) Concurrent Cleanup for Next Mark
[2023-03-03T13:40:09.658+0900][3.191s] GC(5) Concurrent Cleanup for Next Mark 0.418ms
[2023-03-03T13:40:09.658+0900][3.191s] GC(5) Concurrent Cycle 22.222ms
[2023-03-03T13:40:10.528+0900][4.062s] GC(6) Pause Young (Normal) (G1 Evacuation Pause)
[2023-03-03T13:40:10.529+0900][4.062s] GC(6) Using 10 workers of 10 for evacuation
[2023-03-03T13:40:10.535+0900][4.069s] GC(6)   Pre Evacuate Collection Set: 0.0ms
[2023-03-03T13:40:10.535+0900][4.069s] GC(6)   Evacuate Collection Set: 5.9ms
[2023-03-03T13:40:10.535+0900][4.069s] GC(6)   Post Evacuate Collection Set: 0.7ms
[2023-03-03T13:40:10.535+0900][4.069s] GC(6)   Other: 0.2ms
[2023-03-03T13:40:10.536+0900][4.069s] GC(6) Eden regions: 110->0(299)
[2023-03-03T13:40:10.536+0900][4.069s] GC(6) Survivor regions: 10->8(15)
[2023-03-03T13:40:10.536+0900][4.069s] GC(6) Old regions: 13->20
[2023-03-03T13:40:10.536+0900][4.069s] GC(6) Humongous regions: 5->4
[2023-03-03T13:40:10.536+0900][4.069s] GC(6) Metaspace: 45739K(46848K)->45739K(46848K) NonClass: 40543K(41216K)->40543K(41216K) Class: 5196K(5632K)->5196K(5632K)
[2023-03-03T13:40:10.536+0900][4.069s] GC(6) Pause Young (Normal) (G1 Evacuation Pause) 136M->31M(512M) 7.154ms
[2023-03-03T13:40:10.536+0900][4.069s] GC(6) User=0.16s Sys=0.00s Real=0.01s
