[2023-02-28T14:28:26.530+0900][0.020s] Heap region size: 1M
[2023-02-28T14:28:26.639+0900][0.128s] Using G1
[2023-02-28T14:28:26.639+0900][0.128s] Heap address: 0x00000000e0000000, size: 512 MB, Compressed Oops mode: 32-bit
[2023-02-28T14:28:27.395+0900][0.884s] GC(0) Pause Young (Normal) (G1 Evacuation Pause)
[2023-02-28T14:28:27.395+0900][0.885s] GC(0) Using 10 workers of 10 for evacuation
[2023-02-28T14:28:27.399+0900][0.888s] GC(0)   Pre Evacuate Collection Set: 0.0ms
[2023-02-28T14:28:27.399+0900][0.888s] GC(0)   Evacuate Collection Set: 2.7ms
[2023-02-28T14:28:27.399+0900][0.889s] GC(0)   Post Evacuate Collection Set: 0.7ms
[2023-02-28T14:28:27.399+0900][0.889s] GC(0)   Other: 0.8ms
[2023-02-28T14:28:27.399+0900][0.889s] GC(0) Eden regions: 30->0(303)
[2023-02-28T14:28:27.399+0900][0.889s] GC(0) Survivor regions: 0->4(4)
[2023-02-28T14:28:27.399+0900][0.889s] GC(0) Old regions: 0->1
[2023-02-28T14:28:27.399+0900][0.889s] GC(0) Humongous regions: 0->0
[2023-02-28T14:28:27.399+0900][0.889s] GC(0) Metaspace: 15144K(15872K)->15144K(15872K) NonClass: 13543K(14080K)->13543K(14080K) Class: 1600K(1792K)->1600K(1792K)
[2023-02-28T14:28:27.400+0900][0.889s] GC(0) Pause Young (Normal) (G1 Evacuation Pause) 30M->4M(512M) 4.773ms
[2023-02-28T14:28:27.400+0900][0.889s] GC(0) User=0.00s Sys=0.00s Real=0.01s
[2023-02-28T14:28:27.705+0900][1.195s] GC(1) Pause Young (Concurrent Start) (Metadata GC Threshold)
[2023-02-28T14:28:27.705+0900][1.195s] GC(1) Using 10 workers of 10 for evacuation
[2023-02-28T14:28:27.715+0900][1.205s] GC(1)   Pre Evacuate Collection Set: 0.0ms
[2023-02-28T14:28:27.715+0900][1.205s] GC(1)   Evacuate Collection Set: 8.2ms
[2023-02-28T14:28:27.715+0900][1.205s] GC(1)   Post Evacuate Collection Set: 1.3ms
[2023-02-28T14:28:27.715+0900][1.205s] GC(1)   Other: 0.3ms
[2023-02-28T14:28:27.715+0900][1.205s] GC(1) Eden regions: 21->0(55)
[2023-02-28T14:28:27.715+0900][1.205s] GC(1) Survivor regions: 4->13(39)
[2023-02-28T14:28:27.715+0900][1.205s] GC(1) Old regions: 1->1
[2023-02-28T14:28:27.715+0900][1.205s] GC(1) Humongous regions: 4->4
[2023-02-28T14:28:27.715+0900][1.205s] GC(1) Metaspace: 20690K(21248K)->20690K(21248K) NonClass: 18438K(18688K)->18438K(18688K) Class: 2252K(2560K)->2252K(2560K)
[2023-02-28T14:28:27.715+0900][1.205s] GC(1) Pause Young (Concurrent Start) (Metadata GC Threshold) 29M->16M(512M) 10.294ms
[2023-02-28T14:28:27.715+0900][1.205s] GC(1) User=0.14s Sys=0.02s Real=0.01s
[2023-02-28T14:28:27.716+0900][1.205s] GC(2) Concurrent Cycle
[2023-02-28T14:28:27.716+0900][1.206s] GC(2) Concurrent Clear Claimed Marks
[2023-02-28T14:28:27.716+0900][1.206s] GC(2) Concurrent Clear Claimed Marks 0.102ms
[2023-02-28T14:28:27.716+0900][1.206s] GC(2) Concurrent Scan Root Regions
[2023-02-28T14:28:27.723+0900][1.213s] GC(2) Concurrent Scan Root Regions 6.851ms
[2023-02-28T14:28:27.723+0900][1.213s] GC(2) Concurrent Mark (1.213s)
[2023-02-28T14:28:27.723+0900][1.213s] GC(2) Concurrent Mark From Roots
[2023-02-28T14:28:27.723+0900][1.213s] GC(2) Using 3 workers of 3 for marking
[2023-02-28T14:28:27.724+0900][1.214s] GC(2) Concurrent Mark From Roots 0.938ms
[2023-02-28T14:28:27.724+0900][1.214s] GC(2) Concurrent Preclean
[2023-02-28T14:28:27.724+0900][1.214s] GC(2) Concurrent Preclean 0.098ms
[2023-02-28T14:28:27.724+0900][1.214s] GC(2) Concurrent Mark (1.213s, 1.214s) 1.198ms
[2023-02-28T14:28:27.724+0900][1.214s] GC(2) Pause Remark
[2023-02-28T14:28:27.726+0900][1.216s] GC(2) Cleaned string and symbol table, strings: 9888 processed, 0 removed, symbols: 68923 processed, 20 removed
[2023-02-28T14:28:27.726+0900][1.216s] GC(2) Pause Remark 16M->16M(512M) 2.151ms
[2023-02-28T14:28:27.726+0900][1.216s] GC(2) User=0.00s Sys=0.00s Real=0.00s
[2023-02-28T14:28:27.726+0900][1.216s] GC(2) Concurrent Rebuild Remembered Sets
[2023-02-28T14:28:27.728+0900][1.218s] GC(2) Concurrent Rebuild Remembered Sets 2.085ms
[2023-02-28T14:28:27.729+0900][1.218s] GC(2) Pause Cleanup
[2023-02-28T14:28:27.729+0900][1.219s] GC(2) Pause Cleanup 16M->16M(512M) 0.107ms
[2023-02-28T14:28:27.729+0900][1.219s] GC(2) User=0.00s Sys=0.00s Real=0.00s
[2023-02-28T14:28:27.729+0900][1.219s] GC(2) Concurrent Cleanup for Next Mark
[2023-02-28T14:28:27.730+0900][1.220s] GC(2) Concurrent Cleanup for Next Mark 0.956ms
[2023-02-28T14:28:27.730+0900][1.220s] GC(2) Concurrent Cycle 14.390ms
[2023-02-28T14:28:29.076+0900][2.566s] GC(3) Pause Young (Normal) (G1 Evacuation Pause)
[2023-02-28T14:28:29.076+0900][2.566s] GC(3) Using 10 workers of 10 for evacuation
[2023-02-28T14:28:29.084+0900][2.574s] GC(3)   Pre Evacuate Collection Set: 0.0ms
[2023-02-28T14:28:29.084+0900][2.574s] GC(3)   Evacuate Collection Set: 7.3ms
[2023-02-28T14:28:29.084+0900][2.574s] GC(3)   Post Evacuate Collection Set: 0.8ms
[2023-02-28T14:28:29.084+0900][2.574s] GC(3)   Other: 0.2ms
[2023-02-28T14:28:29.084+0900][2.574s] GC(3) Eden regions: 46->0(218)
[2023-02-28T14:28:29.084+0900][2.574s] GC(3) Survivor regions: 13->8(8)
[2023-02-28T14:28:29.084+0900][2.574s] GC(3) Old regions: 1->13
[2023-02-28T14:28:29.084+0900][2.574s] GC(3) Humongous regions: 4->4
[2023-02-28T14:28:29.084+0900][2.574s] GC(3) Metaspace: 24653K(25472K)->24653K(25472K) NonClass: 21980K(22528K)->21980K(22528K) Class: 2673K(2944K)->2673K(2944K)
[2023-02-28T14:28:29.084+0900][2.574s] GC(3) Pause Young (Normal) (G1 Evacuation Pause) 62M->24M(512M) 8.551ms
[2023-02-28T14:28:29.084+0900][2.574s] GC(3) User=0.00s Sys=0.00s Real=0.01s
[2023-02-28T14:28:29.727+0900][3.217s] GC(4) Pause Young (Concurrent Start) (Metadata GC Threshold)
[2023-02-28T14:28:29.727+0900][3.217s] GC(4) Using 10 workers of 10 for evacuation
[2023-02-28T14:28:29.734+0900][3.223s] GC(4)   Pre Evacuate Collection Set: 0.1ms
[2023-02-28T14:28:29.734+0900][3.223s] GC(4)   Evacuate Collection Set: 5.3ms
[2023-02-28T14:28:29.734+0900][3.223s] GC(4)   Post Evacuate Collection Set: 0.9ms
[2023-02-28T14:28:29.734+0900][3.223s] GC(4)   Other: 0.3ms
[2023-02-28T14:28:29.734+0900][3.223s] GC(4) Eden regions: 80->0(110)
[2023-02-28T14:28:29.734+0900][3.223s] GC(4) Survivor regions: 8->10(29)
[2023-02-28T14:28:29.734+0900][3.223s] GC(4) Old regions: 13->13
[2023-02-28T14:28:29.734+0900][3.223s] GC(4) Humongous regions: 4->4
[2023-02-28T14:28:29.734+0900][3.223s] GC(4) Metaspace: 35081K(35840K)->35081K(35840K) NonClass: 31217K(31616K)->31217K(31616K) Class: 3863K(4224K)->3863K(4224K)
[2023-02-28T14:28:29.734+0900][3.224s] GC(4) Pause Young (Concurrent Start) (Metadata GC Threshold) 103M->25M(512M) 6.860ms
[2023-02-28T14:28:29.734+0900][3.224s] GC(4) User=0.14s Sys=0.00s Real=0.01s
[2023-02-28T14:28:29.734+0900][3.224s] GC(5) Concurrent Cycle
[2023-02-28T14:28:29.734+0900][3.224s] GC(5) Concurrent Clear Claimed Marks
[2023-02-28T14:28:29.734+0900][3.224s] GC(5) Concurrent Clear Claimed Marks 0.098ms
[2023-02-28T14:28:29.734+0900][3.224s] GC(5) Concurrent Scan Root Regions
[2023-02-28T14:28:29.736+0900][3.226s] GC(5) Concurrent Scan Root Regions 1.735ms
[2023-02-28T14:28:29.736+0900][3.226s] GC(5) Concurrent Mark (3.226s)
[2023-02-28T14:28:29.736+0900][3.226s] GC(5) Concurrent Mark From Roots
[2023-02-28T14:28:29.736+0900][3.226s] GC(5) Using 3 workers of 3 for marking
[2023-02-28T14:28:29.751+0900][3.241s] GC(5) Concurrent Mark From Roots 14.992ms
[2023-02-28T14:28:29.751+0900][3.241s] GC(5) Concurrent Preclean
[2023-02-28T14:28:29.751+0900][3.241s] GC(5) Concurrent Preclean 0.172ms
[2023-02-28T14:28:29.751+0900][3.241s] GC(5) Concurrent Mark (3.226s, 3.241s) 15.332ms
[2023-02-28T14:28:29.751+0900][3.241s] GC(5) Pause Remark
[2023-02-28T14:28:29.754+0900][3.244s] GC(5) Cleaned string and symbol table, strings: 16081 processed, 22 removed, symbols: 115715 processed, 42 removed
[2023-02-28T14:28:29.755+0900][3.244s] GC(5) Pause Remark 27M->27M(512M) 3.307ms
[2023-02-28T14:28:29.755+0900][3.244s] GC(5) User=0.00s Sys=0.00s Real=0.00s
[2023-02-28T14:28:29.755+0900][3.244s] GC(5) Concurrent Rebuild Remembered Sets
[2023-02-28T14:28:29.760+0900][3.250s] GC(5) Concurrent Rebuild Remembered Sets 5.197ms
[2023-02-28T14:28:29.760+0900][3.250s] GC(5) Pause Cleanup
[2023-02-28T14:28:29.760+0900][3.250s] GC(5) Pause Cleanup 27M->27M(512M) 0.128ms
[2023-02-28T14:28:29.761+0900][3.250s] GC(5) User=0.00s Sys=0.00s Real=0.00s
[2023-02-28T14:28:29.761+0900][3.250s] GC(5) Concurrent Cleanup for Next Mark
[2023-02-28T14:28:29.761+0900][3.251s] GC(5) Concurrent Cleanup for Next Mark 0.682ms
[2023-02-28T14:28:29.761+0900][3.251s] GC(5) Concurrent Cycle 27.287ms
[2023-02-28T14:28:30.643+0900][4.132s] GC(6) Pause Young (Normal) (G1 Evacuation Pause)
[2023-02-28T14:28:30.643+0900][4.132s] GC(6) Using 10 workers of 10 for evacuation
[2023-02-28T14:28:30.650+0900][4.139s] GC(6)   Pre Evacuate Collection Set: 0.0ms
[2023-02-28T14:28:30.650+0900][4.139s] GC(6)   Evacuate Collection Set: 6.5ms
[2023-02-28T14:28:30.650+0900][4.139s] GC(6)   Post Evacuate Collection Set: 0.5ms
[2023-02-28T14:28:30.650+0900][4.139s] GC(6)   Other: 0.3ms
[2023-02-28T14:28:30.650+0900][4.139s] GC(6) Eden regions: 110->0(270)
[2023-02-28T14:28:30.650+0900][4.139s] GC(6) Survivor regions: 10->8(15)
[2023-02-28T14:28:30.650+0900][4.139s] GC(6) Old regions: 13->20
[2023-02-28T14:28:30.650+0900][4.139s] GC(6) Humongous regions: 5->4
[2023-02-28T14:28:30.650+0900][4.139s] GC(6) Metaspace: 45746K(46848K)->45746K(46848K) NonClass: 40552K(41216K)->40552K(41216K) Class: 5194K(5632K)->5194K(5632K)
[2023-02-28T14:28:30.650+0900][4.139s] GC(6) Pause Young (Normal) (G1 Evacuation Pause) 136M->31M(512M) 7.470ms
[2023-02-28T14:28:30.650+0900][4.139s] GC(6) User=0.00s Sys=0.00s Real=0.01s
[2023-02-28T14:30:26.941+0900][120.431s] GC(7) Pause Young (Concurrent Start) (Metadata GC Threshold)
[2023-02-28T14:30:26.941+0900][120.431s] GC(7) Using 10 workers of 10 for evacuation
[2023-02-28T14:30:26.951+0900][120.441s] GC(7)   Pre Evacuate Collection Set: 0.1ms
[2023-02-28T14:30:26.951+0900][120.441s] GC(7)   Evacuate Collection Set: 8.7ms
[2023-02-28T14:30:26.951+0900][120.441s] GC(7)   Post Evacuate Collection Set: 0.8ms
[2023-02-28T14:30:26.951+0900][120.441s] GC(7)   Other: 0.3ms
[2023-02-28T14:30:26.951+0900][120.441s] GC(7) Eden regions: 198->0(279)
[2023-02-28T14:30:26.951+0900][120.441s] GC(7) Survivor regions: 8->17(35)
[2023-02-28T14:30:26.951+0900][120.441s] GC(7) Old regions: 20->20
[2023-02-28T14:30:26.951+0900][120.441s] GC(7) Humongous regions: 4->4
[2023-02-28T14:30:26.951+0900][120.441s] GC(7) Metaspace: 58811K(60160K)->58811K(60160K) NonClass: 52014K(52736K)->52014K(52736K) Class: 6797K(7424K)->6797K(7424K)
[2023-02-28T14:30:26.951+0900][120.441s] GC(7) Pause Young (Concurrent Start) (Metadata GC Threshold) 228M->39M(512M) 10.054ms
[2023-02-28T14:30:26.951+0900][120.441s] GC(7) User=0.17s Sys=0.00s Real=0.01s
[2023-02-28T14:30:26.951+0900][120.441s] GC(8) Concurrent Cycle
[2023-02-28T14:30:26.951+0900][120.441s] GC(8) Concurrent Clear Claimed Marks
[2023-02-28T14:30:26.951+0900][120.441s] GC(8) Concurrent Clear Claimed Marks 0.116ms
[2023-02-28T14:30:26.951+0900][120.441s] GC(8) Concurrent Scan Root Regions
[2023-02-28T14:30:26.955+0900][120.445s] GC(8) Concurrent Scan Root Regions 3.515ms
[2023-02-28T14:30:26.955+0900][120.445s] GC(8) Concurrent Mark (120.445s)
[2023-02-28T14:30:26.955+0900][120.445s] GC(8) Concurrent Mark From Roots
[2023-02-28T14:30:26.955+0900][120.445s] GC(8) Using 3 workers of 3 for marking
[2023-02-28T14:30:26.964+0900][120.454s] GC(8) Concurrent Mark From Roots 9.082ms
[2023-02-28T14:30:26.964+0900][120.454s] GC(8) Concurrent Preclean
[2023-02-28T14:30:26.964+0900][120.454s] GC(8) Concurrent Preclean 0.184ms
[2023-02-28T14:30:26.964+0900][120.454s] GC(8) Concurrent Mark (120.445s, 120.454s) 9.386ms
[2023-02-28T14:30:26.964+0900][120.454s] GC(8) Pause Remark
[2023-02-28T14:30:26.969+0900][120.459s] GC(8) Cleaned string and symbol table, strings: 28565 processed, 5 removed, symbols: 184973 processed, 602 removed
[2023-02-28T14:30:26.969+0900][120.459s] GC(8) Pause Remark 41M->41M(512M) 5.111ms
[2023-02-28T14:30:26.969+0900][120.459s] GC(8) User=0.06s Sys=0.00s Real=0.01s
[2023-02-28T14:30:26.969+0900][120.460s] GC(8) Concurrent Rebuild Remembered Sets
[2023-02-28T14:30:26.974+0900][120.464s] GC(8) Concurrent Rebuild Remembered Sets 4.778ms
[2023-02-28T14:30:26.974+0900][120.464s] GC(8) Pause Cleanup
[2023-02-28T14:30:26.974+0900][120.465s] GC(8) Pause Cleanup 42M->42M(512M) 0.082ms
[2023-02-28T14:30:26.975+0900][120.465s] GC(8) User=0.00s Sys=0.00s Real=0.00s
[2023-02-28T14:30:26.975+0900][120.465s] GC(8) Concurrent Cleanup for Next Mark
[2023-02-28T14:30:26.975+0900][120.466s] GC(8) Concurrent Cleanup for Next Mark 0.905ms
[2023-02-28T14:30:26.976+0900][120.466s] GC(8) Concurrent Cycle 24.562ms
[2023-02-28T14:30:28.779+0900][122.269s] GC(9) Pause Young (Normal) (G1 Evacuation Pause)
[2023-02-28T14:30:28.779+0900][122.269s] GC(9) Using 10 workers of 10 for evacuation
[2023-02-28T14:30:28.799+0900][122.288s] GC(9)   Pre Evacuate Collection Set: 0.0ms
[2023-02-28T14:30:28.799+0900][122.288s] GC(9)   Evacuate Collection Set: 17.3ms
[2023-02-28T14:30:28.799+0900][122.288s] GC(9)   Post Evacuate Collection Set: 1.9ms
[2023-02-28T14:30:28.799+0900][122.288s] GC(9)   Other: 0.3ms
[2023-02-28T14:30:28.799+0900][122.288s] GC(9) Eden regions: 279->0(270)
[2023-02-28T14:30:28.799+0900][122.288s] GC(9) Survivor regions: 17->37(37)
[2023-02-28T14:30:28.799+0900][122.288s] GC(9) Old regions: 20->30
[2023-02-28T14:30:28.799+0900][122.288s] GC(9) Humongous regions: 17->17
[2023-02-28T14:30:28.799+0900][122.288s] GC(9) Metaspace: 64338K(65792K)->64338K(65792K) NonClass: 56929K(57856K)->56929K(57856K) Class: 7408K(7936K)->7408K(7936K)
[2023-02-28T14:30:28.799+0900][122.288s] GC(9) Pause Young (Normal) (G1 Evacuation Pause) 331M->83M(512M) 19.871ms
[2023-02-28T14:30:28.799+0900][122.289s] GC(9) User=0.19s Sys=0.00s Real=0.02s
[2023-02-28T14:30:29.617+0900][123.107s] GC(10) Pause Young (Normal) (G1 Evacuation Pause)
[2023-02-28T14:30:29.617+0900][123.107s] GC(10) Using 10 workers of 10 for evacuation
[2023-02-28T14:30:29.643+0900][123.133s] GC(10)   Pre Evacuate Collection Set: 0.0ms
[2023-02-28T14:30:29.643+0900][123.133s] GC(10)   Evacuate Collection Set: 24.3ms
[2023-02-28T14:30:29.643+0900][123.133s] GC(10)   Post Evacuate Collection Set: 1.4ms
[2023-02-28T14:30:29.644+0900][123.133s] GC(10)   Other: 0.3ms
[2023-02-28T14:30:29.644+0900][123.134s] GC(10) Eden regions: 270->0(256)
[2023-02-28T14:30:29.644+0900][123.134s] GC(10) Survivor regions: 37->39(39)
[2023-02-28T14:30:29.644+0900][123.134s] GC(10) Old regions: 30->65
[2023-02-28T14:30:29.644+0900][123.134s] GC(10) Humongous regions: 17->17
[2023-02-28T14:30:29.644+0900][123.134s] GC(10) Metaspace: 64399K(65792K)->64399K(65792K) NonClass: 56989K(57856K)->56989K(57856K) Class: 7409K(7936K)->7409K(7936K)
[2023-02-28T14:30:29.644+0900][123.134s] GC(10) Pause Young (Normal) (G1 Evacuation Pause) 353M->120M(512M) 26.533ms
[2023-02-28T14:30:29.644+0900][123.134s] GC(10) User=0.33s Sys=0.00s Real=0.03s
[2023-02-28T14:30:30.290+0900][123.780s] GC(11) Pause Young (Normal) (G1 Evacuation Pause)
[2023-02-28T14:30:30.290+0900][123.780s] GC(11) Using 10 workers of 10 for evacuation
[2023-02-28T14:30:30.313+0900][123.803s] GC(11)   Pre Evacuate Collection Set: 0.0ms
[2023-02-28T14:30:30.313+0900][123.803s] GC(11)   Evacuate Collection Set: 22.2ms
[2023-02-28T14:30:30.313+0900][123.803s] GC(11)   Post Evacuate Collection Set: 0.7ms
[2023-02-28T14:30:30.313+0900][123.803s] GC(11)   Other: 0.3ms
[2023-02-28T14:30:30.313+0900][123.803s] GC(11) Eden regions: 256->0(231)
[2023-02-28T14:30:30.313+0900][123.803s] GC(11) Survivor regions: 39->37(37)
[2023-02-28T14:30:30.313+0900][123.803s] GC(11) Old regions: 65->101
[2023-02-28T14:30:30.313+0900][123.803s] GC(11) Humongous regions: 17->17
[2023-02-28T14:30:30.313+0900][123.803s] GC(11) Metaspace: 64428K(65792K)->64428K(65792K) NonClass: 57018K(57856K)->57018K(57856K) Class: 7409K(7936K)->7409K(7936K)
[2023-02-28T14:30:30.313+0900][123.803s] GC(11) Pause Young (Normal) (G1 Evacuation Pause) 376M->155M(512M) 23.700ms
[2023-02-28T14:30:30.313+0900][123.803s] GC(11) User=0.31s Sys=0.00s Real=0.02s
[2023-02-28T14:30:30.864+0900][124.353s] GC(12) Pause Young (Normal) (G1 Evacuation Pause)
[2023-02-28T14:30:30.864+0900][124.353s] GC(12) Using 10 workers of 10 for evacuation
[2023-02-28T14:30:30.886+0900][124.376s] GC(12)   Pre Evacuate Collection Set: 0.0ms
[2023-02-28T14:30:30.887+0900][124.376s] GC(12)   Evacuate Collection Set: 21.7ms
[2023-02-28T14:30:30.887+0900][124.376s] GC(12)   Post Evacuate Collection Set: 0.8ms
[2023-02-28T14:30:30.887+0900][124.376s] GC(12)   Other: 0.3ms
[2023-02-28T14:30:30.887+0900][124.376s] GC(12) Eden regions: 231->0(203)
[2023-02-28T14:30:30.887+0900][124.376s] GC(12) Survivor regions: 37->34(34)
[2023-02-28T14:30:30.887+0900][124.376s] GC(12) Old regions: 101->137
[2023-02-28T14:30:30.887+0900][124.376s] GC(12) Humongous regions: 17->17
[2023-02-28T14:30:30.887+0900][124.376s] GC(12) Metaspace: 64449K(65792K)->64449K(65792K) NonClass: 57039K(57856K)->57039K(57856K) Class: 7410K(7936K)->7410K(7936K)
[2023-02-28T14:30:30.887+0900][124.376s] GC(12) Pause Young (Normal) (G1 Evacuation Pause) 386M->188M(512M) 23.034ms
[2023-02-28T14:30:30.887+0900][124.376s] GC(12) User=0.16s Sys=0.00s Real=0.02s
[2023-02-28T14:30:32.263+0900][125.752s] GC(13) Pause Young (Normal) (G1 Evacuation Pause)
[2023-02-28T14:30:32.263+0900][125.752s] GC(13) Using 10 workers of 10 for evacuation
[2023-02-28T14:30:32.275+0900][125.765s] GC(13)   Pre Evacuate Collection Set: 0.0ms
[2023-02-28T14:30:32.276+0900][125.765s] GC(13)   Evacuate Collection Set: 12.2ms
[2023-02-28T14:30:32.276+0900][125.765s] GC(13)   Post Evacuate Collection Set: 0.4ms
[2023-02-28T14:30:32.276+0900][125.765s] GC(13)   Other: 0.2ms
[2023-02-28T14:30:32.276+0900][125.765s] GC(13) Eden regions: 203->0(200)
[2023-02-28T14:30:32.276+0900][125.765s] GC(13) Survivor regions: 34->12(30)
[2023-02-28T14:30:32.276+0900][125.765s] GC(13) Old regions: 137->172
[2023-02-28T14:30:32.276+0900][125.765s] GC(13) Humongous regions: 17->17
[2023-02-28T14:30:32.276+0900][125.765s] GC(13) Metaspace: 64490K(65792K)->64490K(65792K) NonClass: 57078K(57856K)->57078K(57856K) Class: 7412K(7936K)->7412K(7936K)
[2023-02-28T14:30:32.276+0900][125.765s] GC(13) Pause Young (Normal) (G1 Evacuation Pause) 391M->200M(512M) 13.149ms
[2023-02-28T14:30:32.276+0900][125.765s] GC(13) User=0.00s Sys=0.00s Real=0.01s
[2023-02-28T14:30:33.911+0900][127.401s] GC(14) Pause Young (Normal) (G1 Evacuation Pause)
[2023-02-28T14:30:33.911+0900][127.401s] GC(14) Using 10 workers of 10 for evacuation
[2023-02-28T14:30:33.915+0900][127.404s] GC(14)   Pre Evacuate Collection Set: 0.0ms
[2023-02-28T14:30:33.915+0900][127.405s] GC(14)   Evacuate Collection Set: 3.0ms
[2023-02-28T14:30:33.915+0900][127.405s] GC(14)   Post Evacuate Collection Set: 0.8ms
[2023-02-28T14:30:33.915+0900][127.405s] GC(14)   Other: 0.2ms
[2023-02-28T14:30:33.915+0900][127.405s] GC(14) Eden regions: 200->0(208)
[2023-02-28T14:30:33.915+0900][127.405s] GC(14) Survivor regions: 12->11(27)
[2023-02-28T14:30:33.915+0900][127.405s] GC(14) Old regions: 172->172
[2023-02-28T14:30:33.915+0900][127.405s] GC(14) Humongous regions: 17->17
[2023-02-28T14:30:33.915+0900][127.405s] GC(14) Metaspace: 64494K(65792K)->64494K(65792K) NonClass: 57082K(57856K)->57082K(57856K) Class: 7412K(7936K)->7412K(7936K)
[2023-02-28T14:30:33.915+0900][127.405s] GC(14) Pause Young (Normal) (G1 Evacuation Pause) 400M->199M(512M) 4.255ms
[2023-02-28T14:30:33.916+0900][127.405s] GC(14) User=0.00s Sys=0.00s Real=0.00s
[2023-02-28T14:30:35.495+0900][128.985s] GC(15) Pause Young (Normal) (G1 Evacuation Pause)
[2023-02-28T14:30:35.495+0900][128.985s] GC(15) Using 10 workers of 10 for evacuation
[2023-02-28T14:30:35.499+0900][128.989s] GC(15)   Pre Evacuate Collection Set: 0.0ms
[2023-02-28T14:30:35.499+0900][128.989s] GC(15)   Evacuate Collection Set: 3.0ms
[2023-02-28T14:30:35.499+0900][128.989s] GC(15)   Post Evacuate Collection Set: 0.4ms
[2023-02-28T14:30:35.499+0900][128.989s] GC(15)   Other: 0.2ms
[2023-02-28T14:30:35.499+0900][128.989s] GC(15) Eden regions: 208->0(215)
[2023-02-28T14:30:35.499+0900][128.989s] GC(15) Survivor regions: 11->12(28)
[2023-02-28T14:30:35.499+0900][128.989s] GC(15) Old regions: 172->172
[2023-02-28T14:30:35.499+0900][128.989s] GC(15) Humongous regions: 17->17
[2023-02-28T14:30:35.499+0900][128.989s] GC(15) Metaspace: 64494K(65792K)->64494K(65792K) NonClass: 57082K(57856K)->57082K(57856K) Class: 7412K(7936K)->7412K(7936K)
[2023-02-28T14:30:35.499+0900][128.989s] GC(15) Pause Young (Normal) (G1 Evacuation Pause) 407M->200M(512M) 3.717ms
[2023-02-28T14:30:35.499+0900][128.989s] GC(15) User=0.16s Sys=0.00s Real=0.00s
[2023-02-28T14:30:37.119+0900][130.608s] GC(16) Pause Young (Normal) (G1 Evacuation Pause)
[2023-02-28T14:30:37.119+0900][130.608s] GC(16) Using 10 workers of 10 for evacuation
[2023-02-28T14:30:37.123+0900][130.612s] GC(16)   Pre Evacuate Collection Set: 0.0ms
[2023-02-28T14:30:37.123+0900][130.613s] GC(16)   Evacuate Collection Set: 3.4ms
[2023-02-28T14:30:37.123+0900][130.613s] GC(16)   Post Evacuate Collection Set: 0.4ms
[2023-02-28T14:30:37.123+0900][130.613s] GC(16)   Other: 0.1ms
[2023-02-28T14:30:37.123+0900][130.613s] GC(16) Eden regions: 215->0(220)
[2023-02-28T14:30:37.123+0900][130.613s] GC(16) Survivor regions: 12->13(29)
[2023-02-28T14:30:37.123+0900][130.613s] GC(16) Old regions: 172->172
[2023-02-28T14:30:37.123+0900][130.613s] GC(16) Humongous regions: 17->17
[2023-02-28T14:30:37.123+0900][130.613s] GC(16) Metaspace: 64494K(65792K)->64494K(65792K) NonClass: 57082K(57856K)->57082K(57856K) Class: 7412K(7936K)->7412K(7936K)
[2023-02-28T14:30:37.123+0900][130.613s] GC(16) Pause Young (Normal) (G1 Evacuation Pause) 415M->201M(512M) 4.259ms
[2023-02-28T14:30:37.123+0900][130.613s] GC(16) User=0.16s Sys=0.00s Real=0.00s
[2023-02-28T14:30:38.780+0900][132.269s] GC(17) Pause Young (Normal) (G1 Evacuation Pause)
[2023-02-28T14:30:38.780+0900][132.269s] GC(17) Using 10 workers of 10 for evacuation
[2023-02-28T14:30:38.784+0900][132.274s] GC(17)   Pre Evacuate Collection Set: 0.0ms
[2023-02-28T14:30:38.784+0900][132.274s] GC(17)   Evacuate Collection Set: 3.8ms
[2023-02-28T14:30:38.784+0900][132.274s] GC(17)   Post Evacuate Collection Set: 0.4ms
[2023-02-28T14:30:38.784+0900][132.274s] GC(17)   Other: 0.1ms
[2023-02-28T14:30:38.784+0900][132.274s] GC(17) Eden regions: 220->0(225)
[2023-02-28T14:30:38.784+0900][132.274s] GC(17) Survivor regions: 13->14(30)
[2023-02-28T14:30:38.784+0900][132.274s] GC(17) Old regions: 172->172
[2023-02-28T14:30:38.784+0900][132.274s] GC(17) Humongous regions: 17->17
[2023-02-28T14:30:38.784+0900][132.274s] GC(17) Metaspace: 64494K(65792K)->64494K(65792K) NonClass: 57082K(57856K)->57082K(57856K) Class: 7412K(7936K)->7412K(7936K)
[2023-02-28T14:30:38.784+0900][132.274s] GC(17) Pause Young (Normal) (G1 Evacuation Pause) 421M->202M(512M) 4.647ms
[2023-02-28T14:30:38.784+0900][132.274s] GC(17) User=0.00s Sys=0.00s Real=0.00s
[2023-02-28T14:30:40.472+0900][133.961s] GC(18) Pause Young (Normal) (G1 Evacuation Pause)
[2023-02-28T14:30:40.472+0900][133.961s] GC(18) Using 10 workers of 10 for evacuation
[2023-02-28T14:30:40.477+0900][133.966s] GC(18)   Pre Evacuate Collection Set: 0.0ms
[2023-02-28T14:30:40.477+0900][133.966s] GC(18)   Evacuate Collection Set: 4.4ms
[2023-02-28T14:30:40.477+0900][133.966s] GC(18)   Post Evacuate Collection Set: 0.4ms
[2023-02-28T14:30:40.477+0900][133.967s] GC(18)   Other: 0.2ms
[2023-02-28T14:30:40.477+0900][133.967s] GC(18) Eden regions: 225->0(229)
[2023-02-28T14:30:40.477+0900][133.967s] GC(18) Survivor regions: 14->15(30)
[2023-02-28T14:30:40.477+0900][133.967s] GC(18) Old regions: 172->172
[2023-02-28T14:30:40.477+0900][133.967s] GC(18) Humongous regions: 17->17
[2023-02-28T14:30:40.477+0900][133.967s] GC(18) Metaspace: 64495K(65792K)->64495K(65792K) NonClass: 57083K(57856K)->57083K(57856K) Class: 7412K(7936K)->7412K(7936K)
[2023-02-28T14:30:40.477+0900][133.967s] GC(18) Pause Young (Normal) (G1 Evacuation Pause) 427M->203M(512M) 5.216ms
[2023-02-28T14:30:40.477+0900][133.967s] GC(18) User=0.00s Sys=0.00s Real=0.01s
[2023-02-28T14:30:42.287+0900][135.777s] GC(19) Pause Young (Normal) (G1 Evacuation Pause)
[2023-02-28T14:30:42.287+0900][135.777s] GC(19) Using 10 workers of 10 for evacuation
[2023-02-28T14:30:42.294+0900][135.783s] GC(19)   Pre Evacuate Collection Set: 0.0ms
[2023-02-28T14:30:42.294+0900][135.783s] GC(19)   Evacuate Collection Set: 5.4ms
[2023-02-28T14:30:42.294+0900][135.783s] GC(19)   Post Evacuate Collection Set: 0.5ms
[2023-02-28T14:30:42.294+0900][135.783s] GC(19)   Other: 0.3ms
[2023-02-28T14:30:42.294+0900][135.783s] GC(19) Eden regions: 229->0(232)
[2023-02-28T14:30:42.294+0900][135.784s] GC(19) Survivor regions: 15->16(31)
[2023-02-28T14:30:42.294+0900][135.784s] GC(19) Old regions: 172->172
[2023-02-28T14:30:42.294+0900][135.784s] GC(19) Humongous regions: 17->17
[2023-02-28T14:30:42.294+0900][135.784s] GC(19) Metaspace: 64495K(65792K)->64495K(65792K) NonClass: 57083K(57856K)->57083K(57856K) Class: 7412K(7936K)->7412K(7936K)
[2023-02-28T14:30:42.294+0900][135.784s] GC(19) Pause Young (Normal) (G1 Evacuation Pause) 432M->204M(512M) 6.630ms
[2023-02-28T14:30:42.294+0900][135.784s] GC(19) User=0.02s Sys=0.00s Real=0.01s
[2023-02-28T14:30:44.178+0900][137.667s] GC(20) Pause Young (Normal) (G1 Evacuation Pause)
[2023-02-28T14:30:44.178+0900][137.667s] GC(20) Using 10 workers of 10 for evacuation
[2023-02-28T14:30:44.184+0900][137.674s] GC(20)   Pre Evacuate Collection Set: 0.0ms
[2023-02-28T14:30:44.184+0900][137.674s] GC(20)   Evacuate Collection Set: 5.7ms
[2023-02-28T14:30:44.184+0900][137.674s] GC(20)   Post Evacuate Collection Set: 0.5ms
[2023-02-28T14:30:44.184+0900][137.674s] GC(20)   Other: 0.2ms
[2023-02-28T14:30:44.184+0900][137.674s] GC(20) Eden regions: 232->0(234)
[2023-02-28T14:30:44.184+0900][137.674s] GC(20) Survivor regions: 16->18(31)
[2023-02-28T14:30:44.184+0900][137.674s] GC(20) Old regions: 172->172
[2023-02-28T14:30:44.184+0900][137.674s] GC(20) Humongous regions: 17->17
[2023-02-28T14:30:44.184+0900][137.674s] GC(20) Metaspace: 64495K(65792K)->64495K(65792K) NonClass: 57083K(57856K)->57083K(57856K) Class: 7412K(7936K)->7412K(7936K)
[2023-02-28T14:30:44.184+0900][137.674s] GC(20) Pause Young (Normal) (G1 Evacuation Pause) 436M->205M(512M) 6.713ms
[2023-02-28T14:30:44.184+0900][137.674s] GC(20) User=0.02s Sys=0.00s Real=0.01s
[2023-02-28T14:30:46.167+0900][139.656s] GC(21) Pause Young (Normal) (G1 Evacuation Pause)
[2023-02-28T14:30:46.167+0900][139.657s] GC(21) Using 10 workers of 10 for evacuation
[2023-02-28T14:30:46.174+0900][139.663s] GC(21)   Pre Evacuate Collection Set: 0.0ms
[2023-02-28T14:30:46.174+0900][139.663s] GC(21)   Evacuate Collection Set: 6.0ms
[2023-02-28T14:30:46.174+0900][139.663s] GC(21)   Post Evacuate Collection Set: 0.4ms
[2023-02-28T14:30:46.174+0900][139.663s] GC(21)   Other: 0.2ms
[2023-02-28T14:30:46.174+0900][139.663s] GC(21) Eden regions: 234->0(233)
[2023-02-28T14:30:46.174+0900][139.663s] GC(21) Survivor regions: 18->19(32)
[2023-02-28T14:30:46.174+0900][139.663s] GC(21) Old regions: 172->172
[2023-02-28T14:30:46.174+0900][139.663s] GC(21) Humongous regions: 17->17
[2023-02-28T14:30:46.174+0900][139.664s] GC(21) Metaspace: 64495K(65792K)->64495K(65792K) NonClass: 57083K(57856K)->57083K(57856K) Class: 7412K(7936K)->7412K(7936K)
[2023-02-28T14:30:46.174+0900][139.664s] GC(21) Pause Young (Normal) (G1 Evacuation Pause) 439M->206M(512M) 7.144ms
[2023-02-28T14:30:46.174+0900][139.664s] GC(21) User=0.16s Sys=0.00s Real=0.01s
[2023-02-28T14:30:48.008+0900][141.497s] GC(22) Pause Young (Normal) (G1 Evacuation Pause)
[2023-02-28T14:30:48.008+0900][141.498s] GC(22) Using 10 workers of 10 for evacuation
[2023-02-28T14:30:48.015+0900][141.505s] GC(22)   Pre Evacuate Collection Set: 0.0ms
[2023-02-28T14:30:48.015+0900][141.505s] GC(22)   Evacuate Collection Set: 6.8ms
[2023-02-28T14:30:48.015+0900][141.505s] GC(22)   Post Evacuate Collection Set: 0.4ms
[2023-02-28T14:30:48.015+0900][141.505s] GC(22)   Other: 0.2ms
[2023-02-28T14:30:48.015+0900][141.505s] GC(22) Eden regions: 233->0(237)
[2023-02-28T14:30:48.015+0900][141.505s] GC(22) Survivor regions: 19->11(32)
[2023-02-28T14:30:48.015+0900][141.505s] GC(22) Old regions: 172->181
[2023-02-28T14:30:48.015+0900][141.505s] GC(22) Humongous regions: 17->17
[2023-02-28T14:30:48.015+0900][141.505s] GC(22) Metaspace: 64496K(65792K)->64496K(65792K) NonClass: 57083K(57856K)->57083K(57856K) Class: 7412K(7936K)->7412K(7936K)
[2023-02-28T14:30:48.015+0900][141.505s] GC(22) Pause Young (Normal) (G1 Evacuation Pause) 439M->207M(512M) 7.652ms
[2023-02-28T14:30:48.015+0900][141.505s] GC(22) User=0.16s Sys=0.00s Real=0.01s
[2023-02-28T14:30:49.804+0900][143.293s] GC(23) Pause Young (Normal) (G1 Evacuation Pause)
[2023-02-28T14:30:49.804+0900][143.294s] GC(23) Using 10 workers of 10 for evacuation
[2023-02-28T14:30:49.809+0900][143.299s] GC(23)   Pre Evacuate Collection Set: 0.0ms
[2023-02-28T14:30:49.809+0900][143.299s] GC(23)   Evacuate Collection Set: 4.7ms
[2023-02-28T14:30:49.809+0900][143.299s] GC(23)   Post Evacuate Collection Set: 0.4ms
[2023-02-28T14:30:49.809+0900][143.299s] GC(23)   Other: 0.1ms
[2023-02-28T14:30:49.809+0900][143.299s] GC(23) Eden regions: 237->0(239)
[2023-02-28T14:30:49.809+0900][143.299s] GC(23) Survivor regions: 11->11(31)
[2023-02-28T14:30:49.809+0900][143.299s] GC(23) Old regions: 181->181
[2023-02-28T14:30:49.809+0900][143.299s] GC(23) Humongous regions: 17->17
[2023-02-28T14:30:49.809+0900][143.299s] GC(23) Metaspace: 64496K(65792K)->64496K(65792K) NonClass: 57084K(57856K)->57084K(57856K) Class: 7412K(7936K)->7412K(7936K)
[2023-02-28T14:30:49.809+0900][143.299s] GC(23) Pause Young (Normal) (G1 Evacuation Pause) 444M->208M(512M) 5.427ms
[2023-02-28T14:30:49.809+0900][143.299s] GC(23) User=0.02s Sys=0.00s Real=0.01s
[2023-02-28T14:30:51.600+0900][145.089s] GC(24) Pause Young (Normal) (G1 Evacuation Pause)
[2023-02-28T14:30:51.600+0900][145.090s] GC(24) Using 10 workers of 10 for evacuation
[2023-02-28T14:30:51.605+0900][145.095s] GC(24)   Pre Evacuate Collection Set: 0.0ms
[2023-02-28T14:30:51.605+0900][145.095s] GC(24)   Evacuate Collection Set: 4.5ms
[2023-02-28T14:30:51.605+0900][145.095s] GC(24)   Post Evacuate Collection Set: 0.4ms
[2023-02-28T14:30:51.605+0900][145.095s] GC(24)   Other: 0.2ms
[2023-02-28T14:30:51.605+0900][145.095s] GC(24) Eden regions: 239->0(238)
[2023-02-28T14:30:51.605+0900][145.095s] GC(24) Survivor regions: 11->12(32)
[2023-02-28T14:30:51.605+0900][145.095s] GC(24) Old regions: 181->181
[2023-02-28T14:30:51.605+0900][145.095s] GC(24) Humongous regions: 17->17
[2023-02-28T14:30:51.605+0900][145.095s] GC(24) Metaspace: 64496K(65792K)->64496K(65792K) NonClass: 57084K(57856K)->57084K(57856K) Class: 7412K(7936K)->7412K(7936K)
[2023-02-28T14:30:51.605+0900][145.095s] GC(24) Pause Young (Normal) (G1 Evacuation Pause) 447M->209M(512M) 5.298ms
[2023-02-28T14:30:51.605+0900][145.095s] GC(24) User=0.00s Sys=0.00s Real=0.01s
[2023-02-28T14:30:53.369+0900][146.858s] GC(25) Pause Young (Normal) (G1 Evacuation Pause)
[2023-02-28T14:30:53.369+0900][146.858s] GC(25) Using 10 workers of 10 for evacuation
[2023-02-28T14:30:53.375+0900][146.864s] GC(25)   Pre Evacuate Collection Set: 0.0ms
[2023-02-28T14:30:53.375+0900][146.864s] GC(25)   Evacuate Collection Set: 5.4ms
[2023-02-28T14:30:53.375+0900][146.864s] GC(25)   Post Evacuate Collection Set: 0.6ms
[2023-02-28T14:30:53.375+0900][146.864s] GC(25)   Other: 0.2ms
[2023-02-28T14:30:53.375+0900][146.864s] GC(25) Eden regions: 238->0(236)
[2023-02-28T14:30:53.375+0900][146.864s] GC(25) Survivor regions: 12->13(32)
[2023-02-28T14:30:53.375+0900][146.864s] GC(25) Old regions: 181->181
[2023-02-28T14:30:53.375+0900][146.864s] GC(25) Humongous regions: 17->17
[2023-02-28T14:30:53.375+0900][146.864s] GC(25) Metaspace: 64496K(65792K)->64496K(65792K) NonClass: 57084K(57856K)->57084K(57856K) Class: 7412K(7936K)->7412K(7936K)
[2023-02-28T14:30:53.375+0900][146.864s] GC(25) Pause Young (Normal) (G1 Evacuation Pause) 447M->210M(512M) 6.382ms
[2023-02-28T14:30:53.375+0900][146.864s] GC(25) User=0.16s Sys=0.00s Real=0.01s
[2023-02-28T14:30:55.132+0900][148.622s] GC(26) Pause Young (Normal) (G1 Evacuation Pause)
[2023-02-28T14:30:55.132+0900][148.622s] GC(26) Using 10 workers of 10 for evacuation
[2023-02-28T14:30:55.140+0900][148.630s] GC(26)   Pre Evacuate Collection Set: 0.0ms
[2023-02-28T14:30:55.141+0900][148.630s] GC(26)   Evacuate Collection Set: 7.3ms
[2023-02-28T14:30:55.141+0900][148.630s] GC(26)   Post Evacuate Collection Set: 0.7ms
[2023-02-28T14:30:55.141+0900][148.630s] GC(26)   Other: 0.3ms
[2023-02-28T14:30:55.141+0900][148.630s] GC(26) Eden regions: 236->0(234)
[2023-02-28T14:30:55.141+0900][148.630s] GC(26) Survivor regions: 13->14(32)
[2023-02-28T14:30:55.141+0900][148.630s] GC(26) Old regions: 181->181
[2023-02-28T14:30:55.141+0900][148.630s] GC(26) Humongous regions: 17->17
[2023-02-28T14:30:55.141+0900][148.630s] GC(26) Metaspace: 64496K(65792K)->64496K(65792K) NonClass: 57084K(57856K)->57084K(57856K) Class: 7412K(7936K)->7412K(7936K)
[2023-02-28T14:30:55.141+0900][148.630s] GC(26) Pause Young (Normal) (G1 Evacuation Pause) 446M->211M(512M) 8.597ms
[2023-02-28T14:30:55.141+0900][148.630s] GC(26) User=0.16s Sys=0.00s Real=0.01s
[2023-02-28T14:30:56.908+0900][150.397s] GC(27) Pause Young (Normal) (G1 Evacuation Pause)
[2023-02-28T14:30:56.908+0900][150.397s] GC(27) Using 10 workers of 10 for evacuation
[2023-02-28T14:30:56.914+0900][150.403s] GC(27)   Pre Evacuate Collection Set: 0.0ms
[2023-02-28T14:30:56.914+0900][150.403s] GC(27)   Evacuate Collection Set: 5.6ms
[2023-02-28T14:30:56.914+0900][150.403s] GC(27)   Post Evacuate Collection Set: 0.4ms
[2023-02-28T14:30:56.914+0900][150.404s] GC(27)   Other: 0.2ms
[2023-02-28T14:30:56.914+0900][150.404s] GC(27) Eden regions: 234->0(230)
[2023-02-28T14:30:56.914+0900][150.404s] GC(27) Survivor regions: 14->16(31)
[2023-02-28T14:30:56.914+0900][150.404s] GC(27) Old regions: 181->181
[2023-02-28T14:30:56.914+0900][150.404s] GC(27) Humongous regions: 17->17
[2023-02-28T14:30:56.914+0900][150.404s] GC(27) Metaspace: 64496K(65792K)->64496K(65792K) NonClass: 57084K(57856K)->57084K(57856K) Class: 7412K(7936K)->7412K(7936K)
[2023-02-28T14:30:56.914+0900][150.404s] GC(27) Pause Young (Normal) (G1 Evacuation Pause) 445M->212M(512M) 6.394ms
[2023-02-28T14:30:56.914+0900][150.404s] GC(27) User=0.00s Sys=0.00s Real=0.01s
[2023-02-28T14:30:58.708+0900][152.198s] GC(28) Pause Young (Normal) (G1 Evacuation Pause)
[2023-02-28T14:30:58.708+0900][152.198s] GC(28) Using 10 workers of 10 for evacuation
[2023-02-28T14:30:58.715+0900][152.204s] GC(28)   Pre Evacuate Collection Set: 0.0ms
[2023-02-28T14:30:58.715+0900][152.204s] GC(28)   Evacuate Collection Set: 6.1ms
[2023-02-28T14:30:58.715+0900][152.204s] GC(28)   Post Evacuate Collection Set: 0.4ms
[2023-02-28T14:30:58.715+0900][152.205s] GC(28)   Other: 0.1ms
[2023-02-28T14:30:58.715+0900][152.205s] GC(28) Eden regions: 230->0(230)
[2023-02-28T14:30:58.715+0900][152.205s] GC(28) Survivor regions: 16->16(31)
[2023-02-28T14:30:58.715+0900][152.205s] GC(28) Old regions: 181->181
[2023-02-28T14:30:58.715+0900][152.205s] GC(28) Humongous regions: 17->17
[2023-02-28T14:30:58.715+0900][152.205s] GC(28) Metaspace: 64496K(65792K)->64496K(65792K) NonClass: 57084K(57856K)->57084K(57856K) Class: 7412K(7936K)->7412K(7936K)
[2023-02-28T14:30:58.715+0900][152.205s] GC(28) Pause Young (Normal) (G1 Evacuation Pause) 442M->213M(512M) 6.891ms
[2023-02-28T14:30:58.715+0900][152.205s] GC(28) User=0.00s Sys=0.00s Real=0.01s
[2023-02-28T14:31:00.589+0900][154.079s] GC(29) Pause Young (Normal) (G1 Evacuation Pause)
[2023-02-28T14:31:00.589+0900][154.079s] GC(29) Using 10 workers of 10 for evacuation
[2023-02-28T14:31:00.597+0900][154.086s] GC(29)   Pre Evacuate Collection Set: 0.1ms
[2023-02-28T14:31:00.597+0900][154.086s] GC(29)   Evacuate Collection Set: 6.4ms
[2023-02-28T14:31:00.597+0900][154.086s] GC(29)   Post Evacuate Collection Set: 0.5ms
[2023-02-28T14:31:00.597+0900][154.086s] GC(29)   Other: 0.3ms
[2023-02-28T14:31:00.597+0900][154.086s] GC(29) Eden regions: 230->0(227)
[2023-02-28T14:31:00.597+0900][154.086s] GC(29) Survivor regions: 16->17(31)
[2023-02-28T14:31:00.597+0900][154.086s] GC(29) Old regions: 181->182
[2023-02-28T14:31:00.597+0900][154.086s] GC(29) Humongous regions: 17->17
[2023-02-28T14:31:00.597+0900][154.086s] GC(29) Metaspace: 64496K(65792K)->64496K(65792K) NonClass: 57084K(57856K)->57084K(57856K) Class: 7412K(7936K)->7412K(7936K)
[2023-02-28T14:31:00.597+0900][154.086s] GC(29) Pause Young (Normal) (G1 Evacuation Pause) 443M->214M(512M) 7.409ms
[2023-02-28T14:31:00.597+0900][154.086s] GC(29) User=0.16s Sys=0.00s Real=0.01s
[2023-02-28T14:31:02.423+0900][155.913s] GC(30) Pause Young (Normal) (G1 Evacuation Pause)
[2023-02-28T14:31:02.423+0900][155.913s] GC(30) Using 10 workers of 10 for evacuation
[2023-02-28T14:31:02.430+0900][155.920s] GC(30)   Pre Evacuate Collection Set: 0.0ms
[2023-02-28T14:31:02.430+0900][155.920s] GC(30)   Evacuate Collection Set: 6.8ms
[2023-02-28T14:31:02.430+0900][155.920s] GC(30)   Post Evacuate Collection Set: 0.4ms
[2023-02-28T14:31:02.430+0900][155.920s] GC(30)   Other: 0.2ms
[2023-02-28T14:31:02.430+0900][155.920s] GC(30) Eden regions: 227->0(226)
[2023-02-28T14:31:02.430+0900][155.920s] GC(30) Survivor regions: 17->17(31)
[2023-02-28T14:31:02.430+0900][155.920s] GC(30) Old regions: 182->183
[2023-02-28T14:31:02.430+0900][155.920s] GC(30) Humongous regions: 17->17
[2023-02-28T14:31:02.431+0900][155.920s] GC(30) Metaspace: 64496K(65792K)->64496K(65792K) NonClass: 57084K(57856K)->57084K(57856K) Class: 7412K(7936K)->7412K(7936K)
[2023-02-28T14:31:02.431+0900][155.920s] GC(30) Pause Young (Normal) (G1 Evacuation Pause) 441M->215M(512M) 7.677ms
[2023-02-28T14:31:02.431+0900][155.920s] GC(30) User=0.00s Sys=0.00s Real=0.01s
[2023-02-28T14:31:04.232+0900][157.722s] GC(31) Pause Young (Normal) (G1 Evacuation Pause)
[2023-02-28T14:31:04.232+0900][157.722s] GC(31) Using 10 workers of 10 for evacuation
[2023-02-28T14:31:04.240+0900][157.729s] GC(31)   Pre Evacuate Collection Set: 0.0ms
[2023-02-28T14:31:04.240+0900][157.729s] GC(31)   Evacuate Collection Set: 6.8ms
[2023-02-28T14:31:04.240+0900][157.729s] GC(31)   Post Evacuate Collection Set: 0.4ms
[2023-02-28T14:31:04.240+0900][157.729s] GC(31)   Other: 0.2ms
[2023-02-28T14:31:04.240+0900][157.729s] GC(31) Eden regions: 226->0(225)
[2023-02-28T14:31:04.240+0900][157.729s] GC(31) Survivor regions: 17->17(31)
[2023-02-28T14:31:04.240+0900][157.729s] GC(31) Old regions: 183->184
[2023-02-28T14:31:04.240+0900][157.729s] GC(31) Humongous regions: 17->17
[2023-02-28T14:31:04.240+0900][157.729s] GC(31) Metaspace: 64496K(65792K)->64496K(65792K) NonClass: 57084K(57856K)->57084K(57856K) Class: 7412K(7936K)->7412K(7936K)
[2023-02-28T14:31:04.240+0900][157.729s] GC(31) Pause Young (Normal) (G1 Evacuation Pause) 441M->217M(512M) 7.552ms
[2023-02-28T14:31:04.240+0900][157.729s] GC(31) User=0.00s Sys=0.00s Real=0.01s
[2023-02-28T14:31:05.909+0900][159.398s] GC(32) Pause Young (Normal) (G1 Evacuation Pause)
[2023-02-28T14:31:05.909+0900][159.398s] GC(32) Using 10 workers of 10 for evacuation
[2023-02-28T14:31:05.916+0900][159.405s] GC(32)   Pre Evacuate Collection Set: 0.0ms
[2023-02-28T14:31:05.916+0900][159.405s] GC(32)   Evacuate Collection Set: 6.7ms
[2023-02-28T14:31:05.916+0900][159.405s] GC(32)   Post Evacuate Collection Set: 0.4ms
[2023-02-28T14:31:05.916+0900][159.405s] GC(32)   Other: 0.2ms
[2023-02-28T14:31:05.916+0900][159.405s] GC(32) Eden regions: 225->0(224)
[2023-02-28T14:31:05.916+0900][159.406s] GC(32) Survivor regions: 17->17(31)
[2023-02-28T14:31:05.916+0900][159.406s] GC(32) Old regions: 184->185
[2023-02-28T14:31:05.916+0900][159.406s] GC(32) Humongous regions: 17->17
[2023-02-28T14:31:05.916+0900][159.406s] GC(32) Metaspace: 64496K(65792K)->64496K(65792K) NonClass: 57084K(57856K)->57084K(57856K) Class: 7412K(7936K)->7412K(7936K)
[2023-02-28T14:31:05.916+0900][159.406s] GC(32) Pause Young (Normal) (G1 Evacuation Pause) 442M->217M(512M) 7.545ms
[2023-02-28T14:31:05.916+0900][159.406s] GC(32) User=0.00s Sys=0.00s Real=0.01s
[2023-02-28T14:31:07.605+0900][161.094s] GC(33) Pause Young (Normal) (G1 Evacuation Pause)
[2023-02-28T14:31:07.605+0900][161.094s] GC(33) Using 10 workers of 10 for evacuation
[2023-02-28T14:31:07.612+0900][161.102s] GC(33)   Pre Evacuate Collection Set: 0.0ms
[2023-02-28T14:31:07.612+0900][161.102s] GC(33)   Evacuate Collection Set: 6.9ms
[2023-02-28T14:31:07.612+0900][161.102s] GC(33)   Post Evacuate Collection Set: 0.4ms
[2023-02-28T14:31:07.612+0900][161.102s] GC(33)   Other: 0.2ms
[2023-02-28T14:31:07.612+0900][161.102s] GC(33) Eden regions: 224->0(223)
[2023-02-28T14:31:07.612+0900][161.102s] GC(33) Survivor regions: 17->17(31)
[2023-02-28T14:31:07.612+0900][161.102s] GC(33) Old regions: 185->186
[2023-02-28T14:31:07.612+0900][161.102s] GC(33) Humongous regions: 17->17
[2023-02-28T14:31:07.612+0900][161.102s] GC(33) Metaspace: 64496K(65792K)->64496K(65792K) NonClass: 57084K(57856K)->57084K(57856K) Class: 7412K(7936K)->7412K(7936K)
[2023-02-28T14:31:07.612+0900][161.102s] GC(33) Pause Young (Normal) (G1 Evacuation Pause) 441M->219M(512M) 7.803ms
[2023-02-28T14:31:07.612+0900][161.102s] GC(33) User=0.16s Sys=0.00s Real=0.01s
[2023-02-28T14:31:09.287+0900][162.777s] GC(34) Pause Young (Normal) (G1 Evacuation Pause)
[2023-02-28T14:31:09.287+0900][162.777s] GC(34) Using 10 workers of 10 for evacuation
[2023-02-28T14:31:09.294+0900][162.784s] GC(34)   Pre Evacuate Collection Set: 0.0ms
[2023-02-28T14:31:09.294+0900][162.784s] GC(34)   Evacuate Collection Set: 6.4ms
[2023-02-28T14:31:09.294+0900][162.784s] GC(34)   Post Evacuate Collection Set: 0.4ms
[2023-02-28T14:31:09.294+0900][162.784s] GC(34)   Other: 0.1ms
[2023-02-28T14:31:09.294+0900][162.784s] GC(34) Eden regions: 223->0(222)
[2023-02-28T14:31:09.294+0900][162.784s] GC(34) Survivor regions: 17->17(30)
[2023-02-28T14:31:09.294+0900][162.784s] GC(34) Old regions: 186->187
[2023-02-28T14:31:09.294+0900][162.784s] GC(34) Humongous regions: 17->17
[2023-02-28T14:31:09.294+0900][162.784s] GC(34) Metaspace: 64500K(65792K)->64500K(65792K) NonClass: 57088K(57856K)->57088K(57856K) Class: 7412K(7936K)->7412K(7936K)
[2023-02-28T14:31:09.294+0900][162.784s] GC(34) Pause Young (Normal) (G1 Evacuation Pause) 442M->219M(512M) 7.156ms
[2023-02-28T14:31:09.295+0900][162.784s] GC(34) User=0.16s Sys=0.00s Real=0.01s
[2023-02-28T14:31:10.969+0900][164.458s] GC(35) Pause Young (Normal) (G1 Evacuation Pause)
[2023-02-28T14:31:10.969+0900][164.458s] GC(35) Using 10 workers of 10 for evacuation
[2023-02-28T14:31:10.976+0900][164.466s] GC(35)   Pre Evacuate Collection Set: 0.0ms
[2023-02-28T14:31:10.976+0900][164.466s] GC(35)   Evacuate Collection Set: 6.6ms
[2023-02-28T14:31:10.976+0900][164.466s] GC(35)   Post Evacuate Collection Set: 0.5ms
[2023-02-28T14:31:10.976+0900][164.466s] GC(35)   Other: 0.2ms
[2023-02-28T14:31:10.976+0900][164.466s] GC(35) Eden regions: 222->0(221)
[2023-02-28T14:31:10.976+0900][164.466s] GC(35) Survivor regions: 17->17(30)
[2023-02-28T14:31:10.976+0900][164.466s] GC(35) Old regions: 187->188
[2023-02-28T14:31:10.976+0900][164.466s] GC(35) Humongous regions: 17->17
[2023-02-28T14:31:10.976+0900][164.466s] GC(35) Metaspace: 64500K(65792K)->64500K(65792K) NonClass: 57088K(57856K)->57088K(57856K) Class: 7412K(7936K)->7412K(7936K)
[2023-02-28T14:31:10.976+0900][164.466s] GC(35) Pause Young (Normal) (G1 Evacuation Pause) 441M->221M(512M) 7.471ms
[2023-02-28T14:31:10.976+0900][164.466s] GC(35) User=0.00s Sys=0.00s Real=0.01s
[2023-02-28T14:31:12.644+0900][166.133s] GC(36) Pause Young (Normal) (G1 Evacuation Pause)
[2023-02-28T14:31:12.644+0900][166.133s] GC(36) Using 10 workers of 10 for evacuation
[2023-02-28T14:31:12.650+0900][166.140s] GC(36)   Pre Evacuate Collection Set: 0.0ms
[2023-02-28T14:31:12.650+0900][166.140s] GC(36)   Evacuate Collection Set: 6.3ms
[2023-02-28T14:31:12.650+0900][166.140s] GC(36)   Post Evacuate Collection Set: 0.4ms
[2023-02-28T14:31:12.650+0900][166.140s] GC(36)   Other: 0.1ms
[2023-02-28T14:31:12.650+0900][166.140s] GC(36) Eden regions: 221->0(220)
[2023-02-28T14:31:12.650+0900][166.140s] GC(36) Survivor regions: 17->17(30)
[2023-02-28T14:31:12.650+0900][166.140s] GC(36) Old regions: 188->189
[2023-02-28T14:31:12.650+0900][166.140s] GC(36) Humongous regions: 17->17
[2023-02-28T14:31:12.650+0900][166.140s] GC(36) Metaspace: 64500K(65792K)->64500K(65792K) NonClass: 57088K(57856K)->57088K(57856K) Class: 7412K(7936K)->7412K(7936K)
[2023-02-28T14:31:12.650+0900][166.140s] GC(36) Pause Young (Normal) (G1 Evacuation Pause) 442M->222M(512M) 7.091ms
[2023-02-28T14:31:12.650+0900][166.140s] GC(36) User=0.00s Sys=0.00s Real=0.01s
[2023-02-28T14:31:14.331+0900][167.820s] GC(37) Pause Young (Normal) (G1 Evacuation Pause)
[2023-02-28T14:31:14.331+0900][167.821s] GC(37) Using 10 workers of 10 for evacuation
[2023-02-28T14:31:14.338+0900][167.828s] GC(37)   Pre Evacuate Collection Set: 0.0ms
[2023-02-28T14:31:14.338+0900][167.828s] GC(37)   Evacuate Collection Set: 6.7ms
[2023-02-28T14:31:14.338+0900][167.828s] GC(37)   Post Evacuate Collection Set: 0.3ms
[2023-02-28T14:31:14.338+0900][167.828s] GC(37)   Other: 0.2ms
[2023-02-28T14:31:14.338+0900][167.828s] GC(37) Eden regions: 220->0(221)
[2023-02-28T14:31:14.338+0900][167.828s] GC(37) Survivor regions: 17->16(30)
[2023-02-28T14:31:14.338+0900][167.828s] GC(37) Old regions: 189->190
[2023-02-28T14:31:14.338+0900][167.828s] GC(37) Humongous regions: 17->17
[2023-02-28T14:31:14.338+0900][167.828s] GC(37) Metaspace: 64500K(65792K)->64500K(65792K) NonClass: 57088K(57856K)->57088K(57856K) Class: 7412K(7936K)->7412K(7936K)
[2023-02-28T14:31:14.338+0900][167.828s] GC(37) Pause Young (Normal) (G1 Evacuation Pause) 442M->222M(512M) 7.465ms
[2023-02-28T14:31:14.338+0900][167.828s] GC(37) User=0.00s Sys=0.00s Real=0.01s
[2023-02-28T14:31:16.102+0900][169.592s] GC(38) Pause Young (Normal) (G1 Evacuation Pause)
[2023-02-28T14:31:16.102+0900][169.592s] GC(38) Using 10 workers of 10 for evacuation
[2023-02-28T14:31:16.110+0900][169.600s] GC(38)   Pre Evacuate Collection Set: 0.0ms
[2023-02-28T14:31:16.110+0900][169.600s] GC(38)   Evacuate Collection Set: 6.9ms
[2023-02-28T14:31:16.110+0900][169.600s] GC(38)   Post Evacuate Collection Set: 0.4ms
[2023-02-28T14:31:16.110+0900][169.600s] GC(38)   Other: 0.1ms
[2023-02-28T14:31:16.110+0900][169.600s] GC(38) Eden regions: 221->0(217)
[2023-02-28T14:31:16.110+0900][169.600s] GC(38) Survivor regions: 16->17(30)
[2023-02-28T14:31:16.110+0900][169.600s] GC(38) Old regions: 190->192
[2023-02-28T14:31:16.110+0900][169.600s] GC(38) Humongous regions: 17->17
[2023-02-28T14:31:16.110+0900][169.600s] GC(38) Metaspace: 64500K(65792K)->64500K(65792K) NonClass: 57088K(57856K)->57088K(57856K) Class: 7412K(7936K)->7412K(7936K)
[2023-02-28T14:31:16.110+0900][169.600s] GC(38) Pause Young (Normal) (G1 Evacuation Pause) 443M->224M(512M) 7.674ms
[2023-02-28T14:31:16.110+0900][169.600s] GC(38) User=0.16s Sys=0.00s Real=0.01s
[2023-02-28T14:31:17.886+0900][171.376s] GC(39) Pause Young (Normal) (G1 Evacuation Pause)
[2023-02-28T14:31:17.886+0900][171.376s] GC(39) Using 10 workers of 10 for evacuation
[2023-02-28T14:31:17.893+0900][171.383s] GC(39)   Pre Evacuate Collection Set: 0.0ms
[2023-02-28T14:31:17.893+0900][171.383s] GC(39)   Evacuate Collection Set: 6.4ms
[2023-02-28T14:31:17.893+0900][171.383s] GC(39)   Post Evacuate Collection Set: 0.4ms
[2023-02-28T14:31:17.893+0900][171.383s] GC(39)   Other: 0.2ms
[2023-02-28T14:31:17.893+0900][171.383s] GC(39) Eden regions: 217->0(218)
[2023-02-28T14:31:17.893+0900][171.383s] GC(39) Survivor regions: 17->16(30)
[2023-02-28T14:31:17.893+0900][171.383s] GC(39) Old regions: 192->193
[2023-02-28T14:31:17.893+0900][171.383s] GC(39) Humongous regions: 17->17
[2023-02-28T14:31:17.893+0900][171.383s] GC(39) Metaspace: 64500K(65792K)->64500K(65792K) NonClass: 57088K(57856K)->57088K(57856K) Class: 7412K(7936K)->7412K(7936K)
[2023-02-28T14:31:17.893+0900][171.383s] GC(39) Pause Young (Normal) (G1 Evacuation Pause) 441M->225M(512M) 7.225ms
[2023-02-28T14:31:17.893+0900][171.383s] GC(39) User=0.16s Sys=0.00s Real=0.01s
[2023-02-28T14:31:19.643+0900][173.133s] GC(40) Pause Young (Normal) (G1 Evacuation Pause)
[2023-02-28T14:31:19.643+0900][173.133s] GC(40) Using 10 workers of 10 for evacuation
[2023-02-28T14:31:19.650+0900][173.140s] GC(40)   Pre Evacuate Collection Set: 0.0ms
[2023-02-28T14:31:19.650+0900][173.140s] GC(40)   Evacuate Collection Set: 6.8ms
[2023-02-28T14:31:19.650+0900][173.140s] GC(40)   Post Evacuate Collection Set: 0.4ms
[2023-02-28T14:31:19.650+0900][173.140s] GC(40)   Other: 0.2ms
[2023-02-28T14:31:19.650+0900][173.140s] GC(40) Eden regions: 218->0(217)
[2023-02-28T14:31:19.650+0900][173.140s] GC(40) Survivor regions: 16->16(30)
[2023-02-28T14:31:19.650+0900][173.140s] GC(40) Old regions: 193->194
[2023-02-28T14:31:19.650+0900][173.140s] GC(40) Humongous regions: 17->17
[2023-02-28T14:31:19.651+0900][173.140s] GC(40) Metaspace: 64500K(65792K)->64500K(65792K) NonClass: 57088K(57856K)->57088K(57856K) Class: 7412K(7936K)->7412K(7936K)
[2023-02-28T14:31:19.651+0900][173.140s] GC(40) Pause Young (Normal) (G1 Evacuation Pause) 443M->225M(512M) 7.643ms
[2023-02-28T14:31:19.651+0900][173.140s] GC(40) User=0.00s Sys=0.00s Real=0.01s
[2023-02-28T14:31:21.349+0900][174.839s] GC(41) Pause Young (Normal) (G1 Evacuation Pause)
[2023-02-28T14:31:21.349+0900][174.839s] GC(41) Using 10 workers of 10 for evacuation
[2023-02-28T14:31:21.357+0900][174.847s] GC(41)   Pre Evacuate Collection Set: 0.0ms
[2023-02-28T14:31:21.357+0900][174.847s] GC(41)   Evacuate Collection Set: 7.1ms
[2023-02-28T14:31:21.357+0900][174.847s] GC(41)   Post Evacuate Collection Set: 0.6ms
[2023-02-28T14:31:21.357+0900][174.847s] GC(41)   Other: 0.2ms
[2023-02-28T14:31:21.357+0900][174.847s] GC(41) Eden regions: 217->0(216)
[2023-02-28T14:31:21.358+0900][174.847s] GC(41) Survivor regions: 16->16(30)
[2023-02-28T14:31:21.358+0900][174.847s] GC(41) Old regions: 194->195
[2023-02-28T14:31:21.358+0900][174.847s] GC(41) Humongous regions: 17->17
[2023-02-28T14:31:21.358+0900][174.847s] GC(41) Metaspace: 64500K(65792K)->64500K(65792K) NonClass: 57088K(57856K)->57088K(57856K) Class: 7412K(7936K)->7412K(7936K)
[2023-02-28T14:31:21.358+0900][174.847s] GC(41) Pause Young (Normal) (G1 Evacuation Pause) 442M->227M(512M) 8.207ms
[2023-02-28T14:31:21.358+0900][174.847s] GC(41) User=0.16s Sys=0.00s Real=0.01s
[2023-02-28T14:31:22.974+0900][176.463s] GC(42) Pause Young (Normal) (G1 Evacuation Pause)
[2023-02-28T14:31:22.974+0900][176.463s] GC(42) Using 10 workers of 10 for evacuation
[2023-02-28T14:31:22.980+0900][176.470s] GC(42)   Pre Evacuate Collection Set: 0.0ms
[2023-02-28T14:31:22.980+0900][176.470s] GC(42)   Evacuate Collection Set: 5.8ms
[2023-02-28T14:31:22.980+0900][176.470s] GC(42)   Post Evacuate Collection Set: 0.4ms
[2023-02-28T14:31:22.980+0900][176.470s] GC(42)   Other: 0.2ms
[2023-02-28T14:31:22.980+0900][176.470s] GC(42) Eden regions: 216->0(215)
[2023-02-28T14:31:22.980+0900][176.470s] GC(42) Survivor regions: 16->16(29)
[2023-02-28T14:31:22.980+0900][176.470s] GC(42) Old regions: 195->196
[2023-02-28T14:31:22.980+0900][176.470s] GC(42) Humongous regions: 17->17
[2023-02-28T14:31:22.980+0900][176.470s] GC(42) Metaspace: 64500K(65792K)->64500K(65792K) NonClass: 57088K(57856K)->57088K(57856K) Class: 7412K(7936K)->7412K(7936K)
[2023-02-28T14:31:22.980+0900][176.470s] GC(42) Pause Young (Normal) (G1 Evacuation Pause) 443M->228M(512M) 6.605ms
[2023-02-28T14:31:22.980+0900][176.470s] GC(42) User=0.00s Sys=0.00s Real=0.01s
[2023-02-28T14:31:24.588+0900][178.078s] GC(43) Pause Young (Normal) (G1 Evacuation Pause)
[2023-02-28T14:31:24.588+0900][178.078s] GC(43) Using 10 workers of 10 for evacuation
[2023-02-28T14:31:24.595+0900][178.085s] GC(43)   Pre Evacuate Collection Set: 0.0ms
[2023-02-28T14:31:24.595+0900][178.085s] GC(43)   Evacuate Collection Set: 6.4ms
[2023-02-28T14:31:24.595+0900][178.085s] GC(43)   Post Evacuate Collection Set: 0.4ms
[2023-02-28T14:31:24.595+0900][178.085s] GC(43)   Other: 0.1ms
[2023-02-28T14:31:24.595+0900][178.085s] GC(43) Eden regions: 215->0(214)
[2023-02-28T14:31:24.595+0900][178.085s] GC(43) Survivor regions: 16->16(29)
[2023-02-28T14:31:24.596+0900][178.085s] GC(43) Old regions: 196->197
[2023-02-28T14:31:24.596+0900][178.085s] GC(43) Humongous regions: 17->17
[2023-02-28T14:31:24.596+0900][178.085s] GC(43) Metaspace: 64500K(65792K)->64500K(65792K) NonClass: 57088K(57856K)->57088K(57856K) Class: 7412K(7936K)->7412K(7936K)
[2023-02-28T14:31:24.596+0900][178.085s] GC(43) Pause Young (Normal) (G1 Evacuation Pause) 443M->229M(512M) 7.371ms
[2023-02-28T14:31:24.596+0900][178.085s] GC(43) User=0.16s Sys=0.00s Real=0.01s
[2023-02-28T14:31:26.183+0900][179.672s] GC(44) Pause Young (Normal) (G1 Evacuation Pause)
[2023-02-28T14:31:26.183+0900][179.673s] GC(44) Using 10 workers of 10 for evacuation
[2023-02-28T14:31:26.190+0900][179.679s] GC(44)   Pre Evacuate Collection Set: 0.0ms
[2023-02-28T14:31:26.190+0900][179.679s] GC(44)   Evacuate Collection Set: 6.0ms
[2023-02-28T14:31:26.190+0900][179.679s] GC(44)   Post Evacuate Collection Set: 0.4ms
[2023-02-28T14:31:26.190+0900][179.679s] GC(44)   Other: 0.2ms
[2023-02-28T14:31:26.190+0900][179.679s] GC(44) Eden regions: 214->0(213)
[2023-02-28T14:31:26.190+0900][179.679s] GC(44) Survivor regions: 16->16(29)
[2023-02-28T14:31:26.190+0900][179.679s] GC(44) Old regions: 197->198
[2023-02-28T14:31:26.190+0900][179.679s] GC(44) Humongous regions: 17->17
[2023-02-28T14:31:26.190+0900][179.679s] GC(44) Metaspace: 64500K(65792K)->64500K(65792K) NonClass: 57088K(57856K)->57088K(57856K) Class: 7412K(7936K)->7412K(7936K)
[2023-02-28T14:31:26.190+0900][179.679s] GC(44) Pause Young (Normal) (G1 Evacuation Pause) 443M->230M(512M) 6.729ms
[2023-02-28T14:31:26.190+0900][179.679s] GC(44) User=0.16s Sys=0.00s Real=0.01s
[2023-02-28T14:31:27.811+0900][181.300s] GC(45) Pause Young (Normal) (G1 Evacuation Pause)
[2023-02-28T14:31:27.811+0900][181.301s] GC(45) Using 10 workers of 10 for evacuation
[2023-02-28T14:31:27.817+0900][181.307s] GC(45)   Pre Evacuate Collection Set: 0.0ms
[2023-02-28T14:31:27.817+0900][181.307s] GC(45)   Evacuate Collection Set: 5.8ms
[2023-02-28T14:31:27.817+0900][181.307s] GC(45)   Post Evacuate Collection Set: 0.5ms
[2023-02-28T14:31:27.817+0900][181.307s] GC(45)   Other: 0.1ms
[2023-02-28T14:31:27.817+0900][181.307s] GC(45) Eden regions: 213->0(212)
[2023-02-28T14:31:27.817+0900][181.307s] GC(45) Survivor regions: 16->16(29)
[2023-02-28T14:31:27.817+0900][181.307s] GC(45) Old regions: 198->199
[2023-02-28T14:31:27.817+0900][181.307s] GC(45) Humongous regions: 17->17
[2023-02-28T14:31:27.817+0900][181.307s] GC(45) Metaspace: 64500K(65792K)->64500K(65792K) NonClass: 57088K(57856K)->57088K(57856K) Class: 7412K(7936K)->7412K(7936K)
[2023-02-28T14:31:27.817+0900][181.307s] GC(45) Pause Young (Normal) (G1 Evacuation Pause) 443M->231M(512M) 6.680ms
[2023-02-28T14:31:27.818+0900][181.307s] GC(45) User=0.00s Sys=0.00s Real=0.01s
[2023-02-28T14:31:29.552+0900][183.041s] GC(46) Pause Young (Normal) (G1 Evacuation Pause)
[2023-02-28T14:31:29.552+0900][183.041s] GC(46) Using 10 workers of 10 for evacuation
[2023-02-28T14:31:29.559+0900][183.048s] GC(46)   Pre Evacuate Collection Set: 0.0ms
[2023-02-28T14:31:29.559+0900][183.048s] GC(46)   Evacuate Collection Set: 6.2ms
[2023-02-28T14:31:29.559+0900][183.048s] GC(46)   Post Evacuate Collection Set: 0.5ms
[2023-02-28T14:31:29.559+0900][183.048s] GC(46)   Other: 0.2ms
[2023-02-28T14:31:29.559+0900][183.048s] GC(46) Eden regions: 212->0(211)
[2023-02-28T14:31:29.559+0900][183.048s] GC(46) Survivor regions: 16->16(29)
[2023-02-28T14:31:29.559+0900][183.048s] GC(46) Old regions: 199->200
[2023-02-28T14:31:29.559+0900][183.048s] GC(46) Humongous regions: 17->17
[2023-02-28T14:31:29.559+0900][183.048s] GC(46) Metaspace: 64500K(65792K)->64500K(65792K) NonClass: 57088K(57856K)->57088K(57856K) Class: 7412K(7936K)->7412K(7936K)
[2023-02-28T14:31:29.559+0900][183.048s] GC(46) Pause Young (Normal) (G1 Evacuation Pause) 443M->232M(512M) 7.153ms
[2023-02-28T14:31:29.559+0900][183.048s] GC(46) User=0.00s Sys=0.00s Real=0.01s
[2023-02-28T14:31:31.310+0900][184.800s] GC(47) Pause Young (Normal) (G1 Evacuation Pause)
[2023-02-28T14:31:31.310+0900][184.800s] GC(47) Using 10 workers of 10 for evacuation
[2023-02-28T14:31:31.320+0900][184.810s] GC(47)   Pre Evacuate Collection Set: 0.0ms
[2023-02-28T14:31:31.321+0900][184.810s] GC(47)   Evacuate Collection Set: 9.2ms
[2023-02-28T14:31:31.321+0900][184.810s] GC(47)   Post Evacuate Collection Set: 0.7ms
[2023-02-28T14:31:31.321+0900][184.810s] GC(47)   Other: 0.3ms
[2023-02-28T14:31:31.321+0900][184.810s] GC(47) Eden regions: 211->0(209)
[2023-02-28T14:31:31.321+0900][184.810s] GC(47) Survivor regions: 16->16(29)
[2023-02-28T14:31:31.321+0900][184.810s] GC(47) Old regions: 200->202
[2023-02-28T14:31:31.321+0900][184.810s] GC(47) Humongous regions: 17->17
[2023-02-28T14:31:31.321+0900][184.810s] GC(47) Metaspace: 64505K(65792K)->64505K(65792K) NonClass: 57093K(57856K)->57093K(57856K) Class: 7412K(7936K)->7412K(7936K)
[2023-02-28T14:31:31.321+0900][184.810s] GC(47) Pause Young (Normal) (G1 Evacuation Pause) 443M->233M(512M) 10.669ms
[2023-02-28T14:31:31.321+0900][184.811s] GC(47) User=0.00s Sys=0.00s Real=0.01s
[2023-02-28T14:31:33.110+0900][186.599s] GC(48) Pause Young (Normal) (G1 Evacuation Pause)
[2023-02-28T14:31:33.110+0900][186.599s] GC(48) Using 10 workers of 10 for evacuation
[2023-02-28T14:31:33.116+0900][186.606s] GC(48)   Pre Evacuate Collection Set: 0.0ms
[2023-02-28T14:31:33.116+0900][186.606s] GC(48)   Evacuate Collection Set: 5.9ms
[2023-02-28T14:31:33.116+0900][186.606s] GC(48)   Post Evacuate Collection Set: 0.4ms
[2023-02-28T14:31:33.116+0900][186.606s] GC(48)   Other: 0.1ms
[2023-02-28T14:31:33.116+0900][186.606s] GC(48) Eden regions: 209->0(208)
[2023-02-28T14:31:33.116+0900][186.606s] GC(48) Survivor regions: 16->16(29)
[2023-02-28T14:31:33.116+0900][186.606s] GC(48) Old regions: 202->203
[2023-02-28T14:31:33.116+0900][186.606s] GC(48) Humongous regions: 17->17
[2023-02-28T14:31:33.116+0900][186.606s] GC(48) Metaspace: 64505K(65792K)->64505K(65792K) NonClass: 57093K(57856K)->57093K(57856K) Class: 7412K(7936K)->7412K(7936K)
[2023-02-28T14:31:33.116+0900][186.606s] GC(48) Pause Young (Normal) (G1 Evacuation Pause) 442M->234M(512M) 6.677ms
[2023-02-28T14:31:33.116+0900][186.606s] GC(48) User=0.00s Sys=0.00s Real=0.01s
[2023-02-28T14:31:34.776+0900][188.266s] GC(49) Pause Young (Normal) (G1 Evacuation Pause)
[2023-02-28T14:31:34.776+0900][188.266s] GC(49) Using 10 workers of 10 for evacuation
[2023-02-28T14:31:34.784+0900][188.273s] GC(49)   Pre Evacuate Collection Set: 0.0ms
[2023-02-28T14:31:34.784+0900][188.273s] GC(49)   Evacuate Collection Set: 6.6ms
[2023-02-28T14:31:34.784+0900][188.273s] GC(49)   Post Evacuate Collection Set: 0.5ms
[2023-02-28T14:31:34.784+0900][188.273s] GC(49)   Other: 0.2ms
[2023-02-28T14:31:34.784+0900][188.273s] GC(49) Eden regions: 208->0(209)
[2023-02-28T14:31:34.784+0900][188.273s] GC(49) Survivor regions: 16->15(28)
[2023-02-28T14:31:34.784+0900][188.273s] GC(49) Old regions: 203->204
[2023-02-28T14:31:34.784+0900][188.273s] GC(49) Humongous regions: 17->17
[2023-02-28T14:31:34.784+0900][188.273s] GC(49) Metaspace: 64505K(65792K)->64505K(65792K) NonClass: 57093K(57856K)->57093K(57856K) Class: 7412K(7936K)->7412K(7936K)
[2023-02-28T14:31:34.784+0900][188.273s] GC(49) Pause Young (Normal) (G1 Evacuation Pause) 442M->235M(512M) 7.477ms
[2023-02-28T14:31:34.784+0900][188.273s] GC(49) User=0.16s Sys=0.00s Real=0.01s
[2023-02-28T14:31:36.480+0900][189.970s] GC(50) Pause Young (Normal) (G1 Evacuation Pause)
[2023-02-28T14:31:36.480+0900][189.970s] GC(50) Using 10 workers of 10 for evacuation
[2023-02-28T14:31:36.488+0900][189.977s] GC(50)   Pre Evacuate Collection Set: 0.0ms
[2023-02-28T14:31:36.488+0900][189.977s] GC(50)   Evacuate Collection Set: 7.0ms
[2023-02-28T14:31:36.488+0900][189.977s] GC(50)   Post Evacuate Collection Set: 0.4ms
[2023-02-28T14:31:36.488+0900][189.977s] GC(50)   Other: 0.2ms
[2023-02-28T14:31:36.488+0900][189.977s] GC(50) Eden regions: 209->0(206)
[2023-02-28T14:31:36.488+0900][189.977s] GC(50) Survivor regions: 15->16(28)
[2023-02-28T14:31:36.488+0900][189.978s] GC(50) Old regions: 204->205
[2023-02-28T14:31:36.488+0900][189.978s] GC(50) Humongous regions: 17->17
[2023-02-28T14:31:36.488+0900][189.978s] GC(50) Metaspace: 64506K(65792K)->64506K(65792K) NonClass: 57094K(57856K)->57094K(57856K) Class: 7412K(7936K)->7412K(7936K)
[2023-02-28T14:31:36.488+0900][189.978s] GC(50) Pause Young (Normal) (G1 Evacuation Pause) 444M->236M(512M) 7.706ms
[2023-02-28T14:31:36.488+0900][189.978s] GC(50) User=0.16s Sys=0.00s Real=0.01s
[2023-02-28T14:31:38.082+0900][191.571s] GC(51) Pause Young (Normal) (G1 Evacuation Pause)
[2023-02-28T14:31:38.082+0900][191.571s] GC(51) Using 10 workers of 10 for evacuation
[2023-02-28T14:31:38.089+0900][191.578s] GC(51)   Pre Evacuate Collection Set: 0.0ms
[2023-02-28T14:31:38.089+0900][191.578s] GC(51)   Evacuate Collection Set: 6.7ms
[2023-02-28T14:31:38.089+0900][191.578s] GC(51)   Post Evacuate Collection Set: 0.4ms
[2023-02-28T14:31:38.089+0900][191.578s] GC(51)   Other: 0.2ms
[2023-02-28T14:31:38.089+0900][191.578s] GC(51) Eden regions: 206->0(205)
[2023-02-28T14:31:38.089+0900][191.578s] GC(51) Survivor regions: 16->16(28)
[2023-02-28T14:31:38.089+0900][191.579s] GC(51) Old regions: 205->206
[2023-02-28T14:31:38.089+0900][191.579s] GC(51) Humongous regions: 17->17
[2023-02-28T14:31:38.089+0900][191.579s] GC(51) Metaspace: 64506K(65792K)->64506K(65792K) NonClass: 57094K(57856K)->57094K(57856K) Class: 7412K(7936K)->7412K(7936K)
[2023-02-28T14:31:38.089+0900][191.579s] GC(51) Pause Young (Normal) (G1 Evacuation Pause) 442M->237M(512M) 7.529ms
[2023-02-28T14:31:38.089+0900][191.579s] GC(51) User=0.00s Sys=0.00s Real=0.01s
[2023-02-28T14:31:39.615+0900][193.105s] GC(52) Pause Young (Normal) (G1 Evacuation Pause)
[2023-02-28T14:31:39.615+0900][193.105s] GC(52) Using 10 workers of 10 for evacuation
[2023-02-28T14:31:39.622+0900][193.112s] GC(52)   Pre Evacuate Collection Set: 0.0ms
[2023-02-28T14:31:39.622+0900][193.112s] GC(52)   Evacuate Collection Set: 6.4ms
[2023-02-28T14:31:39.622+0900][193.112s] GC(52)   Post Evacuate Collection Set: 0.2ms
[2023-02-28T14:31:39.622+0900][193.112s] GC(52)   Other: 0.2ms
[2023-02-28T14:31:39.622+0900][193.112s] GC(52) Eden regions: 205->0(204)
[2023-02-28T14:31:39.622+0900][193.112s] GC(52) Survivor regions: 16->16(28)
[2023-02-28T14:31:39.622+0900][193.112s] GC(52) Old regions: 206->207
[2023-02-28T14:31:39.622+0900][193.112s] GC(52) Humongous regions: 17->17
[2023-02-28T14:31:39.622+0900][193.112s] GC(52) Metaspace: 64506K(65792K)->64506K(65792K) NonClass: 57094K(57856K)->57094K(57856K) Class: 7412K(7936K)->7412K(7936K)
[2023-02-28T14:31:39.622+0900][193.112s] GC(52) Pause Young (Normal) (G1 Evacuation Pause) 442M->238M(512M) 7.080ms
[2023-02-28T14:31:39.622+0900][193.112s] GC(52) User=0.16s Sys=0.00s Real=0.01s
[2023-02-28T14:31:41.163+0900][194.653s] GC(53) Pause Young (Normal) (G1 Evacuation Pause)
[2023-02-28T14:31:41.163+0900][194.653s] GC(53) Using 10 workers of 10 for evacuation
[2023-02-28T14:31:41.169+0900][194.659s] GC(53)   Pre Evacuate Collection Set: 0.0ms
[2023-02-28T14:31:41.169+0900][194.659s] GC(53)   Evacuate Collection Set: 5.9ms
[2023-02-28T14:31:41.169+0900][194.659s] GC(53)   Post Evacuate Collection Set: 0.4ms
[2023-02-28T14:31:41.169+0900][194.659s] GC(53)   Other: 0.2ms
[2023-02-28T14:31:41.169+0900][194.659s] GC(53) Eden regions: 204->0(205)
[2023-02-28T14:31:41.169+0900][194.659s] GC(53) Survivor regions: 16->15(28)
[2023-02-28T14:31:41.169+0900][194.659s] GC(53) Old regions: 207->208
[2023-02-28T14:31:41.169+0900][194.659s] GC(53) Humongous regions: 17->17
[2023-02-28T14:31:41.169+0900][194.659s] GC(53) Metaspace: 64506K(65792K)->64506K(65792K) NonClass: 57094K(57856K)->57094K(57856K) Class: 7412K(7936K)->7412K(7936K)
[2023-02-28T14:31:41.169+0900][194.659s] GC(53) Pause Young (Normal) (G1 Evacuation Pause) 442M->239M(512M) 6.690ms
[2023-02-28T14:31:41.169+0900][194.659s] GC(53) User=0.16s Sys=0.00s Real=0.01s
[2023-02-28T14:31:42.695+0900][196.184s] GC(54) Pause Young (Normal) (G1 Evacuation Pause)
[2023-02-28T14:31:42.695+0900][196.184s] GC(54) Using 10 workers of 10 for evacuation
[2023-02-28T14:31:42.701+0900][196.190s] GC(54)   Pre Evacuate Collection Set: 0.0ms
[2023-02-28T14:31:42.701+0900][196.190s] GC(54)   Evacuate Collection Set: 5.8ms
[2023-02-28T14:31:42.701+0900][196.191s] GC(54)   Post Evacuate Collection Set: 0.4ms
[2023-02-28T14:31:42.701+0900][196.191s] GC(54)   Other: 0.1ms
[2023-02-28T14:31:42.701+0900][196.191s] GC(54) Eden regions: 205->0(202)
[2023-02-28T14:31:42.701+0900][196.191s] GC(54) Survivor regions: 15->16(28)
[2023-02-28T14:31:42.701+0900][196.191s] GC(54) Old regions: 208->209
[2023-02-28T14:31:42.701+0900][196.191s] GC(54) Humongous regions: 17->17
[2023-02-28T14:31:42.701+0900][196.191s] GC(54) Metaspace: 64506K(65792K)->64506K(65792K) NonClass: 57094K(57856K)->57094K(57856K) Class: 7412K(7936K)->7412K(7936K)
[2023-02-28T14:31:42.701+0900][196.191s] GC(54) Pause Young (Normal) (G1 Evacuation Pause) 444M->240M(512M) 6.683ms
[2023-02-28T14:31:42.701+0900][196.191s] GC(54) User=0.16s Sys=0.00s Real=0.01s
[2023-02-28T14:31:44.193+0900][197.683s] GC(55) Pause Young (Normal) (G1 Evacuation Pause)
[2023-02-28T14:31:44.193+0900][197.683s] GC(55) Using 10 workers of 10 for evacuation
[2023-02-28T14:31:44.200+0900][197.689s] GC(55)   Pre Evacuate Collection Set: 0.0ms
[2023-02-28T14:31:44.200+0900][197.689s] GC(55)   Evacuate Collection Set: 6.2ms
[2023-02-28T14:31:44.200+0900][197.689s] GC(55)   Post Evacuate Collection Set: 0.3ms
[2023-02-28T14:31:44.200+0900][197.689s] GC(55)   Other: 0.1ms
[2023-02-28T14:31:44.200+0900][197.689s] GC(55) Eden regions: 202->0(201)
[2023-02-28T14:31:44.200+0900][197.689s] GC(55) Survivor regions: 16->16(28)
[2023-02-28T14:31:44.200+0900][197.689s] GC(55) Old regions: 209->210
[2023-02-28T14:31:44.200+0900][197.689s] GC(55) Humongous regions: 17->17
[2023-02-28T14:31:44.200+0900][197.689s] GC(55) Metaspace: 64506K(65792K)->64506K(65792K) NonClass: 57094K(57856K)->57094K(57856K) Class: 7412K(7936K)->7412K(7936K)
[2023-02-28T14:31:44.200+0900][197.689s] GC(55) Pause Young (Normal) (G1 Evacuation Pause) 442M->241M(512M) 6.914ms
[2023-02-28T14:31:44.200+0900][197.689s] GC(55) User=0.00s Sys=0.00s Real=0.01s
[2023-02-28T14:31:45.699+0900][199.188s] GC(56) Pause Young (Normal) (G1 Evacuation Pause)
[2023-02-28T14:31:45.699+0900][199.188s] GC(56) Using 10 workers of 10 for evacuation
[2023-02-28T14:31:45.705+0900][199.195s] GC(56)   Pre Evacuate Collection Set: 0.0ms
[2023-02-28T14:31:45.705+0900][199.195s] GC(56)   Evacuate Collection Set: 6.1ms
[2023-02-28T14:31:45.705+0900][199.195s] GC(56)   Post Evacuate Collection Set: 0.5ms
[2023-02-28T14:31:45.705+0900][199.195s] GC(56)   Other: 0.1ms
[2023-02-28T14:31:45.705+0900][199.195s] GC(56) Eden regions: 201->0(202)
[2023-02-28T14:31:45.706+0900][199.195s] GC(56) Survivor regions: 16->15(28)
[2023-02-28T14:31:45.706+0900][199.195s] GC(56) Old regions: 210->211
[2023-02-28T14:31:45.706+0900][199.195s] GC(56) Humongous regions: 17->17
[2023-02-28T14:31:45.706+0900][199.195s] GC(56) Metaspace: 64506K(65792K)->64506K(65792K) NonClass: 57094K(57856K)->57094K(57856K) Class: 7412K(7936K)->7412K(7936K)
[2023-02-28T14:31:45.706+0900][199.195s] GC(56) Pause Young (Normal) (G1 Evacuation Pause) 442M->242M(512M) 6.902ms
[2023-02-28T14:31:45.706+0900][199.195s] GC(56) User=0.16s Sys=0.00s Real=0.01s
[2023-02-28T14:31:47.223+0900][200.713s] GC(57) Pause Young (Normal) (G1 Evacuation Pause)
[2023-02-28T14:31:47.223+0900][200.713s] GC(57) Using 10 workers of 10 for evacuation
[2023-02-28T14:31:47.230+0900][200.719s] GC(57)   Pre Evacuate Collection Set: 0.0ms
[2023-02-28T14:31:47.230+0900][200.719s] GC(57)   Evacuate Collection Set: 6.1ms
[2023-02-28T14:31:47.230+0900][200.719s] GC(57)   Post Evacuate Collection Set: 0.4ms
[2023-02-28T14:31:47.230+0900][200.720s] GC(57)   Other: 0.1ms
[2023-02-28T14:31:47.230+0900][200.720s] GC(57) Eden regions: 202->0(201)
[2023-02-28T14:31:47.230+0900][200.720s] GC(57) Survivor regions: 15->15(28)
[2023-02-28T14:31:47.230+0900][200.720s] GC(57) Old regions: 211->212
[2023-02-28T14:31:47.230+0900][200.720s] GC(57) Humongous regions: 17->17
[2023-02-28T14:31:47.230+0900][200.720s] GC(57) Metaspace: 64506K(65792K)->64506K(65792K) NonClass: 57094K(57856K)->57094K(57856K) Class: 7412K(7936K)->7412K(7936K)
[2023-02-28T14:31:47.230+0900][200.720s] GC(57) Pause Young (Normal) (G1 Evacuation Pause) 444M->243M(512M) 6.980ms
[2023-02-28T14:31:47.230+0900][200.720s] GC(57) User=0.00s Sys=0.00s Real=0.01s
[2023-02-28T14:31:48.851+0900][202.341s] GC(58) Pause Young (Normal) (G1 Evacuation Pause)
[2023-02-28T14:31:48.851+0900][202.341s] GC(58) Using 10 workers of 10 for evacuation
[2023-02-28T14:31:48.857+0900][202.347s] GC(58)   Pre Evacuate Collection Set: 0.0ms
[2023-02-28T14:31:48.857+0900][202.347s] GC(58)   Evacuate Collection Set: 5.6ms
[2023-02-28T14:31:48.857+0900][202.347s] GC(58)   Post Evacuate Collection Set: 0.3ms
[2023-02-28T14:31:48.857+0900][202.347s] GC(58)   Other: 0.1ms
[2023-02-28T14:31:48.857+0900][202.347s] GC(58) Eden regions: 201->0(200)
[2023-02-28T14:31:48.857+0900][202.347s] GC(58) Survivor regions: 15->15(27)
[2023-02-28T14:31:48.857+0900][202.347s] GC(58) Old regions: 212->213
[2023-02-28T14:31:48.857+0900][202.347s] GC(58) Humongous regions: 17->17
[2023-02-28T14:31:48.857+0900][202.347s] GC(58) Metaspace: 64506K(65792K)->64506K(65792K) NonClass: 57094K(57856K)->57094K(57856K) Class: 7412K(7936K)->7412K(7936K)
[2023-02-28T14:31:48.857+0900][202.347s] GC(58) Pause Young (Normal) (G1 Evacuation Pause) 444M->244M(512M) 6.324ms
[2023-02-28T14:31:48.857+0900][202.347s] GC(58) User=0.16s Sys=0.00s Real=0.01s
[2023-02-28T14:31:50.469+0900][203.959s] GC(59) Pause Young (Normal) (G1 Evacuation Pause)
[2023-02-28T14:31:50.469+0900][203.959s] GC(59) Using 10 workers of 10 for evacuation
[2023-02-28T14:31:50.475+0900][203.965s] GC(59)   Pre Evacuate Collection Set: 0.0ms
[2023-02-28T14:31:50.475+0900][203.965s] GC(59)   Evacuate Collection Set: 5.4ms
[2023-02-28T14:31:50.475+0900][203.965s] GC(59)   Post Evacuate Collection Set: 0.4ms
[2023-02-28T14:31:50.475+0900][203.965s] GC(59)   Other: 0.2ms
[2023-02-28T14:31:50.475+0900][203.965s] GC(59) Eden regions: 200->0(199)
[2023-02-28T14:31:50.475+0900][203.965s] GC(59) Survivor regions: 15->15(27)
[2023-02-28T14:31:50.475+0900][203.965s] GC(59) Old regions: 213->214
[2023-02-28T14:31:50.475+0900][203.965s] GC(59) Humongous regions: 17->17
[2023-02-28T14:31:50.475+0900][203.965s] GC(59) Metaspace: 64506K(65792K)->64506K(65792K) NonClass: 57094K(57856K)->57094K(57856K) Class: 7412K(7936K)->7412K(7936K)
[2023-02-28T14:31:50.475+0900][203.965s] GC(59) Pause Young (Normal) (G1 Evacuation Pause) 444M->245M(512M) 6.182ms
[2023-02-28T14:31:50.475+0900][203.965s] GC(59) User=0.00s Sys=0.00s Real=0.01s
[2023-02-28T14:31:52.083+0900][205.573s] GC(60) Pause Young (Concurrent Start) (G1 Evacuation Pause)
[2023-02-28T14:31:52.083+0900][205.573s] GC(60) Using 10 workers of 10 for evacuation
[2023-02-28T14:31:52.090+0900][205.580s] GC(60)   Pre Evacuate Collection Set: 0.1ms
[2023-02-28T14:31:52.090+0900][205.580s] GC(60)   Evacuate Collection Set: 5.7ms
[2023-02-28T14:31:52.090+0900][205.580s] GC(60)   Post Evacuate Collection Set: 0.5ms
[2023-02-28T14:31:52.090+0900][205.580s] GC(60)   Other: 0.4ms
[2023-02-28T14:31:52.090+0900][205.580s] GC(60) Eden regions: 199->0(198)
[2023-02-28T14:31:52.090+0900][205.580s] GC(60) Survivor regions: 15->15(27)
[2023-02-28T14:31:52.090+0900][205.580s] GC(60) Old regions: 214->215
[2023-02-28T14:31:52.090+0900][205.580s] GC(60) Humongous regions: 17->17
[2023-02-28T14:31:52.090+0900][205.580s] GC(60) Metaspace: 64506K(65792K)->64506K(65792K) NonClass: 57094K(57856K)->57094K(57856K) Class: 7412K(7936K)->7412K(7936K)
[2023-02-28T14:31:52.090+0900][205.580s] GC(60) Pause Young (Concurrent Start) (G1 Evacuation Pause) 444M->246M(512M) 7.049ms
[2023-02-28T14:31:52.090+0900][205.580s] GC(60) User=0.00s Sys=0.00s Real=0.01s
[2023-02-28T14:31:52.091+0900][205.580s] GC(61) Concurrent Cycle
[2023-02-28T14:31:52.091+0900][205.580s] GC(61) Concurrent Clear Claimed Marks
[2023-02-28T14:31:52.091+0900][205.580s] GC(61) Concurrent Clear Claimed Marks 0.094ms
[2023-02-28T14:31:52.091+0900][205.581s] GC(61) Concurrent Scan Root Regions
[2023-02-28T14:31:52.094+0900][205.584s] GC(61) Concurrent Scan Root Regions 3.122ms
[2023-02-28T14:31:52.094+0900][205.584s] GC(61) Concurrent Mark (205.584s)
[2023-02-28T14:31:52.094+0900][205.584s] GC(61) Concurrent Mark From Roots
[2023-02-28T14:31:52.094+0900][205.584s] GC(61) Using 3 workers of 3 for marking
[2023-02-28T14:31:52.111+0900][205.601s] GC(61) Concurrent Mark From Roots 17.306ms
[2023-02-28T14:31:52.111+0900][205.601s] GC(61) Concurrent Preclean
[2023-02-28T14:31:52.112+0900][205.601s] GC(61) Concurrent Preclean 0.178ms
[2023-02-28T14:31:52.112+0900][205.601s] GC(61) Concurrent Mark (205.584s, 205.601s) 17.604ms
[2023-02-28T14:31:52.112+0900][205.602s] GC(61) Pause Remark
[2023-02-28T14:31:52.123+0900][205.612s] GC(61) Cleaned string and symbol table, strings: 32351 processed, 35 removed, symbols: 194110 processed, 10 removed
[2023-02-28T14:31:52.123+0900][205.613s] GC(61) Pause Remark 248M->215M(512M) 11.186ms
[2023-02-28T14:31:52.123+0900][205.613s] GC(61) User=0.00s Sys=0.00s Real=0.01s
[2023-02-28T14:31:52.123+0900][205.613s] GC(61) Concurrent Rebuild Remembered Sets
[2023-02-28T14:31:52.133+0900][205.623s] GC(61) Concurrent Rebuild Remembered Sets 9.616ms
[2023-02-28T14:31:52.133+0900][205.623s] GC(61) Pause Cleanup
[2023-02-28T14:31:52.133+0900][205.623s] GC(61) Pause Cleanup 216M->216M(512M) 0.156ms
[2023-02-28T14:31:52.133+0900][205.623s] GC(61) User=0.00s Sys=0.00s Real=0.00s
[2023-02-28T14:31:52.133+0900][205.623s] GC(61) Concurrent Cleanup for Next Mark
[2023-02-28T14:31:52.134+0900][205.623s] GC(61) Concurrent Cleanup for Next Mark 0.428ms
[2023-02-28T14:31:52.134+0900][205.623s] GC(61) Concurrent Cycle 43.151ms
[2023-02-28T14:40:21.063+0900][714.553s] GC(62) Pause Young (Prepare Mixed) (G1 Evacuation Pause)
[2023-02-28T14:40:21.063+0900][714.553s] GC(62) Using 10 workers of 10 for evacuation
[2023-02-28T14:40:21.072+0900][714.561s] GC(62)   Pre Evacuate Collection Set: 0.0ms
[2023-02-28T14:40:21.072+0900][714.561s] GC(62)   Evacuate Collection Set: 7.3ms
[2023-02-28T14:40:21.072+0900][714.561s] GC(62)   Post Evacuate Collection Set: 0.6ms
[2023-02-28T14:40:21.072+0900][714.561s] GC(62)   Other: 0.3ms
[2023-02-28T14:40:21.072+0900][714.561s] GC(62) Eden regions: 198->0(7)
[2023-02-28T14:40:21.072+0900][714.561s] GC(62) Survivor regions: 15->18(27)
[2023-02-28T14:40:21.072+0900][714.561s] GC(62) Old regions: 181->182
[2023-02-28T14:40:21.072+0900][714.561s] GC(62) Humongous regions: 17->17
[2023-02-28T14:40:21.072+0900][714.561s] GC(62) Metaspace: 65115K(66432K)->65115K(66432K) NonClass: 57638K(58368K)->57638K(58368K) Class: 7476K(8064K)->7476K(8064K)
[2023-02-28T14:40:21.072+0900][714.561s] GC(62) Pause Young (Prepare Mixed) (G1 Evacuation Pause) 410M->216M(512M) 8.460ms
[2023-02-28T14:40:21.072+0900][714.561s] GC(62) User=0.00s Sys=0.00s Real=0.01s
[2023-02-28T14:40:21.085+0900][714.574s] GC(63) Pause Young (Mixed) (G1 Evacuation Pause)
[2023-02-28T14:40:21.085+0900][714.574s] GC(63) Using 10 workers of 10 for evacuation
[2023-02-28T14:40:21.092+0900][714.581s] GC(63)   Pre Evacuate Collection Set: 0.1ms
[2023-02-28T14:40:21.092+0900][714.581s] GC(63)   Evacuate Collection Set: 6.2ms
[2023-02-28T14:40:21.092+0900][714.581s] GC(63)   Post Evacuate Collection Set: 0.4ms
[2023-02-28T14:40:21.092+0900][714.581s] GC(63)   Other: 0.2ms
[2023-02-28T14:40:21.092+0900][714.581s] GC(63) Eden regions: 7->0(22)
[2023-02-28T14:40:21.092+0900][714.581s] GC(63) Survivor regions: 18->3(4)
[2023-02-28T14:40:21.092+0900][714.581s] GC(63) Old regions: 182->147
[2023-02-28T14:40:21.092+0900][714.581s] GC(63) Humongous regions: 17->17
[2023-02-28T14:40:21.092+0900][714.581s] GC(63) Metaspace: 65115K(66432K)->65115K(66432K) NonClass: 57638K(58368K)->57638K(58368K) Class: 7476K(8064K)->7476K(8064K)
[2023-02-28T14:40:21.092+0900][714.581s] GC(63) Pause Young (Mixed) (G1 Evacuation Pause) 223M->166M(512M) 7.025ms
[2023-02-28T14:40:21.092+0900][714.581s] GC(63) User=0.19s Sys=0.00s Real=0.01s
[2023-02-28T14:40:21.156+0900][714.646s] GC(64) Pause Young (Mixed) (G1 Evacuation Pause)
[2023-02-28T14:40:21.156+0900][714.646s] GC(64) Using 10 workers of 10 for evacuation
[2023-02-28T14:40:21.160+0900][714.650s] GC(64)   Pre Evacuate Collection Set: 0.1ms
[2023-02-28T14:40:21.160+0900][714.650s] GC(64)   Evacuate Collection Set: 3.9ms
[2023-02-28T14:40:21.160+0900][714.650s] GC(64)   Post Evacuate Collection Set: 0.3ms
[2023-02-28T14:40:21.160+0900][714.650s] GC(64)   Other: 0.2ms
[2023-02-28T14:40:21.160+0900][714.650s] GC(64) Eden regions: 22->0(293)
[2023-02-28T14:40:21.160+0900][714.650s] GC(64) Survivor regions: 3->4(4)
[2023-02-28T14:40:21.160+0900][714.650s] GC(64) Old regions: 147->103
[2023-02-28T14:40:21.160+0900][714.650s] GC(64) Humongous regions: 17->17
[2023-02-28T14:40:21.160+0900][714.650s] GC(64) Metaspace: 65115K(66432K)->65115K(66432K) NonClass: 57638K(58368K)->57638K(58368K) Class: 7476K(8064K)->7476K(8064K)
[2023-02-28T14:40:21.160+0900][714.650s] GC(64) Pause Young (Mixed) (G1 Evacuation Pause) 188M->123M(512M) 4.798ms
[2023-02-28T14:40:21.160+0900][714.650s] GC(64) User=0.00s Sys=0.00s Real=0.00s
[2023-02-28T14:40:21.762+0900][715.252s] GC(65) Pause Young (Normal) (G1 Evacuation Pause)
[2023-02-28T14:40:21.762+0900][715.252s] GC(65) Using 10 workers of 10 for evacuation
[2023-02-28T14:40:21.778+0900][715.267s] GC(65)   Pre Evacuate Collection Set: 0.0ms
[2023-02-28T14:40:21.778+0900][715.267s] GC(65)   Evacuate Collection Set: 14.7ms
[2023-02-28T14:40:21.778+0900][715.267s] GC(65)   Post Evacuate Collection Set: 0.6ms
[2023-02-28T14:40:21.778+0900][715.267s] GC(65)   Other: 0.2ms
[2023-02-28T14:40:21.778+0900][715.267s] GC(65) Eden regions: 293->0(240)
[2023-02-28T14:40:21.778+0900][715.268s] GC(65) Survivor regions: 4->38(38)
[2023-02-28T14:40:21.778+0900][715.268s] GC(65) Old regions: 103->112
[2023-02-28T14:40:21.778+0900][715.268s] GC(65) Humongous regions: 17->17
[2023-02-28T14:40:21.778+0900][715.268s] GC(65) Metaspace: 65120K(66432K)->65120K(66432K) NonClass: 57644K(58368K)->57644K(58368K) Class: 7476K(8064K)->7476K(8064K)
[2023-02-28T14:40:21.778+0900][715.268s] GC(65) Pause Young (Normal) (G1 Evacuation Pause) 416M->166M(512M) 15.698ms
[2023-02-28T14:40:21.778+0900][715.268s] GC(65) User=0.02s Sys=0.02s Real=0.02s
[2023-02-28T14:40:22.240+0900][715.730s] GC(66) Pause Young (Normal) (G1 Evacuation Pause)
[2023-02-28T14:40:22.240+0900][715.730s] GC(66) Using 10 workers of 10 for evacuation
[2023-02-28T14:40:22.264+0900][715.754s] GC(66)   Pre Evacuate Collection Set: 0.0ms
[2023-02-28T14:40:22.264+0900][715.754s] GC(66)   Evacuate Collection Set: 22.7ms
[2023-02-28T14:40:22.264+0900][715.754s] GC(66)   Post Evacuate Collection Set: 0.7ms
[2023-02-28T14:40:22.264+0900][715.754s] GC(66)   Other: 0.3ms
[2023-02-28T14:40:22.264+0900][715.754s] GC(66) Eden regions: 240->0(204)
[2023-02-28T14:40:22.264+0900][715.754s] GC(66) Survivor regions: 38->35(35)
[2023-02-28T14:40:22.264+0900][715.754s] GC(66) Old regions: 112->148
[2023-02-28T14:40:22.264+0900][715.754s] GC(66) Humongous regions: 17->17
[2023-02-28T14:40:22.264+0900][715.754s] GC(66) Metaspace: 65122K(66432K)->65122K(66432K) NonClass: 57645K(58368K)->57645K(58368K) Class: 7476K(8064K)->7476K(8064K)
[2023-02-28T14:40:22.264+0900][715.754s] GC(66) Pause Young (Normal) (G1 Evacuation Pause) 406M->199M(512M) 24.052ms
[2023-02-28T14:40:22.264+0900][715.754s] GC(66) User=0.31s Sys=0.00s Real=0.02s
[2023-02-28T14:40:22.653+0900][716.143s] GC(67) Pause Young (Normal) (G1 Evacuation Pause)
[2023-02-28T14:40:22.653+0900][716.143s] GC(67) Using 10 workers of 10 for evacuation
[2023-02-28T14:40:22.675+0900][716.164s] GC(67)   Pre Evacuate Collection Set: 0.0ms
[2023-02-28T14:40:22.675+0900][716.164s] GC(67)   Evacuate Collection Set: 20.9ms
[2023-02-28T14:40:22.675+0900][716.164s] GC(67)   Post Evacuate Collection Set: 0.4ms
[2023-02-28T14:40:22.675+0900][716.164s] GC(67)   Other: 0.2ms
[2023-02-28T14:40:22.675+0900][716.164s] GC(67) Eden regions: 204->0(170)
[2023-02-28T14:40:22.675+0900][716.165s] GC(67) Survivor regions: 35->30(30)
[2023-02-28T14:40:22.675+0900][716.165s] GC(67) Old regions: 148->186
[2023-02-28T14:40:22.675+0900][716.165s] GC(67) Humongous regions: 17->17
[2023-02-28T14:40:22.675+0900][716.165s] GC(67) Metaspace: 65122K(66432K)->65122K(66432K) NonClass: 57646K(58368K)->57646K(58368K) Class: 7476K(8064K)->7476K(8064K)
[2023-02-28T14:40:22.675+0900][716.165s] GC(67) Pause Young (Normal) (G1 Evacuation Pause) 403M->232M(512M) 21.690ms
[2023-02-28T14:40:22.675+0900][716.165s] GC(67) User=0.14s Sys=0.00s Real=0.02s
[2023-02-28T14:40:23.082+0900][716.571s] GC(68) Pause Young (Normal) (G1 Evacuation Pause)
[2023-02-28T14:40:23.082+0900][716.571s] GC(68) Using 10 workers of 10 for evacuation
[2023-02-28T14:40:23.097+0900][716.587s] GC(68)   Pre Evacuate Collection Set: 0.0ms
[2023-02-28T14:40:23.097+0900][716.587s] GC(68)   Evacuate Collection Set: 15.1ms
[2023-02-28T14:40:23.097+0900][716.587s] GC(68)   Post Evacuate Collection Set: 0.4ms
[2023-02-28T14:40:23.097+0900][716.587s] GC(68)   Other: 0.1ms
[2023-02-28T14:40:23.097+0900][716.587s] GC(68) Eden regions: 170->0(148)
[2023-02-28T14:40:23.097+0900][716.587s] GC(68) Survivor regions: 30->25(25)
[2023-02-28T14:40:23.097+0900][716.587s] GC(68) Old regions: 186->218
[2023-02-28T14:40:23.097+0900][716.587s] GC(68) Humongous regions: 17->17
[2023-02-28T14:40:23.097+0900][716.587s] GC(68) Metaspace: 65123K(66432K)->65123K(66432K) NonClass: 57647K(58368K)->57647K(58368K) Class: 7476K(8064K)->7476K(8064K)
[2023-02-28T14:40:23.097+0900][716.587s] GC(68) Pause Young (Normal) (G1 Evacuation Pause) 402M->259M(512M) 15.959ms
[2023-02-28T14:40:23.097+0900][716.587s] GC(68) User=0.16s Sys=0.00s Real=0.01s
[2023-02-28T14:40:24.237+0900][717.727s] GC(69) Pause Young (Concurrent Start) (G1 Evacuation Pause)
[2023-02-28T14:40:24.237+0900][717.727s] GC(69) Using 10 workers of 10 for evacuation
[2023-02-28T14:40:24.245+0900][717.735s] GC(69)   Pre Evacuate Collection Set: 0.1ms
[2023-02-28T14:40:24.245+0900][717.735s] GC(69)   Evacuate Collection Set: 6.9ms
[2023-02-28T14:40:24.245+0900][717.735s] GC(69)   Post Evacuate Collection Set: 0.7ms
[2023-02-28T14:40:24.245+0900][717.735s] GC(69)   Other: 0.2ms
[2023-02-28T14:40:24.245+0900][717.735s] GC(69) Eden regions: 148->0(154)
[2023-02-28T14:40:24.245+0900][717.735s] GC(69) Survivor regions: 25->4(22)
[2023-02-28T14:40:24.245+0900][717.735s] GC(69) Old regions: 218->242
[2023-02-28T14:40:24.245+0900][717.735s] GC(69) Humongous regions: 17->17
[2023-02-28T14:40:24.245+0900][717.735s] GC(69) Metaspace: 65123K(66432K)->65123K(66432K) NonClass: 57647K(58368K)->57647K(58368K) Class: 7476K(8064K)->7476K(8064K)
[2023-02-28T14:40:24.245+0900][717.735s] GC(69) Pause Young (Concurrent Start) (G1 Evacuation Pause) 407M->262M(512M) 8.107ms
[2023-02-28T14:40:24.245+0900][717.735s] GC(69) User=0.00s Sys=0.00s Real=0.01s
[2023-02-28T14:40:24.245+0900][717.735s] GC(70) Concurrent Cycle
[2023-02-28T14:40:24.245+0900][717.735s] GC(70) Concurrent Clear Claimed Marks
[2023-02-28T14:40:24.245+0900][717.735s] GC(70) Concurrent Clear Claimed Marks 0.072ms
[2023-02-28T14:40:24.245+0900][717.735s] GC(70) Concurrent Scan Root Regions
[2023-02-28T14:40:24.246+0900][717.736s] GC(70) Concurrent Scan Root Regions 0.538ms
[2023-02-28T14:40:24.246+0900][717.736s] GC(70) Concurrent Mark (717.736s)
[2023-02-28T14:40:24.246+0900][717.736s] GC(70) Concurrent Mark From Roots
[2023-02-28T14:40:24.246+0900][717.736s] GC(70) Using 3 workers of 3 for marking
[2023-02-28T14:40:24.294+0900][717.784s] GC(70) Concurrent Mark From Roots 47.949ms
[2023-02-28T14:40:24.294+0900][717.784s] GC(70) Concurrent Preclean
[2023-02-28T14:40:24.294+0900][717.784s] GC(70) Concurrent Preclean 0.372ms
[2023-02-28T14:40:24.294+0900][717.784s] GC(70) Concurrent Mark (717.736s, 717.784s) 48.457ms
[2023-02-28T14:40:24.295+0900][717.784s] GC(70) Pause Remark
[2023-02-28T14:40:24.304+0900][717.794s] GC(70) Cleaned string and symbol table, strings: 32499 processed, 1401 removed, symbols: 195517 processed, 4 removed
[2023-02-28T14:40:24.305+0900][717.795s] GC(70) Pause Remark 267M->267M(512M) 10.582ms
[2023-02-28T14:40:24.305+0900][717.795s] GC(70) User=0.00s Sys=0.00s Real=0.01s
[2023-02-28T14:40:24.305+0900][717.795s] GC(70) Concurrent Rebuild Remembered Sets
[2023-02-28T14:40:24.338+0900][717.828s] GC(70) Concurrent Rebuild Remembered Sets 32.516ms
[2023-02-28T14:40:24.338+0900][717.828s] GC(70) Pause Cleanup
[2023-02-28T14:40:24.338+0900][717.828s] GC(70) Pause Cleanup 271M->271M(512M) 0.188ms
[2023-02-28T14:40:24.338+0900][717.828s] GC(70) User=0.00s Sys=0.00s Real=0.00s
[2023-02-28T14:40:24.338+0900][717.828s] GC(70) Concurrent Cleanup for Next Mark
[2023-02-28T14:40:24.339+0900][717.829s] GC(70) Concurrent Cleanup for Next Mark 0.421ms
[2023-02-28T14:40:24.339+0900][717.829s] GC(70) Concurrent Cycle 93.621ms
[2023-02-28T14:40:25.409+0900][718.899s] GC(71) Pause Young (Prepare Mixed) (G1 Evacuation Pause)
[2023-02-28T14:40:25.409+0900][718.899s] GC(71) Using 10 workers of 10 for evacuation
[2023-02-28T14:40:25.412+0900][718.901s] GC(71)   Pre Evacuate Collection Set: 0.0ms
[2023-02-28T14:40:25.412+0900][718.902s] GC(71)   Evacuate Collection Set: 1.9ms
[2023-02-28T14:40:25.412+0900][718.902s] GC(71)   Post Evacuate Collection Set: 0.5ms
[2023-02-28T14:40:25.412+0900][718.902s] GC(71)   Other: 0.2ms
[2023-02-28T14:40:25.412+0900][718.902s] GC(71) Eden regions: 154->0(23)
[2023-02-28T14:40:25.412+0900][718.902s] GC(71) Survivor regions: 4->2(20)
[2023-02-28T14:40:25.412+0900][718.902s] GC(71) Old regions: 242->242
[2023-02-28T14:40:25.412+0900][718.902s] GC(71) Humongous regions: 17->17
[2023-02-28T14:40:25.412+0900][718.902s] GC(71) Metaspace: 64822K(66432K)->64822K(66432K) NonClass: 57425K(58368K)->57425K(58368K) Class: 7396K(8064K)->7396K(8064K)
[2023-02-28T14:40:25.412+0900][718.902s] GC(71) Pause Young (Prepare Mixed) (G1 Evacuation Pause) 416M->260M(512M) 2.759ms
[2023-02-28T14:40:25.412+0900][718.902s] GC(71) User=0.00s Sys=0.00s Real=0.00s
[2023-02-28T14:40:25.586+0900][719.076s] GC(72) Pause Young (Mixed) (G1 Evacuation Pause)
[2023-02-28T14:40:25.586+0900][719.076s] GC(72) Using 10 workers of 10 for evacuation
[2023-02-28T14:40:25.589+0900][719.079s] GC(72)   Pre Evacuate Collection Set: 0.1ms
[2023-02-28T14:40:25.589+0900][719.079s] GC(72)   Evacuate Collection Set: 2.6ms
[2023-02-28T14:40:25.589+0900][719.079s] GC(72)   Post Evacuate Collection Set: 0.4ms
[2023-02-28T14:40:25.589+0900][719.079s] GC(72)   Other: 0.3ms
[2023-02-28T14:40:25.589+0900][719.079s] GC(72) Eden regions: 23->0(184)
[2023-02-28T14:40:25.589+0900][719.079s] GC(72) Survivor regions: 2->2(4)
[2023-02-28T14:40:25.589+0900][719.079s] GC(72) Old regions: 242->210
[2023-02-28T14:40:25.589+0900][719.079s] GC(72) Humongous regions: 17->17
[2023-02-28T14:40:25.589+0900][719.079s] GC(72) Metaspace: 64822K(66432K)->64822K(66432K) NonClass: 57425K(58368K)->57425K(58368K) Class: 7396K(8064K)->7396K(8064K)
[2023-02-28T14:40:25.589+0900][719.079s] GC(72) Pause Young (Mixed) (G1 Evacuation Pause) 283M->227M(512M) 3.509ms
[2023-02-28T14:40:25.589+0900][719.079s] GC(72) User=0.00s Sys=0.00s Real=0.00s
[2023-02-28T14:40:27.020+0900][720.510s] GC(73) Pause Young (Normal) (G1 Evacuation Pause)
[2023-02-28T14:40:27.020+0900][720.510s] GC(73) Using 10 workers of 10 for evacuation
[2023-02-28T14:40:27.022+0900][720.512s] GC(73)   Pre Evacuate Collection Set: 0.0ms
[2023-02-28T14:40:27.022+0900][720.512s] GC(73)   Evacuate Collection Set: 1.4ms
[2023-02-28T14:40:27.022+0900][720.512s] GC(73)   Post Evacuate Collection Set: 0.3ms
[2023-02-28T14:40:27.022+0900][720.512s] GC(73)   Other: 0.2ms
[2023-02-28T14:40:27.022+0900][720.512s] GC(73) Eden regions: 184->0(190)
[2023-02-28T14:40:27.022+0900][720.512s] GC(73) Survivor regions: 2->2(24)
[2023-02-28T14:40:27.022+0900][720.512s] GC(73) Old regions: 210->210
[2023-02-28T14:40:27.022+0900][720.512s] GC(73) Humongous regions: 17->17
[2023-02-28T14:40:27.022+0900][720.512s] GC(73) Metaspace: 64822K(66432K)->64822K(66432K) NonClass: 57425K(58368K)->57425K(58368K) Class: 7396K(8064K)->7396K(8064K)
[2023-02-28T14:40:27.022+0900][720.512s] GC(73) Pause Young (Normal) (G1 Evacuation Pause) 411M->228M(512M) 2.034ms
[2023-02-28T14:40:27.022+0900][720.512s] GC(73) User=0.00s Sys=0.00s Real=0.00s
[2023-02-28T14:40:28.625+0900][722.115s] GC(74) Pause Young (Normal) (G1 Evacuation Pause)
[2023-02-28T14:40:28.625+0900][722.115s] GC(74) Using 10 workers of 10 for evacuation
[2023-02-28T14:40:28.628+0900][722.117s] GC(74)   Pre Evacuate Collection Set: 0.0ms
[2023-02-28T14:40:28.628+0900][722.118s] GC(74)   Evacuate Collection Set: 1.8ms
[2023-02-28T14:40:28.628+0900][722.118s] GC(74)   Post Evacuate Collection Set: 0.2ms
[2023-02-28T14:40:28.628+0900][722.118s] GC(74)   Other: 0.1ms
[2023-02-28T14:40:28.628+0900][722.118s] GC(74) Eden regions: 190->0(193)
[2023-02-28T14:40:28.628+0900][722.118s] GC(74) Survivor regions: 2->3(24)
[2023-02-28T14:40:28.628+0900][722.118s] GC(74) Old regions: 210->210
[2023-02-28T14:40:28.628+0900][722.118s] GC(74) Humongous regions: 17->17
[2023-02-28T14:40:28.628+0900][722.118s] GC(74) Metaspace: 64822K(66432K)->64822K(66432K) NonClass: 57425K(58368K)->57425K(58368K) Class: 7396K(8064K)->7396K(8064K)
[2023-02-28T14:40:28.628+0900][722.118s] GC(74) Pause Young (Normal) (G1 Evacuation Pause) 418M->228M(512M) 2.958ms
[2023-02-28T14:40:28.628+0900][722.118s] GC(74) User=0.00s Sys=0.00s Real=0.00s
[2023-02-28T14:40:30.219+0900][723.708s] GC(75) Pause Young (Normal) (G1 Evacuation Pause)
[2023-02-28T14:40:30.219+0900][723.708s] GC(75) Using 10 workers of 10 for evacuation
[2023-02-28T14:40:30.222+0900][723.711s] GC(75)   Pre Evacuate Collection Set: 0.0ms
[2023-02-28T14:40:30.222+0900][723.711s] GC(75)   Evacuate Collection Set: 2.3ms
[2023-02-28T14:40:30.222+0900][723.711s] GC(75)   Post Evacuate Collection Set: 0.4ms
[2023-02-28T14:40:30.222+0900][723.711s] GC(75)   Other: 0.2ms
[2023-02-28T14:40:30.222+0900][723.711s] GC(75) Eden regions: 193->0(196)
[2023-02-28T14:40:30.222+0900][723.711s] GC(75) Survivor regions: 3->4(25)
[2023-02-28T14:40:30.222+0900][723.711s] GC(75) Old regions: 210->210
[2023-02-28T14:40:30.222+0900][723.711s] GC(75) Humongous regions: 17->17
[2023-02-28T14:40:30.222+0900][723.711s] GC(75) Metaspace: 64822K(66432K)->64822K(66432K) NonClass: 57425K(58368K)->57425K(58368K) Class: 7396K(8064K)->7396K(8064K)
[2023-02-28T14:40:30.222+0900][723.711s] GC(75) Pause Young (Normal) (G1 Evacuation Pause) 421M->229M(512M) 3.156ms
[2023-02-28T14:40:30.222+0900][723.711s] GC(75) User=0.00s Sys=0.00s Real=0.00s
[2023-02-28T14:40:31.869+0900][725.358s] GC(76) Pause Young (Normal) (G1 Evacuation Pause)
[2023-02-28T14:40:31.869+0900][725.358s] GC(76) Using 10 workers of 10 for evacuation
[2023-02-28T14:40:31.873+0900][725.362s] GC(76)   Pre Evacuate Collection Set: 0.1ms
[2023-02-28T14:40:31.873+0900][725.362s] GC(76)   Evacuate Collection Set: 3.1ms
[2023-02-28T14:40:31.873+0900][725.362s] GC(76)   Post Evacuate Collection Set: 0.5ms
[2023-02-28T14:40:31.873+0900][725.362s] GC(76)   Other: 0.3ms
[2023-02-28T14:40:31.873+0900][725.362s] GC(76) Eden regions: 196->0(198)
[2023-02-28T14:40:31.873+0900][725.362s] GC(76) Survivor regions: 4->5(25)
[2023-02-28T14:40:31.873+0900][725.362s] GC(76) Old regions: 210->210
[2023-02-28T14:40:31.873+0900][725.362s] GC(76) Humongous regions: 17->17
[2023-02-28T14:40:31.873+0900][725.362s] GC(76) Metaspace: 64848K(66688K)->64848K(66688K) NonClass: 57451K(58624K)->57451K(58624K) Class: 7396K(8064K)->7396K(8064K)
[2023-02-28T14:40:31.873+0900][725.362s] GC(76) Pause Young (Normal) (G1 Evacuation Pause) 425M->230M(512M) 4.184ms
[2023-02-28T14:40:31.873+0900][725.362s] GC(76) User=0.16s Sys=0.00s Real=0.00s
[2023-02-28T14:40:33.560+0900][727.050s] GC(77) Pause Young (Normal) (G1 Evacuation Pause)
[2023-02-28T14:40:33.560+0900][727.050s] GC(77) Using 10 workers of 10 for evacuation
[2023-02-28T14:40:33.563+0900][727.053s] GC(77)   Pre Evacuate Collection Set: 0.0ms
[2023-02-28T14:40:33.563+0900][727.053s] GC(77)   Evacuate Collection Set: 2.6ms
[2023-02-28T14:40:33.563+0900][727.053s] GC(77)   Post Evacuate Collection Set: 0.4ms
[2023-02-28T14:40:33.563+0900][727.053s] GC(77)   Other: 0.2ms
[2023-02-28T14:40:33.563+0900][727.053s] GC(77) Eden regions: 198->0(200)
[2023-02-28T14:40:33.563+0900][727.053s] GC(77) Survivor regions: 5->6(26)
[2023-02-28T14:40:33.563+0900][727.053s] GC(77) Old regions: 210->210
[2023-02-28T14:40:33.563+0900][727.053s] GC(77) Humongous regions: 17->17
[2023-02-28T14:40:33.563+0900][727.053s] GC(77) Metaspace: 64854K(66688K)->64854K(66688K) NonClass: 57457K(58624K)->57457K(58624K) Class: 7396K(8064K)->7396K(8064K)
[2023-02-28T14:40:33.564+0900][727.053s] GC(77) Pause Young (Normal) (G1 Evacuation Pause) 428M->231M(512M) 3.513ms
[2023-02-28T14:40:33.564+0900][727.053s] GC(77) User=0.00s Sys=0.00s Real=0.00s
[2023-02-28T14:40:35.237+0900][728.727s] GC(78) Pause Young (Normal) (G1 Evacuation Pause)
[2023-02-28T14:40:35.237+0900][728.727s] GC(78) Using 10 workers of 10 for evacuation
[2023-02-28T14:40:35.241+0900][728.730s] GC(78)   Pre Evacuate Collection Set: 0.0ms
[2023-02-28T14:40:35.241+0900][728.730s] GC(78)   Evacuate Collection Set: 2.9ms
[2023-02-28T14:40:35.241+0900][728.730s] GC(78)   Post Evacuate Collection Set: 0.3ms
[2023-02-28T14:40:35.241+0900][728.730s] GC(78)   Other: 0.1ms
[2023-02-28T14:40:35.241+0900][728.730s] GC(78) Eden regions: 200->0(202)
[2023-02-28T14:40:35.241+0900][728.730s] GC(78) Survivor regions: 6->7(26)
[2023-02-28T14:40:35.241+0900][728.730s] GC(78) Old regions: 210->210
[2023-02-28T14:40:35.241+0900][728.730s] GC(78) Humongous regions: 17->17
[2023-02-28T14:40:35.241+0900][728.730s] GC(78) Metaspace: 64873K(66688K)->64873K(66688K) NonClass: 57476K(58624K)->57476K(58624K) Class: 7396K(8064K)->7396K(8064K)
[2023-02-28T14:40:35.241+0900][728.730s] GC(78) Pause Young (Normal) (G1 Evacuation Pause) 431M->232M(512M) 3.770ms
[2023-02-28T14:40:35.241+0900][728.730s] GC(78) User=0.00s Sys=0.00s Real=0.00s
[2023-02-28T14:40:36.930+0900][730.419s] GC(79) Pause Young (Normal) (G1 Evacuation Pause)
[2023-02-28T14:40:36.930+0900][730.419s] GC(79) Using 10 workers of 10 for evacuation
[2023-02-28T14:40:36.934+0900][730.423s] GC(79)   Pre Evacuate Collection Set: 0.0ms
[2023-02-28T14:40:36.934+0900][730.423s] GC(79)   Evacuate Collection Set: 3.2ms
[2023-02-28T14:40:36.934+0900][730.423s] GC(79)   Post Evacuate Collection Set: 0.3ms
[2023-02-28T14:40:36.934+0900][730.423s] GC(79)   Other: 0.2ms
[2023-02-28T14:40:36.934+0900][730.423s] GC(79) Eden regions: 202->0(204)
[2023-02-28T14:40:36.934+0900][730.423s] GC(79) Survivor regions: 7->8(27)
[2023-02-28T14:40:36.934+0900][730.423s] GC(79) Old regions: 210->210
[2023-02-28T14:40:36.934+0900][730.423s] GC(79) Humongous regions: 17->17
[2023-02-28T14:40:36.934+0900][730.423s] GC(79) Metaspace: 64909K(66688K)->64909K(66688K) NonClass: 57512K(58624K)->57512K(58624K) Class: 7396K(8064K)->7396K(8064K)
[2023-02-28T14:40:36.934+0900][730.423s] GC(79) Pause Young (Normal) (G1 Evacuation Pause) 434M->233M(512M) 3.982ms
[2023-02-28T14:40:36.934+0900][730.423s] GC(79) User=0.00s Sys=0.00s Real=0.00s
[2023-02-28T14:40:38.624+0900][732.113s] GC(80) Pause Young (Normal) (G1 Evacuation Pause)
[2023-02-28T14:40:38.624+0900][732.113s] GC(80) Using 10 workers of 10 for evacuation
[2023-02-28T14:40:38.629+0900][732.118s] GC(80)   Pre Evacuate Collection Set: 0.0ms
[2023-02-28T14:40:38.629+0900][732.118s] GC(80)   Evacuate Collection Set: 4.0ms
[2023-02-28T14:40:38.629+0900][732.118s] GC(80)   Post Evacuate Collection Set: 0.4ms
[2023-02-28T14:40:38.629+0900][732.118s] GC(80)   Other: 0.2ms
[2023-02-28T14:40:38.629+0900][732.118s] GC(80) Eden regions: 204->0(206)
[2023-02-28T14:40:38.629+0900][732.118s] GC(80) Survivor regions: 8->9(27)
[2023-02-28T14:40:38.629+0900][732.118s] GC(80) Old regions: 210->210
[2023-02-28T14:40:38.629+0900][732.118s] GC(80) Humongous regions: 17->17
[2023-02-28T14:40:38.629+0900][732.118s] GC(80) Metaspace: 64909K(66688K)->64909K(66688K) NonClass: 57512K(58624K)->57512K(58624K) Class: 7396K(8064K)->7396K(8064K)
[2023-02-28T14:40:38.629+0900][732.118s] GC(80) Pause Young (Normal) (G1 Evacuation Pause) 437M->234M(512M) 4.884ms
[2023-02-28T14:40:38.629+0900][732.118s] GC(80) User=0.00s Sys=0.00s Real=0.00s
[2023-02-28T14:40:40.205+0900][733.695s] GC(81) Pause Young (Normal) (G1 Evacuation Pause)
[2023-02-28T14:40:40.205+0900][733.695s] GC(81) Using 10 workers of 10 for evacuation
[2023-02-28T14:40:40.210+0900][733.700s] GC(81)   Pre Evacuate Collection Set: 0.0ms
[2023-02-28T14:40:40.210+0900][733.700s] GC(81)   Evacuate Collection Set: 4.3ms
[2023-02-28T14:40:40.210+0900][733.700s] GC(81)   Post Evacuate Collection Set: 0.4ms
[2023-02-28T14:40:40.210+0900][733.700s] GC(81)   Other: 0.2ms
[2023-02-28T14:40:40.210+0900][733.700s] GC(81) Eden regions: 206->0(207)
[2023-02-28T14:40:40.210+0900][733.700s] GC(81) Survivor regions: 9->10(27)
[2023-02-28T14:40:40.210+0900][733.700s] GC(81) Old regions: 210->210
[2023-02-28T14:40:40.210+0900][733.700s] GC(81) Humongous regions: 17->17
[2023-02-28T14:40:40.210+0900][733.700s] GC(81) Metaspace: 64909K(66688K)->64909K(66688K) NonClass: 57512K(58624K)->57512K(58624K) Class: 7396K(8064K)->7396K(8064K)
[2023-02-28T14:40:40.210+0900][733.700s] GC(81) Pause Young (Normal) (G1 Evacuation Pause) 440M->235M(512M) 5.097ms
[2023-02-28T14:40:40.210+0900][733.700s] GC(81) User=0.00s Sys=0.00s Real=0.01s
[2023-02-28T14:40:41.790+0900][735.279s] GC(82) Pause Young (Normal) (G1 Evacuation Pause)
[2023-02-28T14:40:41.790+0900][735.279s] GC(82) Using 10 workers of 10 for evacuation
[2023-02-28T14:40:41.795+0900][735.284s] GC(82)   Pre Evacuate Collection Set: 0.0ms
[2023-02-28T14:40:41.795+0900][735.284s] GC(82)   Evacuate Collection Set: 4.4ms
[2023-02-28T14:40:41.795+0900][735.284s] GC(82)   Post Evacuate Collection Set: 0.5ms
[2023-02-28T14:40:41.795+0900][735.284s] GC(82)   Other: 0.2ms
[2023-02-28T14:40:41.795+0900][735.284s] GC(82) Eden regions: 207->0(208)
[2023-02-28T14:40:41.795+0900][735.284s] GC(82) Survivor regions: 10->11(28)
[2023-02-28T14:40:41.795+0900][735.284s] GC(82) Old regions: 210->210
[2023-02-28T14:40:41.795+0900][735.284s] GC(82) Humongous regions: 17->17
[2023-02-28T14:40:41.795+0900][735.284s] GC(82) Metaspace: 64909K(66688K)->64909K(66688K) NonClass: 57512K(58624K)->57512K(58624K) Class: 7396K(8064K)->7396K(8064K)
[2023-02-28T14:40:41.795+0900][735.284s] GC(82) Pause Young (Normal) (G1 Evacuation Pause) 442M->236M(512M) 5.313ms
[2023-02-28T14:40:41.795+0900][735.284s] GC(82) User=0.16s Sys=0.00s Real=0.01s
[2023-02-28T14:40:43.343+0900][736.832s] GC(83) Pause Young (Normal) (G1 Evacuation Pause)
[2023-02-28T14:40:43.343+0900][736.832s] GC(83) Using 10 workers of 10 for evacuation
[2023-02-28T14:40:43.350+0900][736.839s] GC(83)   Pre Evacuate Collection Set: 0.0ms
[2023-02-28T14:40:43.350+0900][736.839s] GC(83)   Evacuate Collection Set: 5.7ms
[2023-02-28T14:40:43.350+0900][736.839s] GC(83)   Post Evacuate Collection Set: 0.8ms
[2023-02-28T14:40:43.350+0900][736.839s] GC(83)   Other: 0.3ms
[2023-02-28T14:40:43.350+0900][736.839s] GC(83) Eden regions: 208->0(209)
[2023-02-28T14:40:43.350+0900][736.839s] GC(83) Survivor regions: 11->12(28)
[2023-02-28T14:40:43.350+0900][736.839s] GC(83) Old regions: 210->210
[2023-02-28T14:40:43.350+0900][736.839s] GC(83) Humongous regions: 17->17
[2023-02-28T14:40:43.350+0900][736.839s] GC(83) Metaspace: 64909K(66688K)->64909K(66688K) NonClass: 57512K(58624K)->57512K(58624K) Class: 7396K(8064K)->7396K(8064K)
[2023-02-28T14:40:43.350+0900][736.839s] GC(83) Pause Young (Normal) (G1 Evacuation Pause) 444M->237M(512M) 7.308ms
[2023-02-28T14:40:43.350+0900][736.839s] GC(83) User=0.00s Sys=0.00s Real=0.01s
[2023-02-28T14:40:44.939+0900][738.429s] GC(84) Pause Young (Normal) (G1 Evacuation Pause)
[2023-02-28T14:40:44.939+0900][738.429s] GC(84) Using 10 workers of 10 for evacuation
[2023-02-28T14:40:44.945+0900][738.434s] GC(84)   Pre Evacuate Collection Set: 0.0ms
[2023-02-28T14:40:44.945+0900][738.434s] GC(84)   Evacuate Collection Set: 4.9ms
[2023-02-28T14:40:44.945+0900][738.434s] GC(84)   Post Evacuate Collection Set: 0.4ms
[2023-02-28T14:40:44.945+0900][738.434s] GC(84)   Other: 0.2ms
[2023-02-28T14:40:44.945+0900][738.434s] GC(84) Eden regions: 209->0(207)
[2023-02-28T14:40:44.945+0900][738.434s] GC(84) Survivor regions: 12->13(28)
[2023-02-28T14:40:44.945+0900][738.434s] GC(84) Old regions: 210->210
[2023-02-28T14:40:44.945+0900][738.434s] GC(84) Humongous regions: 17->17
[2023-02-28T14:40:44.945+0900][738.434s] GC(84) Metaspace: 64909K(66688K)->64909K(66688K) NonClass: 57512K(58624K)->57512K(58624K) Class: 7396K(8064K)->7396K(8064K)
[2023-02-28T14:40:44.945+0900][738.434s] GC(84) Pause Young (Normal) (G1 Evacuation Pause) 446M->238M(512M) 5.675ms
[2023-02-28T14:40:44.945+0900][738.434s] GC(84) User=0.00s Sys=0.00s Real=0.01s
[2023-02-28T14:40:46.530+0900][740.020s] GC(85) Pause Young (Normal) (G1 Evacuation Pause)
[2023-02-28T14:40:46.530+0900][740.020s] GC(85) Using 10 workers of 10 for evacuation
[2023-02-28T14:40:46.536+0900][740.026s] GC(85)   Pre Evacuate Collection Set: 0.0ms
[2023-02-28T14:40:46.536+0900][740.026s] GC(85)   Evacuate Collection Set: 5.3ms
[2023-02-28T14:40:46.536+0900][740.026s] GC(85)   Post Evacuate Collection Set: 0.6ms
[2023-02-28T14:40:46.536+0900][740.026s] GC(85)   Other: 0.2ms
[2023-02-28T14:40:46.536+0900][740.026s] GC(85) Eden regions: 207->0(205)
[2023-02-28T14:40:46.536+0900][740.026s] GC(85) Survivor regions: 13->14(28)
[2023-02-28T14:40:46.536+0900][740.026s] GC(85) Old regions: 210->210
[2023-02-28T14:40:46.536+0900][740.026s] GC(85) Humongous regions: 17->17
[2023-02-28T14:40:46.536+0900][740.026s] GC(85) Metaspace: 64909K(66688K)->64909K(66688K) NonClass: 57512K(58624K)->57512K(58624K) Class: 7396K(8064K)->7396K(8064K)
[2023-02-28T14:40:46.537+0900][740.027s] GC(85) Pause Young (Normal) (G1 Evacuation Pause) 445M->239M(512M) 6.262ms
[2023-02-28T14:40:46.537+0900][740.027s] GC(85) User=0.00s Sys=0.00s Real=0.01s
[2023-02-28T14:40:48.113+0900][741.603s] GC(86) Pause Young (Normal) (G1 Evacuation Pause)
[2023-02-28T14:40:48.113+0900][741.603s] GC(86) Using 10 workers of 10 for evacuation
[2023-02-28T14:40:48.119+0900][741.609s] GC(86)   Pre Evacuate Collection Set: 0.0ms
[2023-02-28T14:40:48.119+0900][741.609s] GC(86)   Evacuate Collection Set: 5.7ms
[2023-02-28T14:40:48.119+0900][741.609s] GC(86)   Post Evacuate Collection Set: 0.4ms
[2023-02-28T14:40:48.119+0900][741.609s] GC(86)   Other: 0.2ms
[2023-02-28T14:40:48.119+0900][741.609s] GC(86) Eden regions: 205->0(204)
[2023-02-28T14:40:48.119+0900][741.609s] GC(86) Survivor regions: 14->14(28)
[2023-02-28T14:40:48.120+0900][741.609s] GC(86) Old regions: 210->211
[2023-02-28T14:40:48.120+0900][741.609s] GC(86) Humongous regions: 17->17
[2023-02-28T14:40:48.120+0900][741.609s] GC(86) Metaspace: 64909K(66688K)->64909K(66688K) NonClass: 57512K(58624K)->57512K(58624K) Class: 7396K(8064K)->7396K(8064K)
[2023-02-28T14:40:48.120+0900][741.609s] GC(86) Pause Young (Normal) (G1 Evacuation Pause) 444M->240M(512M) 6.603ms
[2023-02-28T14:40:48.120+0900][741.610s] GC(86) User=0.00s Sys=0.00s Real=0.01s
[2023-02-28T14:40:49.827+0900][743.317s] GC(87) Pause Young (Normal) (G1 Evacuation Pause)
[2023-02-28T14:40:49.828+0900][743.317s] GC(87) Using 10 workers of 10 for evacuation
[2023-02-28T14:40:49.834+0900][743.323s] GC(87)   Pre Evacuate Collection Set: 0.0ms
[2023-02-28T14:40:49.834+0900][743.323s] GC(87)   Evacuate Collection Set: 5.7ms
[2023-02-28T14:40:49.834+0900][743.323s] GC(87)   Post Evacuate Collection Set: 0.5ms
[2023-02-28T14:40:49.834+0900][743.323s] GC(87)   Other: 0.2ms
[2023-02-28T14:40:49.834+0900][743.323s] GC(87) Eden regions: 204->0(204)
[2023-02-28T14:40:49.834+0900][743.323s] GC(87) Survivor regions: 14->14(28)
[2023-02-28T14:40:49.834+0900][743.323s] GC(87) Old regions: 211->211
[2023-02-28T14:40:49.834+0900][743.323s] GC(87) Humongous regions: 17->17
[2023-02-28T14:40:49.834+0900][743.323s] GC(87) Metaspace: 64909K(66688K)->64909K(66688K) NonClass: 57512K(58624K)->57512K(58624K) Class: 7396K(8064K)->7396K(8064K)
[2023-02-28T14:40:49.834+0900][743.323s] GC(87) Pause Young (Normal) (G1 Evacuation Pause) 444M->241M(512M) 6.640ms
[2023-02-28T14:40:49.834+0900][743.323s] GC(87) User=0.00s Sys=0.00s Real=0.01s
[2023-02-28T14:40:51.532+0900][745.022s] GC(88) Pause Young (Normal) (G1 Evacuation Pause)
[2023-02-28T14:40:51.532+0900][745.022s] GC(88) Using 10 workers of 10 for evacuation
[2023-02-28T14:40:51.539+0900][745.029s] GC(88)   Pre Evacuate Collection Set: 0.0ms
[2023-02-28T14:40:51.539+0900][745.029s] GC(88)   Evacuate Collection Set: 6.2ms
[2023-02-28T14:40:51.539+0900][745.029s] GC(88)   Post Evacuate Collection Set: 0.4ms
[2023-02-28T14:40:51.539+0900][745.029s] GC(88)   Other: 0.1ms
[2023-02-28T14:40:51.539+0900][745.029s] GC(88) Eden regions: 204->0(202)
[2023-02-28T14:40:51.539+0900][745.029s] GC(88) Survivor regions: 14->15(28)
[2023-02-28T14:40:51.539+0900][745.029s] GC(88) Old regions: 211->211
[2023-02-28T14:40:51.539+0900][745.029s] GC(88) Humongous regions: 17->17
[2023-02-28T14:40:51.539+0900][745.029s] GC(88) Metaspace: 64909K(66688K)->64909K(66688K) NonClass: 57512K(58624K)->57512K(58624K) Class: 7396K(8064K)->7396K(8064K)
[2023-02-28T14:40:51.539+0900][745.029s] GC(88) Pause Young (Normal) (G1 Evacuation Pause) 445M->242M(512M) 7.007ms
[2023-02-28T14:40:51.539+0900][745.029s] GC(88) User=0.00s Sys=0.00s Real=0.01s
[2023-02-28T14:40:53.225+0900][746.715s] GC(89) Pause Young (Normal) (G1 Evacuation Pause)
[2023-02-28T14:40:53.225+0900][746.715s] GC(89) Using 10 workers of 10 for evacuation
[2023-02-28T14:40:53.234+0900][746.724s] GC(89)   Pre Evacuate Collection Set: 0.0ms
[2023-02-28T14:40:53.234+0900][746.724s] GC(89)   Evacuate Collection Set: 7.7ms
[2023-02-28T14:40:53.234+0900][746.724s] GC(89)   Post Evacuate Collection Set: 0.7ms
[2023-02-28T14:40:53.234+0900][746.724s] GC(89)   Other: 0.2ms
[2023-02-28T14:40:53.234+0900][746.724s] GC(89) Eden regions: 202->0(201)
[2023-02-28T14:40:53.234+0900][746.724s] GC(89) Survivor regions: 15->15(28)
[2023-02-28T14:40:53.234+0900][746.724s] GC(89) Old regions: 211->212
[2023-02-28T14:40:53.234+0900][746.724s] GC(89) Humongous regions: 17->17
[2023-02-28T14:40:53.234+0900][746.724s] GC(89) Metaspace: 64909K(66688K)->64909K(66688K) NonClass: 57512K(58624K)->57512K(58624K) Class: 7396K(8064K)->7396K(8064K)
[2023-02-28T14:40:53.234+0900][746.724s] GC(89) Pause Young (Normal) (G1 Evacuation Pause) 444M->243M(512M) 8.878ms
[2023-02-28T14:40:53.234+0900][746.724s] GC(89) User=0.16s Sys=0.00s Real=0.01s
[2023-02-28T14:40:54.930+0900][748.419s] GC(90) Pause Young (Normal) (G1 Evacuation Pause)
[2023-02-28T14:40:54.930+0900][748.419s] GC(90) Using 10 workers of 10 for evacuation
[2023-02-28T14:40:54.937+0900][748.426s] GC(90)   Pre Evacuate Collection Set: 0.0ms
[2023-02-28T14:40:54.937+0900][748.426s] GC(90)   Evacuate Collection Set: 6.0ms
[2023-02-28T14:40:54.937+0900][748.426s] GC(90)   Post Evacuate Collection Set: 0.4ms
[2023-02-28T14:40:54.937+0900][748.426s] GC(90)   Other: 0.2ms
[2023-02-28T14:40:54.937+0900][748.426s] GC(90) Eden regions: 201->0(200)
[2023-02-28T14:40:54.937+0900][748.426s] GC(90) Survivor regions: 15->15(27)
[2023-02-28T14:40:54.937+0900][748.426s] GC(90) Old regions: 212->213
[2023-02-28T14:40:54.937+0900][748.426s] GC(90) Humongous regions: 17->17
[2023-02-28T14:40:54.937+0900][748.426s] GC(90) Metaspace: 64909K(66688K)->64909K(66688K) NonClass: 57512K(58624K)->57512K(58624K) Class: 7396K(8064K)->7396K(8064K)
[2023-02-28T14:40:54.937+0900][748.426s] GC(90) Pause Young (Normal) (G1 Evacuation Pause) 444M->244M(512M) 6.737ms
[2023-02-28T14:40:54.937+0900][748.426s] GC(90) User=0.16s Sys=0.00s Real=0.01s
[2023-02-28T14:40:56.466+0900][749.956s] GC(91) Pause Young (Normal) (G1 Evacuation Pause)
[2023-02-28T14:40:56.466+0900][749.956s] GC(91) Using 10 workers of 10 for evacuation
[2023-02-28T14:40:56.473+0900][749.963s] GC(91)   Pre Evacuate Collection Set: 0.0ms
[2023-02-28T14:40:56.473+0900][749.963s] GC(91)   Evacuate Collection Set: 6.3ms
[2023-02-28T14:40:56.473+0900][749.963s] GC(91)   Post Evacuate Collection Set: 0.4ms
[2023-02-28T14:40:56.473+0900][749.963s] GC(91)   Other: 0.2ms
[2023-02-28T14:40:56.473+0900][749.963s] GC(91) Eden regions: 200->0(199)
[2023-02-28T14:40:56.473+0900][749.963s] GC(91) Survivor regions: 15->15(27)
[2023-02-28T14:40:56.473+0900][749.963s] GC(91) Old regions: 213->214
[2023-02-28T14:40:56.473+0900][749.963s] GC(91) Humongous regions: 17->17
[2023-02-28T14:40:56.473+0900][749.963s] GC(91) Metaspace: 64909K(66688K)->64909K(66688K) NonClass: 57512K(58624K)->57512K(58624K) Class: 7396K(8064K)->7396K(8064K)
[2023-02-28T14:40:56.473+0900][749.963s] GC(91) Pause Young (Normal) (G1 Evacuation Pause) 444M->245M(512M) 7.144ms
[2023-02-28T14:40:56.473+0900][749.963s] GC(91) User=0.00s Sys=0.00s Real=0.01s
[2023-02-28T14:40:57.962+0900][751.451s] GC(92) Pause Young (Concurrent Start) (G1 Evacuation Pause)
[2023-02-28T14:40:57.962+0900][751.451s] GC(92) Using 10 workers of 10 for evacuation
[2023-02-28T14:40:57.969+0900][751.458s] GC(92)   Pre Evacuate Collection Set: 0.1ms
[2023-02-28T14:40:57.969+0900][751.458s] GC(92)   Evacuate Collection Set: 6.7ms
[2023-02-28T14:40:57.969+0900][751.458s] GC(92)   Post Evacuate Collection Set: 0.5ms
[2023-02-28T14:40:57.969+0900][751.458s] GC(92)   Other: 0.2ms
[2023-02-28T14:40:57.969+0900][751.458s] GC(92) Eden regions: 199->0(198)
[2023-02-28T14:40:57.969+0900][751.458s] GC(92) Survivor regions: 15->15(27)
[2023-02-28T14:40:57.969+0900][751.458s] GC(92) Old regions: 214->215
[2023-02-28T14:40:57.969+0900][751.458s] GC(92) Humongous regions: 17->17
[2023-02-28T14:40:57.969+0900][751.458s] GC(92) Metaspace: 64909K(66688K)->64909K(66688K) NonClass: 57512K(58624K)->57512K(58624K) Class: 7396K(8064K)->7396K(8064K)
[2023-02-28T14:40:57.969+0900][751.459s] GC(92) Pause Young (Concurrent Start) (G1 Evacuation Pause) 444M->246M(512M) 7.624ms
[2023-02-28T14:40:57.969+0900][751.459s] GC(92) User=0.16s Sys=0.00s Real=0.01s
[2023-02-28T14:40:57.969+0900][751.459s] GC(93) Concurrent Cycle
[2023-02-28T14:40:57.969+0900][751.459s] GC(93) Concurrent Clear Claimed Marks
[2023-02-28T14:40:57.969+0900][751.459s] GC(93) Concurrent Clear Claimed Marks 0.078ms
[2023-02-28T14:40:57.969+0900][751.459s] GC(93) Concurrent Scan Root Regions
[2023-02-28T14:40:57.973+0900][751.462s] GC(93) Concurrent Scan Root Regions 3.339ms
[2023-02-28T14:40:57.973+0900][751.462s] GC(93) Concurrent Mark (751.462s)
[2023-02-28T14:40:57.973+0900][751.462s] GC(93) Concurrent Mark From Roots
[2023-02-28T14:40:57.973+0900][751.462s] GC(93) Using 3 workers of 3 for marking
[2023-02-28T14:40:58.004+0900][751.493s] GC(93) Concurrent Mark From Roots 30.915ms
[2023-02-28T14:40:58.004+0900][751.493s] GC(93) Concurrent Preclean
[2023-02-28T14:40:58.004+0900][751.493s] GC(93) Concurrent Preclean 0.165ms
[2023-02-28T14:40:58.004+0900][751.493s] GC(93) Concurrent Mark (751.462s, 751.493s) 31.193ms
[2023-02-28T14:40:58.004+0900][751.494s] GC(93) Pause Remark
[2023-02-28T14:40:58.009+0900][751.498s] GC(93) Cleaned string and symbol table, strings: 31113 processed, 0 removed, symbols: 195517 processed, 43 removed
[2023-02-28T14:40:58.009+0900][751.499s] GC(93) Pause Remark 250M->249M(512M) 5.150ms
[2023-02-28T14:40:58.010+0900][751.499s] GC(93) User=0.00s Sys=0.00s Real=0.01s
[2023-02-28T14:40:58.010+0900][751.499s] GC(93) Concurrent Rebuild Remembered Sets
[2023-02-28T14:40:58.029+0900][751.519s] GC(93) Concurrent Rebuild Remembered Sets 19.695ms
[2023-02-28T14:40:58.029+0900][751.519s] GC(93) Pause Cleanup
[2023-02-28T14:40:58.029+0900][751.519s] GC(93) Pause Cleanup 251M->251M(512M) 0.159ms
[2023-02-28T14:40:58.029+0900][751.519s] GC(93) User=0.00s Sys=0.00s Real=0.00s
[2023-02-28T14:40:58.030+0900][751.519s] GC(93) Concurrent Cleanup for Next Mark
[2023-02-28T14:40:58.030+0900][751.519s] GC(93) Concurrent Cleanup for Next Mark 0.345ms
[2023-02-28T14:40:58.030+0900][751.519s] GC(93) Concurrent Cycle 60.849ms
[2023-02-28T14:40:59.488+0900][752.978s] GC(94) Pause Young (Prepare Mixed) (G1 Evacuation Pause)
[2023-02-28T14:40:59.488+0900][752.978s] GC(94) Using 10 workers of 10 for evacuation
[2023-02-28T14:40:59.494+0900][752.983s] GC(94)   Pre Evacuate Collection Set: 0.0ms
[2023-02-28T14:40:59.494+0900][752.984s] GC(94)   Evacuate Collection Set: 5.0ms
[2023-02-28T14:40:59.494+0900][752.984s] GC(94)   Post Evacuate Collection Set: 0.5ms
[2023-02-28T14:40:59.494+0900][752.984s] GC(94)   Other: 0.2ms
[2023-02-28T14:40:59.494+0900][752.984s] GC(94) Eden regions: 198->0(15)
[2023-02-28T14:40:59.494+0900][752.984s] GC(94) Survivor regions: 15->10(27)
[2023-02-28T14:40:59.494+0900][752.984s] GC(94) Old regions: 214->215
[2023-02-28T14:40:59.494+0900][752.984s] GC(94) Humongous regions: 17->17
[2023-02-28T14:40:59.494+0900][752.984s] GC(94) Metaspace: 64909K(66688K)->64909K(66688K) NonClass: 57512K(58624K)->57512K(58624K) Class: 7396K(8064K)->7396K(8064K)
[2023-02-28T14:40:59.494+0900][752.984s] GC(94) Pause Young (Prepare Mixed) (G1 Evacuation Pause) 443M->240M(512M) 5.985ms
[2023-02-28T14:40:59.494+0900][752.984s] GC(94) User=0.00s Sys=0.00s Real=0.01s
[2023-02-28T14:40:59.615+0900][753.104s] GC(95) Pause Young (Mixed) (G1 Evacuation Pause)
[2023-02-28T14:40:59.615+0900][753.104s] GC(95) Using 10 workers of 10 for evacuation
[2023-02-28T14:40:59.619+0900][753.108s] GC(95)   Pre Evacuate Collection Set: 0.1ms
[2023-02-28T14:40:59.619+0900][753.109s] GC(95)   Evacuate Collection Set: 3.1ms
[2023-02-28T14:40:59.619+0900][753.109s] GC(95)   Post Evacuate Collection Set: 0.7ms
[2023-02-28T14:40:59.619+0900][753.109s] GC(95)   Other: 0.2ms
[2023-02-28T14:40:59.619+0900][753.109s] GC(95) Eden regions: 15->0(22)
[2023-02-28T14:40:59.619+0900][753.109s] GC(95) Survivor regions: 10->3(4)
[2023-02-28T14:40:59.619+0900][753.109s] GC(95) Old regions: 215->169
[2023-02-28T14:40:59.619+0900][753.109s] GC(95) Humongous regions: 17->17
[2023-02-28T14:40:59.619+0900][753.109s] GC(95) Metaspace: 64909K(66688K)->64909K(66688K) NonClass: 57512K(58624K)->57512K(58624K) Class: 7396K(8064K)->7396K(8064K)
[2023-02-28T14:40:59.619+0900][753.109s] GC(95) Pause Young (Mixed) (G1 Evacuation Pause) 255M->188M(512M) 4.333ms
[2023-02-28T14:40:59.619+0900][753.109s] GC(95) User=0.00s Sys=0.00s Real=0.00s
[2023-02-28T14:40:59.783+0900][753.272s] GC(96) Pause Young (Mixed) (G1 Evacuation Pause)
[2023-02-28T14:40:59.783+0900][753.272s] GC(96) Using 10 workers of 10 for evacuation
[2023-02-28T14:40:59.785+0900][753.275s] GC(96)   Pre Evacuate Collection Set: 0.0ms
[2023-02-28T14:40:59.785+0900][753.275s] GC(96)   Evacuate Collection Set: 2.3ms
[2023-02-28T14:40:59.785+0900][753.275s] GC(96)   Post Evacuate Collection Set: 0.3ms
[2023-02-28T14:40:59.785+0900][753.275s] GC(96)   Other: 0.2ms
[2023-02-28T14:40:59.785+0900][753.275s] GC(96) Eden regions: 22->0(259)
[2023-02-28T14:40:59.786+0900][753.275s] GC(96) Survivor regions: 3->3(4)
[2023-02-28T14:40:59.786+0900][753.275s] GC(96) Old regions: 169->164
[2023-02-28T14:40:59.786+0900][753.275s] GC(96) Humongous regions: 17->17
[2023-02-28T14:40:59.786+0900][753.275s] GC(96) Metaspace: 64909K(66688K)->64909K(66688K) NonClass: 57512K(58624K)->57512K(58624K) Class: 7396K(8064K)->7396K(8064K)
[2023-02-28T14:40:59.786+0900][753.275s] GC(96) Pause Young (Mixed) (G1 Evacuation Pause) 210M->183M(512M) 3.058ms
[2023-02-28T14:40:59.786+0900][753.275s] GC(96) User=0.00s Sys=0.00s Real=0.00s
[2023-02-28T14:41:01.785+0900][755.275s] GC(97) Pause Young (Concurrent Start) (G1 Evacuation Pause)
[2023-02-28T14:41:01.785+0900][755.275s] GC(97) Using 10 workers of 10 for evacuation
[2023-02-28T14:41:01.788+0900][755.277s] GC(97)   Pre Evacuate Collection Set: 0.1ms
[2023-02-28T14:41:01.788+0900][755.278s] GC(97)   Evacuate Collection Set: 2.1ms
[2023-02-28T14:41:01.788+0900][755.278s] GC(97)   Post Evacuate Collection Set: 0.5ms
[2023-02-28T14:41:01.788+0900][755.278s] GC(97)   Other: 0.2ms
[2023-02-28T14:41:01.788+0900][755.278s] GC(97) Eden regions: 259->0(261)
[2023-02-28T14:41:01.788+0900][755.278s] GC(97) Survivor regions: 3->4(33)
[2023-02-28T14:41:01.788+0900][755.278s] GC(97) Old regions: 164->164
[2023-02-28T14:41:01.788+0900][755.278s] GC(97) Humongous regions: 17->17
[2023-02-28T14:41:01.788+0900][755.278s] GC(97) Metaspace: 64909K(66688K)->64909K(66688K) NonClass: 57512K(58624K)->57512K(58624K) Class: 7396K(8064K)->7396K(8064K)
[2023-02-28T14:41:01.788+0900][755.278s] GC(97) Pause Young (Concurrent Start) (G1 Evacuation Pause) 442M->184M(512M) 3.032ms
[2023-02-28T14:41:01.788+0900][755.278s] GC(97) User=0.00s Sys=0.00s Real=0.00s
[2023-02-28T14:41:01.789+0900][755.278s] GC(98) Concurrent Cycle
[2023-02-28T14:41:01.789+0900][755.278s] GC(98) Concurrent Clear Claimed Marks
[2023-02-28T14:41:01.789+0900][755.278s] GC(98) Concurrent Clear Claimed Marks 0.044ms
[2023-02-28T14:41:01.789+0900][755.278s] GC(98) Concurrent Scan Root Regions
[2023-02-28T14:41:01.789+0900][755.279s] GC(98) Concurrent Scan Root Regions 0.811ms
[2023-02-28T14:41:01.789+0900][755.279s] GC(98) Concurrent Mark (755.279s)
[2023-02-28T14:41:01.789+0900][755.279s] GC(98) Concurrent Mark From Roots
[2023-02-28T14:41:01.790+0900][755.279s] GC(98) Using 3 workers of 3 for marking
[2023-02-28T14:41:01.817+0900][755.306s] GC(98) Concurrent Mark From Roots 27.574ms
[2023-02-28T14:41:01.817+0900][755.306s] GC(98) Concurrent Preclean
[2023-02-28T14:41:01.817+0900][755.307s] GC(98) Concurrent Preclean 0.169ms
[2023-02-28T14:41:01.817+0900][755.307s] GC(98) Concurrent Mark (755.279s, 755.307s) 27.857ms
[2023-02-28T14:41:01.818+0900][755.307s] GC(98) Pause Remark
[2023-02-28T14:41:01.821+0900][755.311s] GC(98) Cleaned string and symbol table, strings: 31113 processed, 0 removed, symbols: 195474 processed, 0 removed
[2023-02-28T14:41:01.822+0900][755.311s] GC(98) Pause Remark 188M->188M(512M) 4.150ms
[2023-02-28T14:41:01.822+0900][755.311s] GC(98) User=0.00s Sys=0.00s Real=0.00s
[2023-02-28T14:41:01.822+0900][755.311s] GC(98) Concurrent Rebuild Remembered Sets
[2023-02-28T14:41:01.838+0900][755.328s] GC(98) Concurrent Rebuild Remembered Sets 16.632ms
[2023-02-28T14:41:01.839+0900][755.328s] GC(98) Pause Cleanup
[2023-02-28T14:41:01.839+0900][755.328s] GC(98) Pause Cleanup 190M->190M(512M) 0.187ms
[2023-02-28T14:41:01.839+0900][755.328s] GC(98) User=0.00s Sys=0.00s Real=0.00s
[2023-02-28T14:41:01.839+0900][755.328s] GC(98) Concurrent Cleanup for Next Mark
[2023-02-28T14:41:01.839+0900][755.329s] GC(98) Concurrent Cleanup for Next Mark 0.373ms
[2023-02-28T14:41:01.839+0900][755.329s] GC(98) Concurrent Cycle 50.931ms
[2023-02-28T14:41:03.027+0900][756.516s] GC(99) Pause Young (Prepare Mixed) (G1 Evacuation Pause)
[2023-02-28T14:41:03.027+0900][756.516s] GC(99) Using 10 workers of 10 for evacuation
[2023-02-28T14:41:03.036+0900][756.526s] GC(99)   Pre Evacuate Collection Set: 0.0ms
[2023-02-28T14:41:03.036+0900][756.526s] GC(99)   Evacuate Collection Set: 8.8ms
[2023-02-28T14:41:03.036+0900][756.526s] GC(99)   Post Evacuate Collection Set: 0.3ms
[2023-02-28T14:41:03.036+0900][756.526s] GC(99)   Other: 0.2ms
[2023-02-28T14:41:03.036+0900][756.526s] GC(99) Eden regions: 261->0(1)
[2023-02-28T14:41:03.036+0900][756.526s] GC(99) Survivor regions: 4->28(34)
[2023-02-28T14:41:03.036+0900][756.526s] GC(99) Old regions: 164->164
[2023-02-28T14:41:03.036+0900][756.526s] GC(99) Humongous regions: 17->17
[2023-02-28T14:41:03.036+0900][756.526s] GC(99) Metaspace: 64951K(66688K)->64951K(66688K) NonClass: 57555K(58624K)->57555K(58624K) Class: 7396K(8064K)->7396K(8064K)
[2023-02-28T14:41:03.036+0900][756.526s] GC(99) Pause Young (Prepare Mixed) (G1 Evacuation Pause) 445M->208M(512M) 9.584ms
[2023-02-28T14:41:03.036+0900][756.526s] GC(99) User=0.14s Sys=0.00s Real=0.01s
[2023-02-28T14:41:03.038+0900][756.528s] GC(100) Pause Young (Mixed) (G1 Evacuation Pause)
[2023-02-28T14:41:03.038+0900][756.528s] GC(100) Using 10 workers of 10 for evacuation
[2023-02-28T14:41:03.048+0900][756.538s] GC(100)   Pre Evacuate Collection Set: 0.0ms
[2023-02-28T14:41:03.048+0900][756.538s] GC(100)   Evacuate Collection Set: 9.3ms
[2023-02-28T14:41:03.048+0900][756.538s] GC(100)   Post Evacuate Collection Set: 0.5ms
[2023-02-28T14:41:03.048+0900][756.538s] GC(100)   Other: 0.2ms
[2023-02-28T14:41:03.048+0900][756.538s] GC(100) Eden regions: 1->0(226)
[2023-02-28T14:41:03.048+0900][756.538s] GC(100) Survivor regions: 28->2(4)
[2023-02-28T14:41:03.048+0900][756.538s] GC(100) Old regions: 164->183
[2023-02-28T14:41:03.048+0900][756.538s] GC(100) Humongous regions: 17->17
[2023-02-28T14:41:03.048+0900][756.538s] GC(100) Metaspace: 64951K(66688K)->64951K(66688K) NonClass: 57555K(58624K)->57555K(58624K) Class: 7396K(8064K)->7396K(8064K)
[2023-02-28T14:41:03.048+0900][756.538s] GC(100) Pause Young (Mixed) (G1 Evacuation Pause) 209M->201M(512M) 10.217ms
[2023-02-28T14:41:03.048+0900][756.538s] GC(100) User=0.16s Sys=0.00s Real=0.01s
[2023-02-28T14:41:03.488+0900][756.977s] GC(101) Pause Young (Concurrent Start) (G1 Evacuation Pause)
[2023-02-28T14:41:03.488+0900][756.977s] GC(101) Using 10 workers of 10 for evacuation
[2023-02-28T14:41:03.502+0900][756.991s] GC(101)   Pre Evacuate Collection Set: 0.1ms
[2023-02-28T14:41:03.502+0900][756.991s] GC(101)   Evacuate Collection Set: 12.9ms
[2023-02-28T14:41:03.502+0900][756.991s] GC(101)   Post Evacuate Collection Set: 0.4ms
[2023-02-28T14:41:03.502+0900][756.991s] GC(101)   Other: 0.2ms
[2023-02-28T14:41:03.502+0900][756.991s] GC(101) Eden regions: 226->0(178)
[2023-02-28T14:41:03.502+0900][756.991s] GC(101) Survivor regions: 2->29(29)
[2023-02-28T14:41:03.502+0900][756.991s] GC(101) Old regions: 183->190
[2023-02-28T14:41:03.502+0900][756.991s] GC(101) Humongous regions: 17->17
[2023-02-28T14:41:03.502+0900][756.991s] GC(101) Metaspace: 64955K(66688K)->64955K(66688K) NonClass: 57558K(58624K)->57558K(58624K) Class: 7396K(8064K)->7396K(8064K)
[2023-02-28T14:41:03.502+0900][756.991s] GC(101) Pause Young (Concurrent Start) (G1 Evacuation Pause) 427M->235M(512M) 13.701ms
[2023-02-28T14:41:03.502+0900][756.991s] GC(101) User=0.16s Sys=0.00s Real=0.01s
[2023-02-28T14:41:03.502+0900][756.991s] GC(102) Concurrent Cycle
[2023-02-28T14:41:03.502+0900][756.991s] GC(102) Concurrent Clear Claimed Marks
[2023-02-28T14:41:03.502+0900][756.992s] GC(102) Concurrent Clear Claimed Marks 0.210ms
[2023-02-28T14:41:03.502+0900][756.992s] GC(102) Concurrent Scan Root Regions
[2023-02-28T14:41:03.505+0900][756.994s] GC(102) Concurrent Scan Root Regions 2.730ms
[2023-02-28T14:41:03.505+0900][756.994s] GC(102) Concurrent Mark (756.994s)
[2023-02-28T14:41:03.505+0900][756.994s] GC(102) Concurrent Mark From Roots
[2023-02-28T14:41:03.505+0900][756.994s] GC(102) Using 3 workers of 3 for marking
[2023-02-28T14:41:03.540+0900][757.030s] GC(102) Concurrent Mark From Roots 35.287ms
[2023-02-28T14:41:03.540+0900][757.030s] GC(102) Concurrent Preclean
[2023-02-28T14:41:03.541+0900][757.030s] GC(102) Concurrent Preclean 0.173ms
[2023-02-28T14:41:03.541+0900][757.030s] GC(102) Concurrent Mark (756.994s, 757.030s) 35.567ms
[2023-02-28T14:41:03.541+0900][757.030s] GC(102) Pause Remark
[2023-02-28T14:41:03.545+0900][757.034s] GC(102) Cleaned string and symbol table, strings: 31124 processed, 0 removed, symbols: 195474 processed, 0 removed
[2023-02-28T14:41:03.546+0900][757.035s] GC(102) Pause Remark 257M->257M(512M) 4.821ms
[2023-02-28T14:41:03.546+0900][757.035s] GC(102) User=0.16s Sys=0.00s Real=0.01s
[2023-02-28T14:41:03.546+0900][757.035s] GC(102) Concurrent Rebuild Remembered Sets
[2023-02-28T14:41:03.566+0900][757.055s] GC(102) Concurrent Rebuild Remembered Sets 20.339ms
[2023-02-28T14:41:03.566+0900][757.055s] GC(102) Pause Cleanup
[2023-02-28T14:41:03.566+0900][757.056s] GC(102) Pause Cleanup 260M->260M(512M) 0.153ms
[2023-02-28T14:41:03.566+0900][757.056s] GC(102) User=0.00s Sys=0.00s Real=0.00s
[2023-02-28T14:41:03.566+0900][757.056s] GC(102) Concurrent Cleanup for Next Mark
[2023-02-28T14:41:03.567+0900][757.056s] GC(102) Concurrent Cleanup for Next Mark 0.558ms
[2023-02-28T14:41:03.567+0900][757.056s] GC(102) Concurrent Cycle 65.011ms
[2023-02-28T14:41:03.856+0900][757.345s] GC(103) Pause Young (Prepare Mixed) (G1 Evacuation Pause)
[2023-02-28T14:41:03.856+0900][757.345s] GC(103) Using 10 workers of 10 for evacuation
[2023-02-28T14:41:03.875+0900][757.365s] GC(103)   Pre Evacuate Collection Set: 0.0ms
[2023-02-28T14:41:03.875+0900][757.365s] GC(103)   Evacuate Collection Set: 18.6ms
[2023-02-28T14:41:03.875+0900][757.365s] GC(103)   Post Evacuate Collection Set: 0.7ms
[2023-02-28T14:41:03.875+0900][757.365s] GC(103)   Other: 0.2ms
[2023-02-28T14:41:03.875+0900][757.365s] GC(103) Eden regions: 178->0(1)
[2023-02-28T14:41:03.875+0900][757.365s] GC(103) Survivor regions: 29->26(26)
[2023-02-28T14:41:03.875+0900][757.365s] GC(103) Old regions: 190->221
[2023-02-28T14:41:03.875+0900][757.365s] GC(103) Humongous regions: 17->17
[2023-02-28T14:41:03.875+0900][757.365s] GC(103) Metaspace: 64955K(66688K)->64955K(66688K) NonClass: 57558K(58624K)->57558K(58624K) Class: 7396K(8064K)->7396K(8064K)
[2023-02-28T14:41:03.876+0900][757.365s] GC(103) Pause Young (Prepare Mixed) (G1 Evacuation Pause) 413M->263M(512M) 19.813ms
[2023-02-28T14:41:03.876+0900][757.365s] GC(103) User=0.16s Sys=0.00s Real=0.02s
[2023-02-28T14:41:03.879+0900][757.368s] GC(104) Pause Young (Mixed) (G1 Evacuation Pause)
[2023-02-28T14:41:03.879+0900][757.368s] GC(104) Using 10 workers of 10 for evacuation
[2023-02-28T14:41:03.890+0900][757.379s] GC(104)   Pre Evacuate Collection Set: 0.0ms
[2023-02-28T14:41:03.890+0900][757.379s] GC(104)   Evacuate Collection Set: 10.4ms
[2023-02-28T14:41:03.890+0900][757.379s] GC(104)   Post Evacuate Collection Set: 0.4ms
[2023-02-28T14:41:03.890+0900][757.379s] GC(104)   Other: 0.2ms
[2023-02-28T14:41:03.890+0900][757.379s] GC(104) Eden regions: 1->0(156)
[2023-02-28T14:41:03.890+0900][757.379s] GC(104) Survivor regions: 26->2(4)
[2023-02-28T14:41:03.890+0900][757.379s] GC(104) Old regions: 221->235
[2023-02-28T14:41:03.890+0900][757.379s] GC(104) Humongous regions: 17->17
[2023-02-28T14:41:03.890+0900][757.379s] GC(104) Metaspace: 64955K(66688K)->64955K(66688K) NonClass: 57558K(58624K)->57558K(58624K) Class: 7396K(8064K)->7396K(8064K)
[2023-02-28T14:41:03.890+0900][757.379s] GC(104) Pause Young (Mixed) (G1 Evacuation Pause) 264M->253M(512M) 11.284ms
[2023-02-28T14:41:03.890+0900][757.379s] GC(104) User=0.14s Sys=0.00s Real=0.01s
[2023-02-28T14:41:04.180+0900][757.670s] GC(105) Pause Young (Concurrent Start) (G1 Evacuation Pause)
[2023-02-28T14:41:04.180+0900][757.670s] GC(105) Using 10 workers of 10 for evacuation
[2023-02-28T14:41:04.190+0900][757.679s] GC(105)   Pre Evacuate Collection Set: 0.1ms
[2023-02-28T14:41:04.190+0900][757.679s] GC(105)   Evacuate Collection Set: 8.7ms
[2023-02-28T14:41:04.190+0900][757.679s] GC(105)   Post Evacuate Collection Set: 0.4ms
[2023-02-28T14:41:04.190+0900][757.679s] GC(105)   Other: 0.2ms
[2023-02-28T14:41:04.190+0900][757.679s] GC(105) Eden regions: 156->0(133)
[2023-02-28T14:41:04.190+0900][757.679s] GC(105) Survivor regions: 2->20(20)
[2023-02-28T14:41:04.190+0900][757.679s] GC(105) Old regions: 235->244
[2023-02-28T14:41:04.190+0900][757.679s] GC(105) Humongous regions: 17->17
[2023-02-28T14:41:04.190+0900][757.679s] GC(105) Metaspace: 64963K(66688K)->64963K(66688K) NonClass: 57566K(58624K)->57566K(58624K) Class: 7396K(8064K)->7396K(8064K)
[2023-02-28T14:41:04.190+0900][757.679s] GC(105) Pause Young (Concurrent Start) (G1 Evacuation Pause) 409M->280M(512M) 9.620ms
[2023-02-28T14:41:04.190+0900][757.680s] GC(105) User=0.16s Sys=0.00s Real=0.01s
[2023-02-28T14:41:04.190+0900][757.680s] GC(106) Concurrent Cycle
[2023-02-28T14:41:04.190+0900][757.680s] GC(106) Concurrent Clear Claimed Marks
[2023-02-28T14:41:04.190+0900][757.680s] GC(106) Concurrent Clear Claimed Marks 0.111ms
[2023-02-28T14:41:04.190+0900][757.680s] GC(106) Concurrent Scan Root Regions
[2023-02-28T14:41:04.192+0900][757.682s] GC(106) Concurrent Scan Root Regions 1.816ms
[2023-02-28T14:41:04.192+0900][757.682s] GC(106) Concurrent Mark (757.682s)
[2023-02-28T14:41:04.192+0900][757.682s] GC(106) Concurrent Mark From Roots
[2023-02-28T14:41:04.192+0900][757.682s] GC(106) Using 3 workers of 3 for marking
[2023-02-28T14:41:04.233+0900][757.723s] GC(106) Concurrent Mark From Roots 41.734ms
[2023-02-28T14:41:04.233+0900][757.723s] GC(106) Concurrent Preclean
[2023-02-28T14:41:04.234+0900][757.724s] GC(106) Concurrent Preclean 0.169ms
[2023-02-28T14:41:04.234+0900][757.724s] GC(106) Concurrent Mark (757.682s, 757.724s) 42.006ms
[2023-02-28T14:41:04.234+0900][757.724s] GC(106) Pause Remark
[2023-02-28T14:41:04.238+0900][757.728s] GC(106) Cleaned string and symbol table, strings: 31132 processed, 0 removed, symbols: 195474 processed, 0 removed
[2023-02-28T14:41:04.238+0900][757.728s] GC(106) Pause Remark 300M->299M(512M) 4.253ms
[2023-02-28T14:41:04.238+0900][757.728s] GC(106) User=0.00s Sys=0.00s Real=0.00s
[2023-02-28T14:41:04.238+0900][757.728s] GC(106) Concurrent Rebuild Remembered Sets
[2023-02-28T14:41:04.272+0900][757.762s] GC(106) Concurrent Rebuild Remembered Sets 33.517ms
[2023-02-28T14:41:04.272+0900][757.762s] GC(106) Pause Cleanup
[2023-02-28T14:41:04.272+0900][757.762s] GC(106) Pause Cleanup 317M->317M(512M) 0.213ms
[2023-02-28T14:41:04.272+0900][757.762s] GC(106) User=0.00s Sys=0.00s Real=0.00s
[2023-02-28T14:41:04.272+0900][757.762s] GC(106) Concurrent Cleanup for Next Mark
[2023-02-28T14:41:04.273+0900][757.763s] GC(106) Concurrent Cleanup for Next Mark 0.617ms
[2023-02-28T14:41:04.273+0900][757.763s] GC(106) Concurrent Cycle 83.338ms
[2023-02-28T14:41:04.450+0900][757.939s] GC(107) Pause Young (Prepare Mixed) (G1 Evacuation Pause)
[2023-02-28T14:41:04.450+0900][757.940s] GC(107) Using 10 workers of 10 for evacuation
[2023-02-28T14:41:04.464+0900][757.953s] GC(107)   Pre Evacuate Collection Set: 0.0ms
[2023-02-28T14:41:04.464+0900][757.953s] GC(107)   Evacuate Collection Set: 12.7ms
[2023-02-28T14:41:04.464+0900][757.953s] GC(107)   Post Evacuate Collection Set: 0.7ms
[2023-02-28T14:41:04.464+0900][757.953s] GC(107)   Other: 0.3ms
[2023-02-28T14:41:04.464+0900][757.953s] GC(107) Eden regions: 133->0(5)
[2023-02-28T14:41:04.464+0900][757.953s] GC(107) Survivor regions: 20->20(20)
[2023-02-28T14:41:04.464+0900][757.953s] GC(107) Old regions: 243->264
[2023-02-28T14:41:04.464+0900][757.953s] GC(107) Humongous regions: 17->17
[2023-02-28T14:41:04.464+0900][757.953s] GC(107) Metaspace: 64963K(66688K)->64963K(66688K) NonClass: 57566K(58624K)->57566K(58624K) Class: 7396K(8064K)->7396K(8064K)
[2023-02-28T14:41:04.464+0900][757.953s] GC(107) Pause Young (Prepare Mixed) (G1 Evacuation Pause) 412M->301M(512M) 13.935ms
[2023-02-28T14:41:04.464+0900][757.953s] GC(107) User=0.00s Sys=0.00s Real=0.01s
[2023-02-28T14:41:04.472+0900][757.961s] GC(108) Pause Young (Mixed) (G1 Evacuation Pause)
[2023-02-28T14:41:04.472+0900][757.961s] GC(108) Using 10 workers of 10 for evacuation
[2023-02-28T14:41:04.482+0900][757.971s] GC(108)   Pre Evacuate Collection Set: 0.0ms
[2023-02-28T14:41:04.482+0900][757.971s] GC(108)   Evacuate Collection Set: 9.6ms
[2023-02-28T14:41:04.482+0900][757.971s] GC(108)   Post Evacuate Collection Set: 0.5ms
[2023-02-28T14:41:04.482+0900][757.971s] GC(108)   Other: 0.2ms
[2023-02-28T14:41:04.482+0900][757.971s] GC(108) Eden regions: 5->0(121)
[2023-02-28T14:41:04.482+0900][757.971s] GC(108) Survivor regions: 20->3(4)
[2023-02-28T14:41:04.482+0900][757.971s] GC(108) Old regions: 264->274
[2023-02-28T14:41:04.482+0900][757.971s] GC(108) Humongous regions: 17->17
[2023-02-28T14:41:04.482+0900][757.971s] GC(108) Metaspace: 64963K(66688K)->64963K(66688K) NonClass: 57566K(58624K)->57566K(58624K) Class: 7396K(8064K)->7396K(8064K)
[2023-02-28T14:41:04.482+0900][757.971s] GC(108) Pause Young (Mixed) (G1 Evacuation Pause) 306M->293M(512M) 10.561ms
[2023-02-28T14:41:04.482+0900][757.971s] GC(108) User=0.03s Sys=0.02s Real=0.01s
[2023-02-28T14:41:04.740+0900][758.229s] GC(109) Pause Young (Concurrent Start) (G1 Evacuation Pause)
[2023-02-28T14:41:04.740+0900][758.229s] GC(109) Using 10 workers of 10 for evacuation
[2023-02-28T14:41:04.747+0900][758.237s] GC(109)   Pre Evacuate Collection Set: 0.1ms
[2023-02-28T14:41:04.747+0900][758.237s] GC(109)   Evacuate Collection Set: 6.8ms
[2023-02-28T14:41:04.747+0900][758.237s] GC(109)   Post Evacuate Collection Set: 0.3ms
[2023-02-28T14:41:04.747+0900][758.237s] GC(109)   Other: 0.2ms
[2023-02-28T14:41:04.747+0900][758.237s] GC(109) Eden regions: 121->0(103)
[2023-02-28T14:41:04.747+0900][758.237s] GC(109) Survivor regions: 3->16(16)
[2023-02-28T14:41:04.747+0900][758.237s] GC(109) Old regions: 274->282
[2023-02-28T14:41:04.747+0900][758.237s] GC(109) Humongous regions: 17->17
[2023-02-28T14:41:04.747+0900][758.237s] GC(109) Metaspace: 64966K(66688K)->64966K(66688K) NonClass: 57570K(58624K)->57570K(58624K) Class: 7396K(8064K)->7396K(8064K)
[2023-02-28T14:41:04.747+0900][758.237s] GC(109) Pause Young (Concurrent Start) (G1 Evacuation Pause) 414M->314M(512M) 7.626ms
[2023-02-28T14:41:04.747+0900][758.237s] GC(109) User=0.14s Sys=0.00s Real=0.01s
[2023-02-28T14:41:04.748+0900][758.237s] GC(110) Concurrent Cycle
[2023-02-28T14:41:04.748+0900][758.237s] GC(110) Concurrent Clear Claimed Marks
[2023-02-28T14:41:04.748+0900][758.237s] GC(110) Concurrent Clear Claimed Marks 0.105ms
[2023-02-28T14:41:04.748+0900][758.237s] GC(110) Concurrent Scan Root Regions
[2023-02-28T14:41:04.749+0900][758.239s] GC(110) Concurrent Scan Root Regions 1.383ms
[2023-02-28T14:41:04.749+0900][758.239s] GC(110) Concurrent Mark (758.239s)
[2023-02-28T14:41:04.749+0900][758.239s] GC(110) Concurrent Mark From Roots
[2023-02-28T14:41:04.749+0900][758.239s] GC(110) Using 3 workers of 3 for marking
[2023-02-28T14:41:04.801+0900][758.290s] GC(110) Concurrent Mark From Roots 51.507ms
[2023-02-28T14:41:04.801+0900][758.291s] GC(110) Concurrent Preclean
[2023-02-28T14:41:04.801+0900][758.291s] GC(110) Concurrent Preclean 0.205ms
[2023-02-28T14:41:04.801+0900][758.291s] GC(110) Concurrent Mark (758.239s, 758.291s) 52.183ms
[2023-02-28T14:41:04.802+0900][758.291s] GC(110) Pause Remark
[2023-02-28T14:41:04.806+0900][758.295s] GC(110) Cleaned string and symbol table, strings: 31132 processed, 0 removed, symbols: 195474 processed, 0 removed
[2023-02-28T14:41:04.806+0900][758.295s] GC(110) Pause Remark 320M->320M(512M) 4.325ms
[2023-02-28T14:41:04.806+0900][758.295s] GC(110) User=0.00s Sys=0.00s Real=0.00s
[2023-02-28T14:41:04.806+0900][758.295s] GC(110) Concurrent Rebuild Remembered Sets
[2023-02-28T14:41:04.837+0900][758.327s] GC(110) Concurrent Rebuild Remembered Sets 31.204ms
[2023-02-28T14:41:04.838+0900][758.327s] GC(110) Pause Cleanup
[2023-02-28T14:41:04.838+0900][758.327s] GC(110) Pause Cleanup 324M->324M(512M) 0.172ms
[2023-02-28T14:41:04.838+0900][758.327s] GC(110) User=0.00s Sys=0.00s Real=0.00s
[2023-02-28T14:41:04.838+0900][758.327s] GC(110) Concurrent Cleanup for Next Mark
[2023-02-28T14:41:04.838+0900][758.327s] GC(110) Concurrent Cleanup for Next Mark 0.346ms
[2023-02-28T14:41:04.838+0900][758.327s] GC(110) Concurrent Cycle 90.391ms
[2023-02-28T14:41:05.224+0900][758.713s] GC(111) Pause Young (Prepare Mixed) (G1 Evacuation Pause)
[2023-02-28T14:41:05.224+0900][758.713s] GC(111) Using 10 workers of 10 for evacuation
[2023-02-28T14:41:05.232+0900][758.722s] GC(111)   Pre Evacuate Collection Set: 0.0ms
[2023-02-28T14:41:05.232+0900][758.722s] GC(111)   Evacuate Collection Set: 8.0ms
[2023-02-28T14:41:05.232+0900][758.722s] GC(111)   Post Evacuate Collection Set: 0.3ms
[2023-02-28T14:41:05.232+0900][758.722s] GC(111)   Other: 0.2ms
[2023-02-28T14:41:05.232+0900][758.722s] GC(111) Eden regions: 103->0(13)
[2023-02-28T14:41:05.232+0900][758.722s] GC(111) Survivor regions: 16->12(15)
[2023-02-28T14:41:05.232+0900][758.722s] GC(111) Old regions: 282->298
[2023-02-28T14:41:05.232+0900][758.722s] GC(111) Humongous regions: 17->17
[2023-02-28T14:41:05.232+0900][758.722s] GC(111) Metaspace: 64995K(66688K)->64995K(66688K) NonClass: 57598K(58624K)->57598K(58624K) Class: 7396K(8064K)->7396K(8064K)
[2023-02-28T14:41:05.232+0900][758.722s] GC(111) Pause Young (Prepare Mixed) (G1 Evacuation Pause) 417M->326M(512M) 8.797ms
[2023-02-28T14:41:05.232+0900][758.722s] GC(111) User=0.16s Sys=0.00s Real=0.01s
[2023-02-28T14:41:05.250+0900][758.740s] GC(112) Pause Young (Mixed) (G1 Evacuation Pause)
[2023-02-28T14:41:05.250+0900][758.740s] GC(112) Using 10 workers of 10 for evacuation
[2023-02-28T14:41:05.259+0900][758.749s] GC(112)   Pre Evacuate Collection Set: 0.0ms
[2023-02-28T14:41:05.259+0900][758.749s] GC(112)   Evacuate Collection Set: 8.4ms
[2023-02-28T14:41:05.259+0900][758.749s] GC(112)   Post Evacuate Collection Set: 0.5ms
[2023-02-28T14:41:05.259+0900][758.749s] GC(112)   Other: 0.2ms
[2023-02-28T14:41:05.259+0900][758.749s] GC(112) Eden regions: 13->0(102)
[2023-02-28T14:41:05.259+0900][758.749s] GC(112) Survivor regions: 12->4(4)
[2023-02-28T14:41:05.259+0900][758.749s] GC(112) Old regions: 298->297
[2023-02-28T14:41:05.259+0900][758.749s] GC(112) Humongous regions: 17->17
[2023-02-28T14:41:05.259+0900][758.749s] GC(112) Metaspace: 64995K(66688K)->64995K(66688K) NonClass: 57598K(58624K)->57598K(58624K) Class: 7396K(8064K)->7396K(8064K)
[2023-02-28T14:41:05.259+0900][758.749s] GC(112) Pause Young (Mixed) (G1 Evacuation Pause) 339M->316M(512M) 9.469ms
[2023-02-28T14:41:05.260+0900][758.749s] GC(112) User=0.00s Sys=0.00s Real=0.01s
[2023-02-28T14:41:05.451+0900][758.941s] GC(113) Pause Young (Concurrent Start) (G1 Evacuation Pause)
[2023-02-28T14:41:05.452+0900][758.941s] GC(113) Using 10 workers of 10 for evacuation
[2023-02-28T14:41:05.459+0900][758.949s] GC(113)   Pre Evacuate Collection Set: 0.1ms
[2023-02-28T14:41:05.459+0900][758.949s] GC(113)   Evacuate Collection Set: 6.9ms
[2023-02-28T14:41:05.459+0900][758.949s] GC(113)   Post Evacuate Collection Set: 0.6ms
[2023-02-28T14:41:05.459+0900][758.949s] GC(113)   Other: 0.3ms
[2023-02-28T14:41:05.459+0900][758.949s] GC(113) Eden regions: 102->0(93)
[2023-02-28T14:41:05.459+0900][758.949s] GC(113) Survivor regions: 4->14(14)
[2023-02-28T14:41:05.459+0900][758.949s] GC(113) Old regions: 297->301
[2023-02-28T14:41:05.460+0900][758.949s] GC(113) Humongous regions: 17->17
[2023-02-28T14:41:05.460+0900][758.949s] GC(113) Metaspace: 64995K(66688K)->64995K(66688K) NonClass: 57598K(58624K)->57598K(58624K) Class: 7396K(8064K)->7396K(8064K)
[2023-02-28T14:41:05.460+0900][758.950s] GC(113) Pause Young (Concurrent Start) (G1 Evacuation Pause) 418M->331M(512M) 8.423ms
[2023-02-28T14:41:05.460+0900][758.950s] GC(113) User=0.00s Sys=0.00s Real=0.01s
[2023-02-28T14:41:05.460+0900][758.950s] GC(114) Concurrent Cycle
[2023-02-28T14:41:05.460+0900][758.950s] GC(114) Concurrent Clear Claimed Marks
[2023-02-28T14:41:05.460+0900][758.950s] GC(114) Concurrent Clear Claimed Marks 0.130ms
[2023-02-28T14:41:05.460+0900][758.950s] GC(114) Concurrent Scan Root Regions
[2023-02-28T14:41:05.462+0900][758.952s] GC(114) Concurrent Scan Root Regions 1.838ms
[2023-02-28T14:41:05.462+0900][758.952s] GC(114) Concurrent Mark (758.952s)
[2023-02-28T14:41:05.462+0900][758.952s] GC(114) Concurrent Mark From Roots
[2023-02-28T14:41:05.462+0900][758.952s] GC(114) Using 3 workers of 3 for marking
[2023-02-28T14:41:05.519+0900][759.008s] GC(114) Concurrent Mark From Roots 56.424ms
[2023-02-28T14:41:05.519+0900][759.008s] GC(114) Concurrent Preclean
[2023-02-28T14:41:05.519+0900][759.008s] GC(114) Concurrent Preclean 0.144ms
[2023-02-28T14:41:05.519+0900][759.008s] GC(114) Concurrent Mark (758.952s, 759.008s) 56.683ms
[2023-02-28T14:41:05.519+0900][759.009s] GC(114) Pause Remark
[2023-02-28T14:41:05.524+0900][759.013s] GC(114) Cleaned string and symbol table, strings: 31135 processed, 0 removed, symbols: 195474 processed, 0 removed
[2023-02-28T14:41:05.524+0900][759.014s] GC(114) Pause Remark 351M->351M(512M) 5.042ms
[2023-02-28T14:41:05.524+0900][759.014s] GC(114) User=0.00s Sys=0.00s Real=0.00s
[2023-02-28T14:41:05.524+0900][759.014s] GC(114) Concurrent Rebuild Remembered Sets
[2023-02-28T14:41:05.565+0900][759.054s] GC(114) Concurrent Rebuild Remembered Sets 40.274ms
[2023-02-28T14:41:05.565+0900][759.054s] GC(114) Pause Cleanup
[2023-02-28T14:41:05.565+0900][759.055s] GC(114) Pause Cleanup 375M->375M(512M) 0.198ms
[2023-02-28T14:41:05.565+0900][759.055s] GC(114) User=0.00s Sys=0.00s Real=0.00s
[2023-02-28T14:41:05.565+0900][759.055s] GC(114) Concurrent Cleanup for Next Mark
[2023-02-28T14:41:05.566+0900][759.055s] GC(114) Concurrent Cleanup for Next Mark 0.625ms
[2023-02-28T14:41:05.566+0900][759.055s] GC(114) Concurrent Cycle 105.695ms
[2023-02-28T14:41:05.668+0900][759.158s] GC(115) Pause Young (Prepare Mixed) (G1 Evacuation Pause)
[2023-02-28T14:41:05.668+0900][759.158s] GC(115) Using 10 workers of 10 for evacuation
[2023-02-28T14:41:05.679+0900][759.169s] GC(115)   Pre Evacuate Collection Set: 0.0ms
[2023-02-28T14:41:05.679+0900][759.169s] GC(115)   Evacuate Collection Set: 9.8ms
[2023-02-28T14:41:05.679+0900][759.169s] GC(115)   Post Evacuate Collection Set: 0.6ms
[2023-02-28T14:41:05.679+0900][759.169s] GC(115)   Other: 0.3ms
[2023-02-28T14:41:05.679+0900][759.169s] GC(115) Eden regions: 93->0(11)
[2023-02-28T14:41:05.679+0900][759.169s] GC(115) Survivor regions: 14->14(14)
[2023-02-28T14:41:05.679+0900][759.169s] GC(115) Old regions: 301->319
[2023-02-28T14:41:05.679+0900][759.169s] GC(115) Humongous regions: 22->22
[2023-02-28T14:41:05.679+0900][759.169s] GC(115) Metaspace: 64995K(66688K)->64995K(66688K) NonClass: 57598K(58624K)->57598K(58624K) Class: 7396K(8064K)->7396K(8064K)
[2023-02-28T14:41:05.679+0900][759.169s] GC(115) Pause Young (Prepare Mixed) (G1 Evacuation Pause) 429M->354M(512M) 10.950ms
[2023-02-28T14:41:05.679+0900][759.169s] GC(115) User=0.00s Sys=0.00s Real=0.01s
[2023-02-28T14:41:05.731+0900][759.221s] GC(116) Pause Young (Mixed) (G1 Evacuation Pause)
[2023-02-28T14:41:05.731+0900][759.221s] GC(116) Using 10 workers of 10 for evacuation
[2023-02-28T14:41:05.738+0900][759.228s] GC(116)   Pre Evacuate Collection Set: 0.1ms
[2023-02-28T14:41:05.738+0900][759.228s] GC(116)   Evacuate Collection Set: 6.0ms
[2023-02-28T14:41:05.738+0900][759.228s] GC(116)   Post Evacuate Collection Set: 0.6ms
[2023-02-28T14:41:05.738+0900][759.228s] GC(116)   Other: 0.6ms
[2023-02-28T14:41:05.738+0900][759.228s] GC(116) Eden regions: 11->0(65)
[2023-02-28T14:41:05.738+0900][759.228s] GC(116) Survivor regions: 14->3(4)
[2023-02-28T14:41:05.738+0900][759.228s] GC(116) Old regions: 319->330
[2023-02-28T14:41:05.738+0900][759.228s] GC(116) Humongous regions: 32->32
[2023-02-28T14:41:05.738+0900][759.228s] GC(116) Metaspace: 65009K(66688K)->65009K(66688K) NonClass: 57612K(58624K)->57612K(58624K) Class: 7396K(8064K)->7396K(8064K)
[2023-02-28T14:41:05.738+0900][759.228s] GC(116) Pause Young (Mixed) (G1 Evacuation Pause) 375M->364M(512M) 7.607ms
[2023-02-28T14:41:05.738+0900][759.228s] GC(116) User=0.00s Sys=0.00s Real=0.01s
[2023-02-28T14:41:05.878+0900][759.368s] GC(117) Pause Young (Concurrent Start) (G1 Evacuation Pause)
[2023-02-28T14:41:05.878+0900][759.368s] GC(117) Using 10 workers of 10 for evacuation
[2023-02-28T14:41:05.883+0900][759.373s] GC(117)   Pre Evacuate Collection Set: 0.1ms
[2023-02-28T14:41:05.883+0900][759.373s] GC(117)   Evacuate Collection Set: 4.7ms
[2023-02-28T14:41:05.883+0900][759.373s] GC(117)   Post Evacuate Collection Set: 0.3ms
[2023-02-28T14:41:05.883+0900][759.373s] GC(117)   Other: 0.2ms
[2023-02-28T14:41:05.883+0900][759.373s] GC(117) Eden regions: 65->0(58)
[2023-02-28T14:41:05.883+0900][759.373s] GC(117) Survivor regions: 3->9(9)
[2023-02-28T14:41:05.883+0900][759.373s] GC(117) Old regions: 330->334
[2023-02-28T14:41:05.884+0900][759.373s] GC(117) Humongous regions: 32->32
[2023-02-28T14:41:05.884+0900][759.373s] GC(117) Metaspace: 65009K(66688K)->65009K(66688K) NonClass: 57612K(58624K)->57612K(58624K) Class: 7396K(8064K)->7396K(8064K)
[2023-02-28T14:41:05.884+0900][759.373s] GC(117) Pause Young (Concurrent Start) (G1 Evacuation Pause) 429M->374M(512M) 5.550ms
[2023-02-28T14:41:05.884+0900][759.373s] GC(117) User=0.00s Sys=0.00s Real=0.01s
[2023-02-28T14:41:05.884+0900][759.373s] GC(118) Concurrent Cycle
[2023-02-28T14:41:05.884+0900][759.373s] GC(118) Concurrent Clear Claimed Marks
[2023-02-28T14:41:05.884+0900][759.373s] GC(118) Concurrent Clear Claimed Marks 0.123ms
[2023-02-28T14:41:05.884+0900][759.373s] GC(118) Concurrent Scan Root Regions
[2023-02-28T14:41:05.885+0900][759.375s] GC(118) Concurrent Scan Root Regions 1.541ms
[2023-02-28T14:41:05.885+0900][759.375s] GC(118) Concurrent Mark (759.375s)
[2023-02-28T14:41:05.886+0900][759.375s] GC(118) Concurrent Mark From Roots
[2023-02-28T14:41:05.886+0900][759.375s] GC(118) Using 3 workers of 3 for marking
[2023-02-28T14:41:05.948+0900][759.437s] GC(118) Concurrent Mark From Roots 62.416ms
[2023-02-28T14:41:05.948+0900][759.438s] GC(118) Concurrent Preclean
[2023-02-28T14:41:05.948+0900][759.438s] GC(118) Concurrent Preclean 0.144ms
[2023-02-28T14:41:05.948+0900][759.438s] GC(118) Concurrent Mark (759.375s, 759.438s) 62.715ms
[2023-02-28T14:41:05.948+0900][759.438s] GC(118) Pause Remark
[2023-02-28T14:41:05.953+0900][759.442s] GC(118) Cleaned string and symbol table, strings: 31136 processed, 0 removed, symbols: 195474 processed, 0 removed
[2023-02-28T14:41:05.953+0900][759.442s] GC(118) Pause Remark 413M->413M(512M) 4.594ms
[2023-02-28T14:41:05.953+0900][759.442s] GC(118) User=0.16s Sys=0.00s Real=0.01s
[2023-02-28T14:41:05.953+0900][759.443s] GC(118) Concurrent Rebuild Remembered Sets
[2023-02-28T14:41:05.996+0900][759.485s] GC(118) Concurrent Rebuild Remembered Sets 42.352ms
[2023-02-28T14:41:05.996+0900][759.485s] GC(118) Pause Cleanup
[2023-02-28T14:41:05.996+0900][759.485s] GC(118) Pause Cleanup 422M->422M(512M) 0.228ms
[2023-02-28T14:41:05.996+0900][759.485s] GC(118) User=0.00s Sys=0.00s Real=0.00s
[2023-02-28T14:41:05.996+0900][759.485s] GC(118) Concurrent Cleanup for Next Mark
[2023-02-28T14:41:05.997+0900][759.486s] GC(118) Concurrent Cleanup for Next Mark 0.567ms
[2023-02-28T14:41:05.997+0900][759.486s] GC(118) Concurrent Cycle 112.928ms
[2023-02-28T14:41:06.010+0900][759.499s] GC(119) Pause Young (Prepare Mixed) (G1 Evacuation Pause)
[2023-02-28T14:41:06.010+0900][759.500s] GC(119) Using 10 workers of 10 for evacuation
[2023-02-28T14:41:06.017+0900][759.506s] GC(119)   Pre Evacuate Collection Set: 0.0ms
[2023-02-28T14:41:06.017+0900][759.506s] GC(119)   Evacuate Collection Set: 5.9ms
[2023-02-28T14:41:06.017+0900][759.506s] GC(119)   Post Evacuate Collection Set: 0.2ms
[2023-02-28T14:41:06.017+0900][759.506s] GC(119)   Other: 0.2ms
[2023-02-28T14:41:06.017+0900][759.506s] GC(119) Eden regions: 58->0(16)
[2023-02-28T14:41:06.017+0900][759.506s] GC(119) Survivor regions: 9->9(9)
[2023-02-28T14:41:06.017+0900][759.506s] GC(119) Old regions: 334->343
[2023-02-28T14:41:06.017+0900][759.506s] GC(119) Humongous regions: 32->32
[2023-02-28T14:41:06.017+0900][759.506s] GC(119) Metaspace: 65009K(66688K)->65009K(66688K) NonClass: 57612K(58624K)->57612K(58624K) Class: 7396K(8064K)->7396K(8064K)
[2023-02-28T14:41:06.017+0900][759.506s] GC(119) Pause Young (Prepare Mixed) (G1 Evacuation Pause) 432M->383M(512M) 6.641ms
[2023-02-28T14:41:06.017+0900][759.506s] GC(119) User=0.16s Sys=0.00s Real=0.01s
[2023-02-28T14:41:06.038+0900][759.528s] GC(120) Pause Young (Mixed) (G1 Evacuation Pause)
[2023-02-28T14:41:06.038+0900][759.528s] GC(120) Using 10 workers of 10 for evacuation
[2023-02-28T14:41:06.047+0900][759.537s] GC(120)   Pre Evacuate Collection Set: 0.1ms
[2023-02-28T14:41:06.047+0900][759.537s] GC(120)   Evacuate Collection Set: 8.2ms
[2023-02-28T14:41:06.047+0900][759.537s] GC(120)   Post Evacuate Collection Set: 0.3ms
[2023-02-28T14:41:06.047+0900][759.537s] GC(120)   Other: 0.2ms
[2023-02-28T14:41:06.047+0900][759.537s] GC(120) Eden regions: 16->0(60)
[2023-02-28T14:41:06.047+0900][759.537s] GC(120) Survivor regions: 9->4(4)
[2023-02-28T14:41:06.047+0900][759.537s] GC(120) Old regions: 343->336
[2023-02-28T14:41:06.047+0900][759.537s] GC(120) Humongous regions: 32->32
[2023-02-28T14:41:06.047+0900][759.537s] GC(120) Metaspace: 65009K(66688K)->65009K(66688K) NonClass: 57612K(58624K)->57612K(58624K) Class: 7396K(8064K)->7396K(8064K)
[2023-02-28T14:41:06.047+0900][759.537s] GC(120) Pause Young (Mixed) (G1 Evacuation Pause) 399M->371M(512M) 9.052ms
[2023-02-28T14:41:06.047+0900][759.537s] GC(120) User=0.16s Sys=0.00s Real=0.01s
[2023-02-28T14:41:06.159+0900][759.649s] GC(121) Pause Young (Concurrent Start) (G1 Evacuation Pause)
[2023-02-28T14:41:06.159+0900][759.649s] GC(121) Using 10 workers of 10 for evacuation
[2023-02-28T14:41:06.166+0900][759.655s] GC(121)   Pre Evacuate Collection Set: 0.1ms
[2023-02-28T14:41:06.166+0900][759.655s] GC(121)   Evacuate Collection Set: 5.7ms
[2023-02-28T14:41:06.166+0900][759.655s] GC(121)   Post Evacuate Collection Set: 0.4ms
[2023-02-28T14:41:06.166+0900][759.655s] GC(121)   Other: 0.2ms
[2023-02-28T14:41:06.166+0900][759.656s] GC(121) Eden regions: 60->0(57)
[2023-02-28T14:41:06.166+0900][759.656s] GC(121) Survivor regions: 4->8(8)
[2023-02-28T14:41:06.166+0900][759.656s] GC(121) Old regions: 336->340
[2023-02-28T14:41:06.166+0900][759.656s] GC(121) Humongous regions: 32->32
[2023-02-28T14:41:06.166+0900][759.656s] GC(121) Metaspace: 65010K(66688K)->65010K(66688K) NonClass: 57613K(58624K)->57613K(58624K) Class: 7396K(8064K)->7396K(8064K)
[2023-02-28T14:41:06.166+0900][759.656s] GC(121) Pause Young (Concurrent Start) (G1 Evacuation Pause) 431M->379M(512M) 6.886ms
[2023-02-28T14:41:06.166+0900][759.656s] GC(121) User=0.00s Sys=0.00s Real=0.01s
[2023-02-28T14:41:06.166+0900][759.656s] GC(122) Concurrent Cycle
[2023-02-28T14:41:06.166+0900][759.656s] GC(122) Concurrent Clear Claimed Marks
[2023-02-28T14:41:06.166+0900][759.656s] GC(122) Concurrent Clear Claimed Marks 0.124ms
[2023-02-28T14:41:06.166+0900][759.656s] GC(122) Concurrent Scan Root Regions
[2023-02-28T14:41:06.168+0900][759.657s] GC(122) Concurrent Scan Root Regions 1.292ms
[2023-02-28T14:41:06.168+0900][759.658s] GC(122) Concurrent Mark (759.658s)
[2023-02-28T14:41:06.168+0900][759.658s] GC(122) Concurrent Mark From Roots
[2023-02-28T14:41:06.168+0900][759.658s] GC(122) Using 3 workers of 3 for marking
[2023-02-28T14:41:06.249+0900][759.739s] GC(122) Concurrent Mark From Roots 80.997ms
[2023-02-28T14:41:06.249+0900][759.739s] GC(122) Concurrent Preclean
[2023-02-28T14:41:06.250+0900][759.739s] GC(122) Concurrent Preclean 0.333ms
[2023-02-28T14:41:06.250+0900][759.739s] GC(122) Concurrent Mark (759.658s, 759.739s) 81.605ms
[2023-02-28T14:41:06.250+0900][759.739s] GC(122) Pause Remark
[2023-02-28T14:41:06.255+0900][759.745s] GC(122) Cleaned string and symbol table, strings: 31136 processed, 0 removed, symbols: 195474 processed, 0 removed
[2023-02-28T14:41:06.256+0900][759.745s] GC(122) Pause Remark 407M->407M(512M) 5.890ms
[2023-02-28T14:41:06.256+0900][759.745s] GC(122) User=0.00s Sys=0.00s Real=0.01s
[2023-02-28T14:41:06.256+0900][759.745s] GC(122) Concurrent Rebuild Remembered Sets
[2023-02-28T14:41:06.317+0900][759.806s] GC(122) Concurrent Rebuild Remembered Sets 60.994ms
[2023-02-28T14:41:06.317+0900][759.807s] GC(122) Pause Cleanup
[2023-02-28T14:41:06.317+0900][759.807s] GC(122) Pause Cleanup 430M->430M(512M) 0.197ms
[2023-02-28T14:41:06.317+0900][759.807s] GC(122) User=0.00s Sys=0.00s Real=0.00s
[2023-02-28T14:41:06.317+0900][759.807s] GC(122) Concurrent Cleanup for Next Mark
[2023-02-28T14:41:06.318+0900][759.808s] GC(122) Concurrent Cleanup for Next Mark 0.865ms
[2023-02-28T14:41:06.318+0900][759.808s] GC(122) Concurrent Cycle 151.798ms
[2023-02-28T14:41:06.335+0900][759.825s] GC(123) Pause Young (Prepare Mixed) (G1 Evacuation Pause)
[2023-02-28T14:41:06.335+0900][759.825s] GC(123) Using 10 workers of 10 for evacuation
[2023-02-28T14:41:06.341+0900][759.830s] GC(123)   Pre Evacuate Collection Set: 0.0ms
[2023-02-28T14:41:06.341+0900][759.830s] GC(123)   Evacuate Collection Set: 5.2ms
[2023-02-28T14:41:06.341+0900][759.830s] GC(123)   Post Evacuate Collection Set: 0.2ms
[2023-02-28T14:41:06.341+0900][759.830s] GC(123)   Other: 0.2ms
[2023-02-28T14:41:06.341+0900][759.830s] GC(123) Eden regions: 57->0(16)
[2023-02-28T14:41:06.341+0900][759.830s] GC(123) Survivor regions: 8->9(9)
[2023-02-28T14:41:06.341+0900][759.830s] GC(123) Old regions: 340->349
[2023-02-28T14:41:06.341+0900][759.830s] GC(123) Humongous regions: 32->32
[2023-02-28T14:41:06.341+0900][759.830s] GC(123) Metaspace: 65012K(66688K)->65012K(66688K) NonClass: 57615K(58624K)->57615K(58624K) Class: 7396K(8064K)->7396K(8064K)
[2023-02-28T14:41:06.341+0900][759.831s] GC(123) Pause Young (Prepare Mixed) (G1 Evacuation Pause) 436M->389M(512M) 5.909ms
[2023-02-28T14:41:06.341+0900][759.831s] GC(123) User=0.16s Sys=0.00s Real=0.01s
[2023-02-28T14:41:06.364+0900][759.853s] GC(124) Pause Young (Mixed) (G1 Evacuation Pause)
[2023-02-28T14:41:06.364+0900][759.853s] GC(124) Using 10 workers of 10 for evacuation
[2023-02-28T14:41:06.369+0900][759.859s] GC(124)   Pre Evacuate Collection Set: 0.1ms
[2023-02-28T14:41:06.369+0900][759.859s] GC(124)   Evacuate Collection Set: 5.2ms
[2023-02-28T14:41:06.369+0900][759.859s] GC(124)   Post Evacuate Collection Set: 0.3ms
[2023-02-28T14:41:06.370+0900][759.859s] GC(124)   Other: 0.3ms
[2023-02-28T14:41:06.370+0900][759.859s] GC(124) Eden regions: 16->0(49)
[2023-02-28T14:41:06.370+0900][759.859s] GC(124) Survivor regions: 9->3(4)
[2023-02-28T14:41:06.370+0900][759.859s] GC(124) Old regions: 349->356
[2023-02-28T14:41:06.370+0900][759.859s] GC(124) Humongous regions: 32->32
[2023-02-28T14:41:06.370+0900][759.859s] GC(124) Metaspace: 65012K(66688K)->65012K(66688K) NonClass: 57615K(58624K)->57615K(58624K) Class: 7396K(8064K)->7396K(8064K)
[2023-02-28T14:41:06.370+0900][759.859s] GC(124) Pause Young (Mixed) (G1 Evacuation Pause) 405M->390M(512M) 6.123ms
[2023-02-28T14:41:06.370+0900][759.859s] GC(124) User=0.00s Sys=0.00s Real=0.01s
[2023-02-28T14:41:06.462+0900][759.952s] GC(125) Pause Young (Concurrent Start) (G1 Evacuation Pause)
[2023-02-28T14:41:06.462+0900][759.952s] GC(125) Using 10 workers of 10 for evacuation
[2023-02-28T14:41:06.467+0900][759.956s] GC(125)   Pre Evacuate Collection Set: 0.1ms
[2023-02-28T14:41:06.467+0900][759.957s] GC(125)   Evacuate Collection Set: 4.1ms
[2023-02-28T14:41:06.467+0900][759.957s] GC(125)   Post Evacuate Collection Set: 0.5ms
[2023-02-28T14:41:06.467+0900][759.957s] GC(125)   Other: 0.2ms
[2023-02-28T14:41:06.467+0900][759.957s] GC(125) Eden regions: 49->0(44)
[2023-02-28T14:41:06.467+0900][759.957s] GC(125) Survivor regions: 3->7(7)
[2023-02-28T14:41:06.467+0900][759.957s] GC(125) Old regions: 356->359
[2023-02-28T14:41:06.467+0900][759.957s] GC(125) Humongous regions: 32->32
[2023-02-28T14:41:06.467+0900][759.957s] GC(125) Metaspace: 65012K(66688K)->65012K(66688K) NonClass: 57615K(58624K)->57615K(58624K) Class: 7396K(8064K)->7396K(8064K)
[2023-02-28T14:41:06.467+0900][759.957s] GC(125) Pause Young (Concurrent Start) (G1 Evacuation Pause) 439M->397M(512M) 5.107ms
[2023-02-28T14:41:06.467+0900][759.957s] GC(125) User=0.16s Sys=0.00s Real=0.01s
[2023-02-28T14:41:06.467+0900][759.957s] GC(126) Concurrent Cycle
[2023-02-28T14:41:06.467+0900][759.957s] GC(126) Concurrent Clear Claimed Marks
[2023-02-28T14:41:06.467+0900][759.957s] GC(126) Concurrent Clear Claimed Marks 0.177ms
[2023-02-28T14:41:06.467+0900][759.957s] GC(126) Concurrent Scan Root Regions
[2023-02-28T14:41:06.469+0900][759.959s] GC(126) Concurrent Scan Root Regions 2.236ms
[2023-02-28T14:41:06.469+0900][759.959s] GC(126) Concurrent Mark (759.959s)
[2023-02-28T14:41:06.469+0900][759.959s] GC(126) Concurrent Mark From Roots
[2023-02-28T14:41:06.470+0900][759.959s] GC(126) Using 3 workers of 3 for marking
[2023-02-28T14:41:06.546+0900][760.036s] GC(126) Concurrent Mark From Roots 76.769ms
[2023-02-28T14:41:06.547+0900][760.036s] GC(126) Concurrent Preclean
[2023-02-28T14:41:06.547+0900][760.036s] GC(126) Concurrent Preclean 0.160ms
[2023-02-28T14:41:06.547+0900][760.036s] GC(126) Concurrent Mark (759.959s, 760.036s) 77.042ms
[2023-02-28T14:41:06.547+0900][760.037s] GC(126) Pause Remark
[2023-02-28T14:41:06.551+0900][760.041s] GC(126) Cleaned string and symbol table, strings: 31136 processed, 0 removed, symbols: 195474 processed, 0 removed
[2023-02-28T14:41:06.552+0900][760.041s] GC(126) Pause Remark 430M->430M(512M) 4.696ms
[2023-02-28T14:41:06.552+0900][760.041s] GC(126) User=0.00s Sys=0.00s Real=0.01s
[2023-02-28T14:41:06.552+0900][760.041s] GC(126) Concurrent Rebuild Remembered Sets
[2023-02-28T14:41:06.564+0900][760.053s] GC(127) Pause Young (Normal) (G1 Evacuation Pause)
[2023-02-28T14:41:06.564+0900][760.053s] GC(127) Using 10 workers of 10 for evacuation
[2023-02-28T14:41:06.571+0900][760.060s] GC(127)   Pre Evacuate Collection Set: 0.0ms
[2023-02-28T14:41:06.571+0900][760.060s] GC(127)   Evacuate Collection Set: 6.3ms
[2023-02-28T14:41:06.571+0900][760.060s] GC(127)   Post Evacuate Collection Set: 0.4ms
[2023-02-28T14:41:06.571+0900][760.060s] GC(127)   Other: 0.3ms
[2023-02-28T14:41:06.571+0900][760.060s] GC(127) Eden regions: 44->0(36)
[2023-02-28T14:41:06.571+0900][760.060s] GC(127) Survivor regions: 7->7(7)
[2023-02-28T14:41:06.571+0900][760.060s] GC(127) Old regions: 359->369
[2023-02-28T14:41:06.571+0900][760.061s] GC(127) Humongous regions: 32->32
[2023-02-28T14:41:06.571+0900][760.061s] GC(127) Metaspace: 65012K(66688K)->65012K(66688K) NonClass: 57615K(58624K)->57615K(58624K) Class: 7396K(8064K)->7396K(8064K)
[2023-02-28T14:41:06.571+0900][760.061s] GC(127) Pause Young (Normal) (G1 Evacuation Pause) 441M->407M(512M) 7.293ms
[2023-02-28T14:41:06.571+0900][760.061s] GC(127) User=0.00s Sys=0.00s Real=0.01s
[2023-02-28T14:41:06.611+0900][760.101s] GC(126) Concurrent Rebuild Remembered Sets 59.083ms
[2023-02-28T14:41:06.611+0900][760.101s] GC(126) Pause Cleanup
[2023-02-28T14:41:06.611+0900][760.101s] GC(126) Pause Cleanup 433M->433M(512M) 0.221ms
[2023-02-28T14:41:06.611+0900][760.101s] GC(126) User=0.00s Sys=0.00s Real=0.00s
[2023-02-28T14:41:06.611+0900][760.101s] GC(126) Concurrent Cleanup for Next Mark
[2023-02-28T14:41:06.612+0900][760.102s] GC(126) Concurrent Cleanup for Next Mark 0.892ms
[2023-02-28T14:41:06.612+0900][760.102s] GC(126) Concurrent Cycle 145.110ms
[2023-02-28T14:41:06.644+0900][760.134s] GC(128) Pause Young (Prepare Mixed) (G1 Evacuation Pause)
[2023-02-28T14:41:06.644+0900][760.134s] GC(128) Using 10 workers of 10 for evacuation
[2023-02-28T14:41:06.649+0900][760.139s] GC(128)   Pre Evacuate Collection Set: 0.0ms
[2023-02-28T14:41:06.649+0900][760.139s] GC(128)   Evacuate Collection Set: 4.4ms
[2023-02-28T14:41:06.650+0900][760.139s] GC(128)   Post Evacuate Collection Set: 0.3ms
[2023-02-28T14:41:06.650+0900][760.139s] GC(128)   Other: 0.2ms
[2023-02-28T14:41:06.650+0900][760.139s] GC(128) Eden regions: 36->0(19)
[2023-02-28T14:41:06.650+0900][760.139s] GC(128) Survivor regions: 7->6(6)
[2023-02-28T14:41:06.650+0900][760.139s] GC(128) Old regions: 369->378
[2023-02-28T14:41:06.650+0900][760.139s] GC(128) Humongous regions: 32->32
[2023-02-28T14:41:06.650+0900][760.139s] GC(128) Metaspace: 65012K(66688K)->65012K(66688K) NonClass: 57615K(58624K)->57615K(58624K) Class: 7396K(8064K)->7396K(8064K)
[2023-02-28T14:41:06.650+0900][760.139s] GC(128) Pause Young (Prepare Mixed) (G1 Evacuation Pause) 443M->415M(512M) 5.267ms
[2023-02-28T14:41:06.650+0900][760.139s] GC(128) User=0.00s Sys=0.00s Real=0.01s
[2023-02-28T14:41:06.677+0900][760.167s] GC(129) Pause Young (Mixed) (G1 Evacuation Pause)
[2023-02-28T14:41:06.677+0900][760.167s] GC(129) Using 10 workers of 10 for evacuation
[2023-02-28T14:41:06.682+0900][760.171s] GC(129)   Pre Evacuate Collection Set: 0.0ms
[2023-02-28T14:41:06.682+0900][760.171s] GC(129)   Evacuate Collection Set: 4.0ms
[2023-02-28T14:41:06.682+0900][760.171s] GC(129)   Post Evacuate Collection Set: 0.4ms
[2023-02-28T14:41:06.682+0900][760.172s] GC(129)   Other: 0.3ms
[2023-02-28T14:41:06.682+0900][760.172s] GC(129) Eden regions: 19->0(30)
[2023-02-28T14:41:06.682+0900][760.172s] GC(129) Survivor regions: 6->4(4)
[2023-02-28T14:41:06.682+0900][760.172s] GC(129) Old regions: 378->380
[2023-02-28T14:41:06.682+0900][760.172s] GC(129) Humongous regions: 32->32
[2023-02-28T14:41:06.682+0900][760.172s] GC(129) Metaspace: 65013K(66688K)->65013K(66688K) NonClass: 57616K(58624K)->57616K(58624K) Class: 7396K(8064K)->7396K(8064K)
[2023-02-28T14:41:06.682+0900][760.172s] GC(129) Pause Young (Mixed) (G1 Evacuation Pause) 434M->415M(512M) 4.915ms
[2023-02-28T14:41:06.682+0900][760.172s] GC(129) User=0.00s Sys=0.00s Real=0.00s
[2023-02-28T14:41:06.754+0900][760.243s] GC(130) Pause Young (Concurrent Start) (G1 Evacuation Pause)
[2023-02-28T14:41:06.754+0900][760.243s] GC(130) Using 10 workers of 10 for evacuation
[2023-02-28T14:41:06.758+0900][760.247s] GC(130)   Pre Evacuate Collection Set: 0.1ms
[2023-02-28T14:41:06.758+0900][760.247s] GC(130)   Evacuate Collection Set: 3.1ms
[2023-02-28T14:41:06.758+0900][760.247s] GC(130)   Post Evacuate Collection Set: 0.3ms
[2023-02-28T14:41:06.758+0900][760.247s] GC(130)   Other: 0.2ms
[2023-02-28T14:41:06.758+0900][760.247s] GC(130) Eden regions: 30->0(27)
[2023-02-28T14:41:06.758+0900][760.247s] GC(130) Survivor regions: 4->5(5)
[2023-02-28T14:41:06.758+0900][760.247s] GC(130) Old regions: 380->384
[2023-02-28T14:41:06.758+0900][760.247s] GC(130) Humongous regions: 32->32
[2023-02-28T14:41:06.758+0900][760.247s] GC(130) Metaspace: 65030K(66688K)->65030K(66688K) NonClass: 57633K(58624K)->57633K(58624K) Class: 7396K(8064K)->7396K(8064K)
[2023-02-28T14:41:06.758+0900][760.247s] GC(130) Pause Young (Concurrent Start) (G1 Evacuation Pause) 445M->419M(512M) 4.003ms
[2023-02-28T14:41:06.758+0900][760.247s] GC(130) User=0.00s Sys=0.00s Real=0.00s
[2023-02-28T14:41:06.758+0900][760.247s] GC(131) Concurrent Cycle
[2023-02-28T14:41:06.758+0900][760.247s] GC(131) Concurrent Clear Claimed Marks
[2023-02-28T14:41:06.758+0900][760.248s] GC(131) Concurrent Clear Claimed Marks 0.101ms
[2023-02-28T14:41:06.758+0900][760.248s] GC(131) Concurrent Scan Root Regions
[2023-02-28T14:41:06.759+0900][760.248s] GC(131) Concurrent Scan Root Regions 0.876ms
[2023-02-28T14:41:06.759+0900][760.248s] GC(131) Concurrent Mark (760.248s)
[2023-02-28T14:41:06.759+0900][760.248s] GC(131) Concurrent Mark From Roots
[2023-02-28T14:41:06.759+0900][760.249s] GC(131) Using 3 workers of 3 for marking
[2023-02-28T14:41:06.803+0900][760.293s] GC(132) Pause Young (Normal) (G1 Evacuation Pause)
[2023-02-28T14:41:06.803+0900][760.293s] GC(132) Using 10 workers of 10 for evacuation
[2023-02-28T14:41:06.806+0900][760.296s] GC(132)   Pre Evacuate Collection Set: 0.0ms
[2023-02-28T14:41:06.806+0900][760.296s] GC(132)   Evacuate Collection Set: 2.4ms
[2023-02-28T14:41:06.806+0900][760.296s] GC(132)   Post Evacuate Collection Set: 0.3ms
[2023-02-28T14:41:06.806+0900][760.296s] GC(132)   Other: 0.2ms
[2023-02-28T14:41:06.806+0900][760.296s] GC(132) Eden regions: 27->0(25)
[2023-02-28T14:41:06.806+0900][760.296s] GC(132) Survivor regions: 5->4(4)
[2023-02-28T14:41:06.806+0900][760.296s] GC(132) Old regions: 384->388
[2023-02-28T14:41:06.806+0900][760.296s] GC(132) Humongous regions: 32->32
[2023-02-28T14:41:06.806+0900][760.296s] GC(132) Metaspace: 65030K(66688K)->65030K(66688K) NonClass: 57633K(58624K)->57633K(58624K) Class: 7396K(8064K)->7396K(8064K)
[2023-02-28T14:41:06.806+0900][760.296s] GC(132) Pause Young (Normal) (G1 Evacuation Pause) 446M->423M(512M) 3.127ms
[2023-02-28T14:41:06.806+0900][760.297s] GC(132) User=0.00s Sys=0.00s Real=0.00s
[2023-02-28T14:41:06.838+0900][760.328s] GC(131) Concurrent Mark From Roots 79.625ms
[2023-02-28T14:41:06.838+0900][760.328s] GC(131) Concurrent Preclean
[2023-02-28T14:41:06.838+0900][760.328s] GC(131) Concurrent Preclean 0.161ms
[2023-02-28T14:41:06.838+0900][760.328s] GC(131) Concurrent Mark (760.248s, 760.328s) 79.902ms
[2023-02-28T14:41:06.839+0900][760.329s] GC(131) Pause Remark
[2023-02-28T14:41:06.843+0900][760.333s] GC(131) Cleaned string and symbol table, strings: 31136 processed, 0 removed, symbols: 195474 processed, 0 removed
[2023-02-28T14:41:06.843+0900][760.333s] GC(131) Pause Remark 430M->430M(512M) 4.833ms
[2023-02-28T14:41:06.843+0900][760.333s] GC(131) User=0.16s Sys=0.00s Real=0.00s
[2023-02-28T14:41:06.844+0900][760.334s] GC(131) Concurrent Rebuild Remembered Sets
[2023-02-28T14:41:06.887+0900][760.376s] GC(133) Pause Young (Normal) (G1 Evacuation Pause)
[2023-02-28T14:41:06.887+0900][760.376s] GC(133) Using 10 workers of 10 for evacuation
[2023-02-28T14:41:06.890+0900][760.380s] GC(133)   Pre Evacuate Collection Set: 0.0ms
[2023-02-28T14:41:06.890+0900][760.380s] GC(133)   Evacuate Collection Set: 2.7ms
[2023-02-28T14:41:06.890+0900][760.380s] GC(133)   Post Evacuate Collection Set: 0.3ms
[2023-02-28T14:41:06.890+0900][760.380s] GC(133)   Other: 0.3ms
[2023-02-28T14:41:06.890+0900][760.380s] GC(133) Eden regions: 25->0(22)
[2023-02-28T14:41:06.890+0900][760.380s] GC(133) Survivor regions: 4->4(4)
[2023-02-28T14:41:06.890+0900][760.380s] GC(133) Old regions: 388->392
[2023-02-28T14:41:06.890+0900][760.380s] GC(133) Humongous regions: 32->32
[2023-02-28T14:41:06.890+0900][760.380s] GC(133) Metaspace: 65030K(66688K)->65030K(66688K) NonClass: 57633K(58624K)->57633K(58624K) Class: 7396K(8064K)->7396K(8064K)
[2023-02-28T14:41:06.890+0900][760.380s] GC(133) Pause Young (Normal) (G1 Evacuation Pause) 448M->427M(512M) 3.569ms
[2023-02-28T14:41:06.890+0900][760.380s] GC(133) User=0.00s Sys=0.00s Real=0.00s
[2023-02-28T14:41:06.900+0900][760.390s] GC(131) Concurrent Rebuild Remembered Sets 56.770ms
[2023-02-28T14:41:06.901+0900][760.390s] GC(131) Pause Cleanup
[2023-02-28T14:41:06.901+0900][760.391s] GC(131) Pause Cleanup 434M->434M(512M) 0.206ms
[2023-02-28T14:41:06.901+0900][760.391s] GC(131) User=0.00s Sys=0.00s Real=0.00s
[2023-02-28T14:41:06.901+0900][760.391s] GC(131) Concurrent Cleanup for Next Mark
[2023-02-28T14:41:06.901+0900][760.391s] GC(131) Concurrent Cleanup for Next Mark 0.549ms
[2023-02-28T14:41:06.902+0900][760.391s] GC(131) Concurrent Cycle 143.965ms
[2023-02-28T14:41:06.922+0900][760.412s] GC(134) Pause Young (Prepare Mixed) (G1 Evacuation Pause)
[2023-02-28T14:41:06.922+0900][760.412s] GC(134) Using 10 workers of 10 for evacuation
[2023-02-28T14:41:06.925+0900][760.415s] GC(134)   Pre Evacuate Collection Set: 0.0ms
[2023-02-28T14:41:06.925+0900][760.415s] GC(134)   Evacuate Collection Set: 2.5ms
[2023-02-28T14:41:06.925+0900][760.415s] GC(134)   Post Evacuate Collection Set: 0.1ms
[2023-02-28T14:41:06.925+0900][760.415s] GC(134)   Other: 0.2ms
[2023-02-28T14:41:06.925+0900][760.415s] GC(134) Eden regions: 22->0(21)
[2023-02-28T14:41:06.925+0900][760.415s] GC(134) Survivor regions: 4->4(4)
[2023-02-28T14:41:06.925+0900][760.415s] GC(134) Old regions: 392->396
[2023-02-28T14:41:06.925+0900][760.415s] GC(134) Humongous regions: 32->32
[2023-02-28T14:41:06.925+0900][760.415s] GC(134) Metaspace: 65030K(66688K)->65030K(66688K) NonClass: 57633K(58624K)->57633K(58624K) Class: 7396K(8064K)->7396K(8064K)
[2023-02-28T14:41:06.925+0900][760.415s] GC(134) Pause Young (Prepare Mixed) (G1 Evacuation Pause) 449M->431M(512M) 3.125ms
[2023-02-28T14:41:06.925+0900][760.415s] GC(134) User=0.00s Sys=0.00s Real=0.00s
[2023-02-28T14:41:06.977+0900][760.467s] GC(135) Pause Young (Mixed) (G1 Evacuation Pause)
[2023-02-28T14:41:06.977+0900][760.467s] GC(135) Using 10 workers of 10 for evacuation
[2023-02-28T14:41:06.983+0900][760.472s] GC(135)   Pre Evacuate Collection Set: 0.0ms
[2023-02-28T14:41:06.983+0900][760.472s] GC(135)   Evacuate Collection Set: 4.6ms
[2023-02-28T14:41:06.983+0900][760.472s] GC(135)   Post Evacuate Collection Set: 0.6ms
[2023-02-28T14:41:06.983+0900][760.472s] GC(135)   Other: 0.3ms
[2023-02-28T14:41:06.983+0900][760.472s] GC(135) Eden regions: 21->0(21)
[2023-02-28T14:41:06.983+0900][760.472s] GC(135) Survivor regions: 4->4(4)
[2023-02-28T14:41:06.983+0900][760.472s] GC(135) Old regions: 396->392
[2023-02-28T14:41:06.983+0900][760.472s] GC(135) Humongous regions: 32->32
[2023-02-28T14:41:06.983+0900][760.472s] GC(135) Metaspace: 65030K(66688K)->65030K(66688K) NonClass: 57633K(58624K)->57633K(58624K) Class: 7396K(8064K)->7396K(8064K)
[2023-02-28T14:41:06.983+0900][760.472s] GC(135) Pause Young (Mixed) (G1 Evacuation Pause) 452M->427M(512M) 5.920ms
[2023-02-28T14:41:06.983+0900][760.473s] GC(135) User=0.16s Sys=0.00s Real=0.01s
[2023-02-28T14:41:07.010+0900][760.500s] GC(136) Pause Young (Concurrent Start) (G1 Evacuation Pause)
[2023-02-28T14:41:07.010+0900][760.500s] GC(136) Using 10 workers of 10 for evacuation
[2023-02-28T14:41:07.014+0900][760.503s] GC(136)   Pre Evacuate Collection Set: 0.1ms
[2023-02-28T14:41:07.014+0900][760.503s] GC(136)   Evacuate Collection Set: 2.9ms
[2023-02-28T14:41:07.014+0900][760.504s] GC(136)   Post Evacuate Collection Set: 0.3ms
[2023-02-28T14:41:07.014+0900][760.504s] GC(136)   Other: 0.2ms
[2023-02-28T14:41:07.014+0900][760.504s] GC(136) Eden regions: 21->0(21)
[2023-02-28T14:41:07.014+0900][760.504s] GC(136) Survivor regions: 4->4(4)
[2023-02-28T14:41:07.014+0900][760.504s] GC(136) Old regions: 392->397
[2023-02-28T14:41:07.014+0900][760.504s] GC(136) Humongous regions: 32->32
[2023-02-28T14:41:07.014+0900][760.504s] GC(136) Metaspace: 65030K(66688K)->65030K(66688K) NonClass: 57633K(58624K)->57633K(58624K) Class: 7396K(8064K)->7396K(8064K)
[2023-02-28T14:41:07.014+0900][760.504s] GC(136) Pause Young (Concurrent Start) (G1 Evacuation Pause) 448M->432M(512M) 3.726ms
[2023-02-28T14:41:07.014+0900][760.504s] GC(136) User=0.16s Sys=0.00s Real=0.00s
[2023-02-28T14:41:07.014+0900][760.504s] GC(137) Concurrent Cycle
[2023-02-28T14:41:07.014+0900][760.504s] GC(137) Concurrent Clear Claimed Marks
[2023-02-28T14:41:07.014+0900][760.504s] GC(137) Concurrent Clear Claimed Marks 0.080ms
[2023-02-28T14:41:07.014+0900][760.504s] GC(137) Concurrent Scan Root Regions
[2023-02-28T14:41:07.015+0900][760.505s] GC(137) Concurrent Scan Root Regions 0.719ms
[2023-02-28T14:41:07.015+0900][760.505s] GC(137) Concurrent Mark (760.505s)
[2023-02-28T14:41:07.015+0900][760.505s] GC(137) Concurrent Mark From Roots
[2023-02-28T14:41:07.015+0900][760.505s] GC(137) Using 3 workers of 3 for marking
[2023-02-28T14:41:07.082+0900][760.571s] GC(138) Pause Young (Normal) (G1 Evacuation Pause)
[2023-02-28T14:41:07.082+0900][760.571s] GC(138) Using 10 workers of 10 for evacuation
[2023-02-28T14:41:07.084+0900][760.573s] GC(138)   Pre Evacuate Collection Set: 0.0ms
[2023-02-28T14:41:07.084+0900][760.573s] GC(138)   Evacuate Collection Set: 1.8ms
[2023-02-28T14:41:07.084+0900][760.573s] GC(138)   Post Evacuate Collection Set: 0.3ms
[2023-02-28T14:41:07.084+0900][760.573s] GC(138)   Other: 0.2ms
[2023-02-28T14:41:07.084+0900][760.574s] GC(138) Eden regions: 21->0(21)
[2023-02-28T14:41:07.084+0900][760.574s] GC(138) Survivor regions: 4->4(4)
[2023-02-28T14:41:07.084+0900][760.574s] GC(138) Old regions: 397->401
[2023-02-28T14:41:07.084+0900][760.574s] GC(138) Humongous regions: 32->32
[2023-02-28T14:41:07.084+0900][760.574s] GC(138) Metaspace: 65030K(66688K)->65030K(66688K) NonClass: 57633K(58624K)->57633K(58624K) Class: 7396K(8064K)->7396K(8064K)
[2023-02-28T14:41:07.084+0900][760.574s] GC(138) Pause Young (Normal) (G1 Evacuation Pause) 453M->435M(512M) 2.508ms
[2023-02-28T14:41:07.084+0900][760.574s] GC(138) User=0.00s Sys=0.00s Real=0.00s
[2023-02-28T14:41:07.100+0900][760.589s] GC(137) Concurrent Mark From Roots 84.181ms
[2023-02-28T14:41:07.100+0900][760.589s] GC(137) Concurrent Preclean
[2023-02-28T14:41:07.100+0900][760.589s] GC(137) Concurrent Preclean 0.171ms
[2023-02-28T14:41:07.100+0900][760.589s] GC(137) Concurrent Mark (760.505s, 760.589s) 84.465ms
[2023-02-28T14:41:07.100+0900][760.589s] GC(137) Pause Remark
[2023-02-28T14:41:07.104+0900][760.594s] GC(137) Cleaned string and symbol table, strings: 31136 processed, 0 removed, symbols: 195474 processed, 0 removed
[2023-02-28T14:41:07.105+0900][760.594s] GC(137) Pause Remark 446M->446M(512M) 4.415ms
[2023-02-28T14:41:07.105+0900][760.594s] GC(137) User=0.00s Sys=0.00s Real=0.01s
[2023-02-28T14:41:07.105+0900][760.594s] GC(137) Concurrent Rebuild Remembered Sets
[2023-02-28T14:41:07.129+0900][760.618s] GC(139) Pause Young (Normal) (G1 Evacuation Pause)
[2023-02-28T14:41:07.129+0900][760.618s] GC(139) Using 10 workers of 10 for evacuation
[2023-02-28T14:41:07.132+0900][760.621s] GC(139)   Pre Evacuate Collection Set: 0.0ms
[2023-02-28T14:41:07.132+0900][760.621s] GC(139)   Evacuate Collection Set: 1.9ms
[2023-02-28T14:41:07.132+0900][760.621s] GC(139)   Post Evacuate Collection Set: 0.3ms
[2023-02-28T14:41:07.132+0900][760.621s] GC(139)   Other: 0.2ms
[2023-02-28T14:41:07.132+0900][760.621s] GC(139) Eden regions: 21->0(21)
[2023-02-28T14:41:07.132+0900][760.621s] GC(139) Survivor regions: 4->4(4)
[2023-02-28T14:41:07.132+0900][760.621s] GC(139) Old regions: 401->404
[2023-02-28T14:41:07.132+0900][760.621s] GC(139) Humongous regions: 32->32
[2023-02-28T14:41:07.132+0900][760.621s] GC(139) Metaspace: 65030K(66688K)->65030K(66688K) NonClass: 57633K(58624K)->57633K(58624K) Class: 7396K(8064K)->7396K(8064K)
[2023-02-28T14:41:07.132+0900][760.621s] GC(139) Pause Young (Normal) (G1 Evacuation Pause) 456M->439M(512M) 2.662ms
[2023-02-28T14:41:07.132+0900][760.621s] GC(139) User=0.00s Sys=0.00s Real=0.00s
[2023-02-28T14:41:07.160+0900][760.650s] GC(137) Concurrent Rebuild Remembered Sets 56.553ms
[2023-02-28T14:41:07.161+0900][760.651s] GC(137) Pause Cleanup
[2023-02-28T14:41:07.161+0900][760.651s] GC(137) Pause Cleanup 454M->454M(512M) 0.215ms
[2023-02-28T14:41:07.161+0900][760.651s] GC(137) User=0.00s Sys=0.00s Real=0.00s
[2023-02-28T14:41:07.161+0900][760.651s] GC(137) Concurrent Cleanup for Next Mark
[2023-02-28T14:41:07.161+0900][760.652s] GC(137) Concurrent Cleanup for Next Mark 0.498ms
[2023-02-28T14:41:07.161+0900][760.652s] GC(137) Concurrent Cycle 147.786ms
[2023-02-28T14:41:07.177+0900][760.668s] GC(140) Pause Young (Prepare Mixed) (G1 Evacuation Pause)
[2023-02-28T14:41:07.178+0900][760.668s] GC(140) Using 10 workers of 10 for evacuation
[2023-02-28T14:41:07.180+0900][760.670s] GC(140)   Pre Evacuate Collection Set: 0.0ms
[2023-02-28T14:41:07.180+0900][760.670s] GC(140)   Evacuate Collection Set: 2.3ms
[2023-02-28T14:41:07.180+0900][760.670s] GC(140)   Post Evacuate Collection Set: 0.2ms
[2023-02-28T14:41:07.180+0900][760.670s] GC(140)   Other: 0.2ms
[2023-02-28T14:41:07.180+0900][760.670s] GC(140) Eden regions: 21->0(21)
[2023-02-28T14:41:07.180+0900][760.670s] GC(140) Survivor regions: 4->4(4)
[2023-02-28T14:41:07.180+0900][760.670s] GC(140) Old regions: 404->408
[2023-02-28T14:41:07.180+0900][760.670s] GC(140) Humongous regions: 32->32
[2023-02-28T14:41:07.180+0900][760.670s] GC(140) Metaspace: 65030K(66688K)->65030K(66688K) NonClass: 57633K(58624K)->57633K(58624K) Class: 7396K(8064K)->7396K(8064K)
[2023-02-28T14:41:07.180+0900][760.670s] GC(140) Pause Young (Prepare Mixed) (G1 Evacuation Pause) 460M->442M(512M) 2.968ms
[2023-02-28T14:41:07.180+0900][760.671s] GC(140) User=0.00s Sys=0.00s Real=0.00s
[2023-02-28T14:41:07.235+0900][760.725s] GC(141) Pause Young (Mixed) (G1 Evacuation Pause)
[2023-02-28T14:41:07.236+0900][760.725s] GC(141) Using 10 workers of 10 for evacuation
[2023-02-28T14:41:07.240+0900][760.730s] GC(141)   Pre Evacuate Collection Set: 0.0ms
[2023-02-28T14:41:07.240+0900][760.730s] GC(141)   Evacuate Collection Set: 4.1ms
[2023-02-28T14:41:07.240+0900][760.730s] GC(141)   Post Evacuate Collection Set: 0.3ms
[2023-02-28T14:41:07.240+0900][760.730s] GC(141)   Other: 0.3ms
[2023-02-28T14:41:07.240+0900][760.730s] GC(141) Eden regions: 21->0(21)
[2023-02-28T14:41:07.240+0900][760.730s] GC(141) Survivor regions: 4->4(4)
[2023-02-28T14:41:07.240+0900][760.730s] GC(141) Old regions: 408->406
[2023-02-28T14:41:07.240+0900][760.730s] GC(141) Humongous regions: 32->32
[2023-02-28T14:41:07.240+0900][760.730s] GC(141) Metaspace: 65032K(66688K)->65032K(66688K) NonClass: 57635K(58624K)->57635K(58624K) Class: 7396K(8064K)->7396K(8064K)
[2023-02-28T14:41:07.240+0900][760.730s] GC(141) Pause Young (Mixed) (G1 Evacuation Pause) 463M->441M(512M) 5.024ms
[2023-02-28T14:41:07.241+0900][760.730s] GC(141) User=0.00s Sys=0.00s Real=0.01s
[2023-02-28T14:41:07.274+0900][760.764s] GC(142) Pause Young (Concurrent Start) (G1 Evacuation Pause)
[2023-02-28T14:41:07.274+0900][760.764s] GC(142) Using 10 workers of 10 for evacuation
[2023-02-28T14:41:07.278+0900][760.768s] GC(142)   Pre Evacuate Collection Set: 0.1ms
[2023-02-28T14:41:07.278+0900][760.768s] GC(142)   Evacuate Collection Set: 2.9ms
[2023-02-28T14:41:07.278+0900][760.768s] GC(142)   Post Evacuate Collection Set: 0.3ms
[2023-02-28T14:41:07.278+0900][760.768s] GC(142)   Other: 0.2ms
[2023-02-28T14:41:07.278+0900][760.768s] GC(142) Eden regions: 21->0(21)
[2023-02-28T14:41:07.278+0900][760.768s] GC(142) Survivor regions: 4->4(4)
[2023-02-28T14:41:07.278+0900][760.768s] GC(142) Old regions: 406->411
[2023-02-28T14:41:07.278+0900][760.768s] GC(142) Humongous regions: 32->32
[2023-02-28T14:41:07.278+0900][760.768s] GC(142) Metaspace: 65032K(66688K)->65032K(66688K) NonClass: 57635K(58624K)->57635K(58624K) Class: 7396K(8064K)->7396K(8064K)
[2023-02-28T14:41:07.278+0900][760.768s] GC(142) Pause Young (Concurrent Start) (G1 Evacuation Pause) 462M->445M(512M) 3.706ms
[2023-02-28T14:41:07.278+0900][760.768s] GC(142) User=0.02s Sys=0.00s Real=0.00s
[2023-02-28T14:41:07.278+0900][760.768s] GC(143) Concurrent Cycle
[2023-02-28T14:41:07.278+0900][760.768s] GC(143) Concurrent Clear Claimed Marks
[2023-02-28T14:41:07.278+0900][760.768s] GC(143) Concurrent Clear Claimed Marks 0.109ms
[2023-02-28T14:41:07.278+0900][760.768s] GC(143) Concurrent Scan Root Regions
[2023-02-28T14:41:07.279+0900][760.769s] GC(143) Concurrent Scan Root Regions 0.895ms
[2023-02-28T14:41:07.279+0900][760.769s] GC(143) Concurrent Mark (760.769s)
[2023-02-28T14:41:07.279+0900][760.769s] GC(143) Concurrent Mark From Roots
[2023-02-28T14:41:07.279+0900][760.769s] GC(143) Using 3 workers of 3 for marking
[2023-02-28T14:41:07.370+0900][760.860s] GC(143) Concurrent Mark From Roots 90.491ms
[2023-02-28T14:41:07.370+0900][760.860s] GC(143) Concurrent Preclean
[2023-02-28T14:41:07.371+0900][760.860s] GC(143) Concurrent Preclean 0.517ms
[2023-02-28T14:41:07.371+0900][760.861s] GC(143) Concurrent Mark (760.769s, 760.860s) 91.305ms
[2023-02-28T14:41:07.371+0900][760.861s] GC(143) Pause Remark
[2023-02-28T14:41:07.379+0900][760.869s] GC(143) Cleaned string and symbol table, strings: 31136 processed, 0 removed, symbols: 195474 processed, 0 removed
[2023-02-28T14:41:07.380+0900][760.869s] GC(143) Pause Remark 460M->460M(512M) 8.585ms
[2023-02-28T14:41:07.380+0900][760.869s] GC(143) User=0.02s Sys=0.00s Real=0.01s
[2023-02-28T14:41:07.380+0900][760.869s] GC(143) Concurrent Rebuild Remembered Sets
[2023-02-28T14:41:07.438+0900][760.927s] GC(143) Concurrent Rebuild Remembered Sets 57.852ms
[2023-02-28T14:41:07.438+0900][760.927s] GC(143) Pause Cleanup
[2023-02-28T14:41:07.438+0900][760.928s] GC(143) Pause Cleanup 466M->466M(512M) 0.211ms
[2023-02-28T14:41:07.438+0900][760.928s] GC(143) User=0.00s Sys=0.00s Real=0.00s
[2023-02-28T14:41:07.438+0900][760.928s] GC(143) Concurrent Cleanup for Next Mark
[2023-02-28T14:41:07.438+0900][760.928s] GC(144) Pause Young (Prepare Mixed) (G1 Evacuation Pause)
[2023-02-28T14:41:07.438+0900][760.928s] GC(144) Using 10 workers of 10 for evacuation
[2023-02-28T14:41:07.440+0900][760.930s] GC(144)   Pre Evacuate Collection Set: 0.0ms
[2023-02-28T14:41:07.440+0900][760.930s] GC(144)   Evacuate Collection Set: 1.4ms
[2023-02-28T14:41:07.440+0900][760.930s] GC(144)   Post Evacuate Collection Set: 0.2ms
[2023-02-28T14:41:07.440+0900][760.930s] GC(144)   Other: 0.1ms
[2023-02-28T14:41:07.440+0900][760.930s] GC(144) Eden regions: 21->0(23)
[2023-02-28T14:41:07.440+0900][760.930s] GC(144) Survivor regions: 4->2(4)
[2023-02-28T14:41:07.440+0900][760.930s] GC(144) Old regions: 411->414
[2023-02-28T14:41:07.440+0900][760.930s] GC(144) Humongous regions: 32->32
[2023-02-28T14:41:07.440+0900][760.930s] GC(144) Metaspace: 65032K(66688K)->65032K(66688K) NonClass: 57635K(58624K)->57635K(58624K) Class: 7396K(8064K)->7396K(8064K)
[2023-02-28T14:41:07.440+0900][760.930s] GC(144) Pause Young (Prepare Mixed) (G1 Evacuation Pause) 466M->447M(512M) 1.993ms
[2023-02-28T14:41:07.440+0900][760.930s] GC(144) User=0.00s Sys=0.00s Real=0.00s
[2023-02-28T14:41:07.441+0900][760.930s] GC(143) Concurrent Cleanup for Next Mark 2.646ms
[2023-02-28T14:41:07.441+0900][760.930s] GC(143) Concurrent Cycle 162.357ms
[2023-02-28T14:41:07.624+0900][761.114s] GC(145) Pause Young (Mixed) (G1 Evacuation Pause)
[2023-02-28T14:41:07.625+0900][761.114s] GC(145) Using 10 workers of 10 for evacuation
[2023-02-28T14:41:07.629+0900][761.118s] GC(145)   Pre Evacuate Collection Set: 0.0ms
[2023-02-28T14:41:07.629+0900][761.118s] GC(145)   Evacuate Collection Set: 3.3ms
[2023-02-28T14:41:07.629+0900][761.118s] GC(145)   Post Evacuate Collection Set: 0.5ms
[2023-02-28T14:41:07.629+0900][761.118s] GC(145)   Other: 0.4ms
[2023-02-28T14:41:07.629+0900][761.118s] GC(145) Eden regions: 23->0(23)
[2023-02-28T14:41:07.629+0900][761.118s] GC(145) Survivor regions: 2->2(4)
[2023-02-28T14:41:07.629+0900][761.118s] GC(145) Old regions: 414->410
[2023-02-28T14:41:07.629+0900][761.118s] GC(145) Humongous regions: 32->32
[2023-02-28T14:41:07.629+0900][761.119s] GC(145) Metaspace: 65032K(66688K)->65032K(66688K) NonClass: 57635K(58624K)->57635K(58624K) Class: 7396K(8064K)->7396K(8064K)
[2023-02-28T14:41:07.629+0900][761.119s] GC(145) Pause Young (Mixed) (G1 Evacuation Pause) 470M->443M(512M) 4.515ms
[2023-02-28T14:41:07.629+0900][761.119s] GC(145) User=0.00s Sys=0.00s Real=0.00s
[2023-02-28T14:41:07.764+0900][761.254s] GC(146) Pause Young (Concurrent Start) (G1 Evacuation Pause)
[2023-02-28T14:41:07.764+0900][761.254s] GC(146) Using 10 workers of 10 for evacuation
[2023-02-28T14:41:07.767+0900][761.256s] GC(146)   Pre Evacuate Collection Set: 0.1ms
[2023-02-28T14:41:07.767+0900][761.256s] GC(146)   Evacuate Collection Set: 1.8ms
[2023-02-28T14:41:07.767+0900][761.256s] GC(146)   Post Evacuate Collection Set: 0.1ms
[2023-02-28T14:41:07.767+0900][761.256s] GC(146)   Other: 0.2ms
[2023-02-28T14:41:07.767+0900][761.256s] GC(146) Eden regions: 23->0(21)
[2023-02-28T14:41:07.767+0900][761.256s] GC(146) Survivor regions: 2->4(4)
[2023-02-28T14:41:07.767+0900][761.256s] GC(146) Old regions: 410->412
[2023-02-28T14:41:07.767+0900][761.256s] GC(146) Humongous regions: 32->32
[2023-02-28T14:41:07.767+0900][761.256s] GC(146) Metaspace: 65062K(66688K)->65062K(66688K) NonClass: 57665K(58624K)->57665K(58624K) Class: 7396K(8064K)->7396K(8064K)
[2023-02-28T14:41:07.767+0900][761.256s] GC(146) Pause Young (Concurrent Start) (G1 Evacuation Pause) 466M->447M(512M) 2.554ms
[2023-02-28T14:41:07.767+0900][761.256s] GC(146) User=0.00s Sys=0.00s Real=0.00s
[2023-02-28T14:41:07.767+0900][761.256s] GC(147) Concurrent Cycle
[2023-02-28T14:41:07.767+0900][761.256s] GC(147) Concurrent Clear Claimed Marks
[2023-02-28T14:41:07.767+0900][761.256s] GC(147) Concurrent Clear Claimed Marks 0.101ms
[2023-02-28T14:41:07.767+0900][761.256s] GC(147) Concurrent Scan Root Regions
[2023-02-28T14:41:07.768+0900][761.257s] GC(147) Concurrent Scan Root Regions 0.932ms
[2023-02-28T14:41:07.768+0900][761.257s] GC(147) Concurrent Mark (761.257s)
[2023-02-28T14:41:07.768+0900][761.257s] GC(147) Concurrent Mark From Roots
[2023-02-28T14:41:07.768+0900][761.258s] GC(147) Using 3 workers of 3 for marking
[2023-02-28T14:41:07.801+0900][761.291s] GC(148) Pause Young (Normal) (G1 Evacuation Pause)
[2023-02-28T14:41:07.801+0900][761.291s] GC(148) Using 10 workers of 10 for evacuation
[2023-02-28T14:41:07.803+0900][761.293s] GC(148)   Pre Evacuate Collection Set: 0.0ms
[2023-02-28T14:41:07.803+0900][761.293s] GC(148)   Evacuate Collection Set: 1.9ms
[2023-02-28T14:41:07.803+0900][761.293s] GC(148)   Post Evacuate Collection Set: 0.3ms
[2023-02-28T14:41:07.803+0900][761.293s] GC(148)   Other: 0.2ms
[2023-02-28T14:41:07.803+0900][761.293s] GC(148) Eden regions: 21->0(21)
[2023-02-28T14:41:07.803+0900][761.293s] GC(148) Survivor regions: 4->4(4)
[2023-02-28T14:41:07.803+0900][761.293s] GC(148) Old regions: 412->416
[2023-02-28T14:41:07.803+0900][761.293s] GC(148) Humongous regions: 32->32
[2023-02-28T14:41:07.803+0900][761.293s] GC(148) Metaspace: 65062K(66688K)->65062K(66688K) NonClass: 57665K(58624K)->57665K(58624K) Class: 7396K(8064K)->7396K(8064K)
[2023-02-28T14:41:07.803+0900][761.293s] GC(148) Pause Young (Normal) (G1 Evacuation Pause) 468M->450M(512M) 2.619ms
[2023-02-28T14:41:07.803+0900][761.293s] GC(148) User=0.00s Sys=0.00s Real=0.00s
[2023-02-28T14:41:07.860+0900][761.350s] GC(147) Concurrent Mark From Roots 92.924ms
[2023-02-28T14:41:07.861+0900][761.350s] GC(147) Concurrent Preclean
[2023-02-28T14:41:07.861+0900][761.351s] GC(147) Concurrent Preclean 0.178ms
[2023-02-28T14:41:07.861+0900][761.351s] GC(147) Concurrent Mark (761.257s, 761.351s) 93.236ms
[2023-02-28T14:41:07.861+0900][761.351s] GC(147) Pause Remark
[2023-02-28T14:41:07.865+0900][761.355s] GC(147) Cleaned string and symbol table, strings: 31138 processed, 0 removed, symbols: 195474 processed, 0 removed
[2023-02-28T14:41:07.865+0900][761.355s] GC(147) Pause Remark 470M->470M(512M) 4.578ms
[2023-02-28T14:41:07.866+0900][761.356s] GC(147) User=0.00s Sys=0.00s Real=0.00s
[2023-02-28T14:41:07.866+0900][761.356s] GC(147) Concurrent Rebuild Remembered Sets
[2023-02-28T14:41:07.868+0900][761.358s] GC(149) Pause Young (Normal) (G1 Evacuation Pause)
[2023-02-28T14:41:07.868+0900][761.358s] GC(149) Using 10 workers of 10 for evacuation
[2023-02-28T14:41:07.870+0900][761.360s] GC(149)   Pre Evacuate Collection Set: 0.0ms
[2023-02-28T14:41:07.870+0900][761.360s] GC(149)   Evacuate Collection Set: 1.8ms
[2023-02-28T14:41:07.870+0900][761.360s] GC(149)   Post Evacuate Collection Set: 0.2ms
[2023-02-28T14:41:07.870+0900][761.360s] GC(149)   Other: 0.1ms
[2023-02-28T14:41:07.870+0900][761.360s] GC(149) Eden regions: 21->0(22)
[2023-02-28T14:41:07.870+0900][761.360s] GC(149) Survivor regions: 4->3(4)
[2023-02-28T14:41:07.870+0900][761.360s] GC(149) Old regions: 416->419
[2023-02-28T14:41:07.870+0900][761.360s] GC(149) Humongous regions: 32->32
[2023-02-28T14:41:07.870+0900][761.360s] GC(149) Metaspace: 65062K(66688K)->65062K(66688K) NonClass: 57665K(58624K)->57665K(58624K) Class: 7396K(8064K)->7396K(8064K)
[2023-02-28T14:41:07.870+0900][761.360s] GC(149) Pause Young (Normal) (G1 Evacuation Pause) 471M->453M(512M) 2.362ms
[2023-02-28T14:41:07.870+0900][761.360s] GC(149) User=0.00s Sys=0.00s Real=0.00s
[2023-02-28T14:41:07.902+0900][761.392s] GC(150) Pause Young (Normal) (G1 Evacuation Pause)
[2023-02-28T14:41:07.902+0900][761.392s] GC(150) Using 10 workers of 10 for evacuation
[2023-02-28T14:41:07.905+0900][761.395s] GC(150)   Pre Evacuate Collection Set: 0.0ms
[2023-02-28T14:41:07.905+0900][761.395s] GC(150)   Evacuate Collection Set: 2.3ms
[2023-02-28T14:41:07.905+0900][761.395s] GC(150)   Post Evacuate Collection Set: 0.4ms
[2023-02-28T14:41:07.906+0900][761.395s] GC(150)   Other: 0.2ms
[2023-02-28T14:41:07.906+0900][761.395s] GC(150) Eden regions: 22->0(21)
[2023-02-28T14:41:07.906+0900][761.395s] GC(150) Survivor regions: 3->4(4)
[2023-02-28T14:41:07.906+0900][761.395s] GC(150) Old regions: 419->422
[2023-02-28T14:41:07.906+0900][761.396s] GC(150) Humongous regions: 32->32
[2023-02-28T14:41:07.906+0900][761.396s] GC(150) Metaspace: 65062K(66688K)->65062K(66688K) NonClass: 57665K(58624K)->57665K(58624K) Class: 7396K(8064K)->7396K(8064K)
[2023-02-28T14:41:07.906+0900][761.396s] GC(150) Pause Young (Normal) (G1 Evacuation Pause) 475M->456M(512M) 3.290ms
[2023-02-28T14:41:07.906+0900][761.396s] GC(150) User=0.02s Sys=0.00s Real=0.00s
[2023-02-28T14:41:07.928+0900][761.418s] GC(147) Concurrent Rebuild Remembered Sets 62.073ms
[2023-02-28T14:41:07.928+0900][761.418s] GC(147) Pause Cleanup
[2023-02-28T14:41:07.928+0900][761.418s] GC(147) Pause Cleanup 469M->469M(512M) 0.265ms
[2023-02-28T14:41:07.928+0900][761.418s] GC(147) User=0.00s Sys=0.00s Real=0.00s
[2023-02-28T14:41:07.928+0900][761.418s] GC(147) Concurrent Cleanup for Next Mark
[2023-02-28T14:41:07.929+0900][761.419s] GC(147) Concurrent Cleanup for Next Mark 0.526ms
[2023-02-28T14:41:07.929+0900][761.419s] GC(147) Concurrent Cycle 162.418ms
[2023-02-28T14:41:07.954+0900][761.444s] GC(151) Pause Young (Prepare Mixed) (G1 Evacuation Pause)
[2023-02-28T14:41:07.955+0900][761.444s] GC(151) Using 10 workers of 10 for evacuation
[2023-02-28T14:41:07.957+0900][761.447s] GC(151)   Pre Evacuate Collection Set: 0.0ms
[2023-02-28T14:41:07.957+0900][761.447s] GC(151)   Evacuate Collection Set: 2.3ms
[2023-02-28T14:41:07.957+0900][761.447s] GC(151)   Post Evacuate Collection Set: 0.2ms
[2023-02-28T14:41:07.957+0900][761.447s] GC(151)   Other: 0.2ms
[2023-02-28T14:41:07.957+0900][761.447s] GC(151) Eden regions: 21->0(22)
[2023-02-28T14:41:07.957+0900][761.447s] GC(151) Survivor regions: 4->3(4)
[2023-02-28T14:41:07.957+0900][761.447s] GC(151) Old regions: 422->425
[2023-02-28T14:41:07.957+0900][761.447s] GC(151) Humongous regions: 32->32
[2023-02-28T14:41:07.957+0900][761.447s] GC(151) Metaspace: 65062K(66688K)->65062K(66688K) NonClass: 57665K(58624K)->57665K(58624K) Class: 7396K(8064K)->7396K(8064K)
[2023-02-28T14:41:07.957+0900][761.447s] GC(151) Pause Young (Prepare Mixed) (G1 Evacuation Pause) 477M->459M(512M) 2.995ms
[2023-02-28T14:41:07.958+0900][761.447s] GC(151) User=0.00s Sys=0.00s Real=0.00s
[2023-02-28T14:41:08.000+0900][761.489s] GC(152) Pause Young (Mixed) (G1 Evacuation Pause)
[2023-02-28T14:41:08.000+0900][761.489s] GC(152) Using 10 workers of 10 for evacuation
[2023-02-28T14:41:08.004+0900][761.494s] GC(152)   Pre Evacuate Collection Set: 0.0ms
[2023-02-28T14:41:08.004+0900][761.494s] GC(152)   Evacuate Collection Set: 3.6ms
[2023-02-28T14:41:08.004+0900][761.494s] GC(152)   Post Evacuate Collection Set: 0.4ms
[2023-02-28T14:41:08.004+0900][761.494s] GC(152)   Other: 0.3ms
[2023-02-28T14:41:08.004+0900][761.494s] GC(152) Eden regions: 22->0(21)
[2023-02-28T14:41:08.004+0900][761.494s] GC(152) Survivor regions: 3->4(4)
[2023-02-28T14:41:08.004+0900][761.494s] GC(152) Old regions: 425->426
[2023-02-28T14:41:08.004+0900][761.494s] GC(152) Humongous regions: 32->32
[2023-02-28T14:41:08.004+0900][761.494s] GC(152) Metaspace: 65062K(66688K)->65062K(66688K) NonClass: 57665K(58624K)->57665K(58624K) Class: 7396K(8064K)->7396K(8064K)
[2023-02-28T14:41:08.004+0900][761.494s] GC(152) Pause Young (Mixed) (G1 Evacuation Pause) 481M->460M(512M) 4.550ms
[2023-02-28T14:41:08.004+0900][761.494s] GC(152) User=0.00s Sys=0.00s Real=0.00s
[2023-02-28T14:41:08.028+0900][761.517s] GC(153) Pause Young (Concurrent Start) (G1 Evacuation Pause)
[2023-02-28T14:41:08.028+0900][761.517s] GC(153) Using 10 workers of 10 for evacuation
[2023-02-28T14:41:08.032+0900][761.522s] GC(153)   Pre Evacuate Collection Set: 0.2ms
[2023-02-28T14:41:08.032+0900][761.522s] GC(153)   Evacuate Collection Set: 3.6ms
[2023-02-28T14:41:08.033+0900][761.522s] GC(153)   Post Evacuate Collection Set: 0.4ms
[2023-02-28T14:41:08.033+0900][761.522s] GC(153)   Other: 0.4ms
[2023-02-28T14:41:08.033+0900][761.522s] GC(153) Eden regions: 21->0(21)
[2023-02-28T14:41:08.033+0900][761.522s] GC(153) Survivor regions: 4->4(4)
[2023-02-28T14:41:08.033+0900][761.522s] GC(153) Old regions: 426->436
[2023-02-28T14:41:08.033+0900][761.522s] GC(153) Humongous regions: 32->32
[2023-02-28T14:41:08.033+0900][761.522s] GC(153) Metaspace: 65062K(66688K)->65062K(66688K) NonClass: 57665K(58624K)->57665K(58624K) Class: 7396K(8064K)->7396K(8064K)
[2023-02-28T14:41:08.033+0900][761.522s] GC(153) Pause Young (Concurrent Start) (G1 Evacuation Pause) 481M->471M(512M) 5.151ms
[2023-02-28T14:41:08.033+0900][761.522s] GC(153) User=0.00s Sys=0.00s Real=0.00s
[2023-02-28T14:41:08.033+0900][761.523s] GC(154) Concurrent Cycle
[2023-02-28T14:41:08.033+0900][761.523s] GC(154) Concurrent Clear Claimed Marks
[2023-02-28T14:41:08.033+0900][761.523s] GC(154) Concurrent Clear Claimed Marks 0.215ms
[2023-02-28T14:41:08.033+0900][761.523s] GC(154) Concurrent Scan Root Regions
[2023-02-28T14:41:08.034+0900][761.524s] GC(154) Concurrent Scan Root Regions 1.136ms
[2023-02-28T14:41:08.035+0900][761.524s] GC(154) Concurrent Mark (761.524s)
[2023-02-28T14:41:08.035+0900][761.524s] GC(154) Concurrent Mark From Roots
[2023-02-28T14:41:08.035+0900][761.524s] GC(154) Using 3 workers of 3 for marking
[2023-02-28T14:41:08.109+0900][761.598s] GC(155) Pause Young (Normal) (G1 Evacuation Pause)
[2023-02-28T14:41:08.109+0900][761.598s] GC(155) Using 10 workers of 10 for evacuation
[2023-02-28T14:41:08.111+0900][761.601s] GC(155)   Pre Evacuate Collection Set: 0.0ms
[2023-02-28T14:41:08.111+0900][761.601s] GC(155)   Evacuate Collection Set: 1.7ms
[2023-02-28T14:41:08.111+0900][761.601s] GC(155)   Post Evacuate Collection Set: 0.4ms
[2023-02-28T14:41:08.111+0900][761.601s] GC(155)   Other: 0.1ms
[2023-02-28T14:41:08.111+0900][761.601s] GC(155) Eden regions: 21->0(22)
[2023-02-28T14:41:08.111+0900][761.601s] GC(155) Survivor regions: 4->3(4)
[2023-02-28T14:41:08.111+0900][761.601s] GC(155) Old regions: 436->439
[2023-02-28T14:41:08.111+0900][761.601s] GC(155) Humongous regions: 32->32
[2023-02-28T14:41:08.111+0900][761.601s] GC(155) Metaspace: 65063K(66688K)->65063K(66688K) NonClass: 57666K(58624K)->57666K(58624K) Class: 7396K(8064K)->7396K(8064K)
[2023-02-28T14:41:08.111+0900][761.601s] GC(155) Pause Young (Normal) (G1 Evacuation Pause) 492M->473M(512M) 2.498ms
[2023-02-28T14:41:08.112+0900][761.601s] GC(155) User=0.00s Sys=0.00s Real=0.00s
[2023-02-28T14:41:08.132+0900][761.622s] GC(154) Concurrent Mark From Roots 97.515ms
[2023-02-28T14:41:08.132+0900][761.622s] GC(154) Concurrent Preclean
[2023-02-28T14:41:08.133+0900][761.622s] GC(154) Concurrent Preclean 0.170ms
[2023-02-28T14:41:08.133+0900][761.622s] GC(154) Concurrent Mark (761.524s, 761.622s) 97.815ms
[2023-02-28T14:41:08.133+0900][761.622s] GC(154) Pause Remark
[2023-02-28T14:41:08.137+0900][761.626s] GC(154) Cleaned string and symbol table, strings: 31138 processed, 0 removed, symbols: 195474 processed, 0 removed
[2023-02-28T14:41:08.137+0900][761.627s] GC(154) Pause Remark 485M->485M(512M) 4.545ms
[2023-02-28T14:41:08.137+0900][761.627s] GC(154) User=0.00s Sys=0.00s Real=0.00s
[2023-02-28T14:41:08.137+0900][761.627s] GC(154) Concurrent Rebuild Remembered Sets
[2023-02-28T14:41:08.153+0900][761.642s] GC(156) Pause Young (Normal) (G1 Evacuation Pause)
[2023-02-28T14:41:08.153+0900][761.642s] GC(156) Using 10 workers of 10 for evacuation
[2023-02-28T14:41:08.155+0900][761.644s] GC(156)   Pre Evacuate Collection Set: 0.0ms
[2023-02-28T14:41:08.155+0900][761.644s] GC(156)   Evacuate Collection Set: 1.9ms
[2023-02-28T14:41:08.155+0900][761.644s] GC(156)   Post Evacuate Collection Set: 0.3ms
[2023-02-28T14:41:08.155+0900][761.644s] GC(156)   Other: 0.2ms
[2023-02-28T14:41:08.155+0900][761.644s] GC(156) Eden regions: 22->0(21)
[2023-02-28T14:41:08.155+0900][761.644s] GC(156) Survivor regions: 3->4(4)
[2023-02-28T14:41:08.155+0900][761.645s] GC(156) Old regions: 439->442
[2023-02-28T14:41:08.155+0900][761.645s] GC(156) Humongous regions: 32->32
[2023-02-28T14:41:08.155+0900][761.645s] GC(156) Metaspace: 65063K(66688K)->65063K(66688K) NonClass: 57666K(58624K)->57666K(58624K) Class: 7396K(8064K)->7396K(8064K)
[2023-02-28T14:41:08.155+0900][761.645s] GC(156) Pause Young (Normal) (G1 Evacuation Pause) 495M->477M(512M) 2.614ms
[2023-02-28T14:41:08.155+0900][761.645s] GC(156) User=0.16s Sys=0.00s Real=0.00s
[2023-02-28T14:41:08.202+0900][761.692s] GC(154) Concurrent Rebuild Remembered Sets 65.474ms
[2023-02-28T14:41:08.202+0900][761.692s] GC(154) Pause Cleanup
[2023-02-28T14:41:08.202+0900][761.692s] GC(154) Pause Cleanup 491M->491M(512M) 0.209ms
[2023-02-28T14:41:08.202+0900][761.693s] GC(154) User=0.00s Sys=0.00s Real=0.00s
[2023-02-28T14:41:08.203+0900][761.693s] GC(154) Concurrent Cleanup for Next Mark
[2023-02-28T14:41:08.203+0900][761.693s] GC(154) Concurrent Cleanup for Next Mark 0.455ms
[2023-02-28T14:41:08.203+0900][761.693s] GC(154) Concurrent Cycle 170.550ms
[2023-02-28T14:41:08.219+0900][761.709s] GC(157) Pause Young (Prepare Mixed) (G1 Evacuation Pause)
[2023-02-28T14:41:08.219+0900][761.709s] GC(157) Using 10 workers of 10 for evacuation
[2023-02-28T14:41:08.221+0900][761.711s] GC(157)   Pre Evacuate Collection Set: 0.0ms
[2023-02-28T14:41:08.221+0900][761.711s] GC(157)   Evacuate Collection Set: 2.1ms
[2023-02-28T14:41:08.221+0900][761.711s] GC(157)   Post Evacuate Collection Set: 0.1ms
[2023-02-28T14:41:08.221+0900][761.711s] GC(157)   Other: 0.2ms
[2023-02-28T14:41:08.221+0900][761.711s] GC(157) Eden regions: 21->0(22)
[2023-02-28T14:41:08.221+0900][761.711s] GC(157) Survivor regions: 4->3(4)
[2023-02-28T14:41:08.221+0900][761.711s] GC(157) Old regions: 442->446
[2023-02-28T14:41:08.221+0900][761.711s] GC(157) Humongous regions: 32->32
[2023-02-28T14:41:08.221+0900][761.711s] GC(157) Metaspace: 65063K(66688K)->65063K(66688K) NonClass: 57666K(58624K)->57666K(58624K) Class: 7396K(8064K)->7396K(8064K)
[2023-02-28T14:41:08.221+0900][761.711s] GC(157) Pause Young (Prepare Mixed) (G1 Evacuation Pause) 498M->479M(512M) 2.743ms
[2023-02-28T14:41:08.221+0900][761.711s] GC(157) User=0.00s Sys=0.00s Real=0.00s
[2023-02-28T14:41:08.253+0900][761.743s] GC(158) Pause Young (Mixed) (G1 Evacuation Pause)
[2023-02-28T14:41:08.253+0900][761.743s] GC(158) Using 10 workers of 10 for evacuation
[2023-02-28T14:41:08.260+0900][761.750s] GC(158) To-space exhausted
[2023-02-28T14:41:08.261+0900][761.750s] GC(158)   Pre Evacuate Collection Set: 0.0ms
[2023-02-28T14:41:08.261+0900][761.750s] GC(158)   Evacuate Collection Set: 4.0ms
[2023-02-28T14:41:08.261+0900][761.750s] GC(158)   Post Evacuate Collection Set: 2.9ms
[2023-02-28T14:41:08.261+0900][761.750s] GC(158)   Other: 0.4ms
[2023-02-28T14:41:08.261+0900][761.750s] GC(158) Eden regions: 22->0(23)
[2023-02-28T14:41:08.261+0900][761.750s] GC(158) Survivor regions: 3->2(4)
[2023-02-28T14:41:08.261+0900][761.750s] GC(158) Old regions: 446->477
[2023-02-28T14:41:08.261+0900][761.750s] GC(158) Humongous regions: 32->32
[2023-02-28T14:41:08.261+0900][761.750s] GC(158) Metaspace: 65063K(66688K)->65063K(66688K) NonClass: 57666K(58624K)->57666K(58624K) Class: 7396K(8064K)->7396K(8064K)
[2023-02-28T14:41:08.261+0900][761.750s] GC(158) Pause Young (Mixed) (G1 Evacuation Pause) 501M->510M(512M) 7.651ms
[2023-02-28T14:41:08.261+0900][761.750s] GC(158) User=0.00s Sys=0.00s Real=0.01s
[2023-02-28T14:41:08.262+0900][761.752s] GC(159) Pause Young (Concurrent Start) (G1 Evacuation Pause)
[2023-02-28T14:41:08.262+0900][761.752s] GC(159) Using 10 workers of 10 for evacuation
[2023-02-28T14:41:08.265+0900][761.754s] GC(159) To-space exhausted
[2023-02-28T14:41:08.265+0900][761.754s] GC(159)   Pre Evacuate Collection Set: 0.1ms
[2023-02-28T14:41:08.265+0900][761.754s] GC(159)   Evacuate Collection Set: 1.7ms
[2023-02-28T14:41:08.265+0900][761.754s] GC(159)   Post Evacuate Collection Set: 0.8ms
[2023-02-28T14:41:08.265+0900][761.754s] GC(159)   Other: 0.2ms
[2023-02-28T14:41:08.265+0900][761.754s] GC(159) Eden regions: 1->0(25)
[2023-02-28T14:41:08.265+0900][761.754s] GC(159) Survivor regions: 2->0(4)
[2023-02-28T14:41:08.265+0900][761.754s] GC(159) Old regions: 477->480
[2023-02-28T14:41:08.265+0900][761.754s] GC(159) Humongous regions: 32->32
[2023-02-28T14:41:08.265+0900][761.754s] GC(159) Metaspace: 65090K(66688K)->65090K(66688K) NonClass: 57691K(58624K)->57691K(58624K) Class: 7399K(8064K)->7399K(8064K)
[2023-02-28T14:41:08.265+0900][761.754s] GC(159) Pause Young (Concurrent Start) (G1 Evacuation Pause) 511M->511M(512M) 2.910ms
[2023-02-28T14:41:08.265+0900][761.754s] GC(159) User=0.03s Sys=0.02s Real=0.00s
[2023-02-28T14:41:08.265+0900][761.755s] GC(160) Concurrent Cycle
[2023-02-28T14:41:08.265+0900][761.755s] GC(160) Concurrent Clear Claimed Marks
[2023-02-28T14:41:08.265+0900][761.755s] GC(160) Concurrent Clear Claimed Marks 0.068ms
[2023-02-28T14:41:08.265+0900][761.755s] GC(160) Concurrent Scan Root Regions
[2023-02-28T14:41:08.265+0900][761.755s] GC(160) Concurrent Scan Root Regions 0.051ms
[2023-02-28T14:41:08.265+0900][761.755s] GC(161) Using 10 workers of 10 for full compaction
[2023-02-28T14:41:08.265+0900][761.755s] GC(160) Concurrent Mark (761.755s)
[2023-02-28T14:41:08.265+0900][761.755s] GC(160) Concurrent Mark From Roots
[2023-02-28T14:41:08.265+0900][761.755s] GC(160) Using 3 workers of 3 for marking
[2023-02-28T14:41:08.266+0900][761.755s] GC(161) Pause Full (G1 Evacuation Pause)
[2023-02-28T14:41:08.266+0900][761.756s] GC(161) Phase 1: Mark live objects
[2023-02-28T14:41:08.308+0900][761.797s] GC(161) Cleaned string and symbol table, strings: 31139 processed, 1 removed, symbols: 195571 processed, 0 removed
[2023-02-28T14:41:08.308+0900][761.797s] GC(161) Phase 1: Mark live objects 41.257ms
[2023-02-28T14:41:08.308+0900][761.797s] GC(161) Phase 2: Prepare for compaction
[2023-02-28T14:41:08.344+0900][761.833s] GC(161) Phase 2: Prepare for compaction 35.694ms
[2023-02-28T14:41:08.344+0900][761.833s] GC(161) Phase 3: Adjust pointers
[2023-02-28T14:41:08.384+0900][761.874s] GC(161) Phase 3: Adjust pointers 41.040ms
[2023-02-28T14:41:08.384+0900][761.874s] GC(161) Phase 4: Compact heap
[2023-02-28T14:41:08.473+0900][761.963s] GC(161) Phase 4: Compact heap 88.637ms
[2023-02-28T14:41:08.489+0900][761.978s] GC(161) Eden regions: 0->0(25)
[2023-02-28T14:41:08.489+0900][761.978s] GC(161) Survivor regions: 0->0(4)
[2023-02-28T14:41:08.489+0900][761.978s] GC(161) Old regions: 480->414
[2023-02-28T14:41:08.489+0900][761.979s] GC(161) Humongous regions: 32->32
[2023-02-28T14:41:08.489+0900][761.979s] GC(161) Metaspace: 65090K(66688K)->65090K(66688K) NonClass: 57691K(58624K)->57691K(58624K) Class: 7399K(8064K)->7399K(8064K)
[2023-02-28T14:41:08.489+0900][761.979s] GC(161) Pause Full (G1 Evacuation Pause) 511M->437M(512M) 223.641ms
[2023-02-28T14:41:08.489+0900][761.979s] GC(161) User=2.17s Sys=0.00s Real=0.22s
[2023-02-28T14:41:08.490+0900][761.979s] GC(160) Concurrent Mark From Roots 224.545ms
[2023-02-28T14:41:08.490+0900][761.980s] GC(160) Concurrent Mark Abort
[2023-02-28T14:41:08.490+0900][761.980s] GC(160) Concurrent Cycle 225.090ms
[2023-02-28T14:41:08.556+0900][762.046s] GC(162) Pause Young (Normal) (G1 Evacuation Pause)
[2023-02-28T14:41:08.556+0900][762.046s] GC(162) Using 10 workers of 10 for evacuation
[2023-02-28T14:41:08.557+0900][762.047s] GC(162)   Pre Evacuate Collection Set: 0.0ms
[2023-02-28T14:41:08.558+0900][762.047s] GC(162)   Evacuate Collection Set: 1.2ms
[2023-02-28T14:41:08.558+0900][762.047s] GC(162)   Post Evacuate Collection Set: 0.2ms
[2023-02-28T14:41:08.558+0900][762.047s] GC(162)   Other: 0.2ms
[2023-02-28T14:41:08.558+0900][762.047s] GC(162) Eden regions: 25->0(21)
[2023-02-28T14:41:08.558+0900][762.047s] GC(162) Survivor regions: 0->4(4)
[2023-02-28T14:41:08.558+0900][762.047s] GC(162) Old regions: 414->414
[2023-02-28T14:41:08.558+0900][762.047s] GC(162) Humongous regions: 32->32
[2023-02-28T14:41:08.558+0900][762.047s] GC(162) Metaspace: 65127K(66944K)->65127K(66944K) NonClass: 57723K(58880K)->57723K(58880K) Class: 7403K(8064K)->7403K(8064K)
[2023-02-28T14:41:08.558+0900][762.047s] GC(162) Pause Young (Normal) (G1 Evacuation Pause) 462M->440M(512M) 1.821ms
[2023-02-28T14:41:08.558+0900][762.047s] GC(162) User=0.00s Sys=0.00s Real=0.00s
[2023-02-28T14:41:08.587+0900][762.077s] GC(163) Pause Young (Concurrent Start) (G1 Evacuation Pause)
[2023-02-28T14:41:08.587+0900][762.077s] GC(163) Using 10 workers of 10 for evacuation
[2023-02-28T14:41:08.590+0900][762.079s] GC(163)   Pre Evacuate Collection Set: 0.1ms
[2023-02-28T14:41:08.590+0900][762.080s] GC(163)   Evacuate Collection Set: 2.1ms
[2023-02-28T14:41:08.590+0900][762.080s] GC(163)   Post Evacuate Collection Set: 0.5ms
[2023-02-28T14:41:08.590+0900][762.080s] GC(163)   Other: 0.3ms
[2023-02-28T14:41:08.590+0900][762.080s] GC(163) Eden regions: 21->0(21)
[2023-02-28T14:41:08.590+0900][762.080s] GC(163) Survivor regions: 4->4(4)
[2023-02-28T14:41:08.590+0900][762.080s] GC(163) Old regions: 414->418
[2023-02-28T14:41:08.590+0900][762.080s] GC(163) Humongous regions: 32->32
[2023-02-28T14:41:08.590+0900][762.080s] GC(163) Metaspace: 65127K(66944K)->65127K(66944K) NonClass: 57723K(58880K)->57723K(58880K) Class: 7403K(8064K)->7403K(8064K)
[2023-02-28T14:41:08.590+0900][762.080s] GC(163) Pause Young (Concurrent Start) (G1 Evacuation Pause) 461M->443M(512M) 3.409ms
[2023-02-28T14:41:08.590+0900][762.080s] GC(163) User=0.00s Sys=0.00s Real=0.00s
[2023-02-28T14:41:08.590+0900][762.080s] GC(164) Concurrent Cycle
[2023-02-28T14:41:08.591+0900][762.080s] GC(164) Concurrent Clear Claimed Marks
[2023-02-28T14:41:08.591+0900][762.080s] GC(164) Concurrent Clear Claimed Marks 0.086ms
[2023-02-28T14:41:08.591+0900][762.080s] GC(164) Concurrent Scan Root Regions
[2023-02-28T14:41:08.592+0900][762.081s] GC(164) Concurrent Scan Root Regions 1.032ms
[2023-02-28T14:41:08.592+0900][762.081s] GC(164) Concurrent Mark (762.081s)
[2023-02-28T14:41:08.592+0900][762.081s] GC(164) Concurrent Mark From Roots
[2023-02-28T14:41:08.592+0900][762.081s] GC(164) Using 3 workers of 3 for marking
[2023-02-28T14:41:08.655+0900][762.144s] GC(165) Pause Young (Normal) (G1 Evacuation Pause)
[2023-02-28T14:41:08.655+0900][762.144s] GC(165) Using 10 workers of 10 for evacuation
[2023-02-28T14:41:08.657+0900][762.146s] GC(165)   Pre Evacuate Collection Set: 0.0ms
[2023-02-28T14:41:08.657+0900][762.146s] GC(165)   Evacuate Collection Set: 1.7ms
[2023-02-28T14:41:08.657+0900][762.147s] GC(165)   Post Evacuate Collection Set: 0.2ms
[2023-02-28T14:41:08.657+0900][762.147s] GC(165)   Other: 0.1ms
[2023-02-28T14:41:08.657+0900][762.147s] GC(165) Eden regions: 21->0(22)
[2023-02-28T14:41:08.657+0900][762.147s] GC(165) Survivor regions: 4->3(4)
[2023-02-28T14:41:08.657+0900][762.147s] GC(165) Old regions: 418->421
[2023-02-28T14:41:08.657+0900][762.147s] GC(165) Humongous regions: 32->32
[2023-02-28T14:41:08.657+0900][762.147s] GC(165) Metaspace: 65127K(66944K)->65127K(66944K) NonClass: 57723K(58880K)->57723K(58880K) Class: 7403K(8064K)->7403K(8064K)
[2023-02-28T14:41:08.657+0900][762.147s] GC(165) Pause Young (Normal) (G1 Evacuation Pause) 464M->446M(512M) 2.256ms
[2023-02-28T14:41:08.657+0900][762.147s] GC(165) User=0.00s Sys=0.00s Real=0.00s
[2023-02-28T14:41:08.688+0900][762.177s] GC(164) Concurrent Mark From Roots 95.423ms
[2023-02-28T14:41:08.688+0900][762.177s] GC(164) Concurrent Preclean
[2023-02-28T14:41:08.688+0900][762.177s] GC(164) Concurrent Preclean 0.171ms
[2023-02-28T14:41:08.688+0900][762.177s] GC(164) Concurrent Mark (762.081s, 762.177s) 95.693ms
[2023-02-28T14:41:08.688+0900][762.177s] GC(164) Pause Remark
[2023-02-28T14:41:08.692+0900][762.181s] GC(164) Cleaned string and symbol table, strings: 31218 processed, 0 removed, symbols: 195635 processed, 0 removed
[2023-02-28T14:41:08.692+0900][762.182s] GC(164) Pause Remark 462M->462M(512M) 4.461ms
[2023-02-28T14:41:08.692+0900][762.182s] GC(164) User=0.00s Sys=0.00s Real=0.00s
[2023-02-28T14:41:08.692+0900][762.182s] GC(164) Concurrent Rebuild Remembered Sets
[2023-02-28T14:41:08.702+0900][762.191s] GC(166) Pause Young (Normal) (G1 Evacuation Pause)
[2023-02-28T14:41:08.702+0900][762.191s] GC(166) Using 10 workers of 10 for evacuation
[2023-02-28T14:41:08.704+0900][762.193s] GC(166)   Pre Evacuate Collection Set: 0.0ms
[2023-02-28T14:41:08.704+0900][762.193s] GC(166)   Evacuate Collection Set: 2.0ms
[2023-02-28T14:41:08.704+0900][762.193s] GC(166)   Post Evacuate Collection Set: 0.1ms
[2023-02-28T14:41:08.704+0900][762.194s] GC(166)   Other: 0.2ms
[2023-02-28T14:41:08.704+0900][762.194s] GC(166) Eden regions: 22->0(21)
[2023-02-28T14:41:08.704+0900][762.194s] GC(166) Survivor regions: 3->4(4)
[2023-02-28T14:41:08.704+0900][762.194s] GC(166) Old regions: 421->424
[2023-02-28T14:41:08.704+0900][762.194s] GC(166) Humongous regions: 32->32
[2023-02-28T14:41:08.704+0900][762.194s] GC(166) Metaspace: 65127K(66944K)->65127K(66944K) NonClass: 57723K(58880K)->57723K(58880K) Class: 7403K(8064K)->7403K(8064K)
[2023-02-28T14:41:08.704+0900][762.194s] GC(166) Pause Young (Normal) (G1 Evacuation Pause) 468M->449M(512M) 2.553ms
[2023-02-28T14:41:08.704+0900][762.194s] GC(166) User=0.00s Sys=0.00s Real=0.00s
[2023-02-28T14:41:08.756+0900][762.246s] GC(164) Concurrent Rebuild Remembered Sets 64.177ms
[2023-02-28T14:41:08.756+0900][762.246s] GC(164) Pause Cleanup
[2023-02-28T14:41:08.756+0900][762.246s] GC(164) Pause Cleanup 470M->470M(512M) 0.282ms
[2023-02-28T14:41:08.756+0900][762.246s] GC(164) User=0.00s Sys=0.00s Real=0.00s
[2023-02-28T14:41:08.756+0900][762.246s] GC(164) Concurrent Cleanup for Next Mark
[2023-02-28T14:41:08.757+0900][762.247s] GC(167) Pause Young (Normal) (G1 Evacuation Pause)
[2023-02-28T14:41:08.757+0900][762.247s] GC(167) Using 10 workers of 10 for evacuation
[2023-02-28T14:41:08.760+0900][762.250s] GC(167)   Pre Evacuate Collection Set: 0.0ms
[2023-02-28T14:41:08.760+0900][762.250s] GC(167)   Evacuate Collection Set: 2.3ms
[2023-02-28T14:41:08.760+0900][762.250s] GC(167)   Post Evacuate Collection Set: 0.2ms
[2023-02-28T14:41:08.760+0900][762.250s] GC(167)   Other: 0.2ms
[2023-02-28T14:41:08.760+0900][762.250s] GC(167) Eden regions: 21->0(22)
[2023-02-28T14:41:08.760+0900][762.250s] GC(167) Survivor regions: 4->3(4)
[2023-02-28T14:41:08.760+0900][762.250s] GC(167) Old regions: 424->427
[2023-02-28T14:41:08.760+0900][762.250s] GC(167) Humongous regions: 32->32
[2023-02-28T14:41:08.760+0900][762.250s] GC(167) Metaspace: 65127K(66944K)->65127K(66944K) NonClass: 57723K(58880K)->57723K(58880K) Class: 7403K(8064K)->7403K(8064K)
[2023-02-28T14:41:08.760+0900][762.250s] GC(167) Pause Young (Normal) (G1 Evacuation Pause) 470M->452M(512M) 3.099ms
[2023-02-28T14:41:08.760+0900][762.250s] GC(167) User=0.00s Sys=0.00s Real=0.00s
[2023-02-28T14:41:08.760+0900][762.251s] GC(164) Concurrent Cleanup for Next Mark 4.072ms
[2023-02-28T14:41:08.760+0900][762.251s] GC(164) Concurrent Cycle 170.563ms
[2023-02-28T14:41:08.806+0900][762.296s] GC(168) Pause Young (Normal) (G1 Evacuation Pause)
[2023-02-28T14:41:08.806+0900][762.296s] GC(168) Using 10 workers of 10 for evacuation
[2023-02-28T14:41:08.808+0900][762.298s] GC(168)   Pre Evacuate Collection Set: 0.0ms
[2023-02-28T14:41:08.808+0900][762.298s] GC(168)   Evacuate Collection Set: 2.0ms
[2023-02-28T14:41:08.808+0900][762.298s] GC(168)   Post Evacuate Collection Set: 0.4ms
[2023-02-28T14:41:08.808+0900][762.298s] GC(168)   Other: 0.1ms
[2023-02-28T14:41:08.808+0900][762.298s] GC(168) Eden regions: 22->0(21)
[2023-02-28T14:41:08.808+0900][762.298s] GC(168) Survivor regions: 3->4(4)
[2023-02-28T14:41:08.808+0900][762.298s] GC(168) Old regions: 427->430
[2023-02-28T14:41:08.808+0900][762.298s] GC(168) Humongous regions: 32->32
[2023-02-28T14:41:08.808+0900][762.298s] GC(168) Metaspace: 65127K(66944K)->65127K(66944K) NonClass: 57723K(58880K)->57723K(58880K) Class: 7403K(8064K)->7403K(8064K)
[2023-02-28T14:41:08.808+0900][762.298s] GC(168) Pause Young (Normal) (G1 Evacuation Pause) 474M->455M(512M) 2.766ms
[2023-02-28T14:41:08.808+0900][762.298s] GC(168) User=0.00s Sys=0.00s Real=0.00s
[2023-02-28T14:41:08.839+0900][762.329s] GC(169) Pause Young (Concurrent Start) (G1 Evacuation Pause)
[2023-02-28T14:41:08.839+0900][762.329s] GC(169) Using 10 workers of 10 for evacuation
[2023-02-28T14:41:08.841+0900][762.331s] GC(169)   Pre Evacuate Collection Set: 0.1ms
[2023-02-28T14:41:08.841+0900][762.331s] GC(169)   Evacuate Collection Set: 2.2ms
[2023-02-28T14:41:08.842+0900][762.331s] GC(169)   Post Evacuate Collection Set: 0.3ms
[2023-02-28T14:41:08.842+0900][762.331s] GC(169)   Other: 0.2ms
[2023-02-28T14:41:08.842+0900][762.331s] GC(169) Eden regions: 21->0(21)
[2023-02-28T14:41:08.842+0900][762.331s] GC(169) Survivor regions: 4->4(4)
[2023-02-28T14:41:08.842+0900][762.331s] GC(169) Old regions: 430->433
[2023-02-28T14:41:08.842+0900][762.331s] GC(169) Humongous regions: 32->32
[2023-02-28T14:41:08.842+0900][762.332s] GC(169) Metaspace: 65127K(66944K)->65127K(66944K) NonClass: 57723K(58880K)->57723K(58880K) Class: 7403K(8064K)->7403K(8064K)
[2023-02-28T14:41:08.842+0900][762.332s] GC(169) Pause Young (Concurrent Start) (G1 Evacuation Pause) 476M->459M(512M) 3.011ms
[2023-02-28T14:41:08.842+0900][762.332s] GC(169) User=0.16s Sys=0.00s Real=0.00s
[2023-02-28T14:41:08.842+0900][762.332s] GC(170) Concurrent Cycle
[2023-02-28T14:41:08.842+0900][762.332s] GC(170) Concurrent Clear Claimed Marks
[2023-02-28T14:41:08.842+0900][762.332s] GC(170) Concurrent Clear Claimed Marks 0.051ms
[2023-02-28T14:41:08.842+0900][762.332s] GC(170) Concurrent Scan Root Regions
[2023-02-28T14:41:08.843+0900][762.332s] GC(170) Concurrent Scan Root Regions 0.726ms
[2023-02-28T14:41:08.843+0900][762.333s] GC(170) Concurrent Mark (762.333s)
[2023-02-28T14:41:08.843+0900][762.333s] GC(170) Concurrent Mark From Roots
[2023-02-28T14:41:08.843+0900][762.333s] GC(170) Using 3 workers of 3 for marking
[2023-02-28T14:41:08.900+0900][762.390s] GC(171) Pause Young (Normal) (G1 Evacuation Pause)
[2023-02-28T14:41:08.900+0900][762.390s] GC(171) Using 10 workers of 10 for evacuation
[2023-02-28T14:41:08.902+0900][762.392s] GC(171)   Pre Evacuate Collection Set: 0.0ms
[2023-02-28T14:41:08.902+0900][762.392s] GC(171)   Evacuate Collection Set: 1.7ms
[2023-02-28T14:41:08.902+0900][762.392s] GC(171)   Post Evacuate Collection Set: 0.3ms
[2023-02-28T14:41:08.902+0900][762.392s] GC(171)   Other: 0.1ms
[2023-02-28T14:41:08.902+0900][762.392s] GC(171) Eden regions: 21->0(22)
[2023-02-28T14:41:08.902+0900][762.392s] GC(171) Survivor regions: 4->3(4)
[2023-02-28T14:41:08.902+0900][762.392s] GC(171) Old regions: 433->436
[2023-02-28T14:41:08.902+0900][762.392s] GC(171) Humongous regions: 32->32
[2023-02-28T14:41:08.902+0900][762.392s] GC(171) Metaspace: 65127K(66944K)->65127K(66944K) NonClass: 57723K(58880K)->57723K(58880K) Class: 7403K(8064K)->7403K(8064K)
[2023-02-28T14:41:08.902+0900][762.392s] GC(171) Pause Young (Normal) (G1 Evacuation Pause) 480M->462M(512M) 2.413ms
[2023-02-28T14:41:08.902+0900][762.392s] GC(171) User=0.00s Sys=0.00s Real=0.00s
[2023-02-28T14:41:08.936+0900][762.426s] GC(172) Pause Young (Normal) (G1 Evacuation Pause)
[2023-02-28T14:41:08.936+0900][762.426s] GC(172) Using 10 workers of 10 for evacuation
[2023-02-28T14:41:08.939+0900][762.428s] GC(172)   Pre Evacuate Collection Set: 0.0ms
[2023-02-28T14:41:08.939+0900][762.428s] GC(172)   Evacuate Collection Set: 1.9ms
[2023-02-28T14:41:08.939+0900][762.428s] GC(172)   Post Evacuate Collection Set: 0.3ms
[2023-02-28T14:41:08.939+0900][762.428s] GC(172)   Other: 0.1ms
[2023-02-28T14:41:08.939+0900][762.428s] GC(172) Eden regions: 22->0(21)
[2023-02-28T14:41:08.939+0900][762.428s] GC(172) Survivor regions: 3->4(4)
[2023-02-28T14:41:08.939+0900][762.429s] GC(172) Old regions: 436->439
[2023-02-28T14:41:08.939+0900][762.429s] GC(172) Humongous regions: 32->32
[2023-02-28T14:41:08.939+0900][762.429s] GC(172) Metaspace: 65127K(66944K)->65127K(66944K) NonClass: 57723K(58880K)->57723K(58880K) Class: 7403K(8064K)->7403K(8064K)
[2023-02-28T14:41:08.939+0900][762.429s] GC(172) Pause Young (Normal) (G1 Evacuation Pause) 484M->466M(512M) 2.553ms
[2023-02-28T14:41:08.939+0900][762.429s] GC(172) User=0.00s Sys=0.00s Real=0.00s
[2023-02-28T14:41:08.944+0900][762.434s] GC(170) Concurrent Mark From Roots 101.022ms
[2023-02-28T14:41:08.944+0900][762.434s] GC(170) Concurrent Preclean
[2023-02-28T14:41:08.944+0900][762.434s] GC(170) Concurrent Preclean 0.173ms
[2023-02-28T14:41:08.944+0900][762.434s] GC(170) Concurrent Mark (762.333s, 762.434s) 101.331ms
[2023-02-28T14:41:08.944+0900][762.434s] GC(170) Pause Remark
[2023-02-28T14:41:08.949+0900][762.438s] GC(170) Cleaned string and symbol table, strings: 31218 processed, 0 removed, symbols: 195635 processed, 0 removed
[2023-02-28T14:41:08.949+0900][762.439s] GC(170) Pause Remark 469M->469M(512M) 4.536ms
[2023-02-28T14:41:08.949+0900][762.439s] GC(170) User=0.00s Sys=0.00s Real=0.00s
[2023-02-28T14:41:08.949+0900][762.439s] GC(170) Concurrent Rebuild Remembered Sets
[2023-02-28T14:41:09.010+0900][762.499s] GC(173) Pause Young (Normal) (G1 Evacuation Pause)
[2023-02-28T14:41:09.010+0900][762.499s] GC(173) Using 10 workers of 10 for evacuation
[2023-02-28T14:41:09.012+0900][762.502s] GC(173)   Pre Evacuate Collection Set: 0.0ms
[2023-02-28T14:41:09.012+0900][762.502s] GC(173)   Evacuate Collection Set: 2.1ms
[2023-02-28T14:41:09.012+0900][762.502s] GC(173)   Post Evacuate Collection Set: 0.2ms
[2023-02-28T14:41:09.012+0900][762.502s] GC(173)   Other: 0.2ms
[2023-02-28T14:41:09.012+0900][762.502s] GC(173) Eden regions: 21->0(21)
[2023-02-28T14:41:09.012+0900][762.502s] GC(173) Survivor regions: 4->4(4)
[2023-02-28T14:41:09.012+0900][762.502s] GC(173) Old regions: 439->444
[2023-02-28T14:41:09.012+0900][762.502s] GC(173) Humongous regions: 32->32
[2023-02-28T14:41:09.012+0900][762.502s] GC(173) Metaspace: 65127K(66944K)->65127K(66944K) NonClass: 57723K(58880K)->57723K(58880K) Class: 7403K(8064K)->7403K(8064K)
[2023-02-28T14:41:09.012+0900][762.502s] GC(173) Pause Young (Normal) (G1 Evacuation Pause) 487M->471M(512M) 2.758ms
[2023-02-28T14:41:09.013+0900][762.502s] GC(173) User=0.00s Sys=0.02s Real=0.00s
[2023-02-28T14:41:09.015+0900][762.505s] GC(170) Concurrent Rebuild Remembered Sets 66.138ms
[2023-02-28T14:41:09.016+0900][762.505s] GC(170) Pause Cleanup
[2023-02-28T14:41:09.016+0900][762.505s] GC(170) Pause Cleanup 472M->472M(512M) 0.202ms
[2023-02-28T14:41:09.016+0900][762.505s] GC(170) User=0.00s Sys=0.00s Real=0.00s
[2023-02-28T14:41:09.016+0900][762.505s] GC(170) Concurrent Cleanup for Next Mark
[2023-02-28T14:41:09.016+0900][762.506s] GC(170) Concurrent Cleanup for Next Mark 0.632ms
[2023-02-28T14:41:09.016+0900][762.506s] GC(170) Concurrent Cycle 174.281ms
[2023-02-28T14:41:09.041+0900][762.531s] GC(174) Pause Young (Normal) (G1 Evacuation Pause)
[2023-02-28T14:41:09.041+0900][762.531s] GC(174) Using 10 workers of 10 for evacuation
[2023-02-28T14:41:09.044+0900][762.533s] GC(174)   Pre Evacuate Collection Set: 0.0ms
[2023-02-28T14:41:09.044+0900][762.533s] GC(174)   Evacuate Collection Set: 2.3ms
[2023-02-28T14:41:09.044+0900][762.533s] GC(174)   Post Evacuate Collection Set: 0.2ms
[2023-02-28T14:41:09.044+0900][762.533s] GC(174)   Other: 0.1ms
[2023-02-28T14:41:09.044+0900][762.533s] GC(174) Eden regions: 21->0(21)
[2023-02-28T14:41:09.044+0900][762.533s] GC(174) Survivor regions: 4->4(4)
[2023-02-28T14:41:09.044+0900][762.533s] GC(174) Old regions: 444->450
[2023-02-28T14:41:09.044+0900][762.533s] GC(174) Humongous regions: 32->32
[2023-02-28T14:41:09.044+0900][762.533s] GC(174) Metaspace: 65127K(66944K)->65127K(66944K) NonClass: 57723K(58880K)->57723K(58880K) Class: 7403K(8064K)->7403K(8064K)
[2023-02-28T14:41:09.044+0900][762.533s] GC(174) Pause Young (Normal) (G1 Evacuation Pause) 492M->476M(512M) 2.906ms
[2023-02-28T14:41:09.044+0900][762.534s] GC(174) User=0.16s Sys=0.00s Real=0.00s
[2023-02-28T14:41:09.104+0900][762.593s] GC(175) Pause Young (Concurrent Start) (G1 Evacuation Pause)
[2023-02-28T14:41:09.104+0900][762.593s] GC(175) Using 10 workers of 10 for evacuation
[2023-02-28T14:41:09.109+0900][762.598s] GC(175) To-space exhausted
[2023-02-28T14:41:09.109+0900][762.598s] GC(175)   Pre Evacuate Collection Set: 0.1ms
[2023-02-28T14:41:09.109+0900][762.598s] GC(175)   Evacuate Collection Set: 2.7ms
[2023-02-28T14:41:09.109+0900][762.598s] GC(175)   Post Evacuate Collection Set: 2.1ms
[2023-02-28T14:41:09.109+0900][762.598s] GC(175)   Other: 0.3ms
[2023-02-28T14:41:09.109+0900][762.598s] GC(175) Eden regions: 21->0(24)
[2023-02-28T14:41:09.109+0900][762.598s] GC(175) Survivor regions: 4->1(4)
[2023-02-28T14:41:09.109+0900][762.599s] GC(175) Old regions: 450->466
[2023-02-28T14:41:09.109+0900][762.599s] GC(175) Humongous regions: 32->32
[2023-02-28T14:41:09.109+0900][762.599s] GC(175) Metaspace: 65127K(66944K)->65127K(66944K) NonClass: 57723K(58880K)->57723K(58880K) Class: 7403K(8064K)->7403K(8064K)
[2023-02-28T14:41:09.109+0900][762.599s] GC(175) Pause Young (Concurrent Start) (G1 Evacuation Pause) 497M->490M(512M) 5.443ms
[2023-02-28T14:41:09.109+0900][762.599s] GC(175) User=0.16s Sys=0.00s Real=0.00s
[2023-02-28T14:41:09.110+0900][762.599s] GC(176) Concurrent Cycle
[2023-02-28T14:41:09.110+0900][762.599s] GC(176) Concurrent Clear Claimed Marks
[2023-02-28T14:41:09.110+0900][762.599s] GC(176) Concurrent Clear Claimed Marks 0.088ms
[2023-02-28T14:41:09.110+0900][762.599s] GC(176) Concurrent Scan Root Regions
[2023-02-28T14:41:09.111+0900][762.600s] GC(176) Concurrent Scan Root Regions 1.042ms
[2023-02-28T14:41:09.111+0900][762.600s] GC(176) Concurrent Mark (762.600s)
[2023-02-28T14:41:09.111+0900][762.600s] GC(176) Concurrent Mark From Roots
[2023-02-28T14:41:09.111+0900][762.600s] GC(176) Using 3 workers of 3 for marking
[2023-02-28T14:41:09.135+0900][762.625s] GC(177) Pause Young (Normal) (G1 Evacuation Pause)
[2023-02-28T14:41:09.135+0900][762.625s] GC(177) Using 10 workers of 10 for evacuation
[2023-02-28T14:41:09.137+0900][762.627s] GC(177) To-space exhausted
[2023-02-28T14:41:09.137+0900][762.628s] GC(177)   Pre Evacuate Collection Set: 0.0ms
[2023-02-28T14:41:09.138+0900][762.628s] GC(177)   Evacuate Collection Set: 0.9ms
[2023-02-28T14:41:09.138+0900][762.628s] GC(177)   Post Evacuate Collection Set: 1.6ms
[2023-02-28T14:41:09.138+0900][762.628s] GC(177)   Other: 0.3ms
[2023-02-28T14:41:09.138+0900][762.628s] GC(177) Eden regions: 13->0(25)
[2023-02-28T14:41:09.138+0900][762.628s] GC(177) Survivor regions: 1->0(4)
[2023-02-28T14:41:09.138+0900][762.628s] GC(177) Old regions: 466->480
[2023-02-28T14:41:09.138+0900][762.628s] GC(177) Humongous regions: 32->32
[2023-02-28T14:41:09.138+0900][762.628s] GC(177) Metaspace: 65127K(66944K)->65127K(66944K) NonClass: 57723K(58880K)->57723K(58880K) Class: 7403K(8064K)->7403K(8064K)
[2023-02-28T14:41:09.138+0900][762.628s] GC(177) Pause Young (Normal) (G1 Evacuation Pause) 503M->503M(512M) 3.129ms
[2023-02-28T14:41:09.138+0900][762.628s] GC(177) User=0.16s Sys=0.00s Real=0.00s
[2023-02-28T14:41:09.138+0900][762.628s] GC(178) Using 10 workers of 10 for full compaction
[2023-02-28T14:41:09.138+0900][762.628s] GC(178) Pause Full (G1 Evacuation Pause)
[2023-02-28T14:41:09.139+0900][762.629s] GC(178) Phase 1: Mark live objects
[2023-02-28T14:41:09.183+0900][762.673s] GC(178) Cleaned string and symbol table, strings: 31218 processed, 0 removed, symbols: 195635 processed, 0 removed
[2023-02-28T14:41:09.183+0900][762.673s] GC(178) Phase 1: Mark live objects 44.010ms
[2023-02-28T14:41:09.183+0900][762.673s] GC(178) Phase 2: Prepare for compaction
[2023-02-28T14:41:09.219+0900][762.709s] GC(178) Phase 2: Prepare for compaction 35.833ms
[2023-02-28T14:41:09.219+0900][762.709s] GC(178) Phase 3: Adjust pointers
[2023-02-28T14:41:09.265+0900][762.755s] GC(178) Phase 3: Adjust pointers 45.914ms
[2023-02-28T14:41:09.265+0900][762.755s] GC(178) Phase 4: Compact heap
[2023-02-28T14:41:09.347+0900][762.837s] GC(178) Phase 4: Compact heap 81.667ms
[2023-02-28T14:41:09.358+0900][762.847s] GC(178) Eden regions: 0->0(25)
[2023-02-28T14:41:09.358+0900][762.847s] GC(178) Survivor regions: 0->0(4)
[2023-02-28T14:41:09.358+0900][762.847s] GC(178) Old regions: 480->446
[2023-02-28T14:41:09.358+0900][762.847s] GC(178) Humongous regions: 32->32
[2023-02-28T14:41:09.358+0900][762.847s] GC(178) Metaspace: 65127K(66944K)->65127K(66944K) NonClass: 57723K(58880K)->57723K(58880K) Class: 7403K(8064K)->7403K(8064K)
[2023-02-28T14:41:09.358+0900][762.848s] GC(178) Pause Full (G1 Evacuation Pause) 503M->470M(512M) 219.449ms
[2023-02-28T14:41:09.358+0900][762.848s] GC(178) User=1.92s Sys=0.02s Real=0.22s
[2023-02-28T14:41:09.358+0900][762.848s] GC(176) Concurrent Mark From Roots 247.723ms
[2023-02-28T14:41:09.358+0900][762.848s] GC(176) Concurrent Mark Abort
[2023-02-28T14:41:09.358+0900][762.848s] GC(176) Concurrent Cycle 249.174ms
[2023-02-28T14:41:09.394+0900][762.883s] GC(179) Pause Young (Normal) (G1 Evacuation Pause)
[2023-02-28T14:41:09.394+0900][762.883s] GC(179) Using 10 workers of 10 for evacuation
[2023-02-28T14:41:09.395+0900][762.885s] GC(179)   Pre Evacuate Collection Set: 0.0ms
[2023-02-28T14:41:09.395+0900][762.885s] GC(179)   Evacuate Collection Set: 1.3ms
[2023-02-28T14:41:09.395+0900][762.885s] GC(179)   Post Evacuate Collection Set: 0.1ms
[2023-02-28T14:41:09.395+0900][762.885s] GC(179)   Other: 0.2ms
[2023-02-28T14:41:09.395+0900][762.885s] GC(179) Eden regions: 25->0(21)
[2023-02-28T14:41:09.395+0900][762.885s] GC(179) Survivor regions: 0->4(4)
[2023-02-28T14:41:09.395+0900][762.885s] GC(179) Old regions: 446->446
[2023-02-28T14:41:09.395+0900][762.885s] GC(179) Humongous regions: 32->32
[2023-02-28T14:41:09.395+0900][762.885s] GC(179) Metaspace: 65127K(66944K)->65127K(66944K) NonClass: 57723K(58880K)->57723K(58880K) Class: 7403K(8064K)->7403K(8064K)
[2023-02-28T14:41:09.396+0900][762.885s] GC(179) Pause Young (Normal) (G1 Evacuation Pause) 495M->474M(512M) 1.754ms
[2023-02-28T14:41:09.396+0900][762.885s] GC(179) User=0.00s Sys=0.00s Real=0.00s
[2023-02-28T14:41:09.453+0900][762.942s] GC(180) Pause Young (Concurrent Start) (G1 Evacuation Pause)
[2023-02-28T14:41:09.453+0900][762.942s] GC(180) Using 10 workers of 10 for evacuation
[2023-02-28T14:41:09.455+0900][762.945s] GC(180)   Pre Evacuate Collection Set: 0.1ms
[2023-02-28T14:41:09.455+0900][762.945s] GC(180)   Evacuate Collection Set: 2.1ms
[2023-02-28T14:41:09.455+0900][762.945s] GC(180)   Post Evacuate Collection Set: 0.3ms
[2023-02-28T14:41:09.455+0900][762.945s] GC(180)   Other: 0.2ms
[2023-02-28T14:41:09.455+0900][762.945s] GC(180) Eden regions: 21->0(22)
[2023-02-28T14:41:09.455+0900][762.945s] GC(180) Survivor regions: 4->3(4)
[2023-02-28T14:41:09.456+0900][762.945s] GC(180) Old regions: 446->450
[2023-02-28T14:41:09.456+0900][762.945s] GC(180) Humongous regions: 32->32
[2023-02-28T14:41:09.456+0900][762.945s] GC(180) Metaspace: 65127K(66944K)->65127K(66944K) NonClass: 57723K(58880K)->57723K(58880K) Class: 7403K(8064K)->7403K(8064K)
[2023-02-28T14:41:09.456+0900][762.945s] GC(180) Pause Young (Concurrent Start) (G1 Evacuation Pause) 495M->477M(512M) 2.810ms
[2023-02-28T14:41:09.456+0900][762.945s] GC(180) User=0.00s Sys=0.00s Real=0.00s
[2023-02-28T14:41:09.456+0900][762.945s] GC(181) Concurrent Cycle
[2023-02-28T14:41:09.456+0900][762.945s] GC(181) Concurrent Clear Claimed Marks
[2023-02-28T14:41:09.456+0900][762.945s] GC(181) Concurrent Clear Claimed Marks 0.040ms
[2023-02-28T14:41:09.456+0900][762.945s] GC(181) Concurrent Scan Root Regions
[2023-02-28T14:41:09.456+0900][762.946s] GC(181) Concurrent Scan Root Regions 0.600ms
[2023-02-28T14:41:09.456+0900][762.946s] GC(181) Concurrent Mark (762.946s)
[2023-02-28T14:41:09.456+0900][762.946s] GC(181) Concurrent Mark From Roots
[2023-02-28T14:41:09.457+0900][762.946s] GC(181) Using 3 workers of 3 for marking
[2023-02-28T14:41:09.489+0900][762.979s] GC(182) Pause Young (Normal) (G1 Evacuation Pause)
[2023-02-28T14:41:09.489+0900][762.979s] GC(182) Using 10 workers of 10 for evacuation
[2023-02-28T14:41:09.492+0900][762.982s] GC(182) To-space exhausted
[2023-02-28T14:41:09.492+0900][762.982s] GC(182)   Pre Evacuate Collection Set: 0.0ms
[2023-02-28T14:41:09.492+0900][762.982s] GC(182)   Evacuate Collection Set: 1.9ms
[2023-02-28T14:41:09.492+0900][762.982s] GC(182)   Post Evacuate Collection Set: 1.3ms
[2023-02-28T14:41:09.492+0900][762.982s] GC(182)   Other: 0.2ms
[2023-02-28T14:41:09.492+0900][762.982s] GC(182) Eden regions: 22->0(23)
[2023-02-28T14:41:09.492+0900][762.982s] GC(182) Survivor regions: 3->2(4)
[2023-02-28T14:41:09.492+0900][762.982s] GC(182) Old regions: 450->463
[2023-02-28T14:41:09.492+0900][762.983s] GC(182) Humongous regions: 32->32
[2023-02-28T14:41:09.492+0900][762.983s] GC(182) Metaspace: 65127K(66944K)->65127K(66944K) NonClass: 57723K(58880K)->57723K(58880K) Class: 7403K(8064K)->7403K(8064K)
[2023-02-28T14:41:09.492+0900][762.983s] GC(182) Pause Young (Normal) (G1 Evacuation Pause) 499M->489M(512M) 3.497ms
[2023-02-28T14:41:09.492+0900][762.983s] GC(182) User=0.00s Sys=0.00s Real=0.00s
[2023-02-28T14:41:09.547+0900][763.037s] GC(183) Pause Young (Normal) (G1 Evacuation Pause)
[2023-02-28T14:41:09.547+0900][763.037s] GC(183) Using 10 workers of 10 for evacuation
[2023-02-28T14:41:09.550+0900][763.040s] GC(183) To-space exhausted
[2023-02-28T14:41:09.551+0900][763.040s] GC(183)   Pre Evacuate Collection Set: 0.0ms
[2023-02-28T14:41:09.551+0900][763.041s] GC(183)   Evacuate Collection Set: 1.2ms
[2023-02-28T14:41:09.551+0900][763.041s] GC(183)   Post Evacuate Collection Set: 2.0ms
[2023-02-28T14:41:09.551+0900][763.041s] GC(183)   Other: 0.2ms
[2023-02-28T14:41:09.551+0900][763.041s] GC(183) Eden regions: 15->0(25)
[2023-02-28T14:41:09.551+0900][763.041s] GC(183) Survivor regions: 2->0(4)
[2023-02-28T14:41:09.551+0900][763.041s] GC(183) Old regions: 463->480
[2023-02-28T14:41:09.551+0900][763.041s] GC(183) Humongous regions: 32->32
[2023-02-28T14:41:09.551+0900][763.041s] GC(183) Metaspace: 65127K(66944K)->65127K(66944K) NonClass: 57723K(58880K)->57723K(58880K) Class: 7403K(8064K)->7403K(8064K)
[2023-02-28T14:41:09.551+0900][763.041s] GC(183) Pause Young (Normal) (G1 Evacuation Pause) 504M->504M(512M) 3.715ms
[2023-02-28T14:41:09.551+0900][763.041s] GC(183) User=0.00s Sys=0.00s Real=0.00s
[2023-02-28T14:41:09.551+0900][763.041s] GC(184) Using 10 workers of 10 for full compaction
[2023-02-28T14:41:09.551+0900][763.041s] GC(184) Pause Full (G1 Evacuation Pause)
[2023-02-28T14:41:09.552+0900][763.042s] GC(184) Phase 1: Mark live objects
[2023-02-28T14:41:09.596+0900][763.086s] GC(184) Cleaned string and symbol table, strings: 31218 processed, 0 removed, symbols: 195635 processed, 0 removed
[2023-02-28T14:41:09.596+0900][763.086s] GC(184) Phase 1: Mark live objects 43.736ms
[2023-02-28T14:41:09.596+0900][763.086s] GC(184) Phase 2: Prepare for compaction
[2023-02-28T14:41:09.637+0900][763.127s] GC(184) Phase 2: Prepare for compaction 40.483ms
[2023-02-28T14:41:09.637+0900][763.127s] GC(184) Phase 3: Adjust pointers
[2023-02-28T14:41:09.681+0900][763.171s] GC(184) Phase 3: Adjust pointers 44.345ms
[2023-02-28T14:41:09.681+0900][763.171s] GC(184) Phase 4: Compact heap
[2023-02-28T14:41:09.762+0900][763.252s] GC(184) Phase 4: Compact heap 80.554ms
[2023-02-28T14:41:09.773+0900][763.263s] GC(184) Eden regions: 0->0(25)
[2023-02-28T14:41:09.773+0900][763.263s] GC(184) Survivor regions: 0->0(4)
[2023-02-28T14:41:09.773+0900][763.263s] GC(184) Old regions: 480->451
[2023-02-28T14:41:09.773+0900][763.263s] GC(184) Humongous regions: 32->32
[2023-02-28T14:41:09.773+0900][763.263s] GC(184) Metaspace: 65127K(66944K)->65127K(66944K) NonClass: 57723K(58880K)->57723K(58880K) Class: 7403K(8064K)->7403K(8064K)
[2023-02-28T14:41:09.774+0900][763.263s] GC(184) Pause Full (G1 Evacuation Pause) 504M->476M(512M) 221.930ms
[2023-02-28T14:41:09.774+0900][763.263s] GC(184) User=2.16s Sys=0.02s Real=0.22s
[2023-02-28T14:41:09.774+0900][763.263s] GC(181) Concurrent Mark From Roots 317.489ms
[2023-02-28T14:41:09.774+0900][763.263s] GC(181) Concurrent Mark Abort
[2023-02-28T14:41:09.774+0900][763.263s] GC(181) Concurrent Cycle 318.365ms
[2023-02-28T14:41:09.810+0900][763.299s] GC(185) Pause Young (Normal) (G1 Evacuation Pause)
[2023-02-28T14:41:09.810+0900][763.299s] GC(185) Using 10 workers of 10 for evacuation
[2023-02-28T14:41:09.811+0900][763.301s] GC(185)   Pre Evacuate Collection Set: 0.0ms
[2023-02-28T14:41:09.811+0900][763.301s] GC(185)   Evacuate Collection Set: 1.3ms
[2023-02-28T14:41:09.811+0900][763.301s] GC(185)   Post Evacuate Collection Set: 0.1ms
[2023-02-28T14:41:09.811+0900][763.301s] GC(185)   Other: 0.1ms
[2023-02-28T14:41:09.811+0900][763.301s] GC(185) Eden regions: 25->0(21)
[2023-02-28T14:41:09.811+0900][763.301s] GC(185) Survivor regions: 0->4(4)
[2023-02-28T14:41:09.811+0900][763.301s] GC(185) Old regions: 451->451
[2023-02-28T14:41:09.812+0900][763.301s] GC(185) Humongous regions: 32->32
[2023-02-28T14:41:09.812+0900][763.301s] GC(185) Metaspace: 65128K(66944K)->65128K(66944K) NonClass: 57724K(58880K)->57724K(58880K) Class: 7403K(8064K)->7403K(8064K)
[2023-02-28T14:41:09.812+0900][763.301s] GC(185) Pause Young (Normal) (G1 Evacuation Pause) 501M->480M(512M) 1.799ms
[2023-02-28T14:41:09.812+0900][763.301s] GC(185) User=0.00s Sys=0.00s Real=0.00s
[2023-02-28T14:41:09.860+0900][763.349s] GC(186) Pause Young (Concurrent Start) (G1 Evacuation Pause)
[2023-02-28T14:41:09.860+0900][763.349s] GC(186) Using 10 workers of 10 for evacuation
[2023-02-28T14:41:09.862+0900][763.352s] GC(186) To-space exhausted
[2023-02-28T14:41:09.862+0900][763.352s] GC(186)   Pre Evacuate Collection Set: 0.1ms
[2023-02-28T14:41:09.862+0900][763.352s] GC(186)   Evacuate Collection Set: 1.8ms
[2023-02-28T14:41:09.862+0900][763.352s] GC(186)   Post Evacuate Collection Set: 1.4ms
[2023-02-28T14:41:09.862+0900][763.352s] GC(186)   Other: 0.2ms
[2023-02-28T14:41:09.862+0900][763.352s] GC(186) Eden regions: 21->0(23)
[2023-02-28T14:41:09.862+0900][763.352s] GC(186) Survivor regions: 4->2(4)
[2023-02-28T14:41:09.862+0900][763.352s] GC(186) Old regions: 451->474
[2023-02-28T14:41:09.862+0900][763.352s] GC(186) Humongous regions: 32->32
[2023-02-28T14:41:09.862+0900][763.352s] GC(186) Metaspace: 65128K(66944K)->65128K(66944K) NonClass: 57724K(58880K)->57724K(58880K) Class: 7403K(8064K)->7403K(8064K)
[2023-02-28T14:41:09.862+0900][763.353s] GC(186) Pause Young (Concurrent Start) (G1 Evacuation Pause) 501M->501M(512M) 3.591ms
[2023-02-28T14:41:09.862+0900][763.353s] GC(186) User=0.00s Sys=0.00s Real=0.00s
[2023-02-28T14:41:09.862+0900][763.353s] GC(187) Concurrent Cycle
[2023-02-28T14:41:09.862+0900][763.353s] GC(187) Concurrent Clear Claimed Marks
[2023-02-28T14:41:09.863+0900][763.353s] GC(187) Concurrent Clear Claimed Marks 0.074ms
[2023-02-28T14:41:09.863+0900][763.353s] GC(187) Concurrent Scan Root Regions
[2023-02-28T14:41:09.863+0900][763.353s] GC(187) Concurrent Scan Root Regions 0.397ms
[2023-02-28T14:41:09.863+0900][763.353s] GC(187) Concurrent Mark (763.353s)
[2023-02-28T14:41:09.863+0900][763.353s] GC(187) Concurrent Mark From Roots
[2023-02-28T14:41:09.863+0900][763.353s] GC(187) Using 3 workers of 3 for marking
[2023-02-28T14:41:09.871+0900][763.361s] GC(188) Pause Young (Normal) (G1 Evacuation Pause)
[2023-02-28T14:41:09.871+0900][763.361s] GC(188) Using 10 workers of 10 for evacuation
[2023-02-28T14:41:09.872+0900][763.362s] GC(188) To-space exhausted
[2023-02-28T14:41:09.872+0900][763.362s] GC(188)   Pre Evacuate Collection Set: 0.0ms
[2023-02-28T14:41:09.872+0900][763.362s] GC(188)   Evacuate Collection Set: 0.7ms
[2023-02-28T14:41:09.872+0900][763.362s] GC(188)   Post Evacuate Collection Set: 0.7ms
[2023-02-28T14:41:09.872+0900][763.362s] GC(188)   Other: 0.2ms
[2023-02-28T14:41:09.872+0900][763.362s] GC(188) Eden regions: 4->0(25)
[2023-02-28T14:41:09.872+0900][763.362s] GC(188) Survivor regions: 2->0(4)
[2023-02-28T14:41:09.872+0900][763.362s] GC(188) Old regions: 474->480
[2023-02-28T14:41:09.872+0900][763.362s] GC(188) Humongous regions: 32->32
[2023-02-28T14:41:09.872+0900][763.362s] GC(188) Metaspace: 65128K(66944K)->65128K(66944K) NonClass: 57724K(58880K)->57724K(58880K) Class: 7403K(8064K)->7403K(8064K)
[2023-02-28T14:41:09.872+0900][763.362s] GC(188) Pause Young (Normal) (G1 Evacuation Pause) 505M->505M(512M) 1.795ms
[2023-02-28T14:41:09.872+0900][763.362s] GC(188) User=0.02s Sys=0.00s Real=0.00s
[2023-02-28T14:41:09.872+0900][763.362s] GC(189) Using 10 workers of 10 for full compaction
[2023-02-28T14:41:09.872+0900][763.363s] GC(189) Pause Full (G1 Evacuation Pause)
[2023-02-28T14:41:09.873+0900][763.363s] GC(189) Phase 1: Mark live objects
[2023-02-28T14:41:09.915+0900][763.405s] GC(189) Cleaned string and symbol table, strings: 31218 processed, 0 removed, symbols: 195635 processed, 0 removed
[2023-02-28T14:41:09.915+0900][763.405s] GC(189) Phase 1: Mark live objects 42.175ms
[2023-02-28T14:41:09.915+0900][763.405s] GC(189) Phase 2: Prepare for compaction
[2023-02-28T14:41:09.951+0900][763.441s] GC(189) Phase 2: Prepare for compaction 35.900ms
[2023-02-28T14:41:09.951+0900][763.441s] GC(189) Phase 3: Adjust pointers
[2023-02-28T14:41:09.995+0900][763.485s] GC(189) Phase 3: Adjust pointers 43.271ms
[2023-02-28T14:41:09.995+0900][763.485s] GC(189) Phase 4: Compact heap
[2023-02-28T14:41:10.069+0900][763.558s] GC(189) Phase 4: Compact heap 73.499ms
[2023-02-28T14:41:10.079+0900][763.569s] GC(189) Eden regions: 0->0(25)
[2023-02-28T14:41:10.079+0900][763.569s] GC(189) Survivor regions: 0->0(4)
[2023-02-28T14:41:10.079+0900][763.569s] GC(189) Old regions: 480->453
[2023-02-28T14:41:10.079+0900][763.569s] GC(189) Humongous regions: 32->32
[2023-02-28T14:41:10.079+0900][763.569s] GC(189) Metaspace: 65128K(66944K)->65128K(66944K) NonClass: 57724K(58880K)->57724K(58880K) Class: 7403K(8064K)->7403K(8064K)
[2023-02-28T14:41:10.079+0900][763.569s] GC(189) Pause Full (G1 Evacuation Pause) 505M->479M(512M) 206.346ms
[2023-02-28T14:41:10.080+0900][763.569s] GC(189) User=2.00s Sys=0.00s Real=0.21s
[2023-02-28T14:41:10.080+0900][763.569s] GC(187) Concurrent Mark From Roots 216.217ms
[2023-02-28T14:41:10.080+0900][763.569s] GC(187) Concurrent Mark Abort
[2023-02-28T14:41:10.080+0900][763.569s] GC(187) Concurrent Cycle 216.912ms
[2023-02-28T14:41:10.114+0900][763.604s] GC(190) Pause Young (Normal) (G1 Evacuation Pause)
[2023-02-28T14:41:10.114+0900][763.604s] GC(190) Using 10 workers of 10 for evacuation
[2023-02-28T14:41:10.117+0900][763.607s] GC(190) To-space exhausted
[2023-02-28T14:41:10.117+0900][763.607s] GC(190)   Pre Evacuate Collection Set: 0.0ms
[2023-02-28T14:41:10.117+0900][763.607s] GC(190)   Evacuate Collection Set: 1.1ms
[2023-02-28T14:41:10.117+0900][763.607s] GC(190)   Post Evacuate Collection Set: 1.9ms
[2023-02-28T14:41:10.117+0900][763.607s] GC(190)   Other: 0.2ms
[2023-02-28T14:41:10.117+0900][763.607s] GC(190) Eden regions: 25->0(23)
[2023-02-28T14:41:10.117+0900][763.607s] GC(190) Survivor regions: 0->2(4)
[2023-02-28T14:41:10.118+0900][763.607s] GC(190) Old regions: 453->478
[2023-02-28T14:41:10.118+0900][763.607s] GC(190) Humongous regions: 32->32
[2023-02-28T14:41:10.118+0900][763.607s] GC(190) Metaspace: 65128K(66944K)->65128K(66944K) NonClass: 57724K(58880K)->57724K(58880K) Class: 7403K(8064K)->7403K(8064K)
[2023-02-28T14:41:10.118+0900][763.607s] GC(190) Pause Young (Normal) (G1 Evacuation Pause) 504M->506M(512M) 3.434ms
[2023-02-28T14:41:10.118+0900][763.607s] GC(190) User=0.00s Sys=0.00s Real=0.00s
[2023-02-28T14:41:10.118+0900][763.607s] GC(191) Using 10 workers of 10 for full compaction
[2023-02-28T14:41:10.118+0900][763.607s] GC(191) Pause Full (G1 Evacuation Pause)
[2023-02-28T14:41:10.118+0900][763.608s] GC(191) Phase 1: Mark live objects
[2023-02-28T14:41:10.161+0900][763.650s] GC(191) Cleaned string and symbol table, strings: 31218 processed, 0 removed, symbols: 195635 processed, 0 removed
[2023-02-28T14:41:10.161+0900][763.650s] GC(191) Phase 1: Mark live objects 42.890ms
[2023-02-28T14:41:10.161+0900][763.650s] GC(191) Phase 2: Prepare for compaction
[2023-02-28T14:41:10.196+0900][763.685s] GC(191) Phase 2: Prepare for compaction 34.963ms
[2023-02-28T14:41:10.196+0900][763.685s] GC(191) Phase 3: Adjust pointers
[2023-02-28T14:41:10.256+0900][763.746s] GC(191) Phase 3: Adjust pointers 60.903ms
[2023-02-28T14:41:10.256+0900][763.746s] GC(191) Phase 4: Compact heap
[2023-02-28T14:41:10.328+0900][763.818s] GC(191) Phase 4: Compact heap 71.343ms
[2023-02-28T14:41:10.340+0900][763.830s] GC(191) Eden regions: 0->0(25)
[2023-02-28T14:41:10.340+0900][763.830s] GC(191) Survivor regions: 2->0(4)
[2023-02-28T14:41:10.341+0900][763.830s] GC(191) Old regions: 478->458
[2023-02-28T14:41:10.341+0900][763.830s] GC(191) Humongous regions: 32->32
[2023-02-28T14:41:10.341+0900][763.830s] GC(191) Metaspace: 65128K(66944K)->65128K(66944K) NonClass: 57724K(58880K)->57724K(58880K) Class: 7403K(8064K)->7403K(8064K)
[2023-02-28T14:41:10.341+0900][763.830s] GC(191) Pause Full (G1 Evacuation Pause) 506M->483M(512M) 223.176ms
[2023-02-28T14:41:10.341+0900][763.831s] GC(191) User=2.08s Sys=0.00s Real=0.22s
[2023-02-28T14:41:10.396+0900][763.885s] GC(192) Pause Young (Concurrent Start) (G1 Evacuation Pause)
[2023-02-28T14:41:10.396+0900][763.886s] GC(192) Using 10 workers of 10 for evacuation
[2023-02-28T14:41:10.399+0900][763.889s] GC(192) To-space exhausted
[2023-02-28T14:41:10.399+0900][763.889s] GC(192)   Pre Evacuate Collection Set: 0.1ms
[2023-02-28T14:41:10.399+0900][763.889s] GC(192)   Evacuate Collection Set: 1.0ms
[2023-02-28T14:41:10.399+0900][763.889s] GC(192)   Post Evacuate Collection Set: 1.9ms
[2023-02-28T14:41:10.399+0900][763.889s] GC(192)   Other: 0.2ms
[2023-02-28T14:41:10.399+0900][763.889s] GC(192) Eden regions: 22->0(25)
[2023-02-28T14:41:10.399+0900][763.889s] GC(192) Survivor regions: 0->0(4)
[2023-02-28T14:41:10.399+0900][763.889s] GC(192) Old regions: 458->480
[2023-02-28T14:41:10.399+0900][763.889s] GC(192) Humongous regions: 32->32
[2023-02-28T14:41:10.399+0900][763.889s] GC(192) Metaspace: 65128K(66944K)->65128K(66944K) NonClass: 57724K(58880K)->57724K(58880K) Class: 7403K(8064K)->7403K(8064K)
[2023-02-28T14:41:10.399+0900][763.889s] GC(192) Pause Young (Concurrent Start) (G1 Evacuation Pause) 505M->505M(512M) 3.411ms
[2023-02-28T14:41:10.399+0900][763.889s] GC(192) User=0.00s Sys=0.00s Real=0.00s
[2023-02-28T14:41:10.399+0900][763.889s] GC(193) Using 10 workers of 10 for full compaction
[2023-02-28T14:41:10.399+0900][763.889s] GC(194) Concurrent Cycle
[2023-02-28T14:41:10.399+0900][763.889s] GC(194) Concurrent Clear Claimed Marks
[2023-02-28T14:41:10.399+0900][763.889s] GC(194) Concurrent Clear Claimed Marks 0.039ms
[2023-02-28T14:41:10.399+0900][763.889s] GC(193) Pause Full (G1 Evacuation Pause)
[2023-02-28T14:41:10.399+0900][763.889s] GC(194) Concurrent Scan Root Regions
[2023-02-28T14:41:10.399+0900][763.889s] GC(194) Concurrent Scan Root Regions 0.051ms
[2023-02-28T14:41:10.399+0900][763.889s] GC(194) Concurrent Mark (763.889s)
[2023-02-28T14:41:10.399+0900][763.889s] GC(194) Concurrent Mark From Roots
[2023-02-28T14:41:10.399+0900][763.889s] GC(194) Using 3 workers of 3 for marking
[2023-02-28T14:41:10.400+0900][763.890s] GC(193) Phase 1: Mark live objects
[2023-02-28T14:41:10.446+0900][763.936s] GC(193) Cleaned string and symbol table, strings: 31218 processed, 0 removed, symbols: 195635 processed, 0 removed
[2023-02-28T14:41:10.446+0900][763.936s] GC(193) Phase 1: Mark live objects 46.009ms
[2023-02-28T14:41:10.446+0900][763.936s] GC(193) Phase 2: Prepare for compaction
[2023-02-28T14:41:10.478+0900][763.968s] GC(193) Phase 2: Prepare for compaction 32.197ms
[2023-02-28T14:41:10.479+0900][763.968s] GC(193) Phase 3: Adjust pointers
[2023-02-28T14:41:10.518+0900][764.007s] GC(193) Phase 3: Adjust pointers 39.369ms
[2023-02-28T14:41:10.518+0900][764.008s] GC(193) Phase 4: Compact heap
[2023-02-28T14:41:10.568+0900][764.057s] GC(193) Phase 4: Compact heap 49.238ms
[2023-02-28T14:41:10.578+0900][764.068s] GC(193) Eden regions: 0->0(25)
[2023-02-28T14:41:10.578+0900][764.068s] GC(193) Survivor regions: 0->0(4)
[2023-02-28T14:41:10.579+0900][764.068s] GC(193) Old regions: 480->461
[2023-02-28T14:41:10.579+0900][764.068s] GC(193) Humongous regions: 32->32
[2023-02-28T14:41:10.579+0900][764.068s] GC(193) Metaspace: 65128K(66944K)->65128K(66944K) NonClass: 57724K(58880K)->57724K(58880K) Class: 7403K(8064K)->7403K(8064K)
[2023-02-28T14:41:10.579+0900][764.068s] GC(193) Pause Full (G1 Evacuation Pause) 505M->485M(512M) 178.779ms
[2023-02-28T14:41:10.579+0900][764.068s] GC(193) User=1.72s Sys=0.02s Real=0.18s
[2023-02-28T14:41:10.579+0900][764.068s] GC(194) Concurrent Mark From Roots 178.935ms
[2023-02-28T14:41:10.579+0900][764.068s] GC(194) Concurrent Mark Abort
[2023-02-28T14:41:10.579+0900][764.068s] GC(194) Concurrent Cycle 179.222ms
[2023-02-28T14:41:10.606+0900][764.096s] GC(195) Pause Young (Normal) (G1 Evacuation Pause)
[2023-02-28T14:41:10.606+0900][764.096s] GC(195) Using 10 workers of 10 for evacuation
[2023-02-28T14:41:10.609+0900][764.098s] GC(195) To-space exhausted
[2023-02-28T14:41:10.609+0900][764.098s] GC(195)   Pre Evacuate Collection Set: 0.0ms
[2023-02-28T14:41:10.609+0900][764.098s] GC(195)   Evacuate Collection Set: 0.8ms
[2023-02-28T14:41:10.609+0900][764.098s] GC(195)   Post Evacuate Collection Set: 1.8ms
[2023-02-28T14:41:10.609+0900][764.098s] GC(195)   Other: 0.2ms
[2023-02-28T14:41:10.609+0900][764.099s] GC(195) Eden regions: 19->0(25)
[2023-02-28T14:41:10.609+0900][764.099s] GC(195) Survivor regions: 0->0(4)
[2023-02-28T14:41:10.609+0900][764.099s] GC(195) Old regions: 461->480
[2023-02-28T14:41:10.609+0900][764.099s] GC(195) Humongous regions: 32->32
[2023-02-28T14:41:10.609+0900][764.099s] GC(195) Metaspace: 65128K(66944K)->65128K(66944K) NonClass: 57724K(58880K)->57724K(58880K) Class: 7403K(8064K)->7403K(8064K)
[2023-02-28T14:41:10.609+0900][764.099s] GC(195) Pause Young (Normal) (G1 Evacuation Pause) 504M->504M(512M) 3.087ms
[2023-02-28T14:41:10.610+0900][764.099s] GC(195) User=0.02s Sys=0.00s Real=0.00s
[2023-02-28T14:41:10.610+0900][764.099s] GC(196) Using 10 workers of 10 for full compaction
[2023-02-28T14:41:10.610+0900][764.099s] GC(196) Pause Full (G1 Evacuation Pause)
[2023-02-28T14:41:10.610+0900][764.099s] GC(196) Phase 1: Mark live objects
[2023-02-28T14:41:10.656+0900][764.146s] GC(196) Cleaned string and symbol table, strings: 31218 processed, 0 removed, symbols: 195635 processed, 0 removed
[2023-02-28T14:41:10.656+0900][764.146s] GC(196) Phase 1: Mark live objects 47.030ms
[2023-02-28T14:41:10.656+0900][764.146s] GC(196) Phase 2: Prepare for compaction
[2023-02-28T14:41:10.690+0900][764.180s] GC(196) Phase 2: Prepare for compaction 33.406ms
[2023-02-28T14:41:10.690+0900][764.180s] GC(196) Phase 3: Adjust pointers
[2023-02-28T14:41:10.731+0900][764.221s] GC(196) Phase 3: Adjust pointers 41.068ms
[2023-02-28T14:41:10.731+0900][764.221s] GC(196) Phase 4: Compact heap
[2023-02-28T14:41:10.784+0900][764.274s] GC(196) Phase 4: Compact heap 52.668ms
[2023-02-28T14:41:10.798+0900][764.288s] GC(196) Eden regions: 0->0(25)
[2023-02-28T14:41:10.798+0900][764.288s] GC(196) Survivor regions: 0->0(4)
[2023-02-28T14:41:10.798+0900][764.288s] GC(196) Old regions: 480->462
[2023-02-28T14:41:10.799+0900][764.288s] GC(196) Humongous regions: 32->32
[2023-02-28T14:41:10.799+0900][764.288s] GC(196) Metaspace: 65128K(66944K)->65128K(66944K) NonClass: 57724K(58880K)->57724K(58880K) Class: 7403K(8064K)->7403K(8064K)
[2023-02-28T14:41:10.799+0900][764.288s] GC(196) Pause Full (G1 Evacuation Pause) 504M->488M(512M) 189.412ms
[2023-02-28T14:41:10.799+0900][764.288s] GC(196) User=1.70s Sys=0.00s Real=0.19s
[2023-02-28T14:41:10.827+0900][764.316s] GC(197) Pause Young (Concurrent Start) (G1 Evacuation Pause)
[2023-02-28T14:41:10.827+0900][764.316s] GC(197) Using 10 workers of 10 for evacuation
[2023-02-28T14:41:10.830+0900][764.320s] GC(197) To-space exhausted
[2023-02-28T14:41:10.830+0900][764.320s] GC(197)   Pre Evacuate Collection Set: 0.1ms
[2023-02-28T14:41:10.831+0900][764.320s] GC(197)   Evacuate Collection Set: 1.3ms
[2023-02-28T14:41:10.831+0900][764.320s] GC(197)   Post Evacuate Collection Set: 2.2ms
[2023-02-28T14:41:10.831+0900][764.320s] GC(197)   Other: 0.3ms
[2023-02-28T14:41:10.831+0900][764.320s] GC(197) Eden regions: 18->0(25)
[2023-02-28T14:41:10.831+0900][764.320s] GC(197) Survivor regions: 0->0(4)
[2023-02-28T14:41:10.831+0900][764.320s] GC(197) Old regions: 462->480
[2023-02-28T14:41:10.831+0900][764.320s] GC(197) Humongous regions: 32->32
[2023-02-28T14:41:10.831+0900][764.320s] GC(197) Metaspace: 65128K(66944K)->65128K(66944K) NonClass: 57724K(58880K)->57724K(58880K) Class: 7403K(8064K)->7403K(8064K)
[2023-02-28T14:41:10.831+0900][764.320s] GC(197) Pause Young (Concurrent Start) (G1 Evacuation Pause) 506M->506M(512M) 4.054ms
[2023-02-28T14:41:10.831+0900][764.320s] GC(197) User=0.00s Sys=0.00s Real=0.00s
[2023-02-28T14:41:10.831+0900][764.320s] GC(198) Using 10 workers of 10 for full compaction
[2023-02-28T14:41:10.831+0900][764.320s] GC(199) Concurrent Cycle
[2023-02-28T14:41:10.831+0900][764.320s] GC(199) Concurrent Clear Claimed Marks
[2023-02-28T14:41:10.831+0900][764.320s] GC(198) Pause Full (G1 Evacuation Pause)
[2023-02-28T14:41:10.831+0900][764.320s] GC(199) Concurrent Clear Claimed Marks 0.078ms
[2023-02-28T14:41:10.831+0900][764.321s] GC(199) Concurrent Scan Root Regions
[2023-02-28T14:41:10.831+0900][764.321s] GC(199) Concurrent Scan Root Regions 0.050ms
[2023-02-28T14:41:10.831+0900][764.321s] GC(199) Concurrent Mark (764.321s)
[2023-02-28T14:41:10.831+0900][764.321s] GC(199) Concurrent Mark From Roots
[2023-02-28T14:41:10.831+0900][764.321s] GC(199) Using 3 workers of 3 for marking
[2023-02-28T14:41:10.833+0900][764.322s] GC(198) Phase 1: Mark live objects
[2023-02-28T14:41:10.882+0900][764.372s] GC(198) Cleaned string and symbol table, strings: 31218 processed, 0 removed, symbols: 195635 processed, 0 removed
[2023-02-28T14:41:10.882+0900][764.372s] GC(198) Phase 1: Mark live objects 49.414ms
[2023-02-28T14:41:10.882+0900][764.372s] GC(198) Phase 2: Prepare for compaction
[2023-02-28T14:41:10.914+0900][764.403s] GC(198) Phase 2: Prepare for compaction 31.297ms
[2023-02-28T14:41:10.914+0900][764.403s] GC(198) Phase 3: Adjust pointers
[2023-02-28T14:41:10.953+0900][764.442s] GC(198) Phase 3: Adjust pointers 39.139ms
[2023-02-28T14:41:10.953+0900][764.442s] GC(198) Phase 4: Compact heap
[2023-02-28T14:41:10.994+0900][764.484s] GC(198) Phase 4: Compact heap 41.864ms
[2023-02-28T14:41:11.005+0900][764.495s] GC(198) Eden regions: 0->0(25)
[2023-02-28T14:41:11.005+0900][764.495s] GC(198) Survivor regions: 0->0(4)
[2023-02-28T14:41:11.005+0900][764.495s] GC(198) Old regions: 480->464
[2023-02-28T14:41:11.005+0900][764.495s] GC(198) Humongous regions: 32->32
[2023-02-28T14:41:11.005+0900][764.495s] GC(198) Metaspace: 65128K(66944K)->65128K(66944K) NonClass: 57724K(58880K)->57724K(58880K) Class: 7403K(8064K)->7403K(8064K)
[2023-02-28T14:41:11.005+0900][764.495s] GC(198) Pause Full (G1 Evacuation Pause) 506M->490M(512M) 174.692ms
[2023-02-28T14:41:11.005+0900][764.495s] GC(198) User=1.70s Sys=0.00s Real=0.17s
[2023-02-28T14:41:11.005+0900][764.495s] GC(199) Concurrent Mark From Roots 174.707ms
[2023-02-28T14:41:11.005+0900][764.495s] GC(199) Concurrent Mark Abort
[2023-02-28T14:41:11.005+0900][764.495s] GC(199) Concurrent Cycle 175.152ms
[2023-02-28T14:41:11.031+0900][764.521s] GC(200) Pause Young (Normal) (G1 Evacuation Pause)
[2023-02-28T14:41:11.031+0900][764.521s] GC(200) Using 10 workers of 10 for evacuation
[2023-02-28T14:41:11.033+0900][764.523s] GC(200) To-space exhausted
[2023-02-28T14:41:11.033+0900][764.523s] GC(200)   Pre Evacuate Collection Set: 0.0ms
[2023-02-28T14:41:11.033+0900][764.523s] GC(200)   Evacuate Collection Set: 0.7ms
[2023-02-28T14:41:11.033+0900][764.523s] GC(200)   Post Evacuate Collection Set: 1.4ms
[2023-02-28T14:41:11.033+0900][764.523s] GC(200)   Other: 0.2ms
[2023-02-28T14:41:11.033+0900][764.523s] GC(200) Eden regions: 16->0(25)
[2023-02-28T14:41:11.033+0900][764.523s] GC(200) Survivor regions: 0->0(4)
[2023-02-28T14:41:11.033+0900][764.523s] GC(200) Old regions: 464->480
[2023-02-28T14:41:11.033+0900][764.523s] GC(200) Humongous regions: 32->32
[2023-02-28T14:41:11.033+0900][764.523s] GC(200) Metaspace: 65128K(66944K)->65128K(66944K) NonClass: 57724K(58880K)->57724K(58880K) Class: 7403K(8064K)->7403K(8064K)
[2023-02-28T14:41:11.033+0900][764.523s] GC(200) Pause Young (Normal) (G1 Evacuation Pause) 506M->506M(512M) 2.500ms
[2023-02-28T14:41:11.033+0900][764.523s] GC(200) User=0.00s Sys=0.00s Real=0.00s
[2023-02-28T14:41:11.033+0900][764.523s] GC(201) Using 10 workers of 10 for full compaction
[2023-02-28T14:41:11.033+0900][764.523s] GC(201) Pause Full (G1 Evacuation Pause)
[2023-02-28T14:41:11.034+0900][764.524s] GC(201) Phase 1: Mark live objects
[2023-02-28T14:41:11.082+0900][764.571s] GC(201) Cleaned string and symbol table, strings: 31218 processed, 0 removed, symbols: 195635 processed, 0 removed
[2023-02-28T14:41:11.082+0900][764.571s] GC(201) Phase 1: Mark live objects 47.883ms
[2023-02-28T14:41:11.082+0900][764.571s] GC(201) Phase 2: Prepare for compaction
[2023-02-28T14:41:11.112+0900][764.602s] GC(201) Phase 2: Prepare for compaction 30.739ms
[2023-02-28T14:41:11.112+0900][764.602s] GC(201) Phase 3: Adjust pointers
[2023-02-28T14:41:11.152+0900][764.642s] GC(201) Phase 3: Adjust pointers 39.825ms
[2023-02-28T14:41:11.152+0900][764.642s] GC(201) Phase 4: Compact heap
[2023-02-28T14:41:11.193+0900][764.682s] GC(201) Phase 4: Compact heap 40.303ms
[2023-02-28T14:41:11.204+0900][764.693s] GC(201) Eden regions: 0->0(25)
[2023-02-28T14:41:11.204+0900][764.693s] GC(201) Survivor regions: 0->0(4)
[2023-02-28T14:41:11.204+0900][764.693s] GC(201) Old regions: 480->467
[2023-02-28T14:41:11.204+0900][764.693s] GC(201) Humongous regions: 32->32
[2023-02-28T14:41:11.204+0900][764.693s] GC(201) Metaspace: 65128K(66944K)->65128K(66944K) NonClass: 57724K(58880K)->57724K(58880K) Class: 7403K(8064K)->7403K(8064K)
[2023-02-28T14:41:11.204+0900][764.693s] GC(201) Pause Full (G1 Evacuation Pause) 506M->493M(512M) 170.004ms
[2023-02-28T14:41:11.204+0900][764.694s] GC(201) User=1.48s Sys=0.02s Real=0.17s
[2023-02-28T14:41:11.223+0900][764.712s] GC(202) Pause Young (Concurrent Start) (G1 Evacuation Pause)
[2023-02-28T14:41:11.223+0900][764.712s] GC(202) Using 10 workers of 10 for evacuation
[2023-02-28T14:41:11.225+0900][764.715s] GC(202) To-space exhausted
[2023-02-28T14:41:11.225+0900][764.715s] GC(202)   Pre Evacuate Collection Set: 0.1ms
[2023-02-28T14:41:11.225+0900][764.715s] GC(202)   Evacuate Collection Set: 0.8ms
[2023-02-28T14:41:11.225+0900][764.715s] GC(202)   Post Evacuate Collection Set: 1.4ms
[2023-02-28T14:41:11.225+0900][764.715s] GC(202)   Other: 0.2ms
[2023-02-28T14:41:11.225+0900][764.715s] GC(202) Eden regions: 13->0(25)
[2023-02-28T14:41:11.225+0900][764.715s] GC(202) Survivor regions: 0->0(4)
[2023-02-28T14:41:11.225+0900][764.715s] GC(202) Old regions: 467->480
[2023-02-28T14:41:11.225+0900][764.715s] GC(202) Humongous regions: 32->32
[2023-02-28T14:41:11.225+0900][764.715s] GC(202) Metaspace: 65128K(66944K)->65128K(66944K) NonClass: 57724K(58880K)->57724K(58880K) Class: 7403K(8064K)->7403K(8064K)
[2023-02-28T14:41:11.225+0900][764.715s] GC(202) Pause Young (Concurrent Start) (G1 Evacuation Pause) 506M->506M(512M) 2.664ms
[2023-02-28T14:41:11.225+0900][764.715s] GC(202) User=0.00s Sys=0.00s Real=0.00s
[2023-02-28T14:41:11.225+0900][764.715s] GC(203) Using 10 workers of 10 for full compaction
[2023-02-28T14:41:11.225+0900][764.715s] GC(204) Concurrent Cycle
[2023-02-28T14:41:11.225+0900][764.715s] GC(204) Concurrent Clear Claimed Marks
[2023-02-28T14:41:11.225+0900][764.715s] GC(204) Concurrent Clear Claimed Marks 0.041ms
[2023-02-28T14:41:11.225+0900][764.715s] GC(203) Pause Full (G1 Evacuation Pause)
[2023-02-28T14:41:11.225+0900][764.715s] GC(204) Concurrent Scan Root Regions
[2023-02-28T14:41:11.226+0900][764.715s] GC(204) Concurrent Scan Root Regions 0.060ms
[2023-02-28T14:41:11.226+0900][764.715s] GC(204) Concurrent Mark (764.715s)
[2023-02-28T14:41:11.226+0900][764.715s] GC(204) Concurrent Mark From Roots
[2023-02-28T14:41:11.226+0900][764.715s] GC(204) Using 3 workers of 3 for marking
[2023-02-28T14:41:11.226+0900][764.716s] GC(203) Phase 1: Mark live objects
[2023-02-28T14:41:11.274+0900][764.764s] GC(203) Cleaned string and symbol table, strings: 31218 processed, 0 removed, symbols: 195635 processed, 0 removed
[2023-02-28T14:41:11.274+0900][764.764s] GC(203) Phase 1: Mark live objects 48.171ms
[2023-02-28T14:41:11.274+0900][764.764s] GC(203) Phase 2: Prepare for compaction
[2023-02-28T14:41:11.303+0900][764.793s] GC(203) Phase 2: Prepare for compaction 28.796ms
[2023-02-28T14:41:11.303+0900][764.793s] GC(203) Phase 3: Adjust pointers
[2023-02-28T14:41:11.339+0900][764.828s] GC(203) Phase 3: Adjust pointers 35.358ms
[2023-02-28T14:41:11.339+0900][764.828s] GC(203) Phase 4: Compact heap
[2023-02-28T14:41:11.375+0900][764.865s] GC(203) Phase 4: Compact heap 36.581ms
[2023-02-28T14:41:11.386+0900][764.876s] GC(203) Eden regions: 0->0(25)
[2023-02-28T14:41:11.386+0900][764.876s] GC(203) Survivor regions: 0->0(4)
[2023-02-28T14:41:11.386+0900][764.876s] GC(203) Old regions: 480->469
[2023-02-28T14:41:11.386+0900][764.876s] GC(203) Humongous regions: 32->32
[2023-02-28T14:41:11.386+0900][764.876s] GC(203) Metaspace: 65128K(66944K)->65128K(66944K) NonClass: 57724K(58880K)->57724K(58880K) Class: 7403K(8064K)->7403K(8064K)
[2023-02-28T14:41:11.386+0900][764.876s] GC(203) Pause Full (G1 Evacuation Pause) 506M->495M(512M) 160.891ms
[2023-02-28T14:41:11.387+0900][764.876s] GC(203) User=1.56s Sys=0.00s Real=0.16s
[2023-02-28T14:41:11.387+0900][764.876s] GC(204) Concurrent Mark From Roots 161.084ms
[2023-02-28T14:41:11.387+0900][764.876s] GC(204) Concurrent Mark Abort
[2023-02-28T14:41:11.387+0900][764.876s] GC(204) Concurrent Cycle 161.457ms
[2023-02-28T14:41:11.408+0900][764.898s] GC(205) Pause Young (Normal) (G1 Evacuation Pause)
[2023-02-28T14:41:11.408+0900][764.898s] GC(205) Using 10 workers of 10 for evacuation
[2023-02-28T14:41:11.411+0900][764.900s] GC(205) To-space exhausted
[2023-02-28T14:41:11.411+0900][764.900s] GC(205)   Pre Evacuate Collection Set: 0.0ms
[2023-02-28T14:41:11.411+0900][764.900s] GC(205)   Evacuate Collection Set: 0.6ms
[2023-02-28T14:41:11.411+0900][764.900s] GC(205)   Post Evacuate Collection Set: 1.6ms
[2023-02-28T14:41:11.411+0900][764.900s] GC(205)   Other: 0.3ms
[2023-02-28T14:41:11.411+0900][764.900s] GC(205) Eden regions: 11->0(25)
[2023-02-28T14:41:11.411+0900][764.900s] GC(205) Survivor regions: 0->0(4)
[2023-02-28T14:41:11.411+0900][764.900s] GC(205) Old regions: 469->480
[2023-02-28T14:41:11.411+0900][764.901s] GC(205) Humongous regions: 32->32
[2023-02-28T14:41:11.411+0900][764.901s] GC(205) Metaspace: 65128K(66944K)->65128K(66944K) NonClass: 57724K(58880K)->57724K(58880K) Class: 7403K(8064K)->7403K(8064K)
[2023-02-28T14:41:11.411+0900][764.901s] GC(205) Pause Young (Normal) (G1 Evacuation Pause) 506M->506M(512M) 2.766ms
[2023-02-28T14:41:11.411+0900][764.901s] GC(205) User=0.00s Sys=0.00s Real=0.00s
[2023-02-28T14:41:11.411+0900][764.901s] GC(206) Using 10 workers of 10 for full compaction
[2023-02-28T14:41:11.411+0900][764.901s] GC(206) Pause Full (G1 Evacuation Pause)
[2023-02-28T14:41:11.412+0900][764.902s] GC(206) Phase 1: Mark live objects
[2023-02-28T14:41:11.471+0900][764.960s] GC(206) Cleaned string and symbol table, strings: 31218 processed, 0 removed, symbols: 195635 processed, 0 removed
[2023-02-28T14:41:11.471+0900][764.960s] GC(206) Phase 1: Mark live objects 58.666ms
[2023-02-28T14:41:11.471+0900][764.960s] GC(206) Phase 2: Prepare for compaction
[2023-02-28T14:41:11.501+0900][764.991s] GC(206) Phase 2: Prepare for compaction 30.289ms
[2023-02-28T14:41:11.501+0900][764.991s] GC(206) Phase 3: Adjust pointers
[2023-02-28T14:41:11.539+0900][765.028s] GC(206) Phase 3: Adjust pointers 37.208ms
[2023-02-28T14:41:11.539+0900][765.028s] GC(206) Phase 4: Compact heap
[2023-02-28T14:41:11.578+0900][765.068s] GC(206) Phase 4: Compact heap 40.272ms
[2023-02-28T14:41:11.591+0900][765.081s] GC(206) Eden regions: 0->0(25)
[2023-02-28T14:41:11.591+0900][765.081s] GC(206) Survivor regions: 0->0(4)
[2023-02-28T14:41:11.591+0900][765.081s] GC(206) Old regions: 480->469
[2023-02-28T14:41:11.591+0900][765.081s] GC(206) Humongous regions: 32->32
[2023-02-28T14:41:11.591+0900][765.081s] GC(206) Metaspace: 65128K(66944K)->65128K(66944K) NonClass: 57724K(58880K)->57724K(58880K) Class: 7403K(8064K)->7403K(8064K)
[2023-02-28T14:41:11.591+0900][765.081s] GC(206) Pause Full (G1 Evacuation Pause) 506M->496M(512M) 180.338ms
[2023-02-28T14:41:11.591+0900][765.082s] GC(206) User=1.66s Sys=0.00s Real=0.18s
[2023-02-28T14:41:11.641+0900][765.131s] GC(207) Pause Young (Concurrent Start) (G1 Evacuation Pause)
[2023-02-28T14:41:11.641+0900][765.131s] GC(207) Using 10 workers of 10 for evacuation
[2023-02-28T14:41:11.643+0900][765.133s] GC(207) To-space exhausted
[2023-02-28T14:41:11.643+0900][765.133s] GC(207)   Pre Evacuate Collection Set: 0.1ms
[2023-02-28T14:41:11.643+0900][765.133s] GC(207)   Evacuate Collection Set: 0.7ms
[2023-02-28T14:41:11.643+0900][765.133s] GC(207)   Post Evacuate Collection Set: 1.1ms
[2023-02-28T14:41:11.643+0900][765.133s] GC(207)   Other: 0.2ms
[2023-02-28T14:41:11.643+0900][765.133s] GC(207) Eden regions: 11->0(25)
[2023-02-28T14:41:11.643+0900][765.133s] GC(207) Survivor regions: 0->0(4)
[2023-02-28T14:41:11.643+0900][765.133s] GC(207) Old regions: 469->480
[2023-02-28T14:41:11.643+0900][765.133s] GC(207) Humongous regions: 32->32
[2023-02-28T14:41:11.643+0900][765.133s] GC(207) Metaspace: 65128K(66944K)->65128K(66944K) NonClass: 57724K(58880K)->57724K(58880K) Class: 7403K(8064K)->7403K(8064K)
[2023-02-28T14:41:11.643+0900][765.133s] GC(207) Pause Young (Concurrent Start) (G1 Evacuation Pause) 507M->507M(512M) 2.268ms
[2023-02-28T14:41:11.643+0900][765.133s] GC(207) User=0.00s Sys=0.00s Real=0.00s
[2023-02-28T14:41:11.643+0900][765.133s] GC(208) Using 10 workers of 10 for full compaction
[2023-02-28T14:41:11.643+0900][765.133s] GC(209) Concurrent Cycle
[2023-02-28T14:41:11.643+0900][765.133s] GC(209) Concurrent Clear Claimed Marks
[2023-02-28T14:41:11.643+0900][765.133s] GC(209) Concurrent Clear Claimed Marks 0.036ms
[2023-02-28T14:41:11.643+0900][765.133s] GC(208) Pause Full (G1 Evacuation Pause)
[2023-02-28T14:41:11.643+0900][765.133s] GC(209) Concurrent Scan Root Regions
[2023-02-28T14:41:11.643+0900][765.133s] GC(209) Concurrent Scan Root Regions 0.083ms
[2023-02-28T14:41:11.644+0900][765.133s] GC(209) Concurrent Mark (765.133s)
[2023-02-28T14:41:11.644+0900][765.133s] GC(209) Concurrent Mark From Roots
[2023-02-28T14:41:11.644+0900][765.134s] GC(209) Using 3 workers of 3 for marking
[2023-02-28T14:41:11.644+0900][765.134s] GC(208) Phase 1: Mark live objects
[2023-02-28T14:41:11.692+0900][765.182s] GC(208) Cleaned string and symbol table, strings: 31218 processed, 0 removed, symbols: 195635 processed, 0 removed
[2023-02-28T14:41:11.693+0900][765.182s] GC(208) Phase 1: Mark live objects 48.439ms
[2023-02-28T14:41:11.693+0900][765.182s] GC(208) Phase 2: Prepare for compaction
[2023-02-28T14:41:11.722+0900][765.212s] GC(208) Phase 2: Prepare for compaction 29.459ms
[2023-02-28T14:41:11.722+0900][765.212s] GC(208) Phase 3: Adjust pointers
[2023-02-28T14:41:11.759+0900][765.248s] GC(208) Phase 3: Adjust pointers 36.608ms
[2023-02-28T14:41:11.759+0900][765.249s] GC(208) Phase 4: Compact heap
[2023-02-28T14:41:11.799+0900][765.289s] GC(208) Phase 4: Compact heap 39.983ms
[2023-02-28T14:41:11.810+0900][765.299s] GC(208) Eden regions: 0->0(25)
[2023-02-28T14:41:11.810+0900][765.300s] GC(208) Survivor regions: 0->0(4)
[2023-02-28T14:41:11.810+0900][765.300s] GC(208) Old regions: 480->472
[2023-02-28T14:41:11.810+0900][765.300s] GC(208) Humongous regions: 32->32
[2023-02-28T14:41:11.810+0900][765.300s] GC(208) Metaspace: 65128K(66944K)->65128K(66944K) NonClass: 57724K(58880K)->57724K(58880K) Class: 7403K(8064K)->7403K(8064K)
[2023-02-28T14:41:11.810+0900][765.300s] GC(208) Pause Full (G1 Evacuation Pause) 507M->497M(512M) 166.380ms
[2023-02-28T14:41:11.810+0900][765.300s] GC(208) User=1.53s Sys=0.00s Real=0.17s
[2023-02-28T14:41:11.810+0900][765.300s] GC(209) Concurrent Mark From Roots 166.429ms
[2023-02-28T14:41:11.810+0900][765.300s] GC(209) Concurrent Mark Abort
[2023-02-28T14:41:11.810+0900][765.300s] GC(209) Concurrent Cycle 166.811ms
[2023-02-28T14:41:11.822+0900][765.311s] GC(210) Pause Young (Normal) (G1 Evacuation Pause)
[2023-02-28T14:41:11.822+0900][765.311s] GC(210) Using 10 workers of 10 for evacuation
[2023-02-28T14:41:11.823+0900][765.313s] GC(210) To-space exhausted
[2023-02-28T14:41:11.823+0900][765.313s] GC(210)   Pre Evacuate Collection Set: 0.0ms
[2023-02-28T14:41:11.824+0900][765.313s] GC(210)   Evacuate Collection Set: 0.5ms
[2023-02-28T14:41:11.824+0900][765.313s] GC(210)   Post Evacuate Collection Set: 1.0ms
[2023-02-28T14:41:11.824+0900][765.313s] GC(210)   Other: 0.2ms
[2023-02-28T14:41:11.824+0900][765.313s] GC(210) Eden regions: 8->0(25)
[2023-02-28T14:41:11.824+0900][765.313s] GC(210) Survivor regions: 0->0(4)
[2023-02-28T14:41:11.824+0900][765.313s] GC(210) Old regions: 472->480
[2023-02-28T14:41:11.824+0900][765.313s] GC(210) Humongous regions: 32->32
[2023-02-28T14:41:11.824+0900][765.313s] GC(210) Metaspace: 65128K(66944K)->65128K(66944K) NonClass: 57724K(58880K)->57724K(58880K) Class: 7403K(8064K)->7403K(8064K)
[2023-02-28T14:41:11.824+0900][765.313s] GC(210) Pause Young (Normal) (G1 Evacuation Pause) 505M->505M(512M) 1.882ms
[2023-02-28T14:41:11.824+0900][765.313s] GC(210) User=0.00s Sys=0.00s Real=0.00s
[2023-02-28T14:41:11.824+0900][765.313s] GC(211) Using 10 workers of 10 for full compaction
[2023-02-28T14:41:11.824+0900][765.313s] GC(211) Pause Full (G1 Evacuation Pause)
[2023-02-28T14:41:11.824+0900][765.314s] GC(211) Phase 1: Mark live objects
[2023-02-28T14:41:11.869+0900][765.358s] GC(211) Cleaned string and symbol table, strings: 31218 processed, 0 removed, symbols: 195635 processed, 0 removed
[2023-02-28T14:41:11.869+0900][765.359s] GC(211) Phase 1: Mark live objects 45.042ms
[2023-02-28T14:41:11.869+0900][765.359s] GC(211) Phase 2: Prepare for compaction
[2023-02-28T14:41:11.897+0900][765.387s] GC(211) Phase 2: Prepare for compaction 27.921ms
[2023-02-28T14:41:11.897+0900][765.387s] GC(211) Phase 3: Adjust pointers
[2023-02-28T14:41:11.931+0900][765.422s] GC(211) Phase 3: Adjust pointers 34.868ms
[2023-02-28T14:41:11.931+0900][765.422s] GC(211) Phase 4: Compact heap
[2023-02-28T14:41:11.969+0900][765.459s] GC(211) Phase 4: Compact heap 37.881ms
[2023-02-28T14:41:11.981+0900][765.471s] GC(211) Eden regions: 0->0(25)
[2023-02-28T14:41:11.981+0900][765.471s] GC(211) Survivor regions: 0->0(4)
[2023-02-28T14:41:11.981+0900][765.471s] GC(211) Old regions: 480->472
[2023-02-28T14:41:11.981+0900][765.471s] GC(211) Humongous regions: 32->32
[2023-02-28T14:41:11.981+0900][765.471s] GC(211) Metaspace: 65128K(66944K)->65128K(66944K) NonClass: 57724K(58880K)->57724K(58880K) Class: 7403K(8064K)->7403K(8064K)
[2023-02-28T14:41:11.981+0900][765.471s] GC(211) Pause Full (G1 Evacuation Pause) 505M->498M(512M) 157.598ms
[2023-02-28T14:41:11.981+0900][765.471s] GC(211) User=1.53s Sys=0.00s Real=0.16s
[2023-02-28T14:41:11.995+0900][765.485s] GC(212) Pause Young (Concurrent Start) (G1 Evacuation Pause)
[2023-02-28T14:41:11.995+0900][765.485s] GC(212) Using 10 workers of 10 for evacuation
[2023-02-28T14:41:11.999+0900][765.488s] GC(212) To-space exhausted
[2023-02-28T14:41:11.999+0900][765.488s] GC(212)   Pre Evacuate Collection Set: 0.1ms
[2023-02-28T14:41:11.999+0900][765.488s] GC(212)   Evacuate Collection Set: 1.6ms
[2023-02-28T14:41:11.999+0900][765.488s] GC(212)   Post Evacuate Collection Set: 1.8ms
[2023-02-28T14:41:11.999+0900][765.489s] GC(212)   Other: 0.4ms
[2023-02-28T14:41:11.999+0900][765.489s] GC(212) Eden regions: 8->0(25)
[2023-02-28T14:41:11.999+0900][765.489s] GC(212) Survivor regions: 0->0(4)
[2023-02-28T14:41:11.999+0900][765.489s] GC(212) Old regions: 472->480
[2023-02-28T14:41:11.999+0900][765.489s] GC(212) Humongous regions: 32->32
[2023-02-28T14:41:12.000+0900][765.489s] GC(212) Metaspace: 65155K(66944K)->65155K(66944K) NonClass: 57752K(58880K)->57752K(58880K) Class: 7403K(8064K)->7403K(8064K)
[2023-02-28T14:41:12.000+0900][765.489s] GC(212) Pause Young (Concurrent Start) (G1 Evacuation Pause) 506M->506M(512M) 4.162ms
[2023-02-28T14:41:12.000+0900][765.489s] GC(212) User=0.02s Sys=0.00s Real=0.01s
[2023-02-28T14:41:12.000+0900][765.489s] GC(214) Concurrent Cycle
[2023-02-28T14:41:12.000+0900][765.489s] GC(213) Using 10 workers of 10 for full compaction
[2023-02-28T14:41:12.000+0900][765.489s] GC(214) Concurrent Clear Claimed Marks
[2023-02-28T14:41:12.000+0900][765.489s] GC(214) Concurrent Clear Claimed Marks 0.155ms
[2023-02-28T14:41:12.000+0900][765.489s] GC(214) Concurrent Scan Root Regions
[2023-02-28T14:41:12.000+0900][765.489s] GC(214) Concurrent Scan Root Regions 0.031ms
[2023-02-28T14:41:12.000+0900][765.489s] GC(214) Concurrent Mark (765.489s)
[2023-02-28T14:41:12.000+0900][765.489s] GC(214) Concurrent Mark From Roots
[2023-02-28T14:41:12.000+0900][765.489s] GC(213) Pause Full (G1 Evacuation Pause)
[2023-02-28T14:41:12.000+0900][765.489s] GC(214) Using 3 workers of 3 for marking
[2023-02-28T14:41:12.002+0900][765.491s] GC(213) Phase 1: Mark live objects
[2023-02-28T14:41:12.062+0900][765.552s] GC(213) Cleaned string and symbol table, strings: 31219 processed, 0 removed, symbols: 195635 processed, 0 removed
[2023-02-28T14:41:12.062+0900][765.552s] GC(213) Phase 1: Mark live objects 61.181ms
[2023-02-28T14:41:12.062+0900][765.552s] GC(213) Phase 2: Prepare for compaction
[2023-02-28T14:41:12.102+0900][765.592s] GC(213) Phase 2: Prepare for compaction 39.586ms
[2023-02-28T14:41:12.102+0900][765.592s] GC(213) Phase 3: Adjust pointers
[2023-02-28T14:41:12.143+0900][765.633s] GC(213) Phase 3: Adjust pointers 41.382ms
[2023-02-28T14:41:12.143+0900][765.633s] GC(213) Phase 4: Compact heap
[2023-02-28T14:41:12.182+0900][765.672s] GC(213) Phase 4: Compact heap 38.927ms
[2023-02-28T14:41:12.194+0900][765.683s] GC(213) Eden regions: 0->0(25)
[2023-02-28T14:41:12.194+0900][765.683s] GC(213) Survivor regions: 0->0(4)
[2023-02-28T14:41:12.194+0900][765.683s] GC(213) Old regions: 480->474
[2023-02-28T14:41:12.194+0900][765.683s] GC(213) Humongous regions: 32->32
[2023-02-28T14:41:12.194+0900][765.683s] GC(213) Metaspace: 65155K(66944K)->65155K(66944K) NonClass: 57752K(58880K)->57752K(58880K) Class: 7403K(8064K)->7403K(8064K)
[2023-02-28T14:41:12.194+0900][765.683s] GC(213) Pause Full (G1 Evacuation Pause) 506M->499M(512M) 194.250ms
[2023-02-28T14:41:12.194+0900][765.684s] GC(213) User=1.84s Sys=0.00s Real=0.19s
[2023-02-28T14:41:12.194+0900][765.684s] GC(214) Concurrent Mark From Roots 194.511ms
[2023-02-28T14:41:12.194+0900][765.684s] GC(214) Concurrent Mark Abort
[2023-02-28T14:41:12.194+0900][765.684s] GC(214) Concurrent Cycle 194.917ms
[2023-02-28T14:41:12.203+0900][765.693s] GC(215) Pause Young (Normal) (G1 Evacuation Pause)
[2023-02-28T14:41:12.203+0900][765.693s] GC(215) Using 10 workers of 10 for evacuation
[2023-02-28T14:41:12.205+0900][765.695s] GC(215) To-space exhausted
[2023-02-28T14:41:12.205+0900][765.695s] GC(215)   Pre Evacuate Collection Set: 0.0ms
[2023-02-28T14:41:12.205+0900][765.695s] GC(215)   Evacuate Collection Set: 0.5ms
[2023-02-28T14:41:12.205+0900][765.695s] GC(215)   Post Evacuate Collection Set: 0.8ms
[2023-02-28T14:41:12.205+0900][765.695s] GC(215)   Other: 0.2ms
[2023-02-28T14:41:12.205+0900][765.695s] GC(215) Eden regions: 6->0(25)
[2023-02-28T14:41:12.205+0900][765.695s] GC(215) Survivor regions: 0->0(4)
[2023-02-28T14:41:12.205+0900][765.695s] GC(215) Old regions: 474->480
[2023-02-28T14:41:12.205+0900][765.695s] GC(215) Humongous regions: 32->32
[2023-02-28T14:41:12.205+0900][765.695s] GC(215) Metaspace: 65155K(66944K)->65155K(66944K) NonClass: 57752K(58880K)->57752K(58880K) Class: 7403K(8064K)->7403K(8064K)
[2023-02-28T14:41:12.205+0900][765.695s] GC(215) Pause Young (Normal) (G1 Evacuation Pause) 505M->505M(512M) 1.806ms
[2023-02-28T14:41:12.205+0900][765.695s] GC(215) User=0.00s Sys=0.00s Real=0.00s
[2023-02-28T14:41:12.205+0900][765.695s] GC(216) Using 10 workers of 10 for full compaction
[2023-02-28T14:41:12.205+0900][765.695s] GC(216) Pause Full (G1 Evacuation Pause)
[2023-02-28T14:41:12.206+0900][765.695s] GC(216) Phase 1: Mark live objects
[2023-02-28T14:41:12.251+0900][765.740s] GC(216) Cleaned string and symbol table, strings: 31219 processed, 0 removed, symbols: 195635 processed, 0 removed
[2023-02-28T14:41:12.251+0900][765.740s] GC(216) Phase 1: Mark live objects 44.892ms
[2023-02-28T14:41:12.251+0900][765.740s] GC(216) Phase 2: Prepare for compaction
[2023-02-28T14:41:12.280+0900][765.770s] GC(216) Phase 2: Prepare for compaction 29.428ms
[2023-02-28T14:41:12.280+0900][765.770s] GC(216) Phase 3: Adjust pointers
[2023-02-28T14:41:12.317+0900][765.806s] GC(216) Phase 3: Adjust pointers 36.638ms
[2023-02-28T14:41:12.317+0900][765.806s] GC(216) Phase 4: Compact heap
[2023-02-28T14:41:12.351+0900][765.840s] GC(216) Phase 4: Compact heap 33.982ms
[2023-02-28T14:41:12.362+0900][765.851s] GC(216) Eden regions: 0->0(25)
[2023-02-28T14:41:12.362+0900][765.851s] GC(216) Survivor regions: 0->0(4)
[2023-02-28T14:41:12.362+0900][765.851s] GC(216) Old regions: 480->474
[2023-02-28T14:41:12.362+0900][765.851s] GC(216) Humongous regions: 32->32
[2023-02-28T14:41:12.362+0900][765.852s] GC(216) Metaspace: 65155K(66944K)->65155K(66944K) NonClass: 57752K(58880K)->57752K(58880K) Class: 7403K(8064K)->7403K(8064K)
[2023-02-28T14:41:12.362+0900][765.852s] GC(216) Pause Full (G1 Evacuation Pause) 505M->500M(512M) 156.581ms
[2023-02-28T14:41:12.363+0900][765.852s] GC(216) User=1.39s Sys=0.00s Real=0.16s
[2023-02-28T14:41:12.372+0900][765.861s] GC(217) Pause Young (Concurrent Start) (G1 Evacuation Pause)
[2023-02-28T14:41:12.372+0900][765.861s] GC(217) Using 10 workers of 10 for evacuation
[2023-02-28T14:41:12.373+0900][765.863s] GC(217) To-space exhausted
[2023-02-28T14:41:12.374+0900][765.863s] GC(217)   Pre Evacuate Collection Set: 0.1ms
[2023-02-28T14:41:12.374+0900][765.863s] GC(217)   Evacuate Collection Set: 0.6ms
[2023-02-28T14:41:12.374+0900][765.863s] GC(217)   Post Evacuate Collection Set: 0.7ms
[2023-02-28T14:41:12.374+0900][765.863s] GC(217)   Other: 0.2ms
[2023-02-28T14:41:12.374+0900][765.863s] GC(217) Eden regions: 6->0(25)
[2023-02-28T14:41:12.374+0900][765.863s] GC(217) Survivor regions: 0->0(4)
[2023-02-28T14:41:12.374+0900][765.863s] GC(217) Old regions: 474->480
[2023-02-28T14:41:12.374+0900][765.863s] GC(217) Humongous regions: 32->32
[2023-02-28T14:41:12.374+0900][765.863s] GC(217) Metaspace: 65155K(66944K)->65155K(66944K) NonClass: 57752K(58880K)->57752K(58880K) Class: 7403K(8064K)->7403K(8064K)
[2023-02-28T14:41:12.374+0900][765.863s] GC(217) Pause Young (Concurrent Start) (G1 Evacuation Pause) 506M->506M(512M) 1.772ms
[2023-02-28T14:41:12.374+0900][765.863s] GC(217) User=0.00s Sys=0.00s Real=0.00s
[2023-02-28T14:41:12.374+0900][765.863s] GC(218) Using 10 workers of 10 for full compaction
[2023-02-28T14:41:12.374+0900][765.863s] GC(219) Concurrent Cycle
[2023-02-28T14:41:12.374+0900][765.863s] GC(219) Concurrent Clear Claimed Marks
[2023-02-28T14:41:12.374+0900][765.863s] GC(219) Concurrent Clear Claimed Marks 0.032ms
[2023-02-28T14:41:12.374+0900][765.863s] GC(219) Concurrent Scan Root Regions
[2023-02-28T14:41:12.374+0900][765.863s] GC(218) Pause Full (G1 Evacuation Pause)
[2023-02-28T14:41:12.374+0900][765.863s] GC(219) Concurrent Scan Root Regions 0.033ms
[2023-02-28T14:41:12.374+0900][765.863s] GC(219) Concurrent Mark (765.863s)
[2023-02-28T14:41:12.374+0900][765.863s] GC(219) Concurrent Mark From Roots
[2023-02-28T14:41:12.374+0900][765.863s] GC(219) Using 3 workers of 3 for marking
[2023-02-28T14:41:12.375+0900][765.864s] GC(218) Phase 1: Mark live objects
[2023-02-28T14:41:12.419+0900][765.909s] GC(218) Cleaned string and symbol table, strings: 31219 processed, 0 removed, symbols: 195635 processed, 0 removed
[2023-02-28T14:41:12.419+0900][765.909s] GC(218) Phase 1: Mark live objects 45.607ms
[2023-02-28T14:41:12.419+0900][765.909s] GC(218) Phase 2: Prepare for compaction
[2023-02-28T14:41:12.447+0900][765.937s] GC(218) Phase 2: Prepare for compaction 27.669ms
[2023-02-28T14:41:12.447+0900][765.937s] GC(218) Phase 3: Adjust pointers
[2023-02-28T14:41:12.483+0900][765.973s] GC(218) Phase 3: Adjust pointers 35.628ms
[2023-02-28T14:41:12.483+0900][765.973s] GC(218) Phase 4: Compact heap
[2023-02-28T14:41:12.518+0900][766.007s] GC(218) Phase 4: Compact heap 34.548ms
[2023-02-28T14:41:12.529+0900][766.018s] GC(218) Eden regions: 0->0(25)
[2023-02-28T14:41:12.529+0900][766.018s] GC(218) Survivor regions: 0->0(4)
[2023-02-28T14:41:12.529+0900][766.018s] GC(218) Old regions: 480->474
[2023-02-28T14:41:12.529+0900][766.018s] GC(218) Humongous regions: 32->32
[2023-02-28T14:41:12.529+0900][766.018s] GC(218) Metaspace: 65155K(66944K)->65155K(66944K) NonClass: 57752K(58880K)->57752K(58880K) Class: 7403K(8064K)->7403K(8064K)
[2023-02-28T14:41:12.529+0900][766.019s] GC(218) Pause Full (G1 Evacuation Pause) 506M->501M(512M) 155.423ms
[2023-02-28T14:41:12.529+0900][766.019s] GC(218) User=1.39s Sys=0.00s Real=0.15s
[2023-02-28T14:41:12.529+0900][766.019s] GC(219) Concurrent Mark From Roots 155.550ms
[2023-02-28T14:41:12.529+0900][766.019s] GC(219) Concurrent Mark Abort
[2023-02-28T14:41:12.529+0900][766.019s] GC(219) Concurrent Cycle 155.868ms
[2023-02-28T14:41:12.538+0900][766.027s] GC(220) Pause Young (Normal) (G1 Evacuation Pause)
[2023-02-28T14:41:12.538+0900][766.027s] GC(220) Using 10 workers of 10 for evacuation
[2023-02-28T14:41:12.539+0900][766.029s] GC(220) To-space exhausted
[2023-02-28T14:41:12.539+0900][766.029s] GC(220)   Pre Evacuate Collection Set: 0.0ms
[2023-02-28T14:41:12.539+0900][766.029s] GC(220)   Evacuate Collection Set: 0.4ms
[2023-02-28T14:41:12.539+0900][766.029s] GC(220)   Post Evacuate Collection Set: 0.7ms
[2023-02-28T14:41:12.539+0900][766.029s] GC(220)   Other: 0.2ms
[2023-02-28T14:41:12.539+0900][766.029s] GC(220) Eden regions: 6->0(25)
[2023-02-28T14:41:12.539+0900][766.029s] GC(220) Survivor regions: 0->0(4)
[2023-02-28T14:41:12.539+0900][766.029s] GC(220) Old regions: 474->480
[2023-02-28T14:41:12.539+0900][766.029s] GC(220) Humongous regions: 32->32
[2023-02-28T14:41:12.539+0900][766.029s] GC(220) Metaspace: 65155K(66944K)->65155K(66944K) NonClass: 57752K(58880K)->57752K(58880K) Class: 7403K(8064K)->7403K(8064K)
[2023-02-28T14:41:12.539+0900][766.029s] GC(220) Pause Young (Normal) (G1 Evacuation Pause) 507M->507M(512M) 1.479ms
[2023-02-28T14:41:12.539+0900][766.029s] GC(220) User=0.00s Sys=0.00s Real=0.00s
[2023-02-28T14:41:12.539+0900][766.029s] GC(221) Using 10 workers of 10 for full compaction
[2023-02-28T14:41:12.539+0900][766.029s] GC(221) Pause Full (G1 Evacuation Pause)
[2023-02-28T14:41:12.540+0900][766.029s] GC(221) Phase 1: Mark live objects
[2023-02-28T14:41:12.583+0900][766.073s] GC(221) Cleaned string and symbol table, strings: 31219 processed, 78 removed, symbols: 195635 processed, 0 removed
[2023-02-28T14:41:12.584+0900][766.073s] GC(221) Phase 1: Mark live objects 43.878ms
[2023-02-28T14:41:12.584+0900][766.073s] GC(221) Phase 2: Prepare for compaction
[2023-02-28T14:41:12.613+0900][766.102s] GC(221) Phase 2: Prepare for compaction 29.136ms
[2023-02-28T14:41:12.613+0900][766.102s] GC(221) Phase 3: Adjust pointers
[2023-02-28T14:41:12.658+0900][766.147s] GC(221) Phase 3: Adjust pointers 44.972ms
[2023-02-28T14:41:12.658+0900][766.148s] GC(221) Phase 4: Compact heap
[2023-02-28T14:41:12.692+0900][766.182s] GC(221) Phase 4: Compact heap 34.220ms
[2023-02-28T14:41:12.706+0900][766.195s] GC(221) Eden regions: 0->0(25)
[2023-02-28T14:41:12.706+0900][766.195s] GC(221) Survivor regions: 0->0(4)
[2023-02-28T14:41:12.706+0900][766.195s] GC(221) Old regions: 480->476
[2023-02-28T14:41:12.706+0900][766.195s] GC(221) Humongous regions: 32->32
[2023-02-28T14:41:12.706+0900][766.196s] GC(221) Metaspace: 65155K(66944K)->65155K(66944K) NonClass: 57752K(58880K)->57752K(58880K) Class: 7403K(8064K)->7403K(8064K)
[2023-02-28T14:41:12.706+0900][766.196s] GC(221) Pause Full (G1 Evacuation Pause) 507M->502M(512M) 166.507ms
[2023-02-28T14:41:12.706+0900][766.196s] GC(221) User=1.66s Sys=0.00s Real=0.17s
[2023-02-28T14:41:12.713+0900][766.202s] GC(222) Pause Young (Concurrent Start) (G1 Evacuation Pause)
[2023-02-28T14:41:12.713+0900][766.202s] GC(222) Using 10 workers of 10 for evacuation
[2023-02-28T14:41:12.715+0900][766.204s] GC(222) To-space exhausted
[2023-02-28T14:41:12.715+0900][766.204s] GC(222)   Pre Evacuate Collection Set: 0.1ms
[2023-02-28T14:41:12.715+0900][766.204s] GC(222)   Evacuate Collection Set: 0.7ms
[2023-02-28T14:41:12.715+0900][766.204s] GC(222)   Post Evacuate Collection Set: 1.2ms
[2023-02-28T14:41:12.715+0900][766.205s] GC(222)   Other: 0.3ms
[2023-02-28T14:41:12.715+0900][766.205s] GC(222) Eden regions: 4->0(25)
[2023-02-28T14:41:12.715+0900][766.205s] GC(222) Survivor regions: 0->0(4)
[2023-02-28T14:41:12.715+0900][766.205s] GC(222) Old regions: 476->480
[2023-02-28T14:41:12.715+0900][766.205s] GC(222) Humongous regions: 32->32
[2023-02-28T14:41:12.715+0900][766.205s] GC(222) Metaspace: 65155K(66944K)->65155K(66944K) NonClass: 57752K(58880K)->57752K(58880K) Class: 7403K(8064K)->7403K(8064K)
[2023-02-28T14:41:12.715+0900][766.205s] GC(222) Pause Young (Concurrent Start) (G1 Evacuation Pause) 506M->506M(512M) 2.511ms
[2023-02-28T14:41:12.716+0900][766.205s] GC(222) User=0.00s Sys=0.00s Real=0.00s
[2023-02-28T14:41:12.716+0900][766.205s] GC(224) Concurrent Cycle
[2023-02-28T14:41:12.716+0900][766.205s] GC(223) Using 10 workers of 10 for full compaction
[2023-02-28T14:41:12.716+0900][766.205s] GC(224) Concurrent Clear Claimed Marks
[2023-02-28T14:41:12.716+0900][766.205s] GC(224) Concurrent Clear Claimed Marks 0.105ms
[2023-02-28T14:41:12.716+0900][766.205s] GC(224) Concurrent Scan Root Regions
[2023-02-28T14:41:12.716+0900][766.205s] GC(223) Pause Full (G1 Evacuation Pause)
[2023-02-28T14:41:12.716+0900][766.205s] GC(224) Concurrent Scan Root Regions 0.031ms
[2023-02-28T14:41:12.716+0900][766.205s] GC(224) Concurrent Mark (766.205s)
[2023-02-28T14:41:12.716+0900][766.205s] GC(224) Concurrent Mark From Roots
[2023-02-28T14:41:12.716+0900][766.205s] GC(224) Using 3 workers of 3 for marking
[2023-02-28T14:41:12.717+0900][766.206s] GC(223) Phase 1: Mark live objects
[2023-02-28T14:41:12.765+0900][766.255s] GC(223) Cleaned string and symbol table, strings: 31141 processed, 0 removed, symbols: 195635 processed, 0 removed
[2023-02-28T14:41:12.765+0900][766.255s] GC(223) Phase 1: Mark live objects 48.489ms
[2023-02-28T14:41:12.765+0900][766.255s] GC(223) Phase 2: Prepare for compaction
[2023-02-28T14:41:12.794+0900][766.284s] GC(223) Phase 2: Prepare for compaction 29.332ms
[2023-02-28T14:41:12.794+0900][766.284s] GC(223) Phase 3: Adjust pointers
[2023-02-28T14:41:12.831+0900][766.321s] GC(223) Phase 3: Adjust pointers 36.828ms
[2023-02-28T14:41:12.831+0900][766.321s] GC(223) Phase 4: Compact heap
[2023-02-28T14:41:12.862+0900][766.352s] GC(223) Phase 4: Compact heap 31.018ms
[2023-02-28T14:41:12.875+0900][766.364s] GC(223) Eden regions: 0->0(25)
[2023-02-28T14:41:12.875+0900][766.364s] GC(223) Survivor regions: 0->0(4)
[2023-02-28T14:41:12.875+0900][766.364s] GC(223) Old regions: 480->476
[2023-02-28T14:41:12.875+0900][766.364s] GC(223) Humongous regions: 32->32
[2023-02-28T14:41:12.875+0900][766.364s] GC(223) Metaspace: 65155K(66944K)->65155K(66944K) NonClass: 57752K(58880K)->57752K(58880K) Class: 7403K(8064K)->7403K(8064K)
[2023-02-28T14:41:12.875+0900][766.365s] GC(223) Pause Full (G1 Evacuation Pause) 506M->502M(512M) 159.539ms
[2023-02-28T14:41:12.875+0900][766.365s] GC(223) User=1.42s Sys=0.00s Real=0.16s
[2023-02-28T14:41:12.875+0900][766.365s] GC(224) Concurrent Mark From Roots 159.735ms
[2023-02-28T14:41:12.875+0900][766.365s] GC(224) Concurrent Mark Abort
[2023-02-28T14:41:12.875+0900][766.365s] GC(224) Concurrent Cycle 160.103ms
[2023-02-28T14:41:12.904+0900][766.394s] GC(225) Pause Young (Normal) (G1 Evacuation Pause)
[2023-02-28T14:41:12.905+0900][766.394s] GC(225) Using 10 workers of 10 for evacuation
[2023-02-28T14:41:12.906+0900][766.395s] GC(225) To-space exhausted
[2023-02-28T14:41:12.906+0900][766.396s] GC(225)   Pre Evacuate Collection Set: 0.0ms
[2023-02-28T14:41:12.906+0900][766.396s] GC(225)   Evacuate Collection Set: 0.2ms
[2023-02-28T14:41:12.906+0900][766.396s] GC(225)   Post Evacuate Collection Set: 0.7ms
[2023-02-28T14:41:12.906+0900][766.396s] GC(225)   Other: 0.3ms
[2023-02-28T14:41:12.906+0900][766.396s] GC(225) Eden regions: 4->0(25)
[2023-02-28T14:41:12.906+0900][766.396s] GC(225) Survivor regions: 0->0(4)
[2023-02-28T14:41:12.906+0900][766.396s] GC(225) Old regions: 476->480
[2023-02-28T14:41:12.906+0900][766.396s] GC(225) Humongous regions: 32->32
[2023-02-28T14:41:12.906+0900][766.396s] GC(225) Metaspace: 65156K(66944K)->65156K(66944K) NonClass: 57752K(58880K)->57752K(58880K) Class: 7403K(8064K)->7403K(8064K)
[2023-02-28T14:41:12.906+0900][766.396s] GC(225) Pause Young (Normal) (G1 Evacuation Pause) 506M->506M(512M) 1.525ms
[2023-02-28T14:41:12.906+0900][766.396s] GC(225) User=0.00s Sys=0.00s Real=0.00s
[2023-02-28T14:41:12.906+0900][766.396s] GC(226) Using 10 workers of 10 for full compaction
[2023-02-28T14:41:12.906+0900][766.396s] GC(226) Pause Full (G1 Evacuation Pause)
[2023-02-28T14:41:12.907+0900][766.396s] GC(226) Phase 1: Mark live objects
[2023-02-28T14:41:12.952+0900][766.441s] GC(226) Cleaned string and symbol table, strings: 31141 processed, 0 removed, symbols: 195635 processed, 0 removed
[2023-02-28T14:41:12.952+0900][766.441s] GC(226) Phase 1: Mark live objects 45.137ms
[2023-02-28T14:41:12.952+0900][766.442s] GC(226) Phase 2: Prepare for compaction
[2023-02-28T14:41:12.981+0900][766.471s] GC(226) Phase 2: Prepare for compaction 29.012ms
[2023-02-28T14:41:12.981+0900][766.471s] GC(226) Phase 3: Adjust pointers
[2023-02-28T14:41:13.020+0900][766.509s] GC(226) Phase 3: Adjust pointers 38.571ms
[2023-02-28T14:41:13.020+0900][766.509s] GC(226) Phase 4: Compact heap
[2023-02-28T14:41:13.057+0900][766.546s] GC(226) Phase 4: Compact heap 37.180ms
[2023-02-28T14:41:13.068+0900][766.558s] GC(226) Eden regions: 0->0(25)
[2023-02-28T14:41:13.068+0900][766.558s] GC(226) Survivor regions: 0->0(4)
[2023-02-28T14:41:13.068+0900][766.558s] GC(226) Old regions: 480->475
[2023-02-28T14:41:13.068+0900][766.558s] GC(226) Humongous regions: 32->32
[2023-02-28T14:41:13.068+0900][766.558s] GC(226) Metaspace: 65156K(66944K)->65156K(66944K) NonClass: 57752K(58880K)->57752K(58880K) Class: 7403K(8064K)->7403K(8064K)
[2023-02-28T14:41:13.068+0900][766.558s] GC(226) Pause Full (G1 Evacuation Pause) 506M->502M(512M) 161.736ms
[2023-02-28T14:41:13.069+0900][766.558s] GC(226) User=1.53s Sys=0.00s Real=0.16s
[2023-02-28T14:41:13.077+0900][766.566s] GC(227) Pause Young (Concurrent Start) (G1 Evacuation Pause)
[2023-02-28T14:41:13.077+0900][766.566s] GC(227) Using 10 workers of 10 for evacuation
[2023-02-28T14:41:13.078+0900][766.567s] GC(227) To-space exhausted
[2023-02-28T14:41:13.078+0900][766.567s] GC(227)   Pre Evacuate Collection Set: 0.1ms
[2023-02-28T14:41:13.078+0900][766.568s] GC(227)   Evacuate Collection Set: 0.6ms
[2023-02-28T14:41:13.078+0900][766.568s] GC(227)   Post Evacuate Collection Set: 0.7ms
[2023-02-28T14:41:13.078+0900][766.568s] GC(227)   Other: 0.2ms
[2023-02-28T14:41:13.078+0900][766.568s] GC(227) Eden regions: 5->0(25)
[2023-02-28T14:41:13.078+0900][766.568s] GC(227) Survivor regions: 0->0(4)
[2023-02-28T14:41:13.078+0900][766.568s] GC(227) Old regions: 475->480
[2023-02-28T14:41:13.078+0900][766.568s] GC(227) Humongous regions: 32->32
[2023-02-28T14:41:13.078+0900][766.568s] GC(227) Metaspace: 65156K(66944K)->65156K(66944K) NonClass: 57752K(58880K)->57752K(58880K) Class: 7403K(8064K)->7403K(8064K)
[2023-02-28T14:41:13.078+0900][766.568s] GC(227) Pause Young (Concurrent Start) (G1 Evacuation Pause) 507M->507M(512M) 1.886ms
[2023-02-28T14:41:13.079+0900][766.568s] GC(227) User=0.00s Sys=0.00s Real=0.00s
[2023-02-28T14:41:13.079+0900][766.568s] GC(229) Concurrent Cycle
[2023-02-28T14:41:13.079+0900][766.568s] GC(228) Using 10 workers of 10 for full compaction
[2023-02-28T14:41:13.079+0900][766.568s] GC(229) Concurrent Clear Claimed Marks
[2023-02-28T14:41:13.079+0900][766.568s] GC(229) Concurrent Clear Claimed Marks 0.058ms
[2023-02-28T14:41:13.079+0900][766.568s] GC(229) Concurrent Scan Root Regions
[2023-02-28T14:41:13.079+0900][766.568s] GC(229) Concurrent Scan Root Regions 0.021ms
[2023-02-28T14:41:13.079+0900][766.568s] GC(228) Pause Full (G1 Evacuation Pause)
[2023-02-28T14:41:13.079+0900][766.568s] GC(229) Concurrent Mark (766.568s)
[2023-02-28T14:41:13.079+0900][766.568s] GC(229) Concurrent Mark From Roots
[2023-02-28T14:41:13.079+0900][766.568s] GC(229) Using 3 workers of 3 for marking
[2023-02-28T14:41:13.079+0900][766.569s] GC(228) Phase 1: Mark live objects
[2023-02-28T14:41:13.127+0900][766.616s] GC(228) Cleaned string and symbol table, strings: 31141 processed, 0 removed, symbols: 195635 processed, 0 removed
[2023-02-28T14:41:13.127+0900][766.616s] GC(228) Phase 1: Mark live objects 47.415ms
[2023-02-28T14:41:13.127+0900][766.616s] GC(228) Phase 2: Prepare for compaction
[2023-02-28T14:41:13.154+0900][766.644s] GC(228) Phase 2: Prepare for compaction 27.993ms
[2023-02-28T14:41:13.154+0900][766.644s] GC(228) Phase 3: Adjust pointers
[2023-02-28T14:41:13.188+0900][766.678s] GC(228) Phase 3: Adjust pointers 33.648ms
[2023-02-28T14:41:13.188+0900][766.678s] GC(228) Phase 4: Compact heap
[2023-02-28T14:41:13.237+0900][766.727s] GC(228) Phase 4: Compact heap 49.041ms
[2023-02-28T14:41:13.250+0900][766.739s] GC(228) Eden regions: 0->0(25)
[2023-02-28T14:41:13.250+0900][766.739s] GC(228) Survivor regions: 0->0(4)
[2023-02-28T14:41:13.250+0900][766.739s] GC(228) Old regions: 480->476
[2023-02-28T14:41:13.250+0900][766.739s] GC(228) Humongous regions: 32->32
[2023-02-28T14:41:13.250+0900][766.739s] GC(228) Metaspace: 65156K(66944K)->65156K(66944K) NonClass: 57752K(58880K)->57752K(58880K) Class: 7403K(8064K)->7403K(8064K)
[2023-02-28T14:41:13.250+0900][766.740s] GC(228) Pause Full (G1 Evacuation Pause) 507M->503M(512M) 171.491ms
[2023-02-28T14:41:13.250+0900][766.740s] GC(228) User=1.58s Sys=0.00s Real=0.17s
[2023-02-28T14:41:13.250+0900][766.740s] GC(229) Concurrent Mark From Roots 171.738ms
[2023-02-28T14:41:13.250+0900][766.740s] GC(229) Concurrent Mark Abort
[2023-02-28T14:41:13.250+0900][766.740s] GC(229) Concurrent Cycle 172.067ms
[2023-02-28T14:41:13.256+0900][766.746s] GC(230) Pause Young (Normal) (G1 Evacuation Pause)
[2023-02-28T14:41:13.257+0900][766.746s] GC(230) Using 10 workers of 10 for evacuation
[2023-02-28T14:41:13.258+0900][766.748s] GC(230) To-space exhausted
[2023-02-28T14:41:13.258+0900][766.748s] GC(230)   Pre Evacuate Collection Set: 0.0ms
[2023-02-28T14:41:13.258+0900][766.748s] GC(230)   Evacuate Collection Set: 0.5ms
[2023-02-28T14:41:13.258+0900][766.748s] GC(230)   Post Evacuate Collection Set: 1.0ms
[2023-02-28T14:41:13.258+0900][766.748s] GC(230)   Other: 0.3ms
[2023-02-28T14:41:13.258+0900][766.748s] GC(230) Eden regions: 4->0(25)
[2023-02-28T14:41:13.258+0900][766.748s] GC(230) Survivor regions: 0->0(4)
[2023-02-28T14:41:13.258+0900][766.748s] GC(230) Old regions: 476->480
[2023-02-28T14:41:13.258+0900][766.748s] GC(230) Humongous regions: 32->32
[2023-02-28T14:41:13.258+0900][766.748s] GC(230) Metaspace: 65156K(66944K)->65156K(66944K) NonClass: 57752K(58880K)->57752K(58880K) Class: 7403K(8064K)->7403K(8064K)
[2023-02-28T14:41:13.258+0900][766.748s] GC(230) Pause Young (Normal) (G1 Evacuation Pause) 507M->507M(512M) 1.982ms
[2023-02-28T14:41:13.259+0900][766.749s] GC(230) User=0.00s Sys=0.00s Real=0.00s
[2023-02-28T14:41:13.259+0900][766.749s] GC(231) Using 10 workers of 10 for full compaction
[2023-02-28T14:41:13.259+0900][766.749s] GC(231) Pause Full (G1 Evacuation Pause)
[2023-02-28T14:41:13.260+0900][766.750s] GC(231) Phase 1: Mark live objects
[2023-02-28T14:41:13.307+0900][766.796s] GC(231) Cleaned string and symbol table, strings: 31141 processed, 0 removed, symbols: 195635 processed, 0 removed
[2023-02-28T14:41:13.307+0900][766.796s] GC(231) Phase 1: Mark live objects 46.612ms
[2023-02-28T14:41:13.307+0900][766.796s] GC(231) Phase 2: Prepare for compaction
[2023-02-28T14:41:13.334+0900][766.823s] GC(231) Phase 2: Prepare for compaction 26.852ms
[2023-02-28T14:41:13.334+0900][766.823s] GC(231) Phase 3: Adjust pointers
[2023-02-28T14:41:13.369+0900][766.858s] GC(231) Phase 3: Adjust pointers 34.973ms
[2023-02-28T14:41:13.369+0900][766.858s] GC(231) Phase 4: Compact heap
[2023-02-28T14:41:13.399+0900][766.889s] GC(231) Phase 4: Compact heap 30.359ms
[2023-02-28T14:41:13.410+0900][766.900s] GC(231) Eden regions: 0->0(25)
[2023-02-28T14:41:13.410+0900][766.900s] GC(231) Survivor regions: 0->0(4)
[2023-02-28T14:41:13.410+0900][766.900s] GC(231) Old regions: 480->476
[2023-02-28T14:41:13.410+0900][766.900s] GC(231) Humongous regions: 32->32
[2023-02-28T14:41:13.410+0900][766.900s] GC(231) Metaspace: 65156K(66944K)->65156K(66944K) NonClass: 57752K(58880K)->57752K(58880K) Class: 7403K(8064K)->7403K(8064K)
[2023-02-28T14:41:13.410+0900][766.900s] GC(231) Pause Full (G1 Evacuation Pause) 507M->504M(512M) 150.850ms
[2023-02-28T14:41:13.411+0900][766.900s] GC(231) User=1.55s Sys=0.00s Real=0.15s
[2023-02-28T14:41:13.417+0900][766.906s] GC(232) Pause Young (Concurrent Start) (G1 Evacuation Pause)
[2023-02-28T14:41:13.417+0900][766.906s] GC(232) Using 10 workers of 10 for evacuation
[2023-02-28T14:41:13.418+0900][766.907s] GC(232) To-space exhausted
[2023-02-28T14:41:13.418+0900][766.907s] GC(232)   Pre Evacuate Collection Set: 0.1ms
[2023-02-28T14:41:13.418+0900][766.907s] GC(232)   Evacuate Collection Set: 0.6ms
[2023-02-28T14:41:13.418+0900][766.907s] GC(232)   Post Evacuate Collection Set: 0.5ms
[2023-02-28T14:41:13.418+0900][766.907s] GC(232)   Other: 0.2ms
[2023-02-28T14:41:13.418+0900][766.907s] GC(232) Eden regions: 4->0(25)
[2023-02-28T14:41:13.418+0900][766.907s] GC(232) Survivor regions: 0->0(4)
[2023-02-28T14:41:13.418+0900][766.907s] GC(232) Old regions: 476->480
[2023-02-28T14:41:13.418+0900][766.907s] GC(232) Humongous regions: 32->32
[2023-02-28T14:41:13.418+0900][766.907s] GC(232) Metaspace: 65156K(66944K)->65156K(66944K) NonClass: 57752K(58880K)->57752K(58880K) Class: 7403K(8064K)->7403K(8064K)
[2023-02-28T14:41:13.418+0900][766.907s] GC(232) Pause Young (Concurrent Start) (G1 Evacuation Pause) 508M->508M(512M) 1.532ms
[2023-02-28T14:41:13.418+0900][766.908s] GC(232) User=0.00s Sys=0.00s Real=0.00s
[2023-02-28T14:41:13.418+0900][766.908s] GC(233) Using 10 workers of 10 for full compaction
[2023-02-28T14:41:13.418+0900][766.908s] GC(234) Concurrent Cycle
[2023-02-28T14:41:13.418+0900][766.908s] GC(234) Concurrent Clear Claimed Marks
[2023-02-28T14:41:13.418+0900][766.908s] GC(234) Concurrent Clear Claimed Marks 0.036ms
[2023-02-28T14:41:13.418+0900][766.908s] GC(233) Pause Full (G1 Evacuation Pause)
[2023-02-28T14:41:13.418+0900][766.908s] GC(234) Concurrent Scan Root Regions
[2023-02-28T14:41:13.418+0900][766.908s] GC(234) Concurrent Scan Root Regions 0.058ms
[2023-02-28T14:41:13.418+0900][766.908s] GC(234) Concurrent Mark (766.908s)
[2023-02-28T14:41:13.418+0900][766.908s] GC(234) Concurrent Mark From Roots
[2023-02-28T14:41:13.419+0900][766.908s] GC(234) Using 3 workers of 3 for marking
[2023-02-28T14:41:13.419+0900][766.908s] GC(233) Phase 1: Mark live objects
[2023-02-28T14:41:13.464+0900][766.953s] GC(233) Cleaned string and symbol table, strings: 31141 processed, 0 removed, symbols: 195635 processed, 0 removed
[2023-02-28T14:41:13.464+0900][766.953s] GC(233) Phase 1: Mark live objects 45.191ms
[2023-02-28T14:41:13.464+0900][766.953s] GC(233) Phase 2: Prepare for compaction
[2023-02-28T14:41:13.491+0900][766.980s] GC(233) Phase 2: Prepare for compaction 27.007ms
[2023-02-28T14:41:13.491+0900][766.981s] GC(233) Phase 3: Adjust pointers
[2023-02-28T14:41:13.524+0900][767.014s] GC(233) Phase 3: Adjust pointers 33.357ms
[2023-02-28T14:41:13.524+0900][767.014s] GC(233) Phase 4: Compact heap
[2023-02-28T14:41:13.554+0900][767.044s] GC(233) Phase 4: Compact heap 30.351ms
[2023-02-28T14:41:13.566+0900][767.056s] GC(233) Eden regions: 0->0(25)
[2023-02-28T14:41:13.566+0900][767.056s] GC(233) Survivor regions: 0->0(4)
[2023-02-28T14:41:13.566+0900][767.056s] GC(233) Old regions: 480->477
[2023-02-28T14:41:13.566+0900][767.056s] GC(233) Humongous regions: 32->32
[2023-02-28T14:41:13.566+0900][767.056s] GC(233) Metaspace: 65156K(66944K)->65156K(66944K) NonClass: 57752K(58880K)->57752K(58880K) Class: 7403K(8064K)->7403K(8064K)
[2023-02-28T14:41:13.566+0900][767.056s] GC(233) Pause Full (G1 Evacuation Pause) 508M->504M(512M) 148.020ms
[2023-02-28T14:41:13.566+0900][767.056s] GC(233) User=1.53s Sys=0.00s Real=0.15s
[2023-02-28T14:41:13.566+0900][767.056s] GC(234) Concurrent Mark From Roots 148.115ms
[2023-02-28T14:41:13.566+0900][767.056s] GC(234) Concurrent Mark Abort
[2023-02-28T14:41:13.566+0900][767.056s] GC(234) Concurrent Cycle 148.458ms
[2023-02-28T14:41:13.570+0900][767.060s] GC(235) Pause Young (Normal) (G1 Evacuation Pause)
[2023-02-28T14:41:13.570+0900][767.060s] GC(235) Using 10 workers of 10 for evacuation
[2023-02-28T14:41:13.571+0900][767.061s] GC(235) To-space exhausted
[2023-02-28T14:41:13.571+0900][767.061s] GC(235)   Pre Evacuate Collection Set: 0.0ms
[2023-02-28T14:41:13.571+0900][767.061s] GC(235)   Evacuate Collection Set: 0.3ms
[2023-02-28T14:41:13.571+0900][767.061s] GC(235)   Post Evacuate Collection Set: 0.4ms
[2023-02-28T14:41:13.571+0900][767.061s] GC(235)   Other: 0.2ms
[2023-02-28T14:41:13.571+0900][767.061s] GC(235) Eden regions: 3->0(25)
[2023-02-28T14:41:13.571+0900][767.061s] GC(235) Survivor regions: 0->0(4)
[2023-02-28T14:41:13.571+0900][767.061s] GC(235) Old regions: 477->480
[2023-02-28T14:41:13.571+0900][767.061s] GC(235) Humongous regions: 32->32
[2023-02-28T14:41:13.571+0900][767.061s] GC(235) Metaspace: 65156K(66944K)->65156K(66944K) NonClass: 57752K(58880K)->57752K(58880K) Class: 7403K(8064K)->7403K(8064K)
[2023-02-28T14:41:13.572+0900][767.061s] GC(235) Pause Young (Normal) (G1 Evacuation Pause) 507M->507M(512M) 1.130ms
[2023-02-28T14:41:13.572+0900][767.062s] GC(235) User=0.00s Sys=0.00s Real=0.00s
[2023-02-28T14:41:13.572+0900][767.062s] GC(236) Using 10 workers of 10 for full compaction
[2023-02-28T14:41:13.572+0900][767.062s] GC(236) Pause Full (G1 Evacuation Pause)
[2023-02-28T14:41:13.572+0900][767.062s] GC(236) Phase 1: Mark live objects
[2023-02-28T14:41:13.617+0900][767.107s] GC(236) Cleaned string and symbol table, strings: 31141 processed, 0 removed, symbols: 195635 processed, 0 removed
[2023-02-28T14:41:13.617+0900][767.107s] GC(236) Phase 1: Mark live objects 45.288ms
[2023-02-28T14:41:13.617+0900][767.107s] GC(236) Phase 2: Prepare for compaction
[2023-02-28T14:41:13.652+0900][767.141s] GC(236) Phase 2: Prepare for compaction 34.199ms
[2023-02-28T14:41:13.652+0900][767.141s] GC(236) Phase 3: Adjust pointers
[2023-02-28T14:41:13.685+0900][767.174s] GC(236) Phase 3: Adjust pointers 32.824ms
[2023-02-28T14:41:13.685+0900][767.174s] GC(236) Phase 4: Compact heap
[2023-02-28T14:41:13.714+0900][767.204s] GC(236) Phase 4: Compact heap 29.285ms
[2023-02-28T14:41:13.725+0900][767.215s] GC(236) Eden regions: 0->0(25)
[2023-02-28T14:41:13.725+0900][767.215s] GC(236) Survivor regions: 0->0(4)
[2023-02-28T14:41:13.725+0900][767.215s] GC(236) Old regions: 480->478
[2023-02-28T14:41:13.725+0900][767.215s] GC(236) Humongous regions: 32->32
[2023-02-28T14:41:13.725+0900][767.215s] GC(236) Metaspace: 65156K(66944K)->65156K(66944K) NonClass: 57752K(58880K)->57752K(58880K) Class: 7403K(8064K)->7403K(8064K)
[2023-02-28T14:41:13.725+0900][767.215s] GC(236) Pause Full (G1 Evacuation Pause) 507M->505M(512M) 153.093ms
[2023-02-28T14:41:13.725+0900][767.215s] GC(236) User=1.52s Sys=0.03s Real=0.15s
[2023-02-28T14:41:13.728+0900][767.218s] GC(237) Pause Young (Concurrent Start) (G1 Evacuation Pause)
[2023-02-28T14:41:13.728+0900][767.218s] GC(237) Using 10 workers of 10 for evacuation
[2023-02-28T14:41:13.730+0900][767.219s] GC(237) To-space exhausted
[2023-02-28T14:41:13.730+0900][767.219s] GC(237)   Pre Evacuate Collection Set: 0.1ms
[2023-02-28T14:41:13.730+0900][767.219s] GC(237)   Evacuate Collection Set: 0.5ms
[2023-02-28T14:41:13.730+0900][767.219s] GC(237)   Post Evacuate Collection Set: 0.5ms
[2023-02-28T14:41:13.730+0900][767.219s] GC(237)   Other: 0.2ms
[2023-02-28T14:41:13.730+0900][767.219s] GC(237) Eden regions: 2->0(25)
[2023-02-28T14:41:13.730+0900][767.219s] GC(237) Survivor regions: 0->0(4)
[2023-02-28T14:41:13.730+0900][767.219s] GC(237) Old regions: 478->480
[2023-02-28T14:41:13.730+0900][767.219s] GC(237) Humongous regions: 32->32
[2023-02-28T14:41:13.730+0900][767.219s] GC(237) Metaspace: 65156K(66944K)->65156K(66944K) NonClass: 57752K(58880K)->57752K(58880K) Class: 7403K(8064K)->7403K(8064K)
[2023-02-28T14:41:13.730+0900][767.219s] GC(237) Pause Young (Concurrent Start) (G1 Evacuation Pause) 507M->507M(512M) 1.352ms
[2023-02-28T14:41:13.730+0900][767.219s] GC(237) User=0.00s Sys=0.00s Real=0.00s
[2023-02-28T14:41:13.730+0900][767.219s] GC(238) Using 10 workers of 10 for full compaction
[2023-02-28T14:41:13.730+0900][767.219s] GC(239) Concurrent Cycle
[2023-02-28T14:41:13.730+0900][767.219s] GC(239) Concurrent Clear Claimed Marks
[2023-02-28T14:41:13.730+0900][767.219s] GC(239) Concurrent Clear Claimed Marks 0.034ms
[2023-02-28T14:41:13.730+0900][767.219s] GC(238) Pause Full (G1 Evacuation Pause)
[2023-02-28T14:41:13.730+0900][767.219s] GC(239) Concurrent Scan Root Regions
[2023-02-28T14:41:13.730+0900][767.220s] GC(239) Concurrent Scan Root Regions 0.060ms
[2023-02-28T14:41:13.730+0900][767.220s] GC(239) Concurrent Mark (767.220s)
[2023-02-28T14:41:13.730+0900][767.220s] GC(239) Concurrent Mark From Roots
[2023-02-28T14:41:13.730+0900][767.220s] GC(239) Using 3 workers of 3 for marking
[2023-02-28T14:41:13.731+0900][767.220s] GC(238) Phase 1: Mark live objects
[2023-02-28T14:41:13.775+0900][767.265s] GC(238) Cleaned string and symbol table, strings: 31141 processed, 0 removed, symbols: 195635 processed, 0 removed
[2023-02-28T14:41:13.776+0900][767.265s] GC(238) Phase 1: Mark live objects 44.931ms
[2023-02-28T14:41:13.776+0900][767.265s] GC(238) Phase 2: Prepare for compaction
[2023-02-28T14:41:13.804+0900][767.293s] GC(238) Phase 2: Prepare for compaction 27.888ms
[2023-02-28T14:41:13.804+0900][767.293s] GC(238) Phase 3: Adjust pointers
[2023-02-28T14:41:13.838+0900][767.327s] GC(238) Phase 3: Adjust pointers 34.329ms
[2023-02-28T14:41:13.838+0900][767.327s] GC(238) Phase 4: Compact heap
[2023-02-28T14:41:13.870+0900][767.360s] GC(238) Phase 4: Compact heap 32.183ms
[2023-02-28T14:41:13.880+0900][767.370s] GC(238) Eden regions: 0->0(25)
[2023-02-28T14:41:13.880+0900][767.370s] GC(238) Survivor regions: 0->0(4)
[2023-02-28T14:41:13.880+0900][767.370s] GC(238) Old regions: 480->477
[2023-02-28T14:41:13.880+0900][767.370s] GC(238) Humongous regions: 32->32
[2023-02-28T14:41:13.880+0900][767.370s] GC(238) Metaspace: 65156K(66944K)->65156K(66944K) NonClass: 57752K(58880K)->57752K(58880K) Class: 7403K(8064K)->7403K(8064K)
[2023-02-28T14:41:13.880+0900][767.370s] GC(238) Pause Full (G1 Evacuation Pause) 507M->505M(512M) 151.018ms
[2023-02-28T14:41:13.881+0900][767.371s] GC(238) User=1.41s Sys=0.00s Real=0.15s
[2023-02-28T14:41:13.881+0900][767.371s] GC(239) Concurrent Mark From Roots 151.106ms
[2023-02-28T14:41:13.881+0900][767.371s] GC(239) Concurrent Mark Abort
[2023-02-28T14:41:13.881+0900][767.371s] GC(239) Concurrent Cycle 151.447ms
[2023-02-28T14:41:13.885+0900][767.375s] GC(240) Pause Young (Normal) (G1 Evacuation Pause)
[2023-02-28T14:41:13.885+0900][767.375s] GC(240) Using 10 workers of 10 for evacuation
[2023-02-28T14:41:13.886+0900][767.376s] GC(240) To-space exhausted
[2023-02-28T14:41:13.886+0900][767.376s] GC(240)   Pre Evacuate Collection Set: 0.0ms
[2023-02-28T14:41:13.886+0900][767.376s] GC(240)   Evacuate Collection Set: 0.2ms
[2023-02-28T14:41:13.886+0900][767.376s] GC(240)   Post Evacuate Collection Set: 0.5ms
[2023-02-28T14:41:13.886+0900][767.376s] GC(240)   Other: 0.1ms
[2023-02-28T14:41:13.886+0900][767.376s] GC(240) Eden regions: 3->0(25)
[2023-02-28T14:41:13.886+0900][767.376s] GC(240) Survivor regions: 0->0(4)
[2023-02-28T14:41:13.886+0900][767.376s] GC(240) Old regions: 477->480
[2023-02-28T14:41:13.886+0900][767.377s] GC(240) Humongous regions: 32->32
[2023-02-28T14:41:13.886+0900][767.377s] GC(240) Metaspace: 65156K(66944K)->65156K(66944K) NonClass: 57752K(58880K)->57752K(58880K) Class: 7403K(8064K)->7403K(8064K)
[2023-02-28T14:41:13.886+0900][767.377s] GC(240) Pause Young (Normal) (G1 Evacuation Pause) 508M->508M(512M) 1.098ms
[2023-02-28T14:41:13.886+0900][767.377s] GC(240) User=0.00s Sys=0.00s Real=0.00s
[2023-02-28T14:41:13.886+0900][767.377s] GC(241) Using 10 workers of 10 for full compaction
[2023-02-28T14:41:13.887+0900][767.377s] GC(241) Pause Full (G1 Evacuation Pause)
[2023-02-28T14:41:13.887+0900][767.377s] GC(241) Phase 1: Mark live objects
[2023-02-28T14:41:13.932+0900][767.422s] GC(241) Cleaned string and symbol table, strings: 31141 processed, 0 removed, symbols: 195635 processed, 0 removed
[2023-02-28T14:41:13.932+0900][767.422s] GC(241) Phase 1: Mark live objects 45.036ms
[2023-02-28T14:41:13.932+0900][767.422s] GC(241) Phase 2: Prepare for compaction
[2023-02-28T14:41:13.964+0900][767.454s] GC(241) Phase 2: Prepare for compaction 31.551ms
[2023-02-28T14:41:13.964+0900][767.454s] GC(241) Phase 3: Adjust pointers
[2023-02-28T14:41:14.004+0900][767.493s] GC(241) Phase 3: Adjust pointers 39.392ms
[2023-02-28T14:41:14.004+0900][767.493s] GC(241) Phase 4: Compact heap
[2023-02-28T14:41:14.039+0900][767.529s] GC(241) Phase 4: Compact heap 35.774ms
[2023-02-28T14:41:14.051+0900][767.540s] GC(241) Eden regions: 0->0(25)
[2023-02-28T14:41:14.051+0900][767.540s] GC(241) Survivor regions: 0->0(4)
[2023-02-28T14:41:14.051+0900][767.540s] GC(241) Old regions: 480->478
[2023-02-28T14:41:14.051+0900][767.540s] GC(241) Humongous regions: 32->32
[2023-02-28T14:41:14.051+0900][767.540s] GC(241) Metaspace: 65156K(66944K)->65156K(66944K) NonClass: 57752K(58880K)->57752K(58880K) Class: 7403K(8064K)->7403K(8064K)
[2023-02-28T14:41:14.051+0900][767.540s] GC(241) Pause Full (G1 Evacuation Pause) 508M->505M(512M) 163.682ms
[2023-02-28T14:41:14.051+0900][767.541s] GC(241) User=1.56s Sys=0.00s Real=0.17s
[2023-02-28T14:41:14.054+0900][767.544s] GC(242) Pause Young (Concurrent Start) (G1 Evacuation Pause)
[2023-02-28T14:41:14.054+0900][767.544s] GC(242) Using 10 workers of 10 for evacuation
[2023-02-28T14:41:14.055+0900][767.545s] GC(242) To-space exhausted
[2023-02-28T14:41:14.055+0900][767.545s] GC(242)   Pre Evacuate Collection Set: 0.1ms
[2023-02-28T14:41:14.055+0900][767.545s] GC(242)   Evacuate Collection Set: 0.5ms
[2023-02-28T14:41:14.055+0900][767.545s] GC(242)   Post Evacuate Collection Set: 0.5ms
[2023-02-28T14:41:14.055+0900][767.545s] GC(242)   Other: 0.2ms
[2023-02-28T14:41:14.055+0900][767.545s] GC(242) Eden regions: 2->0(25)
[2023-02-28T14:41:14.055+0900][767.545s] GC(242) Survivor regions: 0->0(4)
[2023-02-28T14:41:14.055+0900][767.545s] GC(242) Old regions: 478->480
[2023-02-28T14:41:14.056+0900][767.545s] GC(242) Humongous regions: 32->32
[2023-02-28T14:41:14.056+0900][767.545s] GC(242) Metaspace: 65157K(66944K)->65157K(66944K) NonClass: 57754K(58880K)->57754K(58880K) Class: 7403K(8064K)->7403K(8064K)
[2023-02-28T14:41:14.056+0900][767.545s] GC(242) Pause Young (Concurrent Start) (G1 Evacuation Pause) 507M->507M(512M) 1.409ms
[2023-02-28T14:41:14.056+0900][767.545s] GC(242) User=0.00s Sys=0.00s Real=0.00s
[2023-02-28T14:41:14.056+0900][767.545s] GC(243) Using 10 workers of 10 for full compaction
[2023-02-28T14:41:14.056+0900][767.545s] GC(244) Concurrent Cycle
[2023-02-28T14:41:14.056+0900][767.545s] GC(244) Concurrent Clear Claimed Marks
[2023-02-28T14:41:14.056+0900][767.545s] GC(244) Concurrent Clear Claimed Marks 0.033ms
[2023-02-28T14:41:14.056+0900][767.545s] GC(243) Pause Full (G1 Evacuation Pause)
[2023-02-28T14:41:14.056+0900][767.545s] GC(244) Concurrent Scan Root Regions
[2023-02-28T14:41:14.056+0900][767.545s] GC(244) Concurrent Scan Root Regions 0.056ms
[2023-02-28T14:41:14.056+0900][767.546s] GC(244) Concurrent Mark (767.546s)
[2023-02-28T14:41:14.056+0900][767.546s] GC(244) Concurrent Mark From Roots
[2023-02-28T14:41:14.056+0900][767.546s] GC(244) Using 3 workers of 3 for marking
[2023-02-28T14:41:14.056+0900][767.546s] GC(243) Phase 1: Mark live objects
[2023-02-28T14:41:14.105+0900][767.594s] GC(243) Cleaned string and symbol table, strings: 31141 processed, 0 removed, symbols: 195635 processed, 0 removed
[2023-02-28T14:41:14.105+0900][767.594s] GC(243) Phase 1: Mark live objects 48.144ms
[2023-02-28T14:41:14.105+0900][767.594s] GC(243) Phase 2: Prepare for compaction
[2023-02-28T14:41:14.134+0900][767.623s] GC(243) Phase 2: Prepare for compaction 29.325ms
[2023-02-28T14:41:14.134+0900][767.624s] GC(243) Phase 3: Adjust pointers
[2023-02-28T14:41:14.171+0900][767.660s] GC(243) Phase 3: Adjust pointers 36.540ms
[2023-02-28T14:41:14.171+0900][767.660s] GC(243) Phase 4: Compact heap
[2023-02-28T14:41:14.201+0900][767.690s] GC(243) Phase 4: Compact heap 29.899ms
[2023-02-28T14:41:14.212+0900][767.701s] GC(243) Eden regions: 0->0(25)
[2023-02-28T14:41:14.212+0900][767.701s] GC(243) Survivor regions: 0->0(4)
[2023-02-28T14:41:14.212+0900][767.701s] GC(243) Old regions: 480->478
[2023-02-28T14:41:14.212+0900][767.701s] GC(243) Humongous regions: 32->32
[2023-02-28T14:41:14.212+0900][767.702s] GC(243) Metaspace: 65157K(66944K)->65157K(66944K) NonClass: 57754K(58880K)->57754K(58880K) Class: 7403K(8064K)->7403K(8064K)
[2023-02-28T14:41:14.212+0900][767.702s] GC(243) Pause Full (G1 Evacuation Pause) 507M->506M(512M) 156.147ms
[2023-02-28T14:41:14.212+0900][767.702s] GC(243) User=1.52s Sys=0.00s Real=0.16s
[2023-02-28T14:41:14.213+0900][767.702s] GC(244) Concurrent Mark From Roots 156.245ms
[2023-02-28T14:41:14.213+0900][767.702s] GC(244) Concurrent Mark Abort
[2023-02-28T14:41:14.213+0900][767.702s] GC(244) Concurrent Cycle 156.590ms
[2023-02-28T14:41:14.216+0900][767.705s] GC(245) Pause Young (Normal) (G1 Evacuation Pause)
[2023-02-28T14:41:14.216+0900][767.705s] GC(245) Using 10 workers of 10 for evacuation
[2023-02-28T14:41:14.216+0900][767.706s] GC(245) To-space exhausted
[2023-02-28T14:41:14.217+0900][767.706s] GC(245)   Pre Evacuate Collection Set: 0.0ms
[2023-02-28T14:41:14.217+0900][767.706s] GC(245)   Evacuate Collection Set: 0.3ms
[2023-02-28T14:41:14.217+0900][767.706s] GC(245)   Post Evacuate Collection Set: 0.4ms
[2023-02-28T14:41:14.217+0900][767.706s] GC(245)   Other: 0.1ms
[2023-02-28T14:41:14.217+0900][767.706s] GC(245) Eden regions: 2->0(25)
[2023-02-28T14:41:14.217+0900][767.706s] GC(245) Survivor regions: 0->0(4)
[2023-02-28T14:41:14.217+0900][767.706s] GC(245) Old regions: 478->480
[2023-02-28T14:41:14.217+0900][767.706s] GC(245) Humongous regions: 32->32
[2023-02-28T14:41:14.217+0900][767.706s] GC(245) Metaspace: 65157K(66944K)->65157K(66944K) NonClass: 57754K(58880K)->57754K(58880K) Class: 7403K(8064K)->7403K(8064K)
[2023-02-28T14:41:14.217+0900][767.706s] GC(245) Pause Young (Normal) (G1 Evacuation Pause) 508M->508M(512M) 1.063ms
[2023-02-28T14:41:14.217+0900][767.706s] GC(245) User=0.00s Sys=0.00s Real=0.00s
[2023-02-28T14:41:14.217+0900][767.706s] GC(246) Using 10 workers of 10 for full compaction
[2023-02-28T14:41:14.217+0900][767.706s] GC(246) Pause Full (G1 Evacuation Pause)
[2023-02-28T14:41:14.217+0900][767.706s] GC(246) Phase 1: Mark live objects
[2023-02-28T14:41:14.258+0900][767.748s] GC(246) Cleaned string and symbol table, strings: 31141 processed, 0 removed, symbols: 195635 processed, 0 removed
[2023-02-28T14:41:14.258+0900][767.748s] GC(246) Phase 1: Mark live objects 41.908ms
[2023-02-28T14:41:14.258+0900][767.748s] GC(246) Phase 2: Prepare for compaction
[2023-02-28T14:41:14.288+0900][767.778s] GC(246) Phase 2: Prepare for compaction 29.773ms
[2023-02-28T14:41:14.288+0900][767.778s] GC(246) Phase 3: Adjust pointers
[2023-02-28T14:41:14.323+0900][767.813s] GC(246) Phase 3: Adjust pointers 34.994ms
[2023-02-28T14:41:14.323+0900][767.813s] GC(246) Phase 4: Compact heap
[2023-02-28T14:41:14.376+0900][767.866s] GC(246) Phase 4: Compact heap 52.370ms
[2023-02-28T14:41:14.389+0900][767.879s] GC(246) Eden regions: 0->0(25)
[2023-02-28T14:41:14.389+0900][767.879s] GC(246) Survivor regions: 0->0(4)
[2023-02-28T14:41:14.389+0900][767.879s] GC(246) Old regions: 480->478
[2023-02-28T14:41:14.389+0900][767.879s] GC(246) Humongous regions: 32->32
[2023-02-28T14:41:14.389+0900][767.879s] GC(246) Metaspace: 65157K(66944K)->65157K(66944K) NonClass: 57754K(58880K)->57754K(58880K) Class: 7403K(8064K)->7403K(8064K)
[2023-02-28T14:41:14.389+0900][767.879s] GC(246) Pause Full (G1 Evacuation Pause) 508M->506M(512M) 172.699ms
[2023-02-28T14:41:14.389+0900][767.879s] GC(246) User=1.53s Sys=0.00s Real=0.17s
[2023-02-28T14:41:14.393+0900][767.882s] GC(247) Pause Young (Concurrent Start) (G1 Evacuation Pause)
[2023-02-28T14:41:14.393+0900][767.882s] GC(247) Using 10 workers of 10 for evacuation
[2023-02-28T14:41:14.394+0900][767.884s] GC(247) To-space exhausted
[2023-02-28T14:41:14.394+0900][767.884s] GC(247)   Pre Evacuate Collection Set: 0.1ms
[2023-02-28T14:41:14.394+0900][767.884s] GC(247)   Evacuate Collection Set: 0.6ms
[2023-02-28T14:41:14.394+0900][767.884s] GC(247)   Post Evacuate Collection Set: 0.5ms
[2023-02-28T14:41:14.394+0900][767.884s] GC(247)   Other: 0.2ms
[2023-02-28T14:41:14.394+0900][767.884s] GC(247) Eden regions: 2->0(25)
[2023-02-28T14:41:14.394+0900][767.884s] GC(247) Survivor regions: 0->0(4)
[2023-02-28T14:41:14.394+0900][767.884s] GC(247) Old regions: 478->480
[2023-02-28T14:41:14.394+0900][767.884s] GC(247) Humongous regions: 32->32
[2023-02-28T14:41:14.394+0900][767.884s] GC(247) Metaspace: 65157K(66944K)->65157K(66944K) NonClass: 57754K(58880K)->57754K(58880K) Class: 7403K(8064K)->7403K(8064K)
[2023-02-28T14:41:14.394+0900][767.884s] GC(247) Pause Young (Concurrent Start) (G1 Evacuation Pause) 508M->508M(512M) 1.619ms
[2023-02-28T14:41:14.394+0900][767.884s] GC(247) User=0.00s Sys=0.00s Real=0.00s
[2023-02-28T14:41:14.394+0900][767.884s] GC(248) Using 10 workers of 10 for full compaction
[2023-02-28T14:41:14.394+0900][767.884s] GC(249) Concurrent Cycle
[2023-02-28T14:41:14.394+0900][767.884s] GC(249) Concurrent Clear Claimed Marks
[2023-02-28T14:41:14.394+0900][767.884s] GC(249) Concurrent Clear Claimed Marks 0.033ms
[2023-02-28T14:41:14.394+0900][767.884s] GC(249) Concurrent Scan Root Regions
[2023-02-28T14:41:14.394+0900][767.884s] GC(248) Pause Full (G1 Evacuation Pause)
[2023-02-28T14:41:14.394+0900][767.884s] GC(249) Concurrent Scan Root Regions 0.020ms
[2023-02-28T14:41:14.394+0900][767.884s] GC(249) Concurrent Mark (767.884s)
[2023-02-28T14:41:14.395+0900][767.884s] GC(249) Concurrent Mark From Roots
[2023-02-28T14:41:14.395+0900][767.884s] GC(249) Using 3 workers of 3 for marking
[2023-02-28T14:41:14.395+0900][767.885s] GC(248) Phase 1: Mark live objects
[2023-02-28T14:41:14.445+0900][767.935s] GC(248) Cleaned string and symbol table, strings: 31141 processed, 0 removed, symbols: 195635 processed, 0 removed
[2023-02-28T14:41:14.445+0900][767.935s] GC(248) Phase 1: Mark live objects 49.884ms
[2023-02-28T14:41:14.445+0900][767.935s] GC(248) Phase 2: Prepare for compaction
[2023-02-28T14:41:14.473+0900][767.963s] GC(248) Phase 2: Prepare for compaction 28.223ms
[2023-02-28T14:41:14.474+0900][767.963s] GC(248) Phase 3: Adjust pointers
[2023-02-28T14:41:14.508+0900][767.997s] GC(248) Phase 3: Adjust pointers 34.330ms
[2023-02-28T14:41:14.508+0900][767.997s] GC(248) Phase 4: Compact heap
[2023-02-28T14:41:14.538+0900][768.027s] GC(248) Phase 4: Compact heap 29.655ms
[2023-02-28T14:41:14.549+0900][768.038s] GC(248) Eden regions: 0->0(25)
[2023-02-28T14:41:14.549+0900][768.038s] GC(248) Survivor regions: 0->0(4)
[2023-02-28T14:41:14.549+0900][768.038s] GC(248) Old regions: 480->479
[2023-02-28T14:41:14.549+0900][768.038s] GC(248) Humongous regions: 32->32
[2023-02-28T14:41:14.549+0900][768.038s] GC(248) Metaspace: 65157K(66944K)->65157K(66944K) NonClass: 57754K(58880K)->57754K(58880K) Class: 7403K(8064K)->7403K(8064K)
[2023-02-28T14:41:14.549+0900][768.038s] GC(248) Pause Full (G1 Evacuation Pause) 508M->506M(512M) 154.151ms
[2023-02-28T14:41:14.549+0900][768.039s] GC(248) User=1.55s Sys=0.00s Real=0.15s
[2023-02-28T14:41:14.549+0900][768.039s] GC(249) Concurrent Mark From Roots 154.257ms
[2023-02-28T14:41:14.549+0900][768.039s] GC(249) Concurrent Mark Abort
[2023-02-28T14:41:14.549+0900][768.039s] GC(249) Concurrent Cycle 154.603ms
[2023-02-28T14:41:14.551+0900][768.040s] GC(250) Pause Young (Normal) (G1 Evacuation Pause)
[2023-02-28T14:41:14.551+0900][768.040s] GC(250) Using 10 workers of 10 for evacuation
[2023-02-28T14:41:14.552+0900][768.041s] GC(250) To-space exhausted
[2023-02-28T14:41:14.552+0900][768.041s] GC(250)   Pre Evacuate Collection Set: 0.0ms
[2023-02-28T14:41:14.552+0900][768.041s] GC(250)   Evacuate Collection Set: 0.2ms
[2023-02-28T14:41:14.552+0900][768.041s] GC(250)   Post Evacuate Collection Set: 0.4ms
[2023-02-28T14:41:14.552+0900][768.041s] GC(250)   Other: 0.1ms
[2023-02-28T14:41:14.552+0900][768.041s] GC(250) Eden regions: 1->0(25)
[2023-02-28T14:41:14.552+0900][768.041s] GC(250) Survivor regions: 0->0(4)
[2023-02-28T14:41:14.552+0900][768.041s] GC(250) Old regions: 479->480
[2023-02-28T14:41:14.552+0900][768.041s] GC(250) Humongous regions: 32->32
[2023-02-28T14:41:14.552+0900][768.041s] GC(250) Metaspace: 65157K(66944K)->65157K(66944K) NonClass: 57754K(58880K)->57754K(58880K) Class: 7403K(8064K)->7403K(8064K)
[2023-02-28T14:41:14.552+0900][768.041s] GC(250) Pause Young (Normal) (G1 Evacuation Pause) 507M->507M(512M) 0.967ms
[2023-02-28T14:41:14.552+0900][768.041s] GC(250) User=0.00s Sys=0.00s Real=0.00s
[2023-02-28T14:41:14.552+0900][768.041s] GC(251) Using 10 workers of 10 for full compaction
[2023-02-28T14:41:14.552+0900][768.041s] GC(251) Pause Full (G1 Evacuation Pause)
[2023-02-28T14:41:14.552+0900][768.042s] GC(251) Phase 1: Mark live objects
[2023-02-28T14:41:14.597+0900][768.086s] GC(251) Cleaned string and symbol table, strings: 31141 processed, 0 removed, symbols: 195635 processed, 0 removed
[2023-02-28T14:41:14.597+0900][768.086s] GC(251) Phase 1: Mark live objects 44.705ms
[2023-02-28T14:41:14.597+0900][768.086s] GC(251) Phase 2: Prepare for compaction
[2023-02-28T14:41:14.628+0900][768.118s] GC(251) Phase 2: Prepare for compaction 32.059ms
[2023-02-28T14:41:14.628+0900][768.118s] GC(251) Phase 3: Adjust pointers
[2023-02-28T14:41:14.662+0900][768.152s] GC(251) Phase 3: Adjust pointers 33.724ms
[2023-02-28T14:41:14.662+0900][768.152s] GC(251) Phase 4: Compact heap
[2023-02-28T14:41:14.692+0900][768.182s] GC(251) Phase 4: Compact heap 30.083ms
[2023-02-28T14:41:14.703+0900][768.193s] GC(251) Eden regions: 0->0(25)
[2023-02-28T14:41:14.703+0900][768.193s] GC(251) Survivor regions: 0->0(4)
[2023-02-28T14:41:14.703+0900][768.193s] GC(251) Old regions: 480->478
[2023-02-28T14:41:14.703+0900][768.193s] GC(251) Humongous regions: 32->32
[2023-02-28T14:41:14.704+0900][768.193s] GC(251) Metaspace: 65157K(66944K)->65157K(66944K) NonClass: 57754K(58880K)->57754K(58880K) Class: 7403K(8064K)->7403K(8064K)
[2023-02-28T14:41:14.704+0900][768.193s] GC(251) Pause Full (G1 Evacuation Pause) 507M->506M(512M) 152.179ms
[2023-02-28T14:41:14.704+0900][768.194s] GC(251) User=1.42s Sys=0.00s Real=0.15s
[2023-02-28T14:41:14.707+0900][768.197s] GC(252) Pause Young (Concurrent Start) (G1 Evacuation Pause)
[2023-02-28T14:41:14.707+0900][768.197s] GC(252) Using 10 workers of 10 for evacuation
[2023-02-28T14:41:14.708+0900][768.198s] GC(252) To-space exhausted
[2023-02-28T14:41:14.708+0900][768.198s] GC(252)   Pre Evacuate Collection Set: 0.1ms
[2023-02-28T14:41:14.708+0900][768.198s] GC(252)   Evacuate Collection Set: 0.5ms
[2023-02-28T14:41:14.708+0900][768.198s] GC(252)   Post Evacuate Collection Set: 0.5ms
[2023-02-28T14:41:14.708+0900][768.198s] GC(252)   Other: 0.2ms
[2023-02-28T14:41:14.708+0900][768.198s] GC(252) Eden regions: 2->0(25)
[2023-02-28T14:41:14.708+0900][768.198s] GC(252) Survivor regions: 0->0(4)
[2023-02-28T14:41:14.708+0900][768.198s] GC(252) Old regions: 478->480
[2023-02-28T14:41:14.708+0900][768.198s] GC(252) Humongous regions: 32->32
[2023-02-28T14:41:14.708+0900][768.198s] GC(252) Metaspace: 65157K(66944K)->65157K(66944K) NonClass: 57754K(58880K)->57754K(58880K) Class: 7403K(8064K)->7403K(8064K)
[2023-02-28T14:41:14.708+0900][768.198s] GC(252) Pause Young (Concurrent Start) (G1 Evacuation Pause) 508M->508M(512M) 1.352ms
[2023-02-28T14:41:14.708+0900][768.198s] GC(252) User=0.00s Sys=0.00s Real=0.00s
[2023-02-28T14:41:14.708+0900][768.198s] GC(253) Using 10 workers of 10 for full compaction
[2023-02-28T14:41:14.708+0900][768.198s] GC(254) Concurrent Cycle
[2023-02-28T14:41:14.708+0900][768.198s] GC(254) Concurrent Clear Claimed Marks
[2023-02-28T14:41:14.708+0900][768.198s] GC(254) Concurrent Clear Claimed Marks 0.033ms
[2023-02-28T14:41:14.708+0900][768.198s] GC(253) Pause Full (G1 Evacuation Pause)
[2023-02-28T14:41:14.708+0900][768.198s] GC(254) Concurrent Scan Root Regions
[2023-02-28T14:41:14.708+0900][768.198s] GC(254) Concurrent Scan Root Regions 0.045ms
[2023-02-28T14:41:14.708+0900][768.198s] GC(254) Concurrent Mark (768.198s)
[2023-02-28T14:41:14.708+0900][768.198s] GC(254) Concurrent Mark From Roots
[2023-02-28T14:41:14.709+0900][768.198s] GC(254) Using 3 workers of 3 for marking
[2023-02-28T14:41:14.709+0900][768.199s] GC(253) Phase 1: Mark live objects
[2023-02-28T14:41:14.755+0900][768.244s] GC(253) Cleaned string and symbol table, strings: 31141 processed, 0 removed, symbols: 195635 processed, 0 removed
[2023-02-28T14:41:14.755+0900][768.244s] GC(253) Phase 1: Mark live objects 45.606ms
[2023-02-28T14:41:14.755+0900][768.244s] GC(253) Phase 2: Prepare for compaction
[2023-02-28T14:41:14.782+0900][768.272s] GC(253) Phase 2: Prepare for compaction 27.746ms
[2023-02-28T14:41:14.783+0900][768.273s] GC(253) Phase 3: Adjust pointers
[2023-02-28T14:41:14.817+0900][768.307s] GC(253) Phase 3: Adjust pointers 34.159ms
[2023-02-28T14:41:14.817+0900][768.307s] GC(253) Phase 4: Compact heap
[2023-02-28T14:41:14.848+0900][768.337s] GC(253) Phase 4: Compact heap 30.401ms
[2023-02-28T14:41:14.858+0900][768.348s] GC(253) Eden regions: 0->0(25)
[2023-02-28T14:41:14.858+0900][768.348s] GC(253) Survivor regions: 0->0(4)
[2023-02-28T14:41:14.858+0900][768.348s] GC(253) Old regions: 480->479
[2023-02-28T14:41:14.858+0900][768.348s] GC(253) Humongous regions: 32->32
[2023-02-28T14:41:14.858+0900][768.348s] GC(253) Metaspace: 65157K(66944K)->65157K(66944K) NonClass: 57754K(58880K)->57754K(58880K) Class: 7403K(8064K)->7403K(8064K)
[2023-02-28T14:41:14.858+0900][768.348s] GC(253) Pause Full (G1 Evacuation Pause) 508M->507M(512M) 149.631ms
[2023-02-28T14:41:14.859+0900][768.348s] GC(253) User=1.42s Sys=0.00s Real=0.15s
[2023-02-28T14:41:14.859+0900][768.348s] GC(254) Concurrent Mark From Roots 149.798ms
[2023-02-28T14:41:14.859+0900][768.348s] GC(254) Concurrent Mark Abort
[2023-02-28T14:41:14.859+0900][768.348s] GC(254) Concurrent Cycle 150.079ms
[2023-02-28T14:41:14.861+0900][768.351s] GC(255) Pause Young (Normal) (G1 Evacuation Pause)
[2023-02-28T14:41:14.861+0900][768.351s] GC(255) Using 10 workers of 10 for evacuation
[2023-02-28T14:41:14.862+0900][768.351s] GC(255) To-space exhausted
[2023-02-28T14:41:14.862+0900][768.351s] GC(255)   Pre Evacuate Collection Set: 0.0ms
[2023-02-28T14:41:14.862+0900][768.351s] GC(255)   Evacuate Collection Set: 0.2ms
[2023-02-28T14:41:14.862+0900][768.351s] GC(255)   Post Evacuate Collection Set: 0.4ms
[2023-02-28T14:41:14.862+0900][768.351s] GC(255)   Other: 0.1ms
[2023-02-28T14:41:14.862+0900][768.351s] GC(255) Eden regions: 1->0(25)
[2023-02-28T14:41:14.862+0900][768.351s] GC(255) Survivor regions: 0->0(4)
[2023-02-28T14:41:14.862+0900][768.351s] GC(255) Old regions: 479->480
[2023-02-28T14:41:14.862+0900][768.351s] GC(255) Humongous regions: 32->32
[2023-02-28T14:41:14.862+0900][768.352s] GC(255) Metaspace: 65157K(66944K)->65157K(66944K) NonClass: 57754K(58880K)->57754K(58880K) Class: 7403K(8064K)->7403K(8064K)
[2023-02-28T14:41:14.862+0900][768.352s] GC(255) Pause Young (Normal) (G1 Evacuation Pause) 508M->508M(512M) 1.030ms
[2023-02-28T14:41:14.862+0900][768.352s] GC(255) User=0.00s Sys=0.00s Real=0.00s
[2023-02-28T14:41:14.862+0900][768.352s] GC(256) Using 10 workers of 10 for full compaction
[2023-02-28T14:41:14.862+0900][768.352s] GC(256) Pause Full (G1 Evacuation Pause)
[2023-02-28T14:41:14.862+0900][768.352s] GC(256) Phase 1: Mark live objects
[2023-02-28T14:41:14.907+0900][768.397s] GC(256) Cleaned string and symbol table, strings: 31141 processed, 0 removed, symbols: 195635 processed, 0 removed
[2023-02-28T14:41:14.908+0900][768.397s] GC(256) Phase 1: Mark live objects 45.051ms
[2023-02-28T14:41:14.908+0900][768.397s] GC(256) Phase 2: Prepare for compaction
[2023-02-28T14:41:14.935+0900][768.425s] GC(256) Phase 2: Prepare for compaction 27.672ms
[2023-02-28T14:41:14.935+0900][768.425s] GC(256) Phase 3: Adjust pointers
[2023-02-28T14:41:14.970+0900][768.459s] GC(256) Phase 3: Adjust pointers 34.260ms
[2023-02-28T14:41:14.970+0900][768.459s] GC(256) Phase 4: Compact heap
[2023-02-28T14:41:15.000+0900][768.490s] GC(256) Phase 4: Compact heap 31.098ms
[2023-02-28T14:41:15.011+0900][768.501s] GC(256) Eden regions: 0->0(25)
[2023-02-28T14:41:15.011+0900][768.501s] GC(256) Survivor regions: 0->0(4)
[2023-02-28T14:41:15.011+0900][768.501s] GC(256) Old regions: 480->478
[2023-02-28T14:41:15.011+0900][768.501s] GC(256) Humongous regions: 32->32
[2023-02-28T14:41:15.011+0900][768.501s] GC(256) Metaspace: 65157K(66944K)->65157K(66944K) NonClass: 57754K(58880K)->57754K(58880K) Class: 7403K(8064K)->7403K(8064K)
[2023-02-28T14:41:15.011+0900][768.501s] GC(256) Pause Full (G1 Evacuation Pause) 508M->507M(512M) 149.602ms
[2023-02-28T14:41:15.011+0900][768.502s] GC(256) User=1.41s Sys=0.00s Real=0.15s
[2023-02-28T14:41:15.015+0900][768.505s] GC(257) Pause Young (Concurrent Start) (G1 Evacuation Pause)
[2023-02-28T14:41:15.015+0900][768.505s] GC(257) Using 10 workers of 10 for evacuation
[2023-02-28T14:41:15.016+0900][768.506s] GC(257) To-space exhausted
[2023-02-28T14:41:15.016+0900][768.506s] GC(257)   Pre Evacuate Collection Set: 0.1ms
[2023-02-28T14:41:15.016+0900][768.506s] GC(257)   Evacuate Collection Set: 0.6ms
[2023-02-28T14:41:15.016+0900][768.506s] GC(257)   Post Evacuate Collection Set: 0.5ms
[2023-02-28T14:41:15.016+0900][768.506s] GC(257)   Other: 0.2ms
[2023-02-28T14:41:15.016+0900][768.506s] GC(257) Eden regions: 2->0(25)
[2023-02-28T14:41:15.016+0900][768.506s] GC(257) Survivor regions: 0->0(4)
[2023-02-28T14:41:15.016+0900][768.506s] GC(257) Old regions: 478->480
[2023-02-28T14:41:15.016+0900][768.506s] GC(257) Humongous regions: 32->32
[2023-02-28T14:41:15.016+0900][768.506s] GC(257) Metaspace: 65157K(66944K)->65157K(66944K) NonClass: 57754K(58880K)->57754K(58880K) Class: 7403K(8064K)->7403K(8064K)
[2023-02-28T14:41:15.016+0900][768.506s] GC(257) Pause Young (Concurrent Start) (G1 Evacuation Pause) 509M->509M(512M) 1.523ms
[2023-02-28T14:41:15.016+0900][768.506s] GC(257) User=0.00s Sys=0.00s Real=0.00s
[2023-02-28T14:41:15.016+0900][768.506s] GC(259) Concurrent Cycle
[2023-02-28T14:41:15.016+0900][768.506s] GC(258) Using 10 workers of 10 for full compaction
[2023-02-28T14:41:15.016+0900][768.506s] GC(259) Concurrent Clear Claimed Marks
[2023-02-28T14:41:15.016+0900][768.506s] GC(259) Concurrent Clear Claimed Marks 0.070ms
[2023-02-28T14:41:15.016+0900][768.506s] GC(259) Concurrent Scan Root Regions
[2023-02-28T14:41:15.016+0900][768.506s] GC(258) Pause Full (G1 Evacuation Pause)
[2023-02-28T14:41:15.016+0900][768.506s] GC(259) Concurrent Scan Root Regions 0.024ms
[2023-02-28T14:41:15.016+0900][768.507s] GC(259) Concurrent Mark (768.507s)
[2023-02-28T14:41:15.016+0900][768.507s] GC(259) Concurrent Mark From Roots
[2023-02-28T14:41:15.017+0900][768.507s] GC(259) Using 3 workers of 3 for marking
[2023-02-28T14:41:15.017+0900][768.507s] GC(258) Phase 1: Mark live objects
[2023-02-28T14:41:15.063+0900][768.553s] GC(258) Cleaned string and symbol table, strings: 31141 processed, 0 removed, symbols: 195635 processed, 0 removed
[2023-02-28T14:41:15.063+0900][768.553s] GC(258) Phase 1: Mark live objects 45.848ms
[2023-02-28T14:41:15.063+0900][768.553s] GC(258) Phase 2: Prepare for compaction
[2023-02-28T14:41:15.095+0900][768.585s] GC(258) Phase 2: Prepare for compaction 31.905ms
[2023-02-28T14:41:15.095+0900][768.585s] GC(258) Phase 3: Adjust pointers
[2023-02-28T14:41:15.130+0900][768.620s] GC(258) Phase 3: Adjust pointers 34.771ms
[2023-02-28T14:41:15.130+0900][768.620s] GC(258) Phase 4: Compact heap
[2023-02-28T14:41:15.159+0900][768.649s] GC(258) Phase 4: Compact heap 29.061ms
[2023-02-28T14:41:15.170+0900][768.660s] GC(258) Eden regions: 0->0(25)
[2023-02-28T14:41:15.170+0900][768.660s] GC(258) Survivor regions: 0->0(4)
[2023-02-28T14:41:15.170+0900][768.660s] GC(258) Old regions: 480->476
[2023-02-28T14:41:15.170+0900][768.660s] GC(258) Humongous regions: 32->32
[2023-02-28T14:41:15.170+0900][768.660s] GC(258) Metaspace: 65157K(66944K)->65157K(66944K) NonClass: 57754K(58880K)->57754K(58880K) Class: 7403K(8064K)->7403K(8064K)
[2023-02-28T14:41:15.170+0900][768.660s] GC(258) Pause Full (G1 Evacuation Pause) 509M->507M(512M) 153.613ms
[2023-02-28T14:41:15.171+0900][768.660s] GC(258) User=1.28s Sys=0.00s Real=0.15s
[2023-02-28T14:41:15.171+0900][768.660s] GC(259) Concurrent Mark From Roots 153.770ms
[2023-02-28T14:41:15.171+0900][768.660s] GC(259) Concurrent Mark Abort
[2023-02-28T14:41:15.171+0900][768.660s] GC(259) Concurrent Cycle 154.101ms
[2023-02-28T14:41:15.177+0900][768.667s] GC(260) Pause Young (Normal) (G1 Evacuation Pause)
[2023-02-28T14:41:15.177+0900][768.667s] GC(260) Using 10 workers of 10 for evacuation
[2023-02-28T14:41:15.178+0900][768.668s] GC(260) To-space exhausted
[2023-02-28T14:41:15.178+0900][768.668s] GC(260)   Pre Evacuate Collection Set: 0.0ms
[2023-02-28T14:41:15.178+0900][768.668s] GC(260)   Evacuate Collection Set: 0.5ms
[2023-02-28T14:41:15.178+0900][768.668s] GC(260)   Post Evacuate Collection Set: 0.5ms
[2023-02-28T14:41:15.178+0900][768.668s] GC(260)   Other: 0.2ms
[2023-02-28T14:41:15.178+0900][768.668s] GC(260) Eden regions: 4->0(25)
[2023-02-28T14:41:15.178+0900][768.668s] GC(260) Survivor regions: 0->0(4)
[2023-02-28T14:41:15.178+0900][768.668s] GC(260) Old regions: 476->480
[2023-02-28T14:41:15.178+0900][768.668s] GC(260) Humongous regions: 32->32
[2023-02-28T14:41:15.178+0900][768.668s] GC(260) Metaspace: 65157K(66944K)->65157K(66944K) NonClass: 57754K(58880K)->57754K(58880K) Class: 7403K(8064K)->7403K(8064K)
[2023-02-28T14:41:15.178+0900][768.668s] GC(260) Pause Young (Normal) (G1 Evacuation Pause) 511M->511M(512M) 1.337ms
[2023-02-28T14:41:15.178+0900][768.668s] GC(260) User=0.00s Sys=0.00s Real=0.00s
[2023-02-28T14:41:15.178+0900][768.668s] GC(261) Using 10 workers of 10 for full compaction
[2023-02-28T14:41:15.178+0900][768.668s] GC(261) Pause Full (G1 Evacuation Pause)
[2023-02-28T14:41:15.179+0900][768.668s] GC(261) Phase 1: Mark live objects
[2023-02-28T14:41:15.224+0900][768.713s] GC(261) Cleaned string and symbol table, strings: 31141 processed, 0 removed, symbols: 195635 processed, 0 removed
[2023-02-28T14:41:15.224+0900][768.713s] GC(261) Phase 1: Mark live objects 44.938ms
[2023-02-28T14:41:15.224+0900][768.713s] GC(261) Phase 2: Prepare for compaction
[2023-02-28T14:41:15.251+0900][768.740s] GC(261) Phase 2: Prepare for compaction 27.063ms
[2023-02-28T14:41:15.251+0900][768.740s] GC(261) Phase 3: Adjust pointers
[2023-02-28T14:41:15.284+0900][768.774s] GC(261) Phase 3: Adjust pointers 33.388ms
[2023-02-28T14:41:15.285+0900][768.774s] GC(261) Phase 4: Compact heap
[2023-02-28T14:41:15.312+0900][768.801s] GC(261) Phase 4: Compact heap 27.039ms
[2023-02-28T14:41:15.323+0900][768.812s] GC(261) Eden regions: 0->0(25)
[2023-02-28T14:41:15.323+0900][768.812s] GC(261) Survivor regions: 0->0(4)
[2023-02-28T14:41:15.323+0900][768.812s] GC(261) Old regions: 480->479
[2023-02-28T14:41:15.323+0900][768.812s] GC(261) Humongous regions: 32->32
[2023-02-28T14:41:15.323+0900][768.812s] GC(261) Metaspace: 65157K(66944K)->65157K(66944K) NonClass: 57754K(58880K)->57754K(58880K) Class: 7403K(8064K)->7403K(8064K)
[2023-02-28T14:41:15.323+0900][768.812s] GC(261) Pause Full (G1 Evacuation Pause) 511M->508M(512M) 144.295ms
[2023-02-28T14:41:15.323+0900][768.813s] GC(261) User=1.39s Sys=0.00s Real=0.14s
[2023-02-28T14:41:15.325+0900][768.814s] GC(262) Pause Young (Concurrent Start) (G1 Evacuation Pause)
[2023-02-28T14:41:15.325+0900][768.814s] GC(262) Using 10 workers of 10 for evacuation
[2023-02-28T14:41:15.326+0900][768.815s] GC(262) To-space exhausted
[2023-02-28T14:41:15.326+0900][768.815s] GC(262)   Pre Evacuate Collection Set: 0.1ms
[2023-02-28T14:41:15.326+0900][768.815s] GC(262)   Evacuate Collection Set: 0.4ms
[2023-02-28T14:41:15.326+0900][768.815s] GC(262)   Post Evacuate Collection Set: 0.4ms
[2023-02-28T14:41:15.326+0900][768.815s] GC(262)   Other: 0.1ms
[2023-02-28T14:41:15.326+0900][768.815s] GC(262) Eden regions: 1->0(25)
[2023-02-28T14:41:15.326+0900][768.815s] GC(262) Survivor regions: 0->0(4)
[2023-02-28T14:41:15.326+0900][768.815s] GC(262) Old regions: 479->480
[2023-02-28T14:41:15.326+0900][768.815s] GC(262) Humongous regions: 32->32
[2023-02-28T14:41:15.326+0900][768.815s] GC(262) Metaspace: 65157K(66944K)->65157K(66944K) NonClass: 57754K(58880K)->57754K(58880K) Class: 7403K(8064K)->7403K(8064K)
[2023-02-28T14:41:15.326+0900][768.816s] GC(262) Pause Young (Concurrent Start) (G1 Evacuation Pause) 509M->509M(512M) 1.262ms
[2023-02-28T14:41:15.326+0900][768.816s] GC(262) User=0.00s Sys=0.00s Real=0.00s
[2023-02-28T14:41:15.326+0900][768.816s] GC(263) Using 10 workers of 10 for full compaction
[2023-02-28T14:41:15.326+0900][768.816s] GC(264) Concurrent Cycle
[2023-02-28T14:41:15.326+0900][768.816s] GC(264) Concurrent Clear Claimed Marks
[2023-02-28T14:41:15.326+0900][768.816s] GC(264) Concurrent Clear Claimed Marks 0.033ms
[2023-02-28T14:41:15.326+0900][768.816s] GC(263) Pause Full (G1 Evacuation Pause)
[2023-02-28T14:41:15.326+0900][768.816s] GC(264) Concurrent Scan Root Regions
[2023-02-28T14:41:15.326+0900][768.816s] GC(264) Concurrent Scan Root Regions 0.056ms
[2023-02-28T14:41:15.327+0900][768.816s] GC(264) Concurrent Mark (768.816s)
[2023-02-28T14:41:15.327+0900][768.816s] GC(264) Concurrent Mark From Roots
[2023-02-28T14:41:15.327+0900][768.816s] GC(264) Using 3 workers of 3 for marking
[2023-02-28T14:41:15.327+0900][768.816s] GC(263) Phase 1: Mark live objects
[2023-02-28T14:41:15.371+0900][768.861s] GC(263) Cleaned string and symbol table, strings: 31141 processed, 0 removed, symbols: 195635 processed, 0 removed
[2023-02-28T14:41:15.371+0900][768.861s] GC(263) Phase 1: Mark live objects 44.240ms
[2023-02-28T14:41:15.371+0900][768.861s] GC(263) Phase 2: Prepare for compaction
[2023-02-28T14:41:15.398+0900][768.888s] GC(263) Phase 2: Prepare for compaction 27.699ms
[2023-02-28T14:41:15.398+0900][768.888s] GC(263) Phase 3: Adjust pointers
[2023-02-28T14:41:15.432+0900][768.922s] GC(263) Phase 3: Adjust pointers 33.659ms
[2023-02-28T14:41:15.432+0900][768.922s] GC(263) Phase 4: Compact heap
[2023-02-28T14:41:15.459+0900][768.949s] GC(263) Phase 4: Compact heap 26.524ms
[2023-02-28T14:41:15.471+0900][768.960s] GC(263) Eden regions: 0->0(25)
[2023-02-28T14:41:15.471+0900][768.961s] GC(263) Survivor regions: 0->0(4)
[2023-02-28T14:41:15.471+0900][768.961s] GC(263) Old regions: 480->478
[2023-02-28T14:41:15.471+0900][768.961s] GC(263) Humongous regions: 32->32
[2023-02-28T14:41:15.471+0900][768.961s] GC(263) Metaspace: 65157K(66944K)->65157K(66944K) NonClass: 57754K(58880K)->57754K(58880K) Class: 7403K(8064K)->7403K(8064K)
[2023-02-28T14:41:15.471+0900][768.961s] GC(263) Pause Full (G1 Evacuation Pause) 509M->508M(512M) 145.002ms
[2023-02-28T14:41:15.471+0900][768.961s] GC(263) User=1.39s Sys=0.00s Real=0.14s
[2023-02-28T14:41:15.471+0900][768.961s] GC(264) Concurrent Mark From Roots 145.165ms
[2023-02-28T14:41:15.471+0900][768.961s] GC(264) Concurrent Mark Abort
[2023-02-28T14:41:15.471+0900][768.961s] GC(264) Concurrent Cycle 145.513ms
[2023-02-28T14:41:15.477+0900][768.967s] GC(265) Pause Young (Normal) (G1 Evacuation Pause)
[2023-02-28T14:41:15.477+0900][768.967s] GC(265) Using 10 workers of 10 for evacuation
[2023-02-28T14:41:15.479+0900][768.969s] GC(265) To-space exhausted
[2023-02-28T14:41:15.479+0900][768.969s] GC(265)   Pre Evacuate Collection Set: 0.0ms
[2023-02-28T14:41:15.480+0900][768.969s] GC(265)   Evacuate Collection Set: 0.4ms
[2023-02-28T14:41:15.480+0900][768.969s] GC(265)   Post Evacuate Collection Set: 1.1ms
[2023-02-28T14:41:15.480+0900][768.969s] GC(265)   Other: 0.7ms
[2023-02-28T14:41:15.480+0900][768.970s] GC(265) Eden regions: 2->0(25)
[2023-02-28T14:41:15.480+0900][768.970s] GC(265) Survivor regions: 0->0(4)
[2023-02-28T14:41:15.480+0900][768.970s] GC(265) Old regions: 478->480
[2023-02-28T14:41:15.480+0900][768.970s] GC(265) Humongous regions: 32->32
[2023-02-28T14:41:15.480+0900][768.970s] GC(265) Metaspace: 65157K(66944K)->65157K(66944K) NonClass: 57754K(58880K)->57754K(58880K) Class: 7403K(8064K)->7403K(8064K)
[2023-02-28T14:41:15.480+0900][768.970s] GC(265) Pause Young (Normal) (G1 Evacuation Pause) 510M->510M(512M) 2.493ms
[2023-02-28T14:41:15.480+0900][768.970s] GC(265) User=0.00s Sys=0.00s Real=0.00s
[2023-02-28T14:41:15.480+0900][768.970s] GC(266) Using 10 workers of 10 for full compaction
[2023-02-28T14:41:15.480+0900][768.970s] GC(266) Pause Full (G1 Evacuation Pause)
[2023-02-28T14:41:15.481+0900][768.971s] GC(266) Phase 1: Mark live objects
[2023-02-28T14:41:15.543+0900][769.032s] GC(266) Cleaned string and symbol table, strings: 31141 processed, 0 removed, symbols: 195635 processed, 0 removed
[2023-02-28T14:41:15.543+0900][769.032s] GC(266) Phase 1: Mark live objects 61.703ms
[2023-02-28T14:41:15.543+0900][769.032s] GC(266) Phase 2: Prepare for compaction
[2023-02-28T14:41:15.571+0900][769.060s] GC(266) Phase 2: Prepare for compaction 27.802ms
[2023-02-28T14:41:15.571+0900][769.060s] GC(266) Phase 3: Adjust pointers
[2023-02-28T14:41:15.611+0900][769.100s] GC(266) Phase 3: Adjust pointers 39.751ms
[2023-02-28T14:41:15.611+0900][769.100s] GC(266) Phase 4: Compact heap
[2023-02-28T14:41:15.638+0900][769.128s] GC(266) Phase 4: Compact heap 27.677ms
[2023-02-28T14:41:15.650+0900][769.139s] GC(266) Eden regions: 0->0(25)
[2023-02-28T14:41:15.650+0900][769.139s] GC(266) Survivor regions: 0->0(4)
[2023-02-28T14:41:15.650+0900][769.139s] GC(266) Old regions: 480->478
[2023-02-28T14:41:15.650+0900][769.139s] GC(266) Humongous regions: 32->32
[2023-02-28T14:41:15.650+0900][769.139s] GC(266) Metaspace: 65157K(66944K)->65157K(66944K) NonClass: 57754K(58880K)->57754K(58880K) Class: 7403K(8064K)->7403K(8064K)
[2023-02-28T14:41:15.650+0900][769.139s] GC(266) Pause Full (G1 Evacuation Pause) 510M->508M(512M) 169.260ms
[2023-02-28T14:41:15.650+0900][769.139s] GC(266) User=1.48s Sys=0.02s Real=0.17s
[2023-02-28T14:41:15.653+0900][769.142s] GC(267) Pause Young (Concurrent Start) (G1 Evacuation Pause)
[2023-02-28T14:41:15.653+0900][769.142s] GC(267) Using 10 workers of 10 for evacuation
[2023-02-28T14:41:15.654+0900][769.143s] GC(267) To-space exhausted
[2023-02-28T14:41:15.654+0900][769.143s] GC(267)   Pre Evacuate Collection Set: 0.1ms
[2023-02-28T14:41:15.654+0900][769.143s] GC(267)   Evacuate Collection Set: 0.5ms
[2023-02-28T14:41:15.654+0900][769.143s] GC(267)   Post Evacuate Collection Set: 0.4ms
[2023-02-28T14:41:15.654+0900][769.143s] GC(267)   Other: 0.2ms
[2023-02-28T14:41:15.654+0900][769.143s] GC(267) Eden regions: 2->0(25)
[2023-02-28T14:41:15.654+0900][769.143s] GC(267) Survivor regions: 0->0(4)
[2023-02-28T14:41:15.654+0900][769.144s] GC(267) Old regions: 478->480
[2023-02-28T14:41:15.654+0900][769.144s] GC(267) Humongous regions: 32->32
[2023-02-28T14:41:15.654+0900][769.144s] GC(267) Metaspace: 65157K(66944K)->65157K(66944K) NonClass: 57754K(58880K)->57754K(58880K) Class: 7403K(8064K)->7403K(8064K)
[2023-02-28T14:41:15.654+0900][769.144s] GC(267) Pause Young (Concurrent Start) (G1 Evacuation Pause) 510M->510M(512M) 1.318ms
[2023-02-28T14:41:15.654+0900][769.144s] GC(267) User=0.00s Sys=0.00s Real=0.00s
[2023-02-28T14:41:15.654+0900][769.144s] GC(268) Using 10 workers of 10 for full compaction
[2023-02-28T14:41:15.654+0900][769.144s] GC(269) Concurrent Cycle
[2023-02-28T14:41:15.654+0900][769.144s] GC(269) Concurrent Clear Claimed Marks
[2023-02-28T14:41:15.654+0900][769.144s] GC(269) Concurrent Clear Claimed Marks 0.033ms
[2023-02-28T14:41:15.654+0900][769.144s] GC(268) Pause Full (G1 Evacuation Pause)
[2023-02-28T14:41:15.654+0900][769.144s] GC(269) Concurrent Scan Root Regions
[2023-02-28T14:41:15.654+0900][769.144s] GC(269) Concurrent Scan Root Regions 0.055ms
[2023-02-28T14:41:15.654+0900][769.144s] GC(269) Concurrent Mark (769.144s)
[2023-02-28T14:41:15.654+0900][769.144s] GC(269) Concurrent Mark From Roots
[2023-02-28T14:41:15.655+0900][769.144s] GC(269) Using 3 workers of 3 for marking
[2023-02-28T14:41:15.655+0900][769.144s] GC(268) Phase 1: Mark live objects
[2023-02-28T14:41:15.701+0900][769.190s] GC(268) Cleaned string and symbol table, strings: 31141 processed, 0 removed, symbols: 195635 processed, 0 removed
[2023-02-28T14:41:15.701+0900][769.190s] GC(268) Phase 1: Mark live objects 46.203ms
[2023-02-28T14:41:15.701+0900][769.190s] GC(268) Phase 2: Prepare for compaction
[2023-02-28T14:41:15.730+0900][769.219s] GC(268) Phase 2: Prepare for compaction 28.725ms
[2023-02-28T14:41:15.730+0900][769.219s] GC(268) Phase 3: Adjust pointers
[2023-02-28T14:41:15.763+0900][769.253s] GC(268) Phase 3: Adjust pointers 33.717ms
[2023-02-28T14:41:15.763+0900][769.253s] GC(268) Phase 4: Compact heap
[2023-02-28T14:41:15.794+0900][769.284s] GC(268) Phase 4: Compact heap 31.418ms
[2023-02-28T14:41:15.806+0900][769.296s] GC(268) Eden regions: 0->0(25)
[2023-02-28T14:41:15.806+0900][769.296s] GC(268) Survivor regions: 0->0(4)
[2023-02-28T14:41:15.806+0900][769.296s] GC(268) Old regions: 480->477
[2023-02-28T14:41:15.806+0900][769.296s] GC(268) Humongous regions: 32->32
[2023-02-28T14:41:15.806+0900][769.296s] GC(268) Metaspace: 65157K(66944K)->65157K(66944K) NonClass: 57754K(58880K)->57754K(58880K) Class: 7403K(8064K)->7403K(8064K)
[2023-02-28T14:41:15.806+0900][769.296s] GC(268) Pause Full (G1 Evacuation Pause) 510M->508M(512M) 152.490ms
[2023-02-28T14:41:15.806+0900][769.296s] GC(268) User=1.36s Sys=0.00s Real=0.15s
[2023-02-28T14:41:15.807+0900][769.297s] GC(269) Concurrent Mark From Roots 152.630ms
[2023-02-28T14:41:15.807+0900][769.297s] GC(269) Concurrent Mark Abort
[2023-02-28T14:41:15.807+0900][769.297s] GC(269) Concurrent Cycle 152.952ms
[2023-02-28T14:41:15.823+0900][769.313s] GC(270) Pause Young (Normal) (G1 Evacuation Pause)
[2023-02-28T14:41:15.823+0900][769.313s] GC(270) Using 10 workers of 10 for evacuation
[2023-02-28T14:41:15.824+0900][769.314s] GC(270) To-space exhausted
[2023-02-28T14:41:15.824+0900][769.314s] GC(270)   Pre Evacuate Collection Set: 0.0ms
[2023-02-28T14:41:15.824+0900][769.314s] GC(270)   Evacuate Collection Set: 0.2ms
[2023-02-28T14:41:15.824+0900][769.314s] GC(270)   Post Evacuate Collection Set: 0.4ms
[2023-02-28T14:41:15.824+0900][769.314s] GC(270)   Other: 0.2ms
[2023-02-28T14:41:15.824+0900][769.314s] GC(270) Eden regions: 3->0(25)
[2023-02-28T14:41:15.824+0900][769.314s] GC(270) Survivor regions: 0->0(4)
[2023-02-28T14:41:15.824+0900][769.314s] GC(270) Old regions: 477->480
[2023-02-28T14:41:15.824+0900][769.314s] GC(270) Humongous regions: 32->32
[2023-02-28T14:41:15.824+0900][769.314s] GC(270) Metaspace: 65157K(66944K)->65157K(66944K) NonClass: 57754K(58880K)->57754K(58880K) Class: 7403K(8064K)->7403K(8064K)
[2023-02-28T14:41:15.824+0900][769.314s] GC(270) Pause Young (Normal) (G1 Evacuation Pause) 511M->511M(512M) 0.952ms
[2023-02-28T14:41:15.824+0900][769.314s] GC(270) User=0.00s Sys=0.00s Real=0.00s
[2023-02-28T14:41:15.824+0900][769.314s] GC(271) Using 10 workers of 10 for full compaction
[2023-02-28T14:41:15.825+0900][769.314s] GC(271) Pause Full (G1 Evacuation Pause)
[2023-02-28T14:41:15.825+0900][769.315s] GC(271) Phase 1: Mark live objects
[2023-02-28T14:41:15.869+0900][769.359s] GC(271) Cleaned string and symbol table, strings: 31141 processed, 0 removed, symbols: 195635 processed, 0 removed
[2023-02-28T14:41:15.870+0900][769.359s] GC(271) Phase 1: Mark live objects 44.326ms
[2023-02-28T14:41:15.870+0900][769.359s] GC(271) Phase 2: Prepare for compaction
[2023-02-28T14:41:15.899+0900][769.389s] GC(271) Phase 2: Prepare for compaction 29.133ms
[2023-02-28T14:41:15.899+0900][769.389s] GC(271) Phase 3: Adjust pointers
[2023-02-28T14:41:15.932+0900][769.422s] GC(271) Phase 3: Adjust pointers 33.081ms
[2023-02-28T14:41:15.932+0900][769.422s] GC(271) Phase 4: Compact heap
[2023-02-28T14:41:15.964+0900][769.454s] GC(271) Phase 4: Compact heap 32.312ms
[2023-02-28T14:41:15.978+0900][769.467s] GC(271) Eden regions: 0->0(25)
[2023-02-28T14:41:15.978+0900][769.467s] GC(271) Survivor regions: 0->0(4)
[2023-02-28T14:41:15.978+0900][769.467s] GC(271) Old regions: 480->478
[2023-02-28T14:41:15.978+0900][769.467s] GC(271) Humongous regions: 32->32
[2023-02-28T14:41:15.978+0900][769.467s] GC(271) Metaspace: 65157K(66944K)->65157K(66944K) NonClass: 57754K(58880K)->57754K(58880K) Class: 7403K(8064K)->7403K(8064K)
[2023-02-28T14:41:15.978+0900][769.467s] GC(271) Pause Full (G1 Evacuation Pause) 511M->508M(512M) 152.813ms
[2023-02-28T14:41:15.978+0900][769.467s] GC(271) User=1.34s Sys=0.02s Real=0.15s
[2023-02-28T14:41:15.984+0900][769.473s] GC(272) Pause Young (Concurrent Start) (G1 Evacuation Pause)
[2023-02-28T14:41:15.984+0900][769.473s] GC(272) Using 10 workers of 10 for evacuation
[2023-02-28T14:41:15.985+0900][769.474s] GC(272) To-space exhausted
[2023-02-28T14:41:15.985+0900][769.474s] GC(272)   Pre Evacuate Collection Set: 0.1ms
[2023-02-28T14:41:15.985+0900][769.474s] GC(272)   Evacuate Collection Set: 0.5ms
[2023-02-28T14:41:15.985+0900][769.474s] GC(272)   Post Evacuate Collection Set: 0.5ms
[2023-02-28T14:41:15.985+0900][769.474s] GC(272)   Other: 0.2ms
[2023-02-28T14:41:15.985+0900][769.474s] GC(272) Eden regions: 2->0(25)
[2023-02-28T14:41:15.985+0900][769.474s] GC(272) Survivor regions: 0->0(4)
[2023-02-28T14:41:15.985+0900][769.475s] GC(272) Old regions: 478->480
[2023-02-28T14:41:15.985+0900][769.475s] GC(272) Humongous regions: 32->32
[2023-02-28T14:41:15.985+0900][769.475s] GC(272) Metaspace: 65159K(66944K)->65159K(66944K) NonClass: 57755K(58880K)->57755K(58880K) Class: 7403K(8064K)->7403K(8064K)
[2023-02-28T14:41:15.985+0900][769.475s] GC(272) Pause Young (Concurrent Start) (G1 Evacuation Pause) 510M->510M(512M) 1.436ms
[2023-02-28T14:41:15.985+0900][769.475s] GC(272) User=0.00s Sys=0.00s Real=0.00s
[2023-02-28T14:41:15.985+0900][769.475s] GC(274) Concurrent Cycle
[2023-02-28T14:41:15.985+0900][769.475s] GC(273) Using 10 workers of 10 for full compaction
[2023-02-28T14:41:15.985+0900][769.475s] GC(274) Concurrent Clear Claimed Marks
[2023-02-28T14:41:15.985+0900][769.475s] GC(274) Concurrent Clear Claimed Marks 0.054ms
[2023-02-28T14:41:15.985+0900][769.475s] GC(274) Concurrent Scan Root Regions
[2023-02-28T14:41:15.985+0900][769.475s] GC(274) Concurrent Scan Root Regions 0.020ms
[2023-02-28T14:41:15.985+0900][769.475s] GC(273) Pause Full (G1 Evacuation Pause)
[2023-02-28T14:41:15.985+0900][769.475s] GC(274) Concurrent Mark (769.475s)
[2023-02-28T14:41:15.985+0900][769.475s] GC(274) Concurrent Mark From Roots
[2023-02-28T14:41:15.985+0900][769.475s] GC(274) Using 3 workers of 3 for marking
[2023-02-28T14:41:15.986+0900][769.475s] GC(273) Phase 1: Mark live objects
[2023-02-28T14:41:16.034+0900][769.524s] GC(273) Cleaned string and symbol table, strings: 31141 processed, 0 removed, symbols: 195635 processed, 0 removed
[2023-02-28T14:41:16.035+0900][769.524s] GC(273) Phase 1: Mark live objects 48.627ms
[2023-02-28T14:41:16.035+0900][769.524s] GC(273) Phase 2: Prepare for compaction
[2023-02-28T14:41:16.062+0900][769.551s] GC(273) Phase 2: Prepare for compaction 27.420ms
[2023-02-28T14:41:16.062+0900][769.551s] GC(273) Phase 3: Adjust pointers
[2023-02-28T14:41:16.096+0900][769.585s] GC(273) Phase 3: Adjust pointers 33.880ms
[2023-02-28T14:41:16.096+0900][769.585s] GC(273) Phase 4: Compact heap
[2023-02-28T14:41:16.134+0900][769.624s] GC(273) Phase 4: Compact heap 38.424ms
[2023-02-28T14:41:16.148+0900][769.638s] GC(273) Eden regions: 0->0(25)
[2023-02-28T14:41:16.148+0900][769.638s] GC(273) Survivor regions: 0->0(4)
[2023-02-28T14:41:16.148+0900][769.638s] GC(273) Old regions: 480->479
[2023-02-28T14:41:16.148+0900][769.638s] GC(273) Humongous regions: 32->32
[2023-02-28T14:41:16.148+0900][769.638s] GC(273) Metaspace: 65159K(66944K)->65159K(66944K) NonClass: 57755K(58880K)->57755K(58880K) Class: 7403K(8064K)->7403K(8064K)
[2023-02-28T14:41:16.148+0900][769.638s] GC(273) Pause Full (G1 Evacuation Pause) 510M->509M(512M) 163.720ms
[2023-02-28T14:41:16.149+0900][769.639s] GC(273) User=1.50s Sys=0.00s Real=0.16s
[2023-02-28T14:41:16.149+0900][769.639s] GC(274) Concurrent Mark From Roots 163.960ms
[2023-02-28T14:41:16.149+0900][769.639s] GC(274) Concurrent Mark Abort
[2023-02-28T14:41:16.149+0900][769.639s] GC(274) Concurrent Cycle 164.252ms
[2023-02-28T14:41:16.151+0900][769.641s] GC(275) Pause Young (Normal) (G1 Evacuation Pause)
[2023-02-28T14:41:16.151+0900][769.641s] GC(275) Using 10 workers of 10 for evacuation
[2023-02-28T14:41:16.152+0900][769.642s] GC(275) To-space exhausted
[2023-02-28T14:41:16.152+0900][769.642s] GC(275)   Pre Evacuate Collection Set: 0.0ms
[2023-02-28T14:41:16.152+0900][769.642s] GC(275)   Evacuate Collection Set: 0.3ms
[2023-02-28T14:41:16.152+0900][769.642s] GC(275)   Post Evacuate Collection Set: 0.5ms
[2023-02-28T14:41:16.152+0900][769.642s] GC(275)   Other: 0.2ms
[2023-02-28T14:41:16.152+0900][769.642s] GC(275) Eden regions: 1->0(25)
[2023-02-28T14:41:16.152+0900][769.642s] GC(275) Survivor regions: 0->0(4)
[2023-02-28T14:41:16.152+0900][769.642s] GC(275) Old regions: 479->480
[2023-02-28T14:41:16.152+0900][769.642s] GC(275) Humongous regions: 32->32
[2023-02-28T14:41:16.152+0900][769.642s] GC(275) Metaspace: 65159K(66944K)->65159K(66944K) NonClass: 57755K(58880K)->57755K(58880K) Class: 7403K(8064K)->7403K(8064K)
[2023-02-28T14:41:16.152+0900][769.642s] GC(275) Pause Young (Normal) (G1 Evacuation Pause) 510M->510M(512M) 1.130ms
[2023-02-28T14:41:16.152+0900][769.642s] GC(275) User=0.00s Sys=0.00s Real=0.00s
[2023-02-28T14:41:16.152+0900][769.642s] GC(276) Using 10 workers of 10 for full compaction
[2023-02-28T14:41:16.152+0900][769.642s] GC(276) Pause Full (G1 Evacuation Pause)
[2023-02-28T14:41:16.152+0900][769.643s] GC(276) Phase 1: Mark live objects
[2023-02-28T14:41:16.205+0900][769.695s] GC(276) Cleaned string and symbol table, strings: 31141 processed, 0 removed, symbols: 195635 processed, 0 removed
[2023-02-28T14:41:16.205+0900][769.695s] GC(276) Phase 1: Mark live objects 52.419ms
[2023-02-28T14:41:16.205+0900][769.695s] GC(276) Phase 2: Prepare for compaction
[2023-02-28T14:41:16.233+0900][769.723s] GC(276) Phase 2: Prepare for compaction 28.218ms
[2023-02-28T14:41:16.233+0900][769.723s] GC(276) Phase 3: Adjust pointers
[2023-02-28T14:41:16.268+0900][769.758s] GC(276) Phase 3: Adjust pointers 34.640ms
[2023-02-28T14:41:16.268+0900][769.758s] GC(276) Phase 4: Compact heap
[2023-02-28T14:41:16.298+0900][769.788s] GC(276) Phase 4: Compact heap 29.540ms
[2023-02-28T14:41:16.310+0900][769.799s] GC(276) Eden regions: 0->0(25)
[2023-02-28T14:41:16.310+0900][769.799s] GC(276) Survivor regions: 0->0(4)
[2023-02-28T14:41:16.310+0900][769.799s] GC(276) Old regions: 480->479
[2023-02-28T14:41:16.310+0900][769.799s] GC(276) Humongous regions: 32->32
[2023-02-28T14:41:16.310+0900][769.799s] GC(276) Metaspace: 65159K(66944K)->65159K(66944K) NonClass: 57755K(58880K)->57755K(58880K) Class: 7403K(8064K)->7403K(8064K)
[2023-02-28T14:41:16.310+0900][769.799s] GC(276) Pause Full (G1 Evacuation Pause) 510M->509M(512M) 157.060ms
[2023-02-28T14:41:16.310+0900][769.800s] GC(276) User=1.42s Sys=0.00s Real=0.16s
[2023-02-28T14:41:16.312+0900][769.801s] GC(277) Pause Young (Concurrent Start) (G1 Evacuation Pause)
[2023-02-28T14:41:16.312+0900][769.801s] GC(277) Using 10 workers of 10 for evacuation
[2023-02-28T14:41:16.313+0900][769.802s] GC(277) To-space exhausted
[2023-02-28T14:41:16.313+0900][769.802s] GC(277)   Pre Evacuate Collection Set: 0.1ms
[2023-02-28T14:41:16.313+0900][769.802s] GC(277)   Evacuate Collection Set: 0.4ms
[2023-02-28T14:41:16.313+0900][769.802s] GC(277)   Post Evacuate Collection Set: 0.5ms
[2023-02-28T14:41:16.313+0900][769.802s] GC(277)   Other: 0.1ms
[2023-02-28T14:41:16.313+0900][769.802s] GC(277) Eden regions: 1->0(25)
[2023-02-28T14:41:16.313+0900][769.802s] GC(277) Survivor regions: 0->0(4)
[2023-02-28T14:41:16.313+0900][769.802s] GC(277) Old regions: 479->480
[2023-02-28T14:41:16.313+0900][769.802s] GC(277) Humongous regions: 32->32
[2023-02-28T14:41:16.313+0900][769.802s] GC(277) Metaspace: 65159K(66944K)->65159K(66944K) NonClass: 57755K(58880K)->57755K(58880K) Class: 7403K(8064K)->7403K(8064K)
[2023-02-28T14:41:16.313+0900][769.802s] GC(277) Pause Young (Concurrent Start) (G1 Evacuation Pause) 510M->510M(512M) 1.292ms
[2023-02-28T14:41:16.313+0900][769.802s] GC(277) User=0.00s Sys=0.00s Real=0.00s
[2023-02-28T14:41:16.313+0900][769.803s] GC(278) Using 10 workers of 10 for full compaction
[2023-02-28T14:41:16.313+0900][769.803s] GC(279) Concurrent Cycle
[2023-02-28T14:41:16.313+0900][769.803s] GC(279) Concurrent Clear Claimed Marks
[2023-02-28T14:41:16.313+0900][769.803s] GC(279) Concurrent Clear Claimed Marks 0.034ms
[2023-02-28T14:41:16.313+0900][769.803s] GC(278) Pause Full (G1 Evacuation Pause)
[2023-02-28T14:41:16.313+0900][769.803s] GC(279) Concurrent Scan Root Regions
[2023-02-28T14:41:16.313+0900][769.803s] GC(279) Concurrent Scan Root Regions 0.065ms
[2023-02-28T14:41:16.313+0900][769.803s] GC(279) Concurrent Mark (769.803s)
[2023-02-28T14:41:16.313+0900][769.803s] GC(279) Concurrent Mark From Roots
[2023-02-28T14:41:16.313+0900][769.803s] GC(279) Using 3 workers of 3 for marking
[2023-02-28T14:41:16.314+0900][769.803s] GC(278) Phase 1: Mark live objects
[2023-02-28T14:41:16.361+0900][769.851s] GC(278) Cleaned string and symbol table, strings: 31141 processed, 0 removed, symbols: 195635 processed, 0 removed
[2023-02-28T14:41:16.361+0900][769.851s] GC(278) Phase 1: Mark live objects 47.441ms
[2023-02-28T14:41:16.361+0900][769.851s] GC(278) Phase 2: Prepare for compaction
[2023-02-28T14:41:16.389+0900][769.878s] GC(278) Phase 2: Prepare for compaction 27.736ms
[2023-02-28T14:41:16.389+0900][769.878s] GC(278) Phase 3: Adjust pointers
[2023-02-28T14:41:16.423+0900][769.912s] GC(278) Phase 3: Adjust pointers 33.685ms
[2023-02-28T14:41:16.423+0900][769.912s] GC(278) Phase 4: Compact heap
[2023-02-28T14:41:16.449+0900][769.938s] GC(278) Phase 4: Compact heap 25.625ms
[2023-02-28T14:41:16.460+0900][769.949s] GC(278) Eden regions: 0->0(25)
[2023-02-28T14:41:16.460+0900][769.949s] GC(278) Survivor regions: 0->0(4)
[2023-02-28T14:41:16.460+0900][769.949s] GC(278) Old regions: 480->478
[2023-02-28T14:41:16.460+0900][769.949s] GC(278) Humongous regions: 32->32
[2023-02-28T14:41:16.460+0900][769.949s] GC(278) Metaspace: 65159K(66944K)->65159K(66944K) NonClass: 57755K(58880K)->57755K(58880K) Class: 7403K(8064K)->7403K(8064K)
[2023-02-28T14:41:16.460+0900][769.949s] GC(278) Pause Full (G1 Evacuation Pause) 510M->509M(512M) 146.750ms
[2023-02-28T14:41:16.460+0900][769.950s] GC(278) User=1.38s Sys=0.00s Real=0.15s
[2023-02-28T14:41:16.460+0900][769.950s] GC(279) Concurrent Mark From Roots 146.842ms
[2023-02-28T14:41:16.460+0900][769.950s] GC(279) Concurrent Mark Abort
[2023-02-28T14:41:16.460+0900][769.950s] GC(279) Concurrent Cycle 147.184ms
[2023-02-28T14:41:16.463+0900][769.953s] GC(280) Pause Young (Normal) (G1 Evacuation Pause)
[2023-02-28T14:41:16.463+0900][769.953s] GC(280) Using 10 workers of 10 for evacuation
[2023-02-28T14:41:16.464+0900][769.953s] GC(280) To-space exhausted
[2023-02-28T14:41:16.464+0900][769.953s] GC(280)   Pre Evacuate Collection Set: 0.0ms
[2023-02-28T14:41:16.464+0900][769.953s] GC(280)   Evacuate Collection Set: 0.3ms
[2023-02-28T14:41:16.464+0900][769.953s] GC(280)   Post Evacuate Collection Set: 0.4ms
[2023-02-28T14:41:16.464+0900][769.953s] GC(280)   Other: 0.2ms
[2023-02-28T14:41:16.464+0900][769.954s] GC(280) Eden regions: 2->0(25)
[2023-02-28T14:41:16.464+0900][769.954s] GC(280) Survivor regions: 0->0(4)
[2023-02-28T14:41:16.464+0900][769.954s] GC(280) Old regions: 478->480
[2023-02-28T14:41:16.464+0900][769.954s] GC(280) Humongous regions: 32->32
[2023-02-28T14:41:16.464+0900][769.954s] GC(280) Metaspace: 65159K(66944K)->65159K(66944K) NonClass: 57755K(58880K)->57755K(58880K) Class: 7403K(8064K)->7403K(8064K)
[2023-02-28T14:41:16.464+0900][769.954s] GC(280) Pause Young (Normal) (G1 Evacuation Pause) 511M->511M(512M) 1.062ms
[2023-02-28T14:41:16.464+0900][769.954s] GC(280) User=0.00s Sys=0.00s Real=0.00s
[2023-02-28T14:41:16.464+0900][769.954s] GC(281) Using 10 workers of 10 for full compaction
[2023-02-28T14:41:16.465+0900][769.954s] GC(281) Pause Full (G1 Evacuation Pause)
[2023-02-28T14:41:16.465+0900][769.954s] GC(281) Phase 1: Mark live objects
[2023-02-28T14:41:16.508+0900][769.998s] GC(281) Cleaned string and symbol table, strings: 31141 processed, 0 removed, symbols: 195635 processed, 0 removed
[2023-02-28T14:41:16.508+0900][769.998s] GC(281) Phase 1: Mark live objects 43.951ms
[2023-02-28T14:41:16.508+0900][769.998s] GC(281) Phase 2: Prepare for compaction
[2023-02-28T14:41:16.536+0900][770.026s] GC(281) Phase 2: Prepare for compaction 28.235ms
[2023-02-28T14:41:16.536+0900][770.026s] GC(281) Phase 3: Adjust pointers
[2023-02-28T14:41:16.570+0900][770.060s] GC(281) Phase 3: Adjust pointers 33.530ms
[2023-02-28T14:41:16.570+0900][770.060s] GC(281) Phase 4: Compact heap
[2023-02-28T14:41:16.604+0900][770.094s] GC(281) Phase 4: Compact heap 33.933ms
[2023-02-28T14:41:16.617+0900][770.107s] GC(281) Eden regions: 0->0(25)
[2023-02-28T14:41:16.617+0900][770.107s] GC(281) Survivor regions: 0->0(4)
[2023-02-28T14:41:16.617+0900][770.107s] GC(281) Old regions: 480->478
[2023-02-28T14:41:16.617+0900][770.107s] GC(281) Humongous regions: 32->32
[2023-02-28T14:41:16.617+0900][770.107s] GC(281) Metaspace: 65159K(66944K)->65159K(66944K) NonClass: 57755K(58880K)->57755K(58880K) Class: 7403K(8064K)->7403K(8064K)
[2023-02-28T14:41:16.617+0900][770.107s] GC(281) Pause Full (G1 Evacuation Pause) 511M->509M(512M) 153.470ms
[2023-02-28T14:41:16.618+0900][770.107s] GC(281) User=1.52s Sys=0.03s Real=0.15s
[2023-02-28T14:41:16.621+0900][770.110s] GC(282) Pause Young (Concurrent Start) (G1 Evacuation Pause)
[2023-02-28T14:41:16.621+0900][770.110s] GC(282) Using 10 workers of 10 for evacuation
[2023-02-28T14:41:16.622+0900][770.111s] GC(282) To-space exhausted
[2023-02-28T14:41:16.622+0900][770.112s] GC(282)   Pre Evacuate Collection Set: 0.1ms
[2023-02-28T14:41:16.622+0900][770.112s] GC(282)   Evacuate Collection Set: 0.5ms
[2023-02-28T14:41:16.622+0900][770.112s] GC(282)   Post Evacuate Collection Set: 0.5ms
[2023-02-28T14:41:16.622+0900][770.112s] GC(282)   Other: 0.2ms
[2023-02-28T14:41:16.622+0900][770.112s] GC(282) Eden regions: 2->0(25)
[2023-02-28T14:41:16.622+0900][770.112s] GC(282) Survivor regions: 0->0(4)
[2023-02-28T14:41:16.622+0900][770.112s] GC(282) Old regions: 478->480
[2023-02-28T14:41:16.622+0900][770.112s] GC(282) Humongous regions: 32->32
[2023-02-28T14:41:16.622+0900][770.112s] GC(282) Metaspace: 65159K(66944K)->65159K(66944K) NonClass: 57755K(58880K)->57755K(58880K) Class: 7403K(8064K)->7403K(8064K)
[2023-02-28T14:41:16.622+0900][770.112s] GC(282) Pause Young (Concurrent Start) (G1 Evacuation Pause) 511M->511M(512M) 1.329ms
[2023-02-28T14:41:16.622+0900][770.112s] GC(282) User=0.03s Sys=0.00s Real=0.00s
[2023-02-28T14:41:16.622+0900][770.112s] GC(283) Using 10 workers of 10 for full compaction
[2023-02-28T14:41:16.622+0900][770.112s] GC(284) Concurrent Cycle
[2023-02-28T14:41:16.622+0900][770.112s] GC(284) Concurrent Clear Claimed Marks
[2023-02-28T14:41:16.622+0900][770.112s] GC(284) Concurrent Clear Claimed Marks 0.032ms
[2023-02-28T14:41:16.622+0900][770.112s] GC(283) Pause Full (G1 Evacuation Pause)
[2023-02-28T14:41:16.622+0900][770.112s] GC(284) Concurrent Scan Root Regions
[2023-02-28T14:41:16.622+0900][770.112s] GC(284) Concurrent Scan Root Regions 0.065ms
[2023-02-28T14:41:16.622+0900][770.112s] GC(284) Concurrent Mark (770.112s)
[2023-02-28T14:41:16.622+0900][770.112s] GC(284) Concurrent Mark From Roots
[2023-02-28T14:41:16.622+0900][770.112s] GC(284) Using 3 workers of 3 for marking
[2023-02-28T14:41:16.623+0900][770.112s] GC(283) Phase 1: Mark live objects
[2023-02-28T14:41:16.666+0900][770.155s] GC(283) Cleaned string and symbol table, strings: 31141 processed, 0 removed, symbols: 195635 processed, 0 removed
[2023-02-28T14:41:16.666+0900][770.156s] GC(283) Phase 1: Mark live objects 43.063ms
[2023-02-28T14:41:16.666+0900][770.156s] GC(283) Phase 2: Prepare for compaction
[2023-02-28T14:41:16.693+0900][770.182s] GC(283) Phase 2: Prepare for compaction 26.705ms
[2023-02-28T14:41:16.693+0900][770.182s] GC(283) Phase 3: Adjust pointers
[2023-02-28T14:41:16.726+0900][770.215s] GC(283) Phase 3: Adjust pointers 33.122ms
[2023-02-28T14:41:16.726+0900][770.216s] GC(283) Phase 4: Compact heap
[2023-02-28T14:41:16.752+0900][770.242s] GC(283) Phase 4: Compact heap 26.047ms
[2023-02-28T14:41:16.763+0900][770.253s] GC(283) Eden regions: 0->0(25)
[2023-02-28T14:41:16.763+0900][770.253s] GC(283) Survivor regions: 0->0(4)
[2023-02-28T14:41:16.763+0900][770.253s] GC(283) Old regions: 480->479
[2023-02-28T14:41:16.763+0900][770.253s] GC(283) Humongous regions: 32->32
[2023-02-28T14:41:16.763+0900][770.253s] GC(283) Metaspace: 65159K(66944K)->65159K(66944K) NonClass: 57755K(58880K)->57755K(58880K) Class: 7403K(8064K)->7403K(8064K)
[2023-02-28T14:41:16.763+0900][770.253s] GC(283) Pause Full (G1 Evacuation Pause) 511M->509M(512M) 140.882ms
[2023-02-28T14:41:16.764+0900][770.253s] GC(283) User=1.27s Sys=0.00s Real=0.14s
[2023-02-28T14:41:16.764+0900][770.253s] GC(284) Concurrent Mark From Roots 140.982ms
[2023-02-28T14:41:16.764+0900][770.253s] GC(284) Concurrent Mark Abort
[2023-02-28T14:41:16.764+0900][770.253s] GC(284) Concurrent Cycle 141.326ms
[2023-02-28T14:41:16.765+0900][770.255s] GC(285) Pause Young (Normal) (G1 Evacuation Pause)
[2023-02-28T14:41:16.765+0900][770.255s] GC(285) Using 10 workers of 10 for evacuation
[2023-02-28T14:41:16.766+0900][770.256s] GC(285) To-space exhausted
[2023-02-28T14:41:16.766+0900][770.256s] GC(285)   Pre Evacuate Collection Set: 0.0ms
[2023-02-28T14:41:16.766+0900][770.256s] GC(285)   Evacuate Collection Set: 0.2ms
[2023-02-28T14:41:16.766+0900][770.256s] GC(285)   Post Evacuate Collection Set: 0.5ms
[2023-02-28T14:41:16.766+0900][770.256s] GC(285)   Other: 0.1ms
[2023-02-28T14:41:16.766+0900][770.256s] GC(285) Eden regions: 1->0(25)
[2023-02-28T14:41:16.766+0900][770.256s] GC(285) Survivor regions: 0->0(4)
[2023-02-28T14:41:16.766+0900][770.256s] GC(285) Old regions: 479->480
[2023-02-28T14:41:16.766+0900][770.256s] GC(285) Humongous regions: 32->32
[2023-02-28T14:41:16.766+0900][770.256s] GC(285) Metaspace: 65159K(66944K)->65159K(66944K) NonClass: 57755K(58880K)->57755K(58880K) Class: 7403K(8064K)->7403K(8064K)
[2023-02-28T14:41:16.766+0900][770.256s] GC(285) Pause Young (Normal) (G1 Evacuation Pause) 510M->510M(512M) 1.057ms
[2023-02-28T14:41:16.766+0900][770.256s] GC(285) User=0.00s Sys=0.00s Real=0.00s
[2023-02-28T14:41:16.766+0900][770.256s] GC(286) Using 10 workers of 10 for full compaction
[2023-02-28T14:41:16.766+0900][770.256s] GC(286) Pause Full (G1 Evacuation Pause)
[2023-02-28T14:41:16.767+0900][770.256s] GC(286) Phase 1: Mark live objects
[2023-02-28T14:41:16.810+0900][770.300s] GC(286) Cleaned string and symbol table, strings: 31141 processed, 0 removed, symbols: 195635 processed, 0 removed
[2023-02-28T14:41:16.810+0900][770.300s] GC(286) Phase 1: Mark live objects 43.625ms
[2023-02-28T14:41:16.811+0900][770.300s] GC(286) Phase 2: Prepare for compaction
[2023-02-28T14:41:16.839+0900][770.328s] GC(286) Phase 2: Prepare for compaction 28.235ms
[2023-02-28T14:41:16.839+0900][770.328s] GC(286) Phase 3: Adjust pointers
[2023-02-28T14:41:16.871+0900][770.362s] GC(286) Phase 3: Adjust pointers 33.480ms
[2023-02-28T14:41:16.872+0900][770.362s] GC(286) Phase 4: Compact heap
[2023-02-28T14:41:16.901+0900][770.391s] GC(286) Phase 4: Compact heap 29.556ms
[2023-02-28T14:41:16.914+0900][770.404s] GC(286) Eden regions: 0->0(25)
[2023-02-28T14:41:16.914+0900][770.404s] GC(286) Survivor regions: 0->0(4)
[2023-02-28T14:41:16.914+0900][770.404s] GC(286) Old regions: 480->479
[2023-02-28T14:41:16.914+0900][770.404s] GC(286) Humongous regions: 32->32
[2023-02-28T14:41:16.914+0900][770.404s] GC(286) Metaspace: 65159K(66944K)->65159K(66944K) NonClass: 57755K(58880K)->57755K(58880K) Class: 7403K(8064K)->7403K(8064K)
[2023-02-28T14:41:16.914+0900][770.404s] GC(286) Pause Full (G1 Evacuation Pause) 510M->510M(512M) 147.784ms
[2023-02-28T14:41:16.914+0900][770.404s] GC(286) User=1.39s Sys=0.00s Real=0.15s
[2023-02-28T14:41:16.916+0900][770.406s] GC(287) Pause Young (Concurrent Start) (G1 Evacuation Pause)
[2023-02-28T14:41:16.916+0900][770.406s] GC(287) Using 10 workers of 10 for evacuation
[2023-02-28T14:41:16.917+0900][770.407s] GC(287) To-space exhausted
[2023-02-28T14:41:16.917+0900][770.407s] GC(287)   Pre Evacuate Collection Set: 0.1ms
[2023-02-28T14:41:16.917+0900][770.407s] GC(287)   Evacuate Collection Set: 0.4ms
[2023-02-28T14:41:16.917+0900][770.407s] GC(287)   Post Evacuate Collection Set: 0.5ms
[2023-02-28T14:41:16.917+0900][770.407s] GC(287)   Other: 0.1ms
[2023-02-28T14:41:16.917+0900][770.407s] GC(287) Eden regions: 1->0(25)
[2023-02-28T14:41:16.917+0900][770.407s] GC(287) Survivor regions: 0->0(4)
[2023-02-28T14:41:16.917+0900][770.407s] GC(287) Old regions: 479->480
[2023-02-28T14:41:16.917+0900][770.407s] GC(287) Humongous regions: 32->32
[2023-02-28T14:41:16.917+0900][770.407s] GC(287) Metaspace: 65160K(66944K)->65160K(66944K) NonClass: 57757K(58880K)->57757K(58880K) Class: 7403K(8064K)->7403K(8064K)
[2023-02-28T14:41:16.917+0900][770.407s] GC(287) Pause Young (Concurrent Start) (G1 Evacuation Pause) 511M->511M(512M) 1.256ms
[2023-02-28T14:41:16.917+0900][770.407s] GC(287) User=0.00s Sys=0.00s Real=0.00s
[2023-02-28T14:41:16.917+0900][770.407s] GC(288) Using 10 workers of 10 for full compaction
[2023-02-28T14:41:16.917+0900][770.407s] GC(289) Concurrent Cycle
[2023-02-28T14:41:16.917+0900][770.407s] GC(289) Concurrent Clear Claimed Marks
[2023-02-28T14:41:16.917+0900][770.407s] GC(289) Concurrent Clear Claimed Marks 0.033ms
[2023-02-28T14:41:16.917+0900][770.407s] GC(288) Pause Full (G1 Evacuation Pause)
[2023-02-28T14:41:16.917+0900][770.407s] GC(289) Concurrent Scan Root Regions
[2023-02-28T14:41:16.917+0900][770.407s] GC(289) Concurrent Scan Root Regions 0.058ms
[2023-02-28T14:41:16.917+0900][770.407s] GC(289) Concurrent Mark (770.407s)
[2023-02-28T14:41:16.917+0900][770.407s] GC(289) Concurrent Mark From Roots
[2023-02-28T14:41:16.917+0900][770.407s] GC(289) Using 3 workers of 3 for marking
[2023-02-28T14:41:16.918+0900][770.408s] GC(288) Phase 1: Mark live objects
[2023-02-28T14:41:16.960+0900][770.450s] GC(288) Cleaned string and symbol table, strings: 31141 processed, 0 removed, symbols: 195635 processed, 0 removed
[2023-02-28T14:41:16.960+0900][770.450s] GC(288) Phase 1: Mark live objects 42.667ms
[2023-02-28T14:41:16.960+0900][770.450s] GC(288) Phase 2: Prepare for compaction
[2023-02-28T14:41:16.988+0900][770.478s] GC(288) Phase 2: Prepare for compaction 27.598ms
[2023-02-28T14:41:16.988+0900][770.478s] GC(288) Phase 3: Adjust pointers
[2023-02-28T14:41:17.024+0900][770.514s] GC(288) Phase 3: Adjust pointers 35.591ms
[2023-02-28T14:41:17.024+0900][770.514s] GC(288) Phase 4: Compact heap
[2023-02-28T14:41:17.052+0900][770.542s] GC(288) Phase 4: Compact heap 28.244ms
[2023-02-28T14:41:17.063+0900][770.553s] GC(288) Eden regions: 0->0(25)
[2023-02-28T14:41:17.063+0900][770.553s] GC(288) Survivor regions: 0->0(4)
[2023-02-28T14:41:17.063+0900][770.553s] GC(288) Old regions: 480->479
[2023-02-28T14:41:17.063+0900][770.553s] GC(288) Humongous regions: 32->32
[2023-02-28T14:41:17.063+0900][770.553s] GC(288) Metaspace: 65160K(66944K)->65160K(66944K) NonClass: 57757K(58880K)->57757K(58880K) Class: 7403K(8064K)->7403K(8064K)
[2023-02-28T14:41:17.063+0900][770.553s] GC(288) Pause Full (G1 Evacuation Pause) 511M->510M(512M) 145.899ms
[2023-02-28T14:41:17.063+0900][770.553s] GC(288) User=1.36s Sys=0.00s Real=0.15s
[2023-02-28T14:41:17.064+0900][770.553s] GC(289) Concurrent Mark From Roots 146.007ms
[2023-02-28T14:41:17.064+0900][770.553s] GC(289) Concurrent Mark Abort
[2023-02-28T14:41:17.064+0900][770.553s] GC(289) Concurrent Cycle 146.347ms
[2023-02-28T14:41:17.065+0900][770.555s] GC(290) Pause Young (Normal) (G1 Evacuation Pause)
[2023-02-28T14:41:17.065+0900][770.555s] GC(290) Using 10 workers of 10 for evacuation
[2023-02-28T14:41:17.066+0900][770.556s] GC(290) To-space exhausted
[2023-02-28T14:41:17.066+0900][770.556s] GC(290)   Pre Evacuate Collection Set: 0.0ms
[2023-02-28T14:41:17.066+0900][770.556s] GC(290)   Evacuate Collection Set: 0.2ms
[2023-02-28T14:41:17.066+0900][770.556s] GC(290)   Post Evacuate Collection Set: 0.4ms
[2023-02-28T14:41:17.066+0900][770.556s] GC(290)   Other: 0.1ms
[2023-02-28T14:41:17.066+0900][770.556s] GC(290) Eden regions: 1->0(25)
[2023-02-28T14:41:17.066+0900][770.556s] GC(290) Survivor regions: 0->0(4)
[2023-02-28T14:41:17.066+0900][770.556s] GC(290) Old regions: 479->480
[2023-02-28T14:41:17.066+0900][770.556s] GC(290) Humongous regions: 32->32
[2023-02-28T14:41:17.066+0900][770.556s] GC(290) Metaspace: 65160K(66944K)->65160K(66944K) NonClass: 57757K(58880K)->57757K(58880K) Class: 7403K(8064K)->7403K(8064K)
[2023-02-28T14:41:17.066+0900][770.556s] GC(290) Pause Young (Normal) (G1 Evacuation Pause) 511M->511M(512M) 0.967ms
[2023-02-28T14:41:17.066+0900][770.556s] GC(290) User=0.00s Sys=0.00s Real=0.00s
[2023-02-28T14:41:17.066+0900][770.556s] GC(291) Using 10 workers of 10 for full compaction
[2023-02-28T14:41:17.066+0900][770.556s] GC(291) Pause Full (G1 Evacuation Pause)
[2023-02-28T14:41:17.067+0900][770.556s] GC(291) Phase 1: Mark live objects
[2023-02-28T14:41:17.110+0900][770.600s] GC(291) Cleaned string and symbol table, strings: 31141 processed, 0 removed, symbols: 195635 processed, 0 removed
[2023-02-28T14:41:17.110+0900][770.600s] GC(291) Phase 1: Mark live objects 43.711ms
[2023-02-28T14:41:17.111+0900][770.600s] GC(291) Phase 2: Prepare for compaction
[2023-02-28T14:41:17.139+0900][770.628s] GC(291) Phase 2: Prepare for compaction 28.017ms
[2023-02-28T14:41:17.139+0900][770.628s] GC(291) Phase 3: Adjust pointers
[2023-02-28T14:41:17.176+0900][770.665s] GC(291) Phase 3: Adjust pointers 37.344ms
[2023-02-28T14:41:17.176+0900][770.666s] GC(291) Phase 4: Compact heap
[2023-02-28T14:41:17.206+0900][770.696s] GC(291) Phase 4: Compact heap 30.162ms
[2023-02-28T14:41:17.219+0900][770.708s] GC(291) Eden regions: 0->0(25)
[2023-02-28T14:41:17.219+0900][770.708s] GC(291) Survivor regions: 0->0(4)
[2023-02-28T14:41:17.219+0900][770.708s] GC(291) Old regions: 480->479
[2023-02-28T14:41:17.219+0900][770.708s] GC(291) Humongous regions: 32->32
[2023-02-28T14:41:17.219+0900][770.708s] GC(291) Metaspace: 65160K(66944K)->65160K(66944K) NonClass: 57757K(58880K)->57757K(58880K) Class: 7403K(8064K)->7403K(8064K)
[2023-02-28T14:41:17.219+0900][770.708s] GC(291) Pause Full (G1 Evacuation Pause) 511M->510M(512M) 152.227ms
[2023-02-28T14:41:17.219+0900][770.708s] GC(291) User=1.28s Sys=0.00s Real=0.15s
[2023-02-28T14:41:17.220+0900][770.710s] GC(292) Pause Young (Concurrent Start) (G1 Evacuation Pause)
[2023-02-28T14:41:17.220+0900][770.710s] GC(292) Using 10 workers of 10 for evacuation
[2023-02-28T14:41:17.221+0900][770.710s] GC(292) To-space exhausted
[2023-02-28T14:41:17.221+0900][770.710s] GC(292)   Pre Evacuate Collection Set: 0.1ms
[2023-02-28T14:41:17.221+0900][770.711s] GC(292)   Evacuate Collection Set: 0.4ms
[2023-02-28T14:41:17.221+0900][770.711s] GC(292)   Post Evacuate Collection Set: 0.3ms
[2023-02-28T14:41:17.221+0900][770.711s] GC(292)   Other: 0.2ms
[2023-02-28T14:41:17.221+0900][770.711s] GC(292) Eden regions: 1->0(25)
[2023-02-28T14:41:17.221+0900][770.711s] GC(292) Survivor regions: 0->0(4)
[2023-02-28T14:41:17.221+0900][770.711s] GC(292) Old regions: 479->480
[2023-02-28T14:41:17.221+0900][770.711s] GC(292) Humongous regions: 32->32
[2023-02-28T14:41:17.221+0900][770.711s] GC(292) Metaspace: 65160K(66944K)->65160K(66944K) NonClass: 57757K(58880K)->57757K(58880K) Class: 7403K(8064K)->7403K(8064K)
[2023-02-28T14:41:17.221+0900][770.711s] GC(292) Pause Young (Concurrent Start) (G1 Evacuation Pause) 511M->511M(512M) 1.170ms
[2023-02-28T14:41:17.222+0900][770.711s] GC(292) User=0.00s Sys=0.00s Real=0.00s
[2023-02-28T14:41:17.222+0900][770.711s] GC(293) Using 10 workers of 10 for full compaction
[2023-02-28T14:41:17.222+0900][770.711s] GC(294) Concurrent Cycle
[2023-02-28T14:41:17.222+0900][770.711s] GC(294) Concurrent Clear Claimed Marks
[2023-02-28T14:41:17.222+0900][770.711s] GC(294) Concurrent Clear Claimed Marks 0.032ms
[2023-02-28T14:41:17.222+0900][770.711s] GC(294) Concurrent Scan Root Regions
[2023-02-28T14:41:17.222+0900][770.711s] GC(293) Pause Full (G1 Evacuation Pause)
[2023-02-28T14:41:17.222+0900][770.711s] GC(294) Concurrent Scan Root Regions 0.020ms
[2023-02-28T14:41:17.222+0900][770.711s] GC(294) Concurrent Mark (770.711s)
[2023-02-28T14:41:17.222+0900][770.711s] GC(294) Concurrent Mark From Roots
[2023-02-28T14:41:17.222+0900][770.711s] GC(294) Using 3 workers of 3 for marking
[2023-02-28T14:41:17.222+0900][770.712s] GC(293) Phase 1: Mark live objects
[2023-02-28T14:41:17.285+0900][770.776s] GC(293) Cleaned string and symbol table, strings: 31141 processed, 0 removed, symbols: 195635 processed, 0 removed
[2023-02-28T14:41:17.286+0900][770.776s] GC(293) Phase 1: Mark live objects 64.085ms
[2023-02-28T14:41:17.286+0900][770.776s] GC(293) Phase 2: Prepare for compaction
[2023-02-28T14:41:17.328+0900][770.818s] GC(293) Phase 2: Prepare for compaction 42.576ms
[2023-02-28T14:41:17.328+0900][770.818s] GC(293) Phase 3: Adjust pointers
[2023-02-28T14:41:17.370+0900][770.860s] GC(293) Phase 3: Adjust pointers 41.264ms
[2023-02-28T14:41:17.370+0900][770.860s] GC(293) Phase 4: Compact heap
[2023-02-28T14:41:17.403+0900][770.893s] GC(293) Phase 4: Compact heap 33.353ms
[2023-02-28T14:41:17.418+0900][770.908s] GC(293) Eden regions: 0->0(25)
[2023-02-28T14:41:17.418+0900][770.908s] GC(293) Survivor regions: 0->0(4)
[2023-02-28T14:41:17.418+0900][770.908s] GC(293) Old regions: 480->479
[2023-02-28T14:41:17.418+0900][770.908s] GC(293) Humongous regions: 32->32
[2023-02-28T14:41:17.418+0900][770.908s] GC(293) Metaspace: 65160K(66944K)->65160K(66944K) NonClass: 57757K(58880K)->57757K(58880K) Class: 7403K(8064K)->7403K(8064K)
[2023-02-28T14:41:17.418+0900][770.908s] GC(293) Pause Full (G1 Evacuation Pause) 511M->510M(512M) 196.920ms
[2023-02-28T14:41:17.418+0900][770.908s] GC(293) User=1.59s Sys=0.00s Real=0.20s
[2023-02-28T14:41:17.418+0900][770.908s] GC(294) Concurrent Mark From Roots 197.063ms
[2023-02-28T14:41:17.418+0900][770.908s] GC(294) Concurrent Mark Abort
[2023-02-28T14:41:17.418+0900][770.908s] GC(294) Concurrent Cycle 197.386ms
[2023-02-28T14:41:17.421+0900][770.910s] GC(295) Pause Young (Normal) (G1 Evacuation Pause)
[2023-02-28T14:41:17.421+0900][770.911s] GC(295) Using 10 workers of 10 for evacuation
[2023-02-28T14:41:17.422+0900][770.911s] GC(295) To-space exhausted
[2023-02-28T14:41:17.422+0900][770.911s] GC(295)   Pre Evacuate Collection Set: 0.0ms
[2023-02-28T14:41:17.422+0900][770.911s] GC(295)   Evacuate Collection Set: 0.3ms
[2023-02-28T14:41:17.422+0900][770.911s] GC(295)   Post Evacuate Collection Set: 0.4ms
[2023-02-28T14:41:17.422+0900][770.911s] GC(295)   Other: 0.2ms
[2023-02-28T14:41:17.422+0900][770.911s] GC(295) Eden regions: 1->0(25)
[2023-02-28T14:41:17.422+0900][770.911s] GC(295) Survivor regions: 0->0(4)
[2023-02-28T14:41:17.422+0900][770.912s] GC(295) Old regions: 479->480
[2023-02-28T14:41:17.422+0900][770.912s] GC(295) Humongous regions: 32->32
[2023-02-28T14:41:17.422+0900][770.912s] GC(295) Metaspace: 65160K(66944K)->65160K(66944K) NonClass: 57757K(58880K)->57757K(58880K) Class: 7403K(8064K)->7403K(8064K)
[2023-02-28T14:41:17.422+0900][770.912s] GC(295) Pause Young (Normal) (G1 Evacuation Pause) 511M->511M(512M) 1.113ms
[2023-02-28T14:41:17.422+0900][770.912s] GC(295) User=0.00s Sys=0.00s Real=0.00s
[2023-02-28T14:41:17.422+0900][770.912s] GC(296) Using 10 workers of 10 for full compaction
[2023-02-28T14:41:17.422+0900][770.912s] GC(296) Pause Full (G1 Evacuation Pause)
[2023-02-28T14:41:17.422+0900][770.912s] GC(296) Phase 1: Mark live objects
[2023-02-28T14:41:17.475+0900][770.964s] GC(296) Cleaned string and symbol table, strings: 31141 processed, 0 removed, symbols: 195635 processed, 0 removed
[2023-02-28T14:41:17.475+0900][770.964s] GC(296) Phase 1: Mark live objects 52.235ms
[2023-02-28T14:41:17.475+0900][770.964s] GC(296) Phase 2: Prepare for compaction
[2023-02-28T14:41:17.510+0900][770.999s] GC(296) Phase 2: Prepare for compaction 34.642ms
[2023-02-28T14:41:17.510+0900][770.999s] GC(296) Phase 3: Adjust pointers
[2023-02-28T14:41:17.546+0900][771.035s] GC(296) Phase 3: Adjust pointers 35.970ms
[2023-02-28T14:41:17.546+0900][771.035s] GC(296) Phase 4: Compact heap
[2023-02-28T14:41:17.578+0900][771.067s] GC(296) Phase 4: Compact heap 32.152ms
[2023-02-28T14:41:17.591+0900][771.080s] GC(296) Eden regions: 0->0(25)
[2023-02-28T14:41:17.591+0900][771.080s] GC(296) Survivor regions: 0->0(4)
[2023-02-28T14:41:17.591+0900][771.080s] GC(296) Old regions: 480->479
[2023-02-28T14:41:17.591+0900][771.080s] GC(296) Humongous regions: 32->32
[2023-02-28T14:41:17.591+0900][771.080s] GC(296) Metaspace: 65160K(66944K)->65160K(66944K) NonClass: 57757K(58880K)->57757K(58880K) Class: 7403K(8064K)->7403K(8064K)
[2023-02-28T14:41:17.591+0900][771.081s] GC(296) Pause Full (G1 Evacuation Pause) 511M->510M(512M) 168.750ms
[2023-02-28T14:41:17.592+0900][771.081s] GC(296) User=1.55s Sys=0.00s Real=0.17s
[2023-02-28T14:41:17.594+0900][771.083s] GC(297) Pause Young (Concurrent Start) (G1 Evacuation Pause)
[2023-02-28T14:41:17.594+0900][771.083s] GC(297) Using 10 workers of 10 for evacuation
[2023-02-28T14:41:17.595+0900][771.084s] GC(297) To-space exhausted
[2023-02-28T14:41:17.595+0900][771.084s] GC(297)   Pre Evacuate Collection Set: 0.1ms
[2023-02-28T14:41:17.595+0900][771.084s] GC(297)   Evacuate Collection Set: 0.5ms
[2023-02-28T14:41:17.595+0900][771.084s] GC(297)   Post Evacuate Collection Set: 0.7ms
[2023-02-28T14:41:17.595+0900][771.084s] GC(297)   Other: 0.3ms
[2023-02-28T14:41:17.595+0900][771.084s] GC(297) Eden regions: 1->0(25)
[2023-02-28T14:41:17.595+0900][771.085s] GC(297) Survivor regions: 0->0(4)
[2023-02-28T14:41:17.595+0900][771.085s] GC(297) Old regions: 479->480
[2023-02-28T14:41:17.595+0900][771.085s] GC(297) Humongous regions: 32->32
[2023-02-28T14:41:17.595+0900][771.085s] GC(297) Metaspace: 65161K(66944K)->65161K(66944K) NonClass: 57757K(58880K)->57757K(58880K) Class: 7403K(8064K)->7403K(8064K)
[2023-02-28T14:41:17.595+0900][771.085s] GC(297) Pause Young (Concurrent Start) (G1 Evacuation Pause) 511M->511M(512M) 1.752ms
[2023-02-28T14:41:17.595+0900][771.085s] GC(297) User=0.00s Sys=0.00s Real=0.00s
[2023-02-28T14:41:17.595+0900][771.085s] GC(298) Using 10 workers of 10 for full compaction
[2023-02-28T14:41:17.595+0900][771.085s] GC(299) Concurrent Cycle
[2023-02-28T14:41:17.596+0900][771.085s] GC(299) Concurrent Clear Claimed Marks
[2023-02-28T14:41:17.596+0900][771.085s] GC(299) Concurrent Clear Claimed Marks 0.035ms
[2023-02-28T14:41:17.596+0900][771.085s] GC(299) Concurrent Scan Root Regions
[2023-02-28T14:41:17.596+0900][771.085s] GC(299) Concurrent Scan Root Regions 0.020ms
[2023-02-28T14:41:17.596+0900][771.085s] GC(298) Pause Full (G1 Evacuation Pause)
[2023-02-28T14:41:17.596+0900][771.085s] GC(299) Concurrent Mark (771.085s)
[2023-02-28T14:41:17.596+0900][771.085s] GC(299) Concurrent Mark From Roots
[2023-02-28T14:41:17.596+0900][771.085s] GC(299) Using 3 workers of 3 for marking
[2023-02-28T14:41:17.596+0900][771.086s] GC(298) Phase 1: Mark live objects
[2023-02-28T14:41:17.648+0900][771.138s] GC(298) Cleaned string and symbol table, strings: 31141 processed, 0 removed, symbols: 195635 processed, 0 removed
[2023-02-28T14:41:17.648+0900][771.138s] GC(298) Phase 1: Mark live objects 52.668ms
[2023-02-28T14:41:17.648+0900][771.138s] GC(298) Phase 2: Prepare for compaction
[2023-02-28T14:41:17.679+0900][771.169s] GC(298) Phase 2: Prepare for compaction 30.979ms
[2023-02-28T14:41:17.679+0900][771.169s] GC(298) Phase 3: Adjust pointers
[2023-02-28T14:41:17.713+0900][771.203s] GC(298) Phase 3: Adjust pointers 33.973ms
[2023-02-28T14:41:17.714+0900][771.203s] GC(298) Phase 4: Compact heap
[2023-02-28T14:41:17.743+0900][771.233s] GC(298) Phase 4: Compact heap 29.300ms
[2023-02-28T14:41:17.756+0900][771.246s] GC(298) Eden regions: 0->0(25)
[2023-02-28T14:41:17.756+0900][771.246s] GC(298) Survivor regions: 0->0(4)
[2023-02-28T14:41:17.756+0900][771.246s] GC(298) Old regions: 480->479
[2023-02-28T14:41:17.756+0900][771.246s] GC(298) Humongous regions: 32->32
[2023-02-28T14:41:17.756+0900][771.246s] GC(298) Metaspace: 65161K(66944K)->65161K(66944K) NonClass: 57757K(58880K)->57757K(58880K) Class: 7403K(8064K)->7403K(8064K)
[2023-02-28T14:41:17.756+0900][771.246s] GC(298) Pause Full (G1 Evacuation Pause) 511M->510M(512M) 161.009ms
[2023-02-28T14:41:17.756+0900][771.246s] GC(298) User=1.53s Sys=0.00s Real=0.16s
[2023-02-28T14:41:17.756+0900][771.246s] GC(299) Concurrent Mark From Roots 161.200ms
[2023-02-28T14:41:17.756+0900][771.246s] GC(299) Concurrent Mark Abort
[2023-02-28T14:41:17.756+0900][771.246s] GC(299) Concurrent Cycle 161.495ms
[2023-02-28T14:41:17.758+0900][771.248s] GC(300) Pause Young (Concurrent Start) (G1 Humongous Allocation)
[2023-02-28T14:41:17.758+0900][771.248s] GC(300) Using 10 workers of 10 for evacuation
[2023-02-28T14:41:17.759+0900][771.249s] GC(300) To-space exhausted
[2023-02-28T14:41:17.759+0900][771.249s] GC(300)   Pre Evacuate Collection Set: 0.1ms
[2023-02-28T14:41:17.759+0900][771.249s] GC(300)   Evacuate Collection Set: 0.4ms
[2023-02-28T14:41:17.759+0900][771.249s] GC(300)   Post Evacuate Collection Set: 0.4ms
[2023-02-28T14:41:17.759+0900][771.249s] GC(300)   Other: 0.2ms
[2023-02-28T14:41:17.759+0900][771.249s] GC(300) Eden regions: 1->0(25)
[2023-02-28T14:41:17.759+0900][771.249s] GC(300) Survivor regions: 0->0(4)
[2023-02-28T14:41:17.759+0900][771.249s] GC(300) Old regions: 479->480
[2023-02-28T14:41:17.759+0900][771.249s] GC(300) Humongous regions: 32->32
[2023-02-28T14:41:17.759+0900][771.249s] GC(300) Metaspace: 65162K(66944K)->65162K(66944K) NonClass: 57758K(58880K)->57758K(58880K) Class: 7403K(8064K)->7403K(8064K)
[2023-02-28T14:41:17.759+0900][771.249s] GC(300) Pause Young (Concurrent Start) (G1 Humongous Allocation) 511M->511M(512M) 1.216ms
[2023-02-28T14:41:17.759+0900][771.249s] GC(300) User=0.00s Sys=0.00s Real=0.00s
[2023-02-28T14:41:17.759+0900][771.249s] GC(301) Concurrent Cycle
[2023-02-28T14:41:17.759+0900][771.249s] GC(301) Concurrent Clear Claimed Marks
[2023-02-28T14:41:17.759+0900][771.249s] GC(302) Pause Young (Normal) (G1 Humongous Allocation)
[2023-02-28T14:41:17.759+0900][771.249s] GC(301) Concurrent Clear Claimed Marks 0.034ms
[2023-02-28T14:41:17.759+0900][771.249s] GC(302) Using 10 workers of 10 for evacuation
[2023-02-28T14:41:17.759+0900][771.249s] GC(301) Concurrent Scan Root Regions
[2023-02-28T14:41:17.759+0900][771.249s] GC(301) Concurrent Scan Root Regions 0.044ms
[2023-02-28T14:41:17.759+0900][771.249s] GC(301) Concurrent Mark (771.249s)
[2023-02-28T14:41:17.759+0900][771.249s] GC(301) Concurrent Mark From Roots
[2023-02-28T14:41:17.759+0900][771.249s] GC(301) Using 3 workers of 3 for marking
[2023-02-28T14:41:17.760+0900][771.249s] GC(302)   Pre Evacuate Collection Set: 0.0ms
[2023-02-28T14:41:17.760+0900][771.249s] GC(302)   Evacuate Collection Set: 0.2ms
[2023-02-28T14:41:17.760+0900][771.249s] GC(302)   Post Evacuate Collection Set: 0.0ms
[2023-02-28T14:41:17.760+0900][771.249s] GC(302)   Other: 0.1ms
[2023-02-28T14:41:17.760+0900][771.249s] GC(302) Eden regions: 0->0(25)
[2023-02-28T14:41:17.760+0900][771.249s] GC(302) Survivor regions: 0->0(4)
[2023-02-28T14:41:17.760+0900][771.249s] GC(302) Old regions: 480->480
[2023-02-28T14:41:17.760+0900][771.249s] GC(302) Humongous regions: 32->32
[2023-02-28T14:41:17.760+0900][771.249s] GC(302) Metaspace: 65162K(66944K)->65162K(66944K) NonClass: 57758K(58880K)->57758K(58880K) Class: 7403K(8064K)->7403K(8064K)
[2023-02-28T14:41:17.760+0900][771.250s] GC(302) Pause Young (Normal) (G1 Humongous Allocation) 511M->511M(512M) 0.525ms
[2023-02-28T14:41:17.760+0900][771.250s] GC(302) User=0.00s Sys=0.00s Real=0.00s
[2023-02-28T14:41:17.760+0900][771.250s] GC(303) Using 10 workers of 10 for full compaction
[2023-02-28T14:41:17.760+0900][771.250s] GC(303) Pause Full (G1 Humongous Allocation)
[2023-02-28T14:41:17.760+0900][771.250s] GC(303) Phase 1: Mark live objects
[2023-02-28T14:41:17.806+0900][771.296s] GC(303) Cleaned string and symbol table, strings: 31141 processed, 0 removed, symbols: 195635 processed, 0 removed
[2023-02-28T14:41:17.807+0900][771.296s] GC(303) Phase 1: Mark live objects 46.088ms
[2023-02-28T14:41:17.807+0900][771.296s] GC(303) Phase 2: Prepare for compaction
[2023-02-28T14:41:17.836+0900][771.326s] GC(303) Phase 2: Prepare for compaction 29.650ms
[2023-02-28T14:41:17.836+0900][771.326s] GC(303) Phase 3: Adjust pointers
[2023-02-28T14:41:17.870+0900][771.360s] GC(303) Phase 3: Adjust pointers 33.675ms
[2023-02-28T14:41:17.870+0900][771.360s] GC(303) Phase 4: Compact heap
[2023-02-28T14:41:17.898+0900][771.387s] GC(303) Phase 4: Compact heap 27.427ms
[2023-02-28T14:41:17.909+0900][771.398s] GC(303) Eden regions: 0->0(25)
[2023-02-28T14:41:17.909+0900][771.398s] GC(303) Survivor regions: 0->0(4)
[2023-02-28T14:41:17.909+0900][771.398s] GC(303) Old regions: 480->479
[2023-02-28T14:41:17.909+0900][771.399s] GC(303) Humongous regions: 32->32
[2023-02-28T14:41:17.909+0900][771.399s] GC(303) Metaspace: 65162K(66944K)->65162K(66944K) NonClass: 57758K(58880K)->57758K(58880K) Class: 7403K(8064K)->7403K(8064K)
[2023-02-28T14:41:17.909+0900][771.399s] GC(303) Pause Full (G1 Humongous Allocation) 511M->510M(512M) 148.887ms
[2023-02-28T14:41:17.909+0900][771.399s] GC(303) User=1.53s Sys=0.00s Real=0.15s
[2023-02-28T14:41:17.909+0900][771.399s] GC(301) Concurrent Mark From Roots 149.649ms
[2023-02-28T14:41:17.909+0900][771.399s] GC(304) Pause Young (Normal) (G1 Evacuation Pause)
[2023-02-28T14:41:17.910+0900][771.399s] GC(304) Using 10 workers of 10 for evacuation
[2023-02-28T14:41:17.910+0900][771.399s] GC(304)   Pre Evacuate Collection Set: 0.0ms
[2023-02-28T14:41:17.910+0900][771.399s] GC(304)   Evacuate Collection Set: 0.1ms
[2023-02-28T14:41:17.910+0900][771.399s] GC(304)   Post Evacuate Collection Set: 0.0ms
[2023-02-28T14:41:17.910+0900][771.399s] GC(304)   Other: 0.1ms
[2023-02-28T14:41:17.910+0900][771.399s] GC(304) Eden regions: 0->0(25)
[2023-02-28T14:41:17.910+0900][771.399s] GC(304) Survivor regions: 0->0(4)
[2023-02-28T14:41:17.910+0900][771.399s] GC(304) Old regions: 479->479
[2023-02-28T14:41:17.910+0900][771.399s] GC(304) Humongous regions: 33->33
[2023-02-28T14:41:17.910+0900][771.399s] GC(304) Metaspace: 65162K(66944K)->65162K(66944K) NonClass: 57758K(58880K)->57758K(58880K) Class: 7403K(8064K)->7403K(8064K)
[2023-02-28T14:41:17.910+0900][771.399s] GC(304) Pause Young (Normal) (G1 Evacuation Pause) 511M->511M(512M) 0.466ms
[2023-02-28T14:41:17.910+0900][771.399s] GC(304) User=0.00s Sys=0.00s Real=0.00s
[2023-02-28T14:41:17.910+0900][771.399s] GC(305) Using 10 workers of 10 for full compaction
[2023-02-28T14:41:17.910+0900][771.399s] GC(305) Pause Full (G1 Evacuation Pause)
[2023-02-28T14:41:17.910+0900][771.400s] GC(305) Phase 1: Mark live objects
[2023-02-28T14:41:17.955+0900][771.444s] GC(305) Cleaned string and symbol table, strings: 31141 processed, 0 removed, symbols: 195635 processed, 0 removed
[2023-02-28T14:41:17.955+0900][771.444s] GC(305) Phase 1: Mark live objects 44.313ms
[2023-02-28T14:41:17.955+0900][771.444s] GC(305) Phase 2: Prepare for compaction
[2023-02-28T14:41:17.982+0900][771.472s] GC(305) Phase 2: Prepare for compaction 27.395ms
[2023-02-28T14:41:17.982+0900][771.472s] GC(305) Phase 3: Adjust pointers
[2023-02-28T14:41:18.014+0900][771.504s] GC(305) Phase 3: Adjust pointers 32.550ms
[2023-02-28T14:41:18.014+0900][771.504s] GC(305) Phase 4: Compact heap
[2023-02-28T14:41:18.042+0900][771.532s] GC(305) Phase 4: Compact heap 27.914ms
[2023-02-28T14:41:18.054+0900][771.544s] GC(305) Eden regions: 0->0(25)
[2023-02-28T14:41:18.054+0900][771.544s] GC(305) Survivor regions: 0->0(4)
[2023-02-28T14:41:18.054+0900][771.544s] GC(305) Old regions: 479->479
[2023-02-28T14:41:18.054+0900][771.544s] GC(305) Humongous regions: 33->33
[2023-02-28T14:41:18.054+0900][771.544s] GC(305) Metaspace: 65162K(66944K)->65162K(66944K) NonClass: 57758K(58880K)->57758K(58880K) Class: 7403K(8064K)->7403K(8064K)
[2023-02-28T14:41:18.054+0900][771.544s] GC(305) Pause Full (G1 Evacuation Pause) 511M->511M(512M) 144.708ms
[2023-02-28T14:41:18.054+0900][771.544s] GC(305) User=1.25s Sys=0.02s Real=0.14s
[2023-02-28T14:41:18.054+0900][771.544s] GC(306) Using 10 workers of 10 for full compaction
[2023-02-28T14:41:18.055+0900][771.545s] GC(306) Pause Full (G1 Evacuation Pause)
[2023-02-28T14:41:18.055+0900][771.545s] GC(306) Phase 1: Mark live objects
[2023-02-28T14:41:18.099+0900][771.589s] GC(306) Cleaned string and symbol table, strings: 31141 processed, 0 removed, symbols: 195635 processed, 0 removed
[2023-02-28T14:41:18.099+0900][771.589s] GC(306) Phase 1: Mark live objects 44.343ms
[2023-02-28T14:41:18.099+0900][771.589s] GC(306) Phase 2: Prepare for compaction
[2023-02-28T14:41:18.129+0900][771.619s] GC(306) Phase 2: Prepare for compaction 29.722ms
[2023-02-28T14:41:18.129+0900][771.619s] GC(306) Phase 3: Adjust pointers
[2023-02-28T14:41:18.162+0900][771.652s] GC(306) Phase 3: Adjust pointers 33.095ms
[2023-02-28T14:41:18.162+0900][771.652s] GC(306) Phase 4: Compact heap
[2023-02-28T14:41:18.189+0900][771.679s] GC(306) Phase 4: Compact heap 26.425ms
[2023-02-28T14:41:18.200+0900][771.690s] GC(306) Eden regions: 0->0(25)
[2023-02-28T14:41:18.200+0900][771.690s] GC(306) Survivor regions: 0->0(4)
[2023-02-28T14:41:18.200+0900][771.690s] GC(306) Old regions: 479->479
[2023-02-28T14:41:18.200+0900][771.690s] GC(306) Humongous regions: 33->33
[2023-02-28T14:41:18.200+0900][771.690s] GC(306) Metaspace: 65162K(66944K)->65162K(66944K) NonClass: 57758K(58880K)->57758K(58880K) Class: 7403K(8064K)->7403K(8064K)
[2023-02-28T14:41:18.200+0900][771.690s] GC(306) Pause Full (G1 Evacuation Pause) 511M->511M(512M) 145.260ms
[2023-02-28T14:41:18.200+0900][771.690s] GC(306) User=1.42s Sys=0.00s Real=0.15s
[2023-02-28T14:41:18.200+0900][771.690s] GC(301) Concurrent Mark Abort
[2023-02-28T14:41:18.200+0900][771.690s] GC(301) Concurrent Cycle 441.113ms
[2023-02-28T14:41:18.201+0900][771.690s] GC(307) Pause Young (Normal) (G1 Evacuation Pause)
[2023-02-28T14:41:18.201+0900][771.690s] GC(307) Using 10 workers of 10 for evacuation
[2023-02-28T14:41:18.201+0900][771.691s] GC(307)   Pre Evacuate Collection Set: 0.0ms
[2023-02-28T14:41:18.201+0900][771.691s] GC(307)   Evacuate Collection Set: 0.3ms
[2023-02-28T14:41:18.201+0900][771.691s] GC(307)   Post Evacuate Collection Set: 0.1ms
[2023-02-28T14:41:18.201+0900][771.691s] GC(307)   Other: 0.2ms
[2023-02-28T14:41:18.201+0900][771.691s] GC(307) Eden regions: 0->0(25)
[2023-02-28T14:41:18.201+0900][771.691s] GC(307) Survivor regions: 0->0(4)
[2023-02-28T14:41:18.201+0900][771.691s] GC(307) Old regions: 479->479
[2023-02-28T14:41:18.201+0900][771.691s] GC(307) Humongous regions: 33->33
[2023-02-28T14:41:18.201+0900][771.691s] GC(307) Metaspace: 65162K(66944K)->65162K(66944K) NonClass: 57758K(58880K)->57758K(58880K) Class: 7403K(8064K)->7403K(8064K)
[2023-02-28T14:41:18.201+0900][771.691s] GC(307) Pause Young (Normal) (G1 Evacuation Pause) 511M->511M(512M) 0.851ms
[2023-02-28T14:41:18.201+0900][771.691s] GC(307) User=0.00s Sys=0.00s Real=0.00s
[2023-02-28T14:41:18.201+0900][771.691s] GC(308) Using 10 workers of 10 for full compaction
[2023-02-28T14:41:18.202+0900][771.691s] GC(308) Pause Full (G1 Evacuation Pause)
[2023-02-28T14:41:18.202+0900][771.691s] GC(308) Phase 1: Mark live objects
[2023-02-28T14:41:18.247+0900][771.736s] GC(308) Cleaned string and symbol table, strings: 31141 processed, 0 removed, symbols: 195635 processed, 0 removed
[2023-02-28T14:41:18.247+0900][771.737s] GC(308) Phase 1: Mark live objects 45.015ms
[2023-02-28T14:41:18.247+0900][771.737s] GC(308) Phase 2: Prepare for compaction
[2023-02-28T14:41:18.278+0900][771.767s] GC(308) Phase 2: Prepare for compaction 30.755ms
[2023-02-28T14:41:18.278+0900][771.767s] GC(308) Phase 3: Adjust pointers
[2023-02-28T14:41:18.315+0900][771.804s] GC(308) Phase 3: Adjust pointers 37.052ms
[2023-02-28T14:41:18.315+0900][771.804s] GC(308) Phase 4: Compact heap
[2023-02-28T14:41:18.344+0900][771.833s] GC(308) Phase 4: Compact heap 28.915ms
[2023-02-28T14:41:18.357+0900][771.846s] GC(308) Eden regions: 0->0(25)
[2023-02-28T14:41:18.357+0900][771.846s] GC(308) Survivor regions: 0->0(4)
[2023-02-28T14:41:18.357+0900][771.846s] GC(308) Old regions: 479->479
[2023-02-28T14:41:18.357+0900][771.846s] GC(308) Humongous regions: 33->33
[2023-02-28T14:41:18.357+0900][771.846s] GC(308) Metaspace: 65162K(66944K)->65162K(66944K) NonClass: 57758K(58880K)->57758K(58880K) Class: 7403K(8064K)->7403K(8064K)
[2023-02-28T14:41:18.357+0900][771.846s] GC(308) Pause Full (G1 Evacuation Pause) 511M->511M(512M) 154.787ms
[2023-02-28T14:41:18.357+0900][771.846s] GC(308) User=1.25s Sys=0.02s Real=0.16s
[2023-02-28T14:41:18.357+0900][771.846s] GC(309) Using 10 workers of 10 for full compaction
[2023-02-28T14:41:18.357+0900][771.846s] GC(309) Pause Full (G1 Evacuation Pause)
[2023-02-28T14:41:18.357+0900][771.847s] GC(309) Phase 1: Mark live objects
[2023-02-28T14:41:18.400+0900][771.890s] GC(309) Cleaned string and symbol table, strings: 31141 processed, 0 removed, symbols: 195635 processed, 0 removed
[2023-02-28T14:41:18.400+0900][771.890s] GC(309) Phase 1: Mark live objects 43.568ms
[2023-02-28T14:41:18.400+0900][771.890s] GC(309) Phase 2: Prepare for compaction
[2023-02-28T14:41:18.431+0900][771.921s] GC(309) Phase 2: Prepare for compaction 30.961ms
[2023-02-28T14:41:18.431+0900][771.921s] GC(309) Phase 3: Adjust pointers
[2023-02-28T14:41:18.480+0900][771.969s] GC(309) Phase 3: Adjust pointers 48.234ms
[2023-02-28T14:41:18.480+0900][771.970s] GC(309) Phase 4: Compact heap
[2023-02-28T14:41:18.516+0900][772.006s] GC(309) Phase 4: Compact heap 36.482ms
[2023-02-28T14:41:18.532+0900][772.022s] GC(309) Eden regions: 0->0(25)
[2023-02-28T14:41:18.532+0900][772.022s] GC(309) Survivor regions: 0->0(4)
[2023-02-28T14:41:18.532+0900][772.022s] GC(309) Old regions: 479->479
[2023-02-28T14:41:18.532+0900][772.022s] GC(309) Humongous regions: 33->33
[2023-02-28T14:41:18.532+0900][772.022s] GC(309) Metaspace: 65162K(66944K)->65162K(66944K) NonClass: 57758K(58880K)->57758K(58880K) Class: 7403K(8064K)->7403K(8064K)
[2023-02-28T14:41:18.532+0900][772.022s] GC(309) Pause Full (G1 Evacuation Pause) 511M->511M(512M) 175.523ms
[2023-02-28T14:41:18.532+0900][772.022s] GC(309) User=1.58s Sys=0.00s Real=0.17s
[2023-02-28T14:41:18.533+0900][772.022s] GC(310) Pause Young (Concurrent Start) (G1 Evacuation Pause)
[2023-02-28T14:41:18.533+0900][772.022s] GC(310) Using 10 workers of 10 for evacuation
[2023-02-28T14:41:18.533+0900][772.023s] GC(310)   Pre Evacuate Collection Set: 0.1ms
[2023-02-28T14:41:18.533+0900][772.023s] GC(310)   Evacuate Collection Set: 0.4ms
[2023-02-28T14:41:18.533+0900][772.023s] GC(310)   Post Evacuate Collection Set: 0.1ms
[2023-02-28T14:41:18.533+0900][772.023s] GC(310)   Other: 0.2ms
[2023-02-28T14:41:18.533+0900][772.023s] GC(310) Eden regions: 0->0(25)
[2023-02-28T14:41:18.533+0900][772.023s] GC(310) Survivor regions: 0->0(4)
[2023-02-28T14:41:18.533+0900][772.023s] GC(310) Old regions: 479->479
[2023-02-28T14:41:18.533+0900][772.023s] GC(310) Humongous regions: 33->33
[2023-02-28T14:41:18.534+0900][772.023s] GC(310) Metaspace: 65162K(66944K)->65162K(66944K) NonClass: 57758K(58880K)->57758K(58880K) Class: 7403K(8064K)->7403K(8064K)
[2023-02-28T14:41:18.534+0900][772.023s] GC(310) Pause Young (Concurrent Start) (G1 Evacuation Pause) 511M->511M(512M) 0.972ms
[2023-02-28T14:41:18.534+0900][772.023s] GC(310) User=0.00s Sys=0.00s Real=0.00s
[2023-02-28T14:41:18.534+0900][772.023s] GC(311) Using 10 workers of 10 for full compaction
[2023-02-28T14:41:18.534+0900][772.023s] GC(312) Concurrent Cycle
[2023-02-28T14:41:18.534+0900][772.023s] GC(312) Concurrent Clear Claimed Marks
[2023-02-28T14:41:18.534+0900][772.023s] GC(312) Concurrent Clear Claimed Marks 0.045ms
[2023-02-28T14:41:18.534+0900][772.023s] GC(312) Concurrent Scan Root Regions
[2023-02-28T14:41:18.534+0900][772.023s] GC(311) Pause Full (G1 Evacuation Pause)
[2023-02-28T14:41:18.534+0900][772.024s] GC(312) Concurrent Scan Root Regions 0.031ms
[2023-02-28T14:41:18.534+0900][772.024s] GC(312) Concurrent Mark (772.024s)
[2023-02-28T14:41:18.534+0900][772.024s] GC(312) Concurrent Mark From Roots
[2023-02-28T14:41:18.534+0900][772.024s] GC(312) Using 3 workers of 3 for marking
[2023-02-28T14:41:18.535+0900][772.024s] GC(311) Phase 1: Mark live objects
[2023-02-28T14:41:18.590+0900][772.080s] GC(311) Cleaned string and symbol table, strings: 31141 processed, 0 removed, symbols: 195635 processed, 0 removed
[2023-02-28T14:41:18.591+0900][772.080s] GC(311) Phase 1: Mark live objects 55.717ms
[2023-02-28T14:41:18.591+0900][772.080s] GC(311) Phase 2: Prepare for compaction
[2023-02-28T14:41:18.628+0900][772.118s] GC(311) Phase 2: Prepare for compaction 37.544ms
[2023-02-28T14:41:18.628+0900][772.118s] GC(311) Phase 3: Adjust pointers
[2023-02-28T14:41:18.667+0900][772.156s] GC(311) Phase 3: Adjust pointers 38.217ms
[2023-02-28T14:41:18.667+0900][772.156s] GC(311) Phase 4: Compact heap
[2023-02-28T14:41:18.694+0900][772.184s] GC(311) Phase 4: Compact heap 27.653ms
[2023-02-28T14:41:18.706+0900][772.195s] GC(311) Eden regions: 0->0(25)
[2023-02-28T14:41:18.706+0900][772.195s] GC(311) Survivor regions: 0->0(4)
[2023-02-28T14:41:18.706+0900][772.195s] GC(311) Old regions: 479->479
[2023-02-28T14:41:18.706+0900][772.195s] GC(311) Humongous regions: 33->33
[2023-02-28T14:41:18.706+0900][772.195s] GC(311) Metaspace: 65162K(66944K)->65162K(66944K) NonClass: 57758K(58880K)->57758K(58880K) Class: 7403K(8064K)->7403K(8064K)
[2023-02-28T14:41:18.706+0900][772.195s] GC(311) Pause Full (G1 Evacuation Pause) 511M->511M(512M) 171.580ms
[2023-02-28T14:41:18.706+0900][772.195s] GC(311) User=1.56s Sys=0.00s Real=0.17s
[2023-02-28T14:41:18.706+0900][772.195s] GC(313) Using 10 workers of 10 for full compaction
[2023-02-28T14:41:18.706+0900][772.195s] GC(313) Pause Full (G1 Evacuation Pause)
[2023-02-28T14:41:18.706+0900][772.196s] GC(313) Phase 1: Mark live objects
[2023-02-28T14:41:18.754+0900][772.245s] GC(313) Cleaned string and symbol table, strings: 31141 processed, 0 removed, symbols: 195635 processed, 0 removed
[2023-02-28T14:41:18.755+0900][772.245s] GC(313) Phase 1: Mark live objects 48.995ms
[2023-02-28T14:41:18.755+0900][772.245s] GC(313) Phase 2: Prepare for compaction
[2023-02-28T14:41:18.786+0900][772.276s] GC(313) Phase 2: Prepare for compaction 31.154ms
[2023-02-28T14:41:18.786+0900][772.276s] GC(313) Phase 3: Adjust pointers
[2023-02-28T14:41:18.821+0900][772.311s] GC(313) Phase 3: Adjust pointers 35.271ms
[2023-02-28T14:41:18.821+0900][772.311s] GC(313) Phase 4: Compact heap
[2023-02-28T14:41:18.850+0900][772.340s] GC(313) Phase 4: Compact heap 28.797ms
[2023-02-28T14:41:18.861+0900][772.351s] GC(313) Eden regions: 0->0(25)
[2023-02-28T14:41:18.861+0900][772.351s] GC(313) Survivor regions: 0->0(4)
[2023-02-28T14:41:18.861+0900][772.351s] GC(313) Old regions: 479->479
[2023-02-28T14:41:18.861+0900][772.351s] GC(313) Humongous regions: 33->33
[2023-02-28T14:41:18.861+0900][772.351s] GC(313) Metaspace: 65162K(66944K)->65162K(66944K) NonClass: 57758K(58880K)->57758K(58880K) Class: 7403K(8064K)->7403K(8064K)
[2023-02-28T14:41:18.861+0900][772.351s] GC(313) Pause Full (G1 Evacuation Pause) 511M->511M(512M) 155.355ms
[2023-02-28T14:41:18.861+0900][772.351s] GC(313) User=1.53s Sys=0.00s Real=0.15s
[2023-02-28T14:41:18.861+0900][772.351s] GC(312) Concurrent Mark From Roots 327.411ms
[2023-02-28T14:41:18.861+0900][772.351s] GC(314) Pause Young (Normal) (G1 Evacuation Pause)
[2023-02-28T14:41:18.861+0900][772.351s] GC(314) Using 10 workers of 10 for evacuation
[2023-02-28T14:41:18.862+0900][772.351s] GC(314)   Pre Evacuate Collection Set: 0.0ms
[2023-02-28T14:41:18.862+0900][772.351s] GC(314)   Evacuate Collection Set: 0.1ms
[2023-02-28T14:41:18.862+0900][772.351s] GC(314)   Post Evacuate Collection Set: 0.1ms
[2023-02-28T14:41:18.862+0900][772.351s] GC(314)   Other: 0.1ms
[2023-02-28T14:41:18.862+0900][772.351s] GC(314) Eden regions: 0->0(25)
[2023-02-28T14:41:18.862+0900][772.351s] GC(314) Survivor regions: 0->0(4)
[2023-02-28T14:41:18.862+0900][772.352s] GC(314) Old regions: 479->479
[2023-02-28T14:41:18.862+0900][772.352s] GC(314) Humongous regions: 33->33
[2023-02-28T14:41:18.862+0900][772.352s] GC(314) Metaspace: 65162K(66944K)->65162K(66944K) NonClass: 57758K(58880K)->57758K(58880K) Class: 7403K(8064K)->7403K(8064K)
[2023-02-28T14:41:18.862+0900][772.352s] GC(314) Pause Young (Normal) (G1 Evacuation Pause) 511M->511M(512M) 0.460ms
[2023-02-28T14:41:18.862+0900][772.352s] GC(314) User=0.00s Sys=0.00s Real=0.00s
[2023-02-28T14:41:18.862+0900][772.352s] GC(315) Using 10 workers of 10 for full compaction
[2023-02-28T14:41:18.862+0900][772.352s] GC(315) Pause Full (G1 Evacuation Pause)
[2023-02-28T14:41:18.862+0900][772.352s] GC(315) Phase 1: Mark live objects
[2023-02-28T14:41:18.909+0900][772.399s] GC(315) Cleaned string and symbol table, strings: 31141 processed, 0 removed, symbols: 195635 processed, 0 removed
[2023-02-28T14:41:18.909+0900][772.399s] GC(315) Phase 1: Mark live objects 46.935ms
[2023-02-28T14:41:18.909+0900][772.399s] GC(315) Phase 2: Prepare for compaction
[2023-02-28T14:41:18.939+0900][772.428s] GC(315) Phase 2: Prepare for compaction 29.233ms
[2023-02-28T14:41:18.939+0900][772.428s] GC(315) Phase 3: Adjust pointers
[2023-02-28T14:41:18.973+0900][772.463s] GC(315) Phase 3: Adjust pointers 34.269ms
[2023-02-28T14:41:18.973+0900][772.463s] GC(315) Phase 4: Compact heap
[2023-02-28T14:41:18.998+0900][772.487s] GC(315) Phase 4: Compact heap 24.631ms
[2023-02-28T14:41:19.010+0900][772.499s] GC(315) Eden regions: 0->0(25)
[2023-02-28T14:41:19.010+0900][772.499s] GC(315) Survivor regions: 0->0(4)
[2023-02-28T14:41:19.010+0900][772.499s] GC(315) Old regions: 479->479
[2023-02-28T14:41:19.010+0900][772.499s] GC(315) Humongous regions: 33->33
[2023-02-28T14:41:19.010+0900][772.499s] GC(315) Metaspace: 65162K(66944K)->65162K(66944K) NonClass: 57758K(58880K)->57758K(58880K) Class: 7403K(8064K)->7403K(8064K)
[2023-02-28T14:41:19.010+0900][772.499s] GC(315) Pause Full (G1 Evacuation Pause) 511M->511M(512M) 147.385ms
[2023-02-28T14:41:19.010+0900][772.499s] GC(315) User=1.25s Sys=0.00s Real=0.15s
[2023-02-28T14:41:19.010+0900][772.499s] GC(316) Using 10 workers of 10 for full compaction
[2023-02-28T14:41:19.010+0900][772.499s] GC(316) Pause Full (G1 Evacuation Pause)
[2023-02-28T14:41:19.010+0900][772.500s] GC(316) Phase 1: Mark live objects
[2023-02-28T14:41:19.055+0900][772.544s] GC(316) Cleaned string and symbol table, strings: 31141 processed, 0 removed, symbols: 195635 processed, 0 removed
[2023-02-28T14:41:19.055+0900][772.544s] GC(316) Phase 1: Mark live objects 44.420ms
[2023-02-28T14:41:19.055+0900][772.544s] GC(316) Phase 2: Prepare for compaction
[2023-02-28T14:41:19.082+0900][772.571s] GC(316) Phase 2: Prepare for compaction 27.166ms
[2023-02-28T14:41:19.082+0900][772.571s] GC(316) Phase 3: Adjust pointers
[2023-02-28T14:41:19.131+0900][772.621s] GC(316) Phase 3: Adjust pointers 49.362ms
[2023-02-28T14:41:19.131+0900][772.621s] GC(316) Phase 4: Compact heap
[2023-02-28T14:41:19.168+0900][772.658s] GC(316) Phase 4: Compact heap 36.787ms
[2023-02-28T14:41:19.179+0900][772.669s] GC(316) Eden regions: 0->0(25)
[2023-02-28T14:41:19.179+0900][772.669s] GC(316) Survivor regions: 0->0(4)
[2023-02-28T14:41:19.179+0900][772.669s] GC(316) Old regions: 479->479
[2023-02-28T14:41:19.179+0900][772.669s] GC(316) Humongous regions: 33->33
[2023-02-28T14:41:19.179+0900][772.669s] GC(316) Metaspace: 65162K(66944K)->65162K(66944K) NonClass: 57758K(58880K)->57758K(58880K) Class: 7403K(8064K)->7403K(8064K)
[2023-02-28T14:41:19.179+0900][772.669s] GC(316) Pause Full (G1 Evacuation Pause) 511M->511M(512M) 169.782ms
[2023-02-28T14:41:19.179+0900][772.669s] GC(316) User=1.58s Sys=0.00s Real=0.17s
[2023-02-28T14:41:19.179+0900][772.669s] GC(312) Concurrent Mark Abort
[2023-02-28T14:41:19.180+0900][772.670s] GC(312) Concurrent Cycle 646.181ms
[2023-02-28T14:41:19.180+0900][772.670s] GC(317) Pause Young (Normal) (G1 Evacuation Pause)
[2023-02-28T14:41:19.180+0900][772.670s] GC(317) Using 10 workers of 10 for evacuation
[2023-02-28T14:41:19.180+0900][772.670s] GC(317)   Pre Evacuate Collection Set: 0.0ms
[2023-02-28T14:41:19.180+0900][772.670s] GC(317)   Evacuate Collection Set: 0.2ms
[2023-02-28T14:41:19.180+0900][772.670s] GC(317)   Post Evacuate Collection Set: 0.1ms
[2023-02-28T14:41:19.180+0900][772.670s] GC(317)   Other: 0.1ms
[2023-02-28T14:41:19.180+0900][772.670s] GC(317) Eden regions: 0->0(25)
[2023-02-28T14:41:19.180+0900][772.670s] GC(317) Survivor regions: 0->0(4)
[2023-02-28T14:41:19.180+0900][772.670s] GC(317) Old regions: 479->479
[2023-02-28T14:41:19.180+0900][772.670s] GC(317) Humongous regions: 33->33
[2023-02-28T14:41:19.180+0900][772.670s] GC(317) Metaspace: 65162K(66944K)->65162K(66944K) NonClass: 57759K(58880K)->57759K(58880K) Class: 7403K(8064K)->7403K(8064K)
[2023-02-28T14:41:19.180+0900][772.670s] GC(317) Pause Young (Normal) (G1 Evacuation Pause) 511M->511M(512M) 0.528ms
[2023-02-28T14:41:19.180+0900][772.670s] GC(317) User=0.00s Sys=0.00s Real=0.00s
[2023-02-28T14:41:19.180+0900][772.670s] GC(318) Using 10 workers of 10 for full compaction
[2023-02-28T14:41:19.180+0900][772.670s] GC(318) Pause Full (G1 Evacuation Pause)
[2023-02-28T14:41:19.181+0900][772.671s] GC(318) Phase 1: Mark live objects
[2023-02-28T14:41:19.225+0900][772.715s] GC(318) Cleaned string and symbol table, strings: 31141 processed, 0 removed, symbols: 195635 processed, 0 removed
[2023-02-28T14:41:19.225+0900][772.715s] GC(318) Phase 1: Mark live objects 44.670ms
[2023-02-28T14:41:19.225+0900][772.715s] GC(318) Phase 2: Prepare for compaction
[2023-02-28T14:41:19.254+0900][772.743s] GC(318) Phase 2: Prepare for compaction 28.246ms
[2023-02-28T14:41:19.254+0900][772.744s] GC(318) Phase 3: Adjust pointers
[2023-02-28T14:41:19.288+0900][772.778s] GC(318) Phase 3: Adjust pointers 34.334ms
[2023-02-28T14:41:19.288+0900][772.778s] GC(318) Phase 4: Compact heap
[2023-02-28T14:41:19.313+0900][772.803s] GC(318) Phase 4: Compact heap 25.065ms
[2023-02-28T14:41:19.324+0900][772.814s] GC(318) Eden regions: 0->0(25)
[2023-02-28T14:41:19.324+0900][772.814s] GC(318) Survivor regions: 0->0(4)
[2023-02-28T14:41:19.324+0900][772.814s] GC(318) Old regions: 479->479
[2023-02-28T14:41:19.324+0900][772.814s] GC(318) Humongous regions: 33->33
[2023-02-28T14:41:19.324+0900][772.814s] GC(318) Metaspace: 65162K(66944K)->65162K(66944K) NonClass: 57759K(58880K)->57759K(58880K) Class: 7403K(8064K)->7403K(8064K)
[2023-02-28T14:41:19.324+0900][772.814s] GC(318) Pause Full (G1 Evacuation Pause) 511M->511M(512M) 143.749ms
[2023-02-28T14:41:19.325+0900][772.814s] GC(318) User=1.39s Sys=0.00s Real=0.14s
[2023-02-28T14:41:19.325+0900][772.814s] GC(319) Using 10 workers of 10 for full compaction
[2023-02-28T14:41:19.325+0900][772.814s] GC(319) Pause Full (G1 Evacuation Pause)
[2023-02-28T14:41:19.325+0900][772.815s] GC(319) Phase 1: Mark live objects
[2023-02-28T14:41:19.370+0900][772.859s] GC(319) Cleaned string and symbol table, strings: 31141 processed, 0 removed, symbols: 195635 processed, 0 removed
[2023-02-28T14:41:19.370+0900][772.859s] GC(319) Phase 1: Mark live objects 44.732ms
[2023-02-28T14:41:19.370+0900][772.859s] GC(319) Phase 2: Prepare for compaction
[2023-02-28T14:41:19.397+0900][772.886s] GC(319) Phase 2: Prepare for compaction 26.663ms
[2023-02-28T14:41:19.397+0900][772.886s] GC(319) Phase 3: Adjust pointers
[2023-02-28T14:41:19.429+0900][772.919s] GC(319) Phase 3: Adjust pointers 32.689ms
[2023-02-28T14:41:19.430+0900][772.919s] GC(319) Phase 4: Compact heap
[2023-02-28T14:41:19.455+0900][772.945s] GC(319) Phase 4: Compact heap 25.677ms
[2023-02-28T14:41:19.467+0900][772.956s] GC(319) Eden regions: 0->0(25)
[2023-02-28T14:41:19.467+0900][772.957s] GC(319) Survivor regions: 0->0(4)
[2023-02-28T14:41:19.467+0900][772.957s] GC(319) Old regions: 479->479
[2023-02-28T14:41:19.467+0900][772.957s] GC(319) Humongous regions: 33->33
[2023-02-28T14:41:19.467+0900][772.957s] GC(319) Metaspace: 65162K(66944K)->65162K(66944K) NonClass: 57759K(58880K)->57759K(58880K) Class: 7403K(8064K)->7403K(8064K)
[2023-02-28T14:41:19.467+0900][772.957s] GC(319) Pause Full (G1 Evacuation Pause) 511M->511M(512M) 142.311ms
[2023-02-28T14:41:19.468+0900][772.957s] GC(319) User=1.27s Sys=0.00s Real=0.14s
[2023-02-28T14:41:19.468+0900][772.957s] GC(320) Pause Young (Concurrent Start) (G1 Evacuation Pause)
[2023-02-28T14:41:19.468+0900][772.957s] GC(320) Using 10 workers of 10 for evacuation
[2023-02-28T14:41:19.468+0900][772.958s] GC(320)   Pre Evacuate Collection Set: 0.1ms
[2023-02-28T14:41:19.468+0900][772.958s] GC(320)   Evacuate Collection Set: 0.4ms
[2023-02-28T14:41:19.468+0900][772.958s] GC(320)   Post Evacuate Collection Set: 0.1ms
[2023-02-28T14:41:19.469+0900][772.958s] GC(320)   Other: 0.1ms
[2023-02-28T14:41:19.469+0900][772.958s] GC(320) Eden regions: 0->0(25)
[2023-02-28T14:41:19.469+0900][772.958s] GC(320) Survivor regions: 0->0(4)
[2023-02-28T14:41:19.469+0900][772.958s] GC(320) Old regions: 479->479
[2023-02-28T14:41:19.469+0900][772.958s] GC(320) Humongous regions: 33->33
[2023-02-28T14:41:19.469+0900][772.958s] GC(320) Metaspace: 65162K(66944K)->65162K(66944K) NonClass: 57759K(58880K)->57759K(58880K) Class: 7403K(8064K)->7403K(8064K)
[2023-02-28T14:41:19.469+0900][772.958s] GC(320) Pause Young (Concurrent Start) (G1 Evacuation Pause) 511M->511M(512M) 0.815ms
[2023-02-28T14:41:19.469+0900][772.958s] GC(320) User=0.00s Sys=0.00s Real=0.00s
[2023-02-28T14:41:19.469+0900][772.958s] GC(321) Using 10 workers of 10 for full compaction
[2023-02-28T14:41:19.469+0900][772.958s] GC(322) Concurrent Cycle
[2023-02-28T14:41:19.469+0900][772.958s] GC(322) Concurrent Clear Claimed Marks
[2023-02-28T14:41:19.469+0900][772.958s] GC(322) Concurrent Clear Claimed Marks 0.033ms
[2023-02-28T14:41:19.469+0900][772.958s] GC(321) Pause Full (G1 Evacuation Pause)
[2023-02-28T14:41:19.469+0900][772.958s] GC(322) Concurrent Scan Root Regions
[2023-02-28T14:41:19.469+0900][772.958s] GC(322) Concurrent Scan Root Regions 0.046ms
[2023-02-28T14:41:19.469+0900][772.958s] GC(322) Concurrent Mark (772.958s)
[2023-02-28T14:41:19.469+0900][772.958s] GC(322) Concurrent Mark From Roots
[2023-02-28T14:41:19.469+0900][772.958s] GC(322) Using 3 workers of 3 for marking
[2023-02-28T14:41:19.469+0900][772.959s] GC(321) Phase 1: Mark live objects
[2023-02-28T14:41:19.513+0900][773.003s] GC(321) Cleaned string and symbol table, strings: 31141 processed, 0 removed, symbols: 195635 processed, 0 removed
[2023-02-28T14:41:19.513+0900][773.003s] GC(321) Phase 1: Mark live objects 44.928ms
[2023-02-28T14:41:19.513+0900][773.003s] GC(321) Phase 2: Prepare for compaction
[2023-02-28T14:41:19.543+0900][773.033s] GC(321) Phase 2: Prepare for compaction 29.111ms
[2023-02-28T14:41:19.543+0900][773.033s] GC(321) Phase 3: Adjust pointers
[2023-02-28T14:41:19.584+0900][773.074s] GC(321) Phase 3: Adjust pointers 41.117ms
[2023-02-28T14:41:19.584+0900][773.074s] GC(321) Phase 4: Compact heap
[2023-02-28T14:41:19.619+0900][773.108s] GC(321) Phase 4: Compact heap 34.584ms
[2023-02-28T14:41:19.632+0900][773.122s] GC(321) Eden regions: 0->0(25)
[2023-02-28T14:41:19.632+0900][773.122s] GC(321) Survivor regions: 0->0(4)
[2023-02-28T14:41:19.632+0900][773.122s] GC(321) Old regions: 479->479
[2023-02-28T14:41:19.633+0900][773.122s] GC(321) Humongous regions: 33->33
[2023-02-28T14:41:19.633+0900][773.122s] GC(321) Metaspace: 65162K(66944K)->65162K(66944K) NonClass: 57759K(58880K)->57759K(58880K) Class: 7403K(8064K)->7403K(8064K)
[2023-02-28T14:41:19.633+0900][773.122s] GC(321) Pause Full (G1 Evacuation Pause) 511M->511M(512M) 164.356ms
[2023-02-28T14:41:19.633+0900][773.123s] GC(321) User=1.41s Sys=0.00s Real=0.16s
[2023-02-28T14:41:19.633+0900][773.123s] GC(323) Using 10 workers of 10 for full compaction
[2023-02-28T14:41:19.633+0900][773.123s] GC(323) Pause Full (G1 Evacuation Pause)
[2023-02-28T14:41:19.633+0900][773.123s] GC(323) Phase 1: Mark live objects
[2023-02-28T14:41:19.683+0900][773.172s] GC(323) Cleaned string and symbol table, strings: 31141 processed, 0 removed, symbols: 195635 processed, 0 removed
[2023-02-28T14:41:19.683+0900][773.172s] GC(323) Phase 1: Mark live objects 49.415ms
[2023-02-28T14:41:19.683+0900][773.172s] GC(323) Phase 2: Prepare for compaction
[2023-02-28T14:41:19.713+0900][773.203s] GC(323) Phase 2: Prepare for compaction 30.487ms
[2023-02-28T14:41:19.713+0900][773.203s] GC(323) Phase 3: Adjust pointers
[2023-02-28T14:41:19.748+0900][773.238s] GC(323) Phase 3: Adjust pointers 34.745ms
[2023-02-28T14:41:19.748+0900][773.238s] GC(323) Phase 4: Compact heap
[2023-02-28T14:41:19.780+0900][773.269s] GC(323) Phase 4: Compact heap 31.311ms
[2023-02-28T14:41:19.792+0900][773.281s] GC(323) Eden regions: 0->0(25)
[2023-02-28T14:41:19.792+0900][773.282s] GC(323) Survivor regions: 0->0(4)
[2023-02-28T14:41:19.792+0900][773.282s] GC(323) Old regions: 479->479
[2023-02-28T14:41:19.792+0900][773.282s] GC(323) Humongous regions: 33->33
[2023-02-28T14:41:19.792+0900][773.282s] GC(323) Metaspace: 65162K(66944K)->65162K(66944K) NonClass: 57759K(58880K)->57759K(58880K) Class: 7403K(8064K)->7403K(8064K)
[2023-02-28T14:41:19.792+0900][773.282s] GC(323) Pause Full (G1 Evacuation Pause) 511M->511M(512M) 158.933ms
[2023-02-28T14:41:19.793+0900][773.282s] GC(323) User=1.42s Sys=0.00s Real=0.16s
[2023-02-28T14:41:19.793+0900][773.282s] GC(322) Concurrent Mark From Roots 323.815ms
[2023-02-28T14:41:19.793+0900][773.282s] GC(324) Pause Young (Normal) (G1 Evacuation Pause)
[2023-02-28T14:41:19.793+0900][773.282s] GC(324) Using 10 workers of 10 for evacuation
[2023-02-28T14:41:19.793+0900][773.282s] GC(324)   Pre Evacuate Collection Set: 0.0ms
[2023-02-28T14:41:19.793+0900][773.282s] GC(324)   Evacuate Collection Set: 0.2ms
[2023-02-28T14:41:19.793+0900][773.282s] GC(324)   Post Evacuate Collection Set: 0.1ms
[2023-02-28T14:41:19.793+0900][773.282s] GC(324)   Other: 0.1ms
[2023-02-28T14:41:19.793+0900][773.282s] GC(324) Eden regions: 0->0(25)
[2023-02-28T14:41:19.793+0900][773.282s] GC(324) Survivor regions: 0->0(4)
[2023-02-28T14:41:19.793+0900][773.283s] GC(324) Old regions: 479->479
[2023-02-28T14:41:19.793+0900][773.283s] GC(324) Humongous regions: 33->33
[2023-02-28T14:41:19.793+0900][773.283s] GC(324) Metaspace: 65162K(66944K)->65162K(66944K) NonClass: 57759K(58880K)->57759K(58880K) Class: 7403K(8064K)->7403K(8064K)
[2023-02-28T14:41:19.793+0900][773.283s] GC(324) Pause Young (Normal) (G1 Evacuation Pause) 511M->511M(512M) 0.614ms
[2023-02-28T14:41:19.793+0900][773.283s] GC(324) User=0.00s Sys=0.00s Real=0.00s
[2023-02-28T14:41:19.793+0900][773.283s] GC(325) Using 10 workers of 10 for full compaction
[2023-02-28T14:41:19.793+0900][773.283s] GC(325) Pause Full (G1 Evacuation Pause)
[2023-02-28T14:41:19.794+0900][773.283s] GC(325) Phase 1: Mark live objects
[2023-02-28T14:41:19.844+0900][773.333s] GC(325) Cleaned string and symbol table, strings: 31141 processed, 0 removed, symbols: 195635 processed, 0 removed
[2023-02-28T14:41:19.844+0900][773.333s] GC(325) Phase 1: Mark live objects 49.858ms
[2023-02-28T14:41:19.844+0900][773.333s] GC(325) Phase 2: Prepare for compaction
[2023-02-28T14:41:19.874+0900][773.365s] GC(325) Phase 2: Prepare for compaction 31.627ms
[2023-02-28T14:41:19.875+0900][773.365s] GC(325) Phase 3: Adjust pointers
[2023-02-28T14:41:19.909+0900][773.399s] GC(325) Phase 3: Adjust pointers 34.299ms
[2023-02-28T14:41:19.909+0900][773.399s] GC(325) Phase 4: Compact heap
[2023-02-28T14:41:19.934+0900][773.424s] GC(325) Phase 4: Compact heap 25.242ms
[2023-02-28T14:41:19.946+0900][773.436s] GC(325) Eden regions: 0->0(25)
[2023-02-28T14:41:19.946+0900][773.436s] GC(325) Survivor regions: 0->0(4)
[2023-02-28T14:41:19.946+0900][773.436s] GC(325) Old regions: 479->479
[2023-02-28T14:41:19.946+0900][773.436s] GC(325) Humongous regions: 33->33
[2023-02-28T14:41:19.946+0900][773.436s] GC(325) Metaspace: 65162K(66944K)->65162K(66944K) NonClass: 57759K(58880K)->57759K(58880K) Class: 7403K(8064K)->7403K(8064K)
[2023-02-28T14:41:19.946+0900][773.436s] GC(325) Pause Full (G1 Evacuation Pause) 511M->511M(512M) 153.135ms
[2023-02-28T14:41:19.946+0900][773.436s] GC(325) User=1.28s Sys=0.00s Real=0.15s
[2023-02-28T14:41:19.946+0900][773.436s] GC(326) Using 10 workers of 10 for full compaction
[2023-02-28T14:41:19.946+0900][773.436s] GC(326) Pause Full (G1 Evacuation Pause)
[2023-02-28T14:41:19.947+0900][773.437s] GC(326) Phase 1: Mark live objects
[2023-02-28T14:41:19.991+0900][773.481s] GC(326) Cleaned string and symbol table, strings: 31141 processed, 0 removed, symbols: 195635 processed, 0 removed
[2023-02-28T14:41:19.991+0900][773.481s] GC(326) Phase 1: Mark live objects 44.571ms
[2023-02-28T14:41:19.991+0900][773.481s] GC(326) Phase 2: Prepare for compaction
[2023-02-28T14:41:20.019+0900][773.509s] GC(326) Phase 2: Prepare for compaction 27.466ms
[2023-02-28T14:41:20.019+0900][773.509s] GC(326) Phase 3: Adjust pointers
[2023-02-28T14:41:20.054+0900][773.544s] GC(326) Phase 3: Adjust pointers 35.270ms
[2023-02-28T14:41:20.055+0900][773.544s] GC(326) Phase 4: Compact heap
[2023-02-28T14:41:20.083+0900][773.573s] GC(326) Phase 4: Compact heap 28.795ms
[2023-02-28T14:41:20.096+0900][773.586s] GC(326) Eden regions: 0->0(25)
[2023-02-28T14:41:20.096+0900][773.586s] GC(326) Survivor regions: 0->0(4)
[2023-02-28T14:41:20.096+0900][773.586s] GC(326) Old regions: 479->479
[2023-02-28T14:41:20.096+0900][773.586s] GC(326) Humongous regions: 33->33
[2023-02-28T14:41:20.096+0900][773.586s] GC(326) Metaspace: 65162K(66944K)->65162K(66944K) NonClass: 57759K(58880K)->57759K(58880K) Class: 7403K(8064K)->7403K(8064K)
[2023-02-28T14:41:20.096+0900][773.586s] GC(326) Pause Full (G1 Evacuation Pause) 511M->511M(512M) 149.653ms
[2023-02-28T14:41:20.097+0900][773.586s] GC(326) User=1.47s Sys=0.00s Real=0.15s
[2023-02-28T14:41:20.097+0900][773.586s] GC(322) Concurrent Mark Abort
[2023-02-28T14:41:20.097+0900][773.586s] GC(322) Concurrent Cycle 628.362ms
[2023-02-28T14:41:20.097+0900][773.586s] GC(327) Pause Young (Normal) (G1 Evacuation Pause)
[2023-02-28T14:41:20.097+0900][773.586s] GC(327) Using 10 workers of 10 for evacuation
[2023-02-28T14:41:20.097+0900][773.587s] GC(327)   Pre Evacuate Collection Set: 0.0ms
[2023-02-28T14:41:20.097+0900][773.587s] GC(327)   Evacuate Collection Set: 0.2ms
[2023-02-28T14:41:20.097+0900][773.587s] GC(327)   Post Evacuate Collection Set: 0.1ms
[2023-02-28T14:41:20.097+0900][773.587s] GC(327)   Other: 0.1ms
[2023-02-28T14:41:20.097+0900][773.587s] GC(327) Eden regions: 0->0(25)
[2023-02-28T14:41:20.097+0900][773.587s] GC(327) Survivor regions: 0->0(4)
[2023-02-28T14:41:20.097+0900][773.587s] GC(327) Old regions: 479->479
[2023-02-28T14:41:20.097+0900][773.587s] GC(327) Humongous regions: 33->33
[2023-02-28T14:41:20.097+0900][773.587s] GC(327) Metaspace: 65162K(66944K)->65162K(66944K) NonClass: 57759K(58880K)->57759K(58880K) Class: 7403K(8064K)->7403K(8064K)
[2023-02-28T14:41:20.097+0900][773.587s] GC(327) Pause Young (Normal) (G1 Evacuation Pause) 511M->511M(512M) 0.568ms
[2023-02-28T14:41:20.097+0900][773.587s] GC(327) User=0.00s Sys=0.00s Real=0.00s
[2023-02-28T14:41:20.097+0900][773.587s] GC(328) Using 10 workers of 10 for full compaction
[2023-02-28T14:41:20.098+0900][773.587s] GC(328) Pause Full (G1 Evacuation Pause)
[2023-02-28T14:41:20.098+0900][773.587s] GC(328) Phase 1: Mark live objects
[2023-02-28T14:41:20.143+0900][773.633s] GC(328) Cleaned string and symbol table, strings: 31141 processed, 0 removed, symbols: 195635 processed, 0 removed
[2023-02-28T14:41:20.143+0900][773.633s] GC(328) Phase 1: Mark live objects 45.517ms
[2023-02-28T14:41:20.143+0900][773.633s] GC(328) Phase 2: Prepare for compaction
[2023-02-28T14:41:20.171+0900][773.661s] GC(328) Phase 2: Prepare for compaction 27.836ms
[2023-02-28T14:41:20.171+0900][773.661s] GC(328) Phase 3: Adjust pointers
[2023-02-28T14:41:20.205+0900][773.694s] GC(328) Phase 3: Adjust pointers 33.622ms
[2023-02-28T14:41:20.205+0900][773.695s] GC(328) Phase 4: Compact heap
[2023-02-28T14:41:20.231+0900][773.720s] GC(328) Phase 4: Compact heap 25.347ms
[2023-02-28T14:41:20.241+0900][773.731s] GC(328) Eden regions: 0->0(25)
[2023-02-28T14:41:20.241+0900][773.731s] GC(328) Survivor regions: 0->0(4)
[2023-02-28T14:41:20.241+0900][773.731s] GC(328) Old regions: 479->479
[2023-02-28T14:41:20.241+0900][773.731s] GC(328) Humongous regions: 33->33
[2023-02-28T14:41:20.241+0900][773.731s] GC(328) Metaspace: 65162K(66944K)->65162K(66944K) NonClass: 57759K(58880K)->57759K(58880K) Class: 7403K(8064K)->7403K(8064K)
[2023-02-28T14:41:20.241+0900][773.731s] GC(328) Pause Full (G1 Evacuation Pause) 511M->511M(512M) 143.955ms
[2023-02-28T14:41:20.241+0900][773.731s] GC(328) User=1.39s Sys=0.00s Real=0.14s
[2023-02-28T14:41:20.241+0900][773.731s] GC(329) Using 10 workers of 10 for full compaction
[2023-02-28T14:41:20.241+0900][773.731s] GC(329) Pause Full (G1 Evacuation Pause)
[2023-02-28T14:41:20.242+0900][773.732s] GC(329) Phase 1: Mark live objects
[2023-02-28T14:41:20.306+0900][773.796s] GC(329) Cleaned string and symbol table, strings: 31141 processed, 0 removed, symbols: 195635 processed, 0 removed
[2023-02-28T14:41:20.306+0900][773.796s] GC(329) Phase 1: Mark live objects 64.635ms
[2023-02-28T14:41:20.306+0900][773.796s] GC(329) Phase 2: Prepare for compaction
[2023-02-28T14:41:20.345+0900][773.835s] GC(329) Phase 2: Prepare for compaction 38.217ms
[2023-02-28T14:41:20.345+0900][773.835s] GC(329) Phase 3: Adjust pointers
[2023-02-28T14:41:20.381+0900][773.871s] GC(329) Phase 3: Adjust pointers 36.265ms
[2023-02-28T14:41:20.381+0900][773.871s] GC(329) Phase 4: Compact heap
[2023-02-28T14:41:20.409+0900][773.899s] GC(329) Phase 4: Compact heap 27.867ms
[2023-02-28T14:41:20.421+0900][773.910s] GC(329) Eden regions: 0->0(25)
[2023-02-28T14:41:20.421+0900][773.910s] GC(329) Survivor regions: 0->0(4)
[2023-02-28T14:41:20.421+0900][773.910s] GC(329) Old regions: 479->479
[2023-02-28T14:41:20.421+0900][773.910s] GC(329) Humongous regions: 33->33
[2023-02-28T14:41:20.421+0900][773.910s] GC(329) Metaspace: 65162K(66944K)->65162K(66944K) NonClass: 57759K(58880K)->57759K(58880K) Class: 7403K(8064K)->7403K(8064K)
[2023-02-28T14:41:20.421+0900][773.910s] GC(329) Pause Full (G1 Evacuation Pause) 511M->511M(512M) 179.096ms
[2023-02-28T14:41:20.421+0900][773.911s] GC(329) User=1.70s Sys=0.00s Real=0.18s
[2023-02-28T14:41:20.421+0900][773.911s] GC(330) Pause Young (Concurrent Start) (G1 Evacuation Pause)
[2023-02-28T14:41:20.421+0900][773.911s] GC(330) Using 10 workers of 10 for evacuation
[2023-02-28T14:41:20.422+0900][773.911s] GC(330)   Pre Evacuate Collection Set: 0.1ms
[2023-02-28T14:41:20.422+0900][773.911s] GC(330)   Evacuate Collection Set: 0.4ms
[2023-02-28T14:41:20.422+0900][773.911s] GC(330)   Post Evacuate Collection Set: 0.1ms
[2023-02-28T14:41:20.422+0900][773.911s] GC(330)   Other: 0.1ms
[2023-02-28T14:41:20.422+0900][773.911s] GC(330) Eden regions: 0->0(25)
[2023-02-28T14:41:20.422+0900][773.911s] GC(330) Survivor regions: 0->0(4)
[2023-02-28T14:41:20.422+0900][773.912s] GC(330) Old regions: 479->479
[2023-02-28T14:41:20.422+0900][773.912s] GC(330) Humongous regions: 33->33
[2023-02-28T14:41:20.422+0900][773.912s] GC(330) Metaspace: 65162K(66944K)->65162K(66944K) NonClass: 57759K(58880K)->57759K(58880K) Class: 7403K(8064K)->7403K(8064K)
[2023-02-28T14:41:20.422+0900][773.912s] GC(330) Pause Young (Concurrent Start) (G1 Evacuation Pause) 511M->511M(512M) 0.768ms
[2023-02-28T14:41:20.422+0900][773.912s] GC(330) User=0.00s Sys=0.00s Real=0.00s
[2023-02-28T14:41:20.422+0900][773.912s] GC(331) Using 10 workers of 10 for full compaction
[2023-02-28T14:41:20.422+0900][773.912s] GC(332) Concurrent Cycle
[2023-02-28T14:41:20.422+0900][773.912s] GC(332) Concurrent Clear Claimed Marks
[2023-02-28T14:41:20.422+0900][773.912s] GC(332) Concurrent Clear Claimed Marks 0.033ms
[2023-02-28T14:41:20.422+0900][773.912s] GC(331) Pause Full (G1 Evacuation Pause)
[2023-02-28T14:41:20.422+0900][773.912s] GC(332) Concurrent Scan Root Regions
[2023-02-28T14:41:20.422+0900][773.912s] GC(332) Concurrent Scan Root Regions 0.057ms
[2023-02-28T14:41:20.422+0900][773.912s] GC(332) Concurrent Mark (773.912s)
[2023-02-28T14:41:20.422+0900][773.912s] GC(332) Concurrent Mark From Roots
[2023-02-28T14:41:20.422+0900][773.912s] GC(332) Using 3 workers of 3 for marking
[2023-02-28T14:41:20.423+0900][773.912s] GC(331) Phase 1: Mark live objects
[2023-02-28T14:41:20.472+0900][773.962s] GC(331) Cleaned string and symbol table, strings: 31141 processed, 0 removed, symbols: 195635 processed, 0 removed
[2023-02-28T14:41:20.472+0900][773.962s] GC(331) Phase 1: Mark live objects 49.363ms
[2023-02-28T14:41:20.472+0900][773.962s] GC(331) Phase 2: Prepare for compaction
[2023-02-28T14:41:20.501+0900][773.991s] GC(331) Phase 2: Prepare for compaction 29.033ms
[2023-02-28T14:41:20.501+0900][773.991s] GC(331) Phase 3: Adjust pointers
[2023-02-28T14:41:20.535+0900][774.024s] GC(331) Phase 3: Adjust pointers 33.688ms
[2023-02-28T14:41:20.535+0900][774.025s] GC(331) Phase 4: Compact heap
[2023-02-28T14:41:20.561+0900][774.050s] GC(331) Phase 4: Compact heap 25.434ms
[2023-02-28T14:41:20.572+0900][774.062s] GC(331) Eden regions: 0->0(25)
[2023-02-28T14:41:20.572+0900][774.062s] GC(331) Survivor regions: 0->0(4)
[2023-02-28T14:41:20.572+0900][774.062s] GC(331) Old regions: 479->479
[2023-02-28T14:41:20.572+0900][774.062s] GC(331) Humongous regions: 33->33
[2023-02-28T14:41:20.573+0900][774.062s] GC(331) Metaspace: 65162K(66944K)->65162K(66944K) NonClass: 57759K(58880K)->57759K(58880K) Class: 7403K(8064K)->7403K(8064K)
[2023-02-28T14:41:20.573+0900][774.062s] GC(331) Pause Full (G1 Evacuation Pause) 511M->511M(512M) 150.074ms
[2023-02-28T14:41:20.573+0900][774.062s] GC(331) User=1.27s Sys=0.00s Real=0.15s
[2023-02-28T14:41:20.573+0900][774.062s] GC(333) Using 10 workers of 10 for full compaction
[2023-02-28T14:41:20.573+0900][774.062s] GC(333) Pause Full (G1 Evacuation Pause)
[2023-02-28T14:41:20.573+0900][774.062s] GC(333) Phase 1: Mark live objects
[2023-02-28T14:41:20.621+0900][774.111s] GC(333) Cleaned string and symbol table, strings: 31141 processed, 0 removed, symbols: 195635 processed, 0 removed
[2023-02-28T14:41:20.621+0900][774.112s] GC(333) Phase 1: Mark live objects 49.107ms
[2023-02-28T14:41:20.621+0900][774.112s] GC(333) Phase 2: Prepare for compaction
[2023-02-28T14:41:20.649+0900][774.140s] GC(333) Phase 2: Prepare for compaction 27.988ms
[2023-02-28T14:41:20.650+0900][774.140s] GC(333) Phase 3: Adjust pointers
[2023-02-28T14:41:20.683+0900][774.173s] GC(333) Phase 3: Adjust pointers 33.412ms
[2023-02-28T14:41:20.683+0900][774.173s] GC(333) Phase 4: Compact heap
[2023-02-28T14:41:20.709+0900][774.198s] GC(333) Phase 4: Compact heap 25.354ms
[2023-02-28T14:41:20.720+0900][774.210s] GC(333) Eden regions: 0->0(25)
[2023-02-28T14:41:20.720+0900][774.210s] GC(333) Survivor regions: 0->0(4)
[2023-02-28T14:41:20.720+0900][774.210s] GC(333) Old regions: 479->479
[2023-02-28T14:41:20.720+0900][774.210s] GC(333) Humongous regions: 33->33
[2023-02-28T14:41:20.720+0900][774.210s] GC(333) Metaspace: 65162K(66944K)->65162K(66944K) NonClass: 57759K(58880K)->57759K(58880K) Class: 7403K(8064K)->7403K(8064K)
[2023-02-28T14:41:20.720+0900][774.210s] GC(333) Pause Full (G1 Evacuation Pause) 511M->511M(512M) 147.874ms
[2023-02-28T14:41:20.720+0900][774.210s] GC(333) User=1.50s Sys=0.00s Real=0.15s
[2023-02-28T14:41:20.720+0900][774.210s] GC(332) Concurrent Mark From Roots 298.388ms
[2023-02-28T14:41:20.720+0900][774.210s] GC(334) Pause Young (Normal) (G1 Evacuation Pause)
[2023-02-28T14:41:20.721+0900][774.210s] GC(334) Using 10 workers of 10 for evacuation
[2023-02-28T14:41:20.721+0900][774.211s] GC(334)   Pre Evacuate Collection Set: 0.0ms
[2023-02-28T14:41:20.721+0900][774.211s] GC(334)   Evacuate Collection Set: 0.2ms
[2023-02-28T14:41:20.721+0900][774.211s] GC(334)   Post Evacuate Collection Set: 0.1ms
[2023-02-28T14:41:20.721+0900][774.211s] GC(334)   Other: 0.2ms
[2023-02-28T14:41:20.721+0900][774.211s] GC(334) Eden regions: 0->0(25)
[2023-02-28T14:41:20.721+0900][774.211s] GC(334) Survivor regions: 0->0(4)
[2023-02-28T14:41:20.721+0900][774.211s] GC(334) Old regions: 479->479
[2023-02-28T14:41:20.721+0900][774.211s] GC(334) Humongous regions: 33->33
[2023-02-28T14:41:20.721+0900][774.211s] GC(334) Metaspace: 65162K(66944K)->65162K(66944K) NonClass: 57759K(58880K)->57759K(58880K) Class: 7403K(8064K)->7403K(8064K)
[2023-02-28T14:41:20.721+0900][774.211s] GC(334) Pause Young (Normal) (G1 Evacuation Pause) 511M->511M(512M) 0.672ms
[2023-02-28T14:41:20.721+0900][774.211s] GC(334) User=0.00s Sys=0.00s Real=0.00s
[2023-02-28T14:41:20.721+0900][774.211s] GC(335) Using 10 workers of 10 for full compaction
[2023-02-28T14:41:20.721+0900][774.211s] GC(335) Pause Full (G1 Evacuation Pause)
[2023-02-28T14:41:20.722+0900][774.211s] GC(335) Phase 1: Mark live objects
[2023-02-28T14:41:20.766+0900][774.256s] GC(335) Cleaned string and symbol table, strings: 31141 processed, 0 removed, symbols: 195635 processed, 0 removed
[2023-02-28T14:41:20.767+0900][774.256s] GC(335) Phase 1: Mark live objects 44.940ms
[2023-02-28T14:41:20.767+0900][774.256s] GC(335) Phase 2: Prepare for compaction
[2023-02-28T14:41:20.796+0900][774.286s] GC(335) Phase 2: Prepare for compaction 29.192ms
[2023-02-28T14:41:20.796+0900][774.286s] GC(335) Phase 3: Adjust pointers
[2023-02-28T14:41:20.830+0900][774.319s] GC(335) Phase 3: Adjust pointers 33.710ms
[2023-02-28T14:41:20.830+0900][774.320s] GC(335) Phase 4: Compact heap
[2023-02-28T14:41:20.856+0900][774.345s] GC(335) Phase 4: Compact heap 25.561ms
[2023-02-28T14:41:20.868+0900][774.357s] GC(335) Eden regions: 0->0(25)
[2023-02-28T14:41:20.868+0900][774.357s] GC(335) Survivor regions: 0->0(4)
[2023-02-28T14:41:20.868+0900][774.357s] GC(335) Old regions: 479->479
[2023-02-28T14:41:20.868+0900][774.357s] GC(335) Humongous regions: 33->33
[2023-02-28T14:41:20.868+0900][774.357s] GC(335) Metaspace: 65162K(66944K)->65162K(66944K) NonClass: 57759K(58880K)->57759K(58880K) Class: 7403K(8064K)->7403K(8064K)
[2023-02-28T14:41:20.868+0900][774.357s] GC(335) Pause Full (G1 Evacuation Pause) 511M->511M(512M) 146.236ms
[2023-02-28T14:41:20.868+0900][774.358s] GC(335) User=1.27s Sys=0.00s Real=0.15s
[2023-02-28T14:41:20.868+0900][774.358s] GC(336) Using 10 workers of 10 for full compaction
[2023-02-28T14:41:20.868+0900][774.358s] GC(336) Pause Full (G1 Evacuation Pause)
[2023-02-28T14:41:20.869+0900][774.358s] GC(336) Phase 1: Mark live objects
[2023-02-28T14:41:20.916+0900][774.405s] GC(336) Cleaned string and symbol table, strings: 31141 processed, 0 removed, symbols: 195635 processed, 0 removed
[2023-02-28T14:41:20.916+0900][774.406s] GC(336) Phase 1: Mark live objects 47.223ms
[2023-02-28T14:41:20.916+0900][774.406s] GC(336) Phase 2: Prepare for compaction
[2023-02-28T14:41:20.945+0900][774.434s] GC(336) Phase 2: Prepare for compaction 28.446ms
[2023-02-28T14:41:20.945+0900][774.434s] GC(336) Phase 3: Adjust pointers
[2023-02-28T14:41:20.981+0900][774.470s] GC(336) Phase 3: Adjust pointers 36.312ms
[2023-02-28T14:41:20.981+0900][774.470s] GC(336) Phase 4: Compact heap
[2023-02-28T14:41:21.009+0900][774.499s] GC(336) Phase 4: Compact heap 28.992ms
[2023-02-28T14:41:21.021+0900][774.511s] GC(336) Eden regions: 0->0(25)
[2023-02-28T14:41:21.021+0900][774.511s] GC(336) Survivor regions: 0->0(4)
[2023-02-28T14:41:21.021+0900][774.511s] GC(336) Old regions: 479->479
[2023-02-28T14:41:21.021+0900][774.511s] GC(336) Humongous regions: 33->33
[2023-02-28T14:41:21.021+0900][774.511s] GC(336) Metaspace: 65162K(66944K)->65162K(66944K) NonClass: 57759K(58880K)->57759K(58880K) Class: 7403K(8064K)->7403K(8064K)
[2023-02-28T14:41:21.021+0900][774.511s] GC(336) Pause Full (G1 Evacuation Pause) 511M->511M(512M) 153.322ms
[2023-02-28T14:41:21.021+0900][774.511s] GC(336) User=1.53s Sys=0.00s Real=0.15s
[2023-02-28T14:41:21.021+0900][774.511s] GC(332) Concurrent Mark Abort
[2023-02-28T14:41:21.021+0900][774.511s] GC(332) Concurrent Cycle 599.708ms
[2023-02-28T14:41:21.021+0900][774.511s] GC(337) Pause Young (Normal) (G1 Evacuation Pause)
[2023-02-28T14:41:21.021+0900][774.511s] GC(337) Using 10 workers of 10 for evacuation
[2023-02-28T14:41:21.022+0900][774.512s] GC(337)   Pre Evacuate Collection Set: 0.0ms
[2023-02-28T14:41:21.022+0900][774.512s] GC(337)   Evacuate Collection Set: 0.2ms
[2023-02-28T14:41:21.022+0900][774.512s] GC(337)   Post Evacuate Collection Set: 0.1ms
[2023-02-28T14:41:21.022+0900][774.512s] GC(337)   Other: 0.1ms
[2023-02-28T14:41:21.022+0900][774.512s] GC(337) Eden regions: 0->0(25)
[2023-02-28T14:41:21.022+0900][774.512s] GC(337) Survivor regions: 0->0(4)
[2023-02-28T14:41:21.022+0900][774.512s] GC(337) Old regions: 479->479
[2023-02-28T14:41:21.022+0900][774.512s] GC(337) Humongous regions: 33->33
[2023-02-28T14:41:21.022+0900][774.512s] GC(337) Metaspace: 65163K(66944K)->65163K(66944K) NonClass: 57759K(58880K)->57759K(58880K) Class: 7403K(8064K)->7403K(8064K)
[2023-02-28T14:41:21.022+0900][774.512s] GC(337) Pause Young (Normal) (G1 Evacuation Pause) 511M->511M(512M) 0.509ms
[2023-02-28T14:41:21.022+0900][774.512s] GC(337) User=0.00s Sys=0.00s Real=0.00s
[2023-02-28T14:41:21.022+0900][774.512s] GC(338) Using 10 workers of 10 for full compaction
[2023-02-28T14:41:21.022+0900][774.512s] GC(338) Pause Full (G1 Evacuation Pause)
[2023-02-28T14:41:21.022+0900][774.512s] GC(338) Phase 1: Mark live objects
[2023-02-28T14:41:21.068+0900][774.558s] GC(338) Cleaned string and symbol table, strings: 31141 processed, 0 removed, symbols: 195635 processed, 0 removed
[2023-02-28T14:41:21.069+0900][774.558s] GC(338) Phase 1: Mark live objects 46.157ms
[2023-02-28T14:41:21.069+0900][774.558s] GC(338) Phase 2: Prepare for compaction
[2023-02-28T14:41:21.097+0900][774.587s] GC(338) Phase 2: Prepare for compaction 28.235ms
[2023-02-28T14:41:21.097+0900][774.587s] GC(338) Phase 3: Adjust pointers
[2023-02-28T14:41:21.129+0900][774.619s] GC(338) Phase 3: Adjust pointers 32.390ms
[2023-02-28T14:41:21.129+0900][774.619s] GC(338) Phase 4: Compact heap
[2023-02-28T14:41:21.153+0900][774.643s] GC(338) Phase 4: Compact heap 23.684ms
[2023-02-28T14:41:21.164+0900][774.654s] GC(338) Eden regions: 0->0(25)
[2023-02-28T14:41:21.164+0900][774.654s] GC(338) Survivor regions: 0->0(4)
[2023-02-28T14:41:21.164+0900][774.654s] GC(338) Old regions: 479->479
[2023-02-28T14:41:21.164+0900][774.654s] GC(338) Humongous regions: 33->33
[2023-02-28T14:41:21.164+0900][774.654s] GC(338) Metaspace: 65163K(66944K)->65163K(66944K) NonClass: 57759K(58880K)->57759K(58880K) Class: 7403K(8064K)->7403K(8064K)
[2023-02-28T14:41:21.164+0900][774.654s] GC(338) Pause Full (G1 Evacuation Pause) 511M->511M(512M) 141.686ms
[2023-02-28T14:41:21.164+0900][774.654s] GC(338) User=1.27s Sys=0.00s Real=0.14s
[2023-02-28T14:41:21.164+0900][774.654s] GC(339) Using 10 workers of 10 for full compaction
[2023-02-28T14:41:21.164+0900][774.654s] GC(339) Pause Full (G1 Evacuation Pause)
[2023-02-28T14:41:21.165+0900][774.654s] GC(339) Phase 1: Mark live objects
[2023-02-28T14:41:21.209+0900][774.699s] GC(339) Cleaned string and symbol table, strings: 31141 processed, 0 removed, symbols: 195635 processed, 0 removed
[2023-02-28T14:41:21.209+0900][774.699s] GC(339) Phase 1: Mark live objects 44.638ms
[2023-02-28T14:41:21.209+0900][774.699s] GC(339) Phase 2: Prepare for compaction
[2023-02-28T14:41:21.237+0900][774.727s] GC(339) Phase 2: Prepare for compaction 27.810ms
[2023-02-28T14:41:21.237+0900][774.727s] GC(339) Phase 3: Adjust pointers
[2023-02-28T14:41:21.272+0900][774.762s] GC(339) Phase 3: Adjust pointers 34.848ms
[2023-02-28T14:41:21.272+0900][774.762s] GC(339) Phase 4: Compact heap
[2023-02-28T14:41:21.299+0900][774.789s] GC(339) Phase 4: Compact heap 26.811ms
[2023-02-28T14:41:21.312+0900][774.801s] GC(339) Eden regions: 0->0(25)
[2023-02-28T14:41:21.312+0900][774.801s] GC(339) Survivor regions: 0->0(4)
[2023-02-28T14:41:21.312+0900][774.801s] GC(339) Old regions: 479->479
[2023-02-28T14:41:21.312+0900][774.801s] GC(339) Humongous regions: 33->33
[2023-02-28T14:41:21.312+0900][774.801s] GC(339) Metaspace: 65163K(66944K)->65163K(66944K) NonClass: 57759K(58880K)->57759K(58880K) Class: 7403K(8064K)->7403K(8064K)
[2023-02-28T14:41:21.312+0900][774.801s] GC(339) Pause Full (G1 Evacuation Pause) 511M->511M(512M) 147.357ms
[2023-02-28T14:41:21.312+0900][774.802s] GC(339) User=1.41s Sys=0.02s Real=0.15s
[2023-02-28T14:41:21.312+0900][774.802s] GC(340) Pause Young (Concurrent Start) (G1 Evacuation Pause)
[2023-02-28T14:41:21.312+0900][774.802s] GC(340) Using 10 workers of 10 for evacuation
[2023-02-28T14:41:21.313+0900][774.802s] GC(340)   Pre Evacuate Collection Set: 0.1ms
[2023-02-28T14:41:21.313+0900][774.802s] GC(340)   Evacuate Collection Set: 0.3ms
[2023-02-28T14:41:21.313+0900][774.802s] GC(340)   Post Evacuate Collection Set: 0.1ms
[2023-02-28T14:41:21.313+0900][774.802s] GC(340)   Other: 0.1ms
[2023-02-28T14:41:21.313+0900][774.802s] GC(340) Eden regions: 0->0(25)
[2023-02-28T14:41:21.313+0900][774.802s] GC(340) Survivor regions: 0->0(4)
[2023-02-28T14:41:21.313+0900][774.802s] GC(340) Old regions: 479->479
[2023-02-28T14:41:21.313+0900][774.802s] GC(340) Humongous regions: 33->33
[2023-02-28T14:41:21.313+0900][774.802s] GC(340) Metaspace: 65163K(66944K)->65163K(66944K) NonClass: 57759K(58880K)->57759K(58880K) Class: 7403K(8064K)->7403K(8064K)
[2023-02-28T14:41:21.313+0900][774.803s] GC(340) Pause Young (Concurrent Start) (G1 Evacuation Pause) 511M->511M(512M) 0.756ms
[2023-02-28T14:41:21.313+0900][774.803s] GC(340) User=0.00s Sys=0.00s Real=0.00s
[2023-02-28T14:41:21.313+0900][774.803s] GC(341) Using 10 workers of 10 for full compaction
[2023-02-28T14:41:21.313+0900][774.803s] GC(342) Concurrent Cycle
[2023-02-28T14:41:21.313+0900][774.803s] GC(342) Concurrent Clear Claimed Marks
[2023-02-28T14:41:21.313+0900][774.803s] GC(342) Concurrent Clear Claimed Marks 0.034ms
[2023-02-28T14:41:21.313+0900][774.803s] GC(341) Pause Full (G1 Evacuation Pause)
[2023-02-28T14:41:21.313+0900][774.803s] GC(342) Concurrent Scan Root Regions
[2023-02-28T14:41:21.313+0900][774.803s] GC(342) Concurrent Scan Root Regions 0.046ms
[2023-02-28T14:41:21.313+0900][774.803s] GC(342) Concurrent Mark (774.803s)
[2023-02-28T14:41:21.313+0900][774.803s] GC(342) Concurrent Mark From Roots
[2023-02-28T14:41:21.313+0900][774.803s] GC(342) Using 3 workers of 3 for marking
[2023-02-28T14:41:21.314+0900][774.803s] GC(341) Phase 1: Mark live objects
[2023-02-28T14:41:21.359+0900][774.848s] GC(341) Cleaned string and symbol table, strings: 31141 processed, 0 removed, symbols: 195635 processed, 0 removed
[2023-02-28T14:41:21.359+0900][774.848s] GC(341) Phase 1: Mark live objects 45.311ms
[2023-02-28T14:41:21.359+0900][774.848s] GC(341) Phase 2: Prepare for compaction
[2023-02-28T14:41:21.388+0900][774.878s] GC(341) Phase 2: Prepare for compaction 29.731ms
[2023-02-28T14:41:21.388+0900][774.878s] GC(341) Phase 3: Adjust pointers
[2023-02-28T14:41:21.440+0900][774.930s] GC(341) Phase 3: Adjust pointers 51.354ms
[2023-02-28T14:41:21.440+0900][774.930s] GC(341) Phase 4: Compact heap
[2023-02-28T14:41:21.475+0900][774.965s] GC(341) Phase 4: Compact heap 35.289ms
[2023-02-28T14:41:21.487+0900][774.977s] GC(341) Eden regions: 0->0(25)
[2023-02-28T14:41:21.487+0900][774.977s] GC(341) Survivor regions: 0->0(4)
[2023-02-28T14:41:21.487+0900][774.977s] GC(341) Old regions: 479->479
[2023-02-28T14:41:21.487+0900][774.977s] GC(341) Humongous regions: 33->33
[2023-02-28T14:41:21.487+0900][774.977s] GC(341) Metaspace: 65163K(66944K)->65163K(66944K) NonClass: 57759K(58880K)->57759K(58880K) Class: 7403K(8064K)->7403K(8064K)
[2023-02-28T14:41:21.487+0900][774.977s] GC(341) Pause Full (G1 Evacuation Pause) 511M->511M(512M) 174.133ms
[2023-02-28T14:41:21.487+0900][774.977s] GC(341) User=1.59s Sys=0.00s Real=0.17s
[2023-02-28T14:41:21.487+0900][774.977s] GC(343) Using 10 workers of 10 for full compaction
[2023-02-28T14:41:21.487+0900][774.977s] GC(343) Pause Full (G1 Evacuation Pause)
[2023-02-28T14:41:21.488+0900][774.977s] GC(343) Phase 1: Mark live objects
[2023-02-28T14:41:21.538+0900][775.027s] GC(343) Cleaned string and symbol table, strings: 31141 processed, 0 removed, symbols: 195635 processed, 0 removed
[2023-02-28T14:41:21.538+0900][775.028s] GC(343) Phase 1: Mark live objects 50.119ms
[2023-02-28T14:41:21.538+0900][775.028s] GC(343) Phase 2: Prepare for compaction
[2023-02-28T14:41:21.569+0900][775.059s] GC(343) Phase 2: Prepare for compaction 31.147ms
[2023-02-28T14:41:21.569+0900][775.059s] GC(343) Phase 3: Adjust pointers
[2023-02-28T14:41:21.612+0900][775.101s] GC(343) Phase 3: Adjust pointers 42.407ms
[2023-02-28T14:41:21.612+0900][775.101s] GC(343) Phase 4: Compact heap
[2023-02-28T14:41:21.645+0900][775.135s] GC(343) Phase 4: Compact heap 33.467ms
[2023-02-28T14:41:21.658+0900][775.148s] GC(343) Eden regions: 0->0(25)
[2023-02-28T14:41:21.658+0900][775.148s] GC(343) Survivor regions: 0->0(4)
[2023-02-28T14:41:21.658+0900][775.148s] GC(343) Old regions: 479->479
[2023-02-28T14:41:21.658+0900][775.148s] GC(343) Humongous regions: 33->33
[2023-02-28T14:41:21.658+0900][775.148s] GC(343) Metaspace: 65163K(66944K)->65163K(66944K) NonClass: 57759K(58880K)->57759K(58880K) Class: 7403K(8064K)->7403K(8064K)
[2023-02-28T14:41:21.658+0900][775.148s] GC(343) Pause Full (G1 Evacuation Pause) 511M->511M(512M) 170.552ms
[2023-02-28T14:41:21.659+0900][775.148s] GC(343) User=1.66s Sys=0.00s Real=0.17s
[2023-02-28T14:41:21.659+0900][775.148s] GC(342) Concurrent Mark From Roots 345.182ms
[2023-02-28T14:41:21.659+0900][775.148s] GC(344) Pause Young (Normal) (G1 Evacuation Pause)
[2023-02-28T14:41:21.659+0900][775.148s] GC(344) Using 10 workers of 10 for evacuation
[2023-02-28T14:41:21.659+0900][775.148s] GC(344)   Pre Evacuate Collection Set: 0.0ms
[2023-02-28T14:41:21.659+0900][775.148s] GC(344)   Evacuate Collection Set: 0.1ms
[2023-02-28T14:41:21.659+0900][775.148s] GC(344)   Post Evacuate Collection Set: 0.1ms
[2023-02-28T14:41:21.659+0900][775.148s] GC(344)   Other: 0.1ms
[2023-02-28T14:41:21.659+0900][775.148s] GC(344) Eden regions: 0->0(25)
[2023-02-28T14:41:21.659+0900][775.148s] GC(344) Survivor regions: 0->0(4)
[2023-02-28T14:41:21.659+0900][775.148s] GC(344) Old regions: 479->479
[2023-02-28T14:41:21.659+0900][775.148s] GC(344) Humongous regions: 33->33
[2023-02-28T14:41:21.659+0900][775.148s] GC(344) Metaspace: 65163K(66944K)->65163K(66944K) NonClass: 57759K(58880K)->57759K(58880K) Class: 7403K(8064K)->7403K(8064K)
[2023-02-28T14:41:21.659+0900][775.148s] GC(344) Pause Young (Normal) (G1 Evacuation Pause) 511M->511M(512M) 0.467ms
[2023-02-28T14:41:21.659+0900][775.149s] GC(344) User=0.00s Sys=0.00s Real=0.00s
[2023-02-28T14:41:21.659+0900][775.149s] GC(345) Using 10 workers of 10 for full compaction
[2023-02-28T14:41:21.659+0900][775.149s] GC(345) Pause Full (G1 Evacuation Pause)
[2023-02-28T14:41:21.660+0900][775.149s] GC(345) Phase 1: Mark live objects
[2023-02-28T14:41:21.705+0900][775.194s] GC(345) Cleaned string and symbol table, strings: 31141 processed, 0 removed, symbols: 195635 processed, 0 removed
[2023-02-28T14:41:21.705+0900][775.194s] GC(345) Phase 1: Mark live objects 45.526ms
[2023-02-28T14:41:21.705+0900][775.195s] GC(345) Phase 2: Prepare for compaction
[2023-02-28T14:41:21.733+0900][775.223s] GC(345) Phase 2: Prepare for compaction 28.079ms
[2023-02-28T14:41:21.734+0900][775.223s] GC(345) Phase 3: Adjust pointers
[2023-02-28T14:41:21.766+0900][775.256s] GC(345) Phase 3: Adjust pointers 33.269ms
[2023-02-28T14:41:21.766+0900][775.256s] GC(345) Phase 4: Compact heap
[2023-02-28T14:41:21.795+0900][775.285s] GC(345) Phase 4: Compact heap 28.614ms
[2023-02-28T14:41:21.806+0900][775.296s] GC(345) Eden regions: 0->0(25)
[2023-02-28T14:41:21.806+0900][775.296s] GC(345) Survivor regions: 0->0(4)
[2023-02-28T14:41:21.806+0900][775.296s] GC(345) Old regions: 479->479
[2023-02-28T14:41:21.806+0900][775.296s] GC(345) Humongous regions: 33->33
[2023-02-28T14:41:21.806+0900][775.296s] GC(345) Metaspace: 65163K(66944K)->65163K(66944K) NonClass: 57759K(58880K)->57759K(58880K) Class: 7403K(8064K)->7403K(8064K)
[2023-02-28T14:41:21.806+0900][775.296s] GC(345) Pause Full (G1 Evacuation Pause) 511M->511M(512M) 147.429ms
[2023-02-28T14:41:21.806+0900][775.296s] GC(345) User=1.36s Sys=0.00s Real=0.15s
[2023-02-28T14:41:21.806+0900][775.296s] GC(346) Using 10 workers of 10 for full compaction
[2023-02-28T14:41:21.807+0900][775.297s] GC(346) Pause Full (G1 Evacuation Pause)
[2023-02-28T14:41:21.807+0900][775.297s] GC(346) Phase 1: Mark live objects
[2023-02-28T14:41:21.851+0900][775.341s] GC(346) Cleaned string and symbol table, strings: 31141 processed, 0 removed, symbols: 195635 processed, 0 removed
[2023-02-28T14:41:21.851+0900][775.341s] GC(346) Phase 1: Mark live objects 43.949ms
[2023-02-28T14:41:21.851+0900][775.341s] GC(346) Phase 2: Prepare for compaction
[2023-02-28T14:41:21.881+0900][775.371s] GC(346) Phase 2: Prepare for compaction 29.814ms
[2023-02-28T14:41:21.881+0900][775.371s] GC(346) Phase 3: Adjust pointers
[2023-02-28T14:41:21.916+0900][775.406s] GC(346) Phase 3: Adjust pointers 34.848ms
[2023-02-28T14:41:21.916+0900][775.406s] GC(346) Phase 4: Compact heap
[2023-02-28T14:41:21.945+0900][775.435s] GC(346) Phase 4: Compact heap 29.206ms
[2023-02-28T14:41:21.958+0900][775.447s] GC(346) Eden regions: 0->0(25)
[2023-02-28T14:41:21.958+0900][775.447s] GC(346) Survivor regions: 0->0(4)
[2023-02-28T14:41:21.958+0900][775.447s] GC(346) Old regions: 479->479
[2023-02-28T14:41:21.958+0900][775.447s] GC(346) Humongous regions: 33->33
[2023-02-28T14:41:21.958+0900][775.447s] GC(346) Metaspace: 65163K(66944K)->65163K(66944K) NonClass: 57759K(58880K)->57759K(58880K) Class: 7403K(8064K)->7403K(8064K)
[2023-02-28T14:41:21.958+0900][775.447s] GC(346) Pause Full (G1 Evacuation Pause) 511M->511M(512M) 150.756ms
[2023-02-28T14:41:21.958+0900][775.448s] GC(346) User=1.55s Sys=0.00s Real=0.15s
[2023-02-28T14:41:21.958+0900][775.448s] GC(342) Concurrent Mark Abort
[2023-02-28T14:41:21.958+0900][775.448s] GC(342) Concurrent Cycle 645.030ms
[2023-02-28T14:41:21.958+0900][775.448s] GC(347) Pause Young (Normal) (G1 Evacuation Pause)
[2023-02-28T14:41:21.958+0900][775.448s] GC(347) Using 10 workers of 10 for evacuation
[2023-02-28T14:41:21.958+0900][775.448s] GC(347)   Pre Evacuate Collection Set: 0.0ms
[2023-02-28T14:41:21.958+0900][775.448s] GC(347)   Evacuate Collection Set: 0.2ms
[2023-02-28T14:41:21.958+0900][775.448s] GC(347)   Post Evacuate Collection Set: 0.1ms
[2023-02-28T14:41:21.959+0900][775.448s] GC(347)   Other: 0.1ms
[2023-02-28T14:41:21.959+0900][775.448s] GC(347) Eden regions: 0->0(25)
[2023-02-28T14:41:21.959+0900][775.448s] GC(347) Survivor regions: 0->0(4)
[2023-02-28T14:41:21.959+0900][775.448s] GC(347) Old regions: 479->479
[2023-02-28T14:41:21.959+0900][775.448s] GC(347) Humongous regions: 33->33
[2023-02-28T14:41:21.959+0900][775.448s] GC(347) Metaspace: 65163K(66944K)->65163K(66944K) NonClass: 57759K(58880K)->57759K(58880K) Class: 7403K(8064K)->7403K(8064K)
[2023-02-28T14:41:21.959+0900][775.448s] GC(347) Pause Young (Normal) (G1 Evacuation Pause) 511M->511M(512M) 0.547ms
[2023-02-28T14:41:21.959+0900][775.448s] GC(347) User=0.00s Sys=0.00s Real=0.00s
[2023-02-28T14:41:21.959+0900][775.448s] GC(348) Using 10 workers of 10 for full compaction
[2023-02-28T14:41:21.959+0900][775.448s] GC(348) Pause Full (G1 Evacuation Pause)
[2023-02-28T14:41:21.959+0900][775.449s] GC(348) Phase 1: Mark live objects
[2023-02-28T14:41:22.012+0900][775.501s] GC(348) Cleaned string and symbol table, strings: 31141 processed, 0 removed, symbols: 195635 processed, 0 removed
[2023-02-28T14:41:22.012+0900][775.501s] GC(348) Phase 1: Mark live objects 52.425ms
[2023-02-28T14:41:22.012+0900][775.501s] GC(348) Phase 2: Prepare for compaction
[2023-02-28T14:41:22.041+0900][775.531s] GC(348) Phase 2: Prepare for compaction 29.695ms
[2023-02-28T14:41:22.042+0900][775.531s] GC(348) Phase 3: Adjust pointers
[2023-02-28T14:41:22.093+0900][775.582s] GC(348) Phase 3: Adjust pointers 51.483ms
[2023-02-28T14:41:22.093+0900][775.582s] GC(348) Phase 4: Compact heap
[2023-02-28T14:41:22.132+0900][775.622s] GC(348) Phase 4: Compact heap 39.558ms
[2023-02-28T14:41:22.144+0900][775.634s] GC(348) Eden regions: 0->0(25)
[2023-02-28T14:41:22.144+0900][775.634s] GC(348) Survivor regions: 0->0(4)
[2023-02-28T14:41:22.144+0900][775.634s] GC(348) Old regions: 479->479
[2023-02-28T14:41:22.144+0900][775.634s] GC(348) Humongous regions: 33->33
[2023-02-28T14:41:22.144+0900][775.634s] GC(348) Metaspace: 65163K(66944K)->65163K(66944K) NonClass: 57759K(58880K)->57759K(58880K) Class: 7403K(8064K)->7403K(8064K)
[2023-02-28T14:41:22.144+0900][775.634s] GC(348) Pause Full (G1 Evacuation Pause) 511M->511M(512M) 185.937ms
[2023-02-28T14:41:22.144+0900][775.635s] GC(348) User=1.84s Sys=0.00s Real=0.18s
[2023-02-28T14:41:22.144+0900][775.635s] GC(349) Using 10 workers of 10 for full compaction
[2023-02-28T14:41:22.145+0900][775.635s] GC(349) Pause Full (G1 Evacuation Pause)
[2023-02-28T14:41:22.145+0900][775.635s] GC(349) Phase 1: Mark live objects
[2023-02-28T14:41:22.196+0900][775.686s] GC(349) Cleaned string and symbol table, strings: 31141 processed, 0 removed, symbols: 195635 processed, 0 removed
[2023-02-28T14:41:22.196+0900][775.686s] GC(349) Phase 1: Mark live objects 50.890ms
[2023-02-28T14:41:22.196+0900][775.686s] GC(349) Phase 2: Prepare for compaction
[2023-02-28T14:41:22.226+0900][775.715s] GC(349) Phase 2: Prepare for compaction 29.616ms
[2023-02-28T14:41:22.226+0900][775.716s] GC(349) Phase 3: Adjust pointers
[2023-02-28T14:41:22.259+0900][775.748s] GC(349) Phase 3: Adjust pointers 32.790ms
[2023-02-28T14:41:22.259+0900][775.748s] GC(349) Phase 4: Compact heap
[2023-02-28T14:41:22.283+0900][775.773s] GC(349) Phase 4: Compact heap 24.517ms
[2023-02-28T14:41:22.296+0900][775.785s] GC(349) Eden regions: 0->0(25)
[2023-02-28T14:41:22.296+0900][775.785s] GC(349) Survivor regions: 0->0(4)
[2023-02-28T14:41:22.296+0900][775.785s] GC(349) Old regions: 479->479
[2023-02-28T14:41:22.296+0900][775.785s] GC(349) Humongous regions: 33->33
[2023-02-28T14:41:22.296+0900][775.785s] GC(349) Metaspace: 65163K(66944K)->65163K(66944K) NonClass: 57759K(58880K)->57759K(58880K) Class: 7403K(8064K)->7403K(8064K)
[2023-02-28T14:41:22.296+0900][775.786s] GC(349) Pause Full (G1 Evacuation Pause) 511M->511M(512M) 150.859ms
[2023-02-28T14:41:22.296+0900][775.786s] GC(349) User=1.42s Sys=0.00s Real=0.15s
[2023-02-28T14:41:22.296+0900][775.786s] GC(350) Pause Young (Concurrent Start) (G1 Evacuation Pause)
[2023-02-28T14:41:22.296+0900][775.786s] GC(350) Using 10 workers of 10 for evacuation
[2023-02-28T14:41:22.297+0900][775.786s] GC(350)   Pre Evacuate Collection Set: 0.1ms
[2023-02-28T14:41:22.297+0900][775.786s] GC(350)   Evacuate Collection Set: 0.4ms
[2023-02-28T14:41:22.297+0900][775.786s] GC(350)   Post Evacuate Collection Set: 0.1ms
[2023-02-28T14:41:22.297+0900][775.786s] GC(350)   Other: 0.1ms
[2023-02-28T14:41:22.297+0900][775.786s] GC(350) Eden regions: 0->0(25)
[2023-02-28T14:41:22.297+0900][775.787s] GC(350) Survivor regions: 0->0(4)
[2023-02-28T14:41:22.297+0900][775.787s] GC(350) Old regions: 479->479
[2023-02-28T14:41:22.297+0900][775.787s] GC(350) Humongous regions: 33->33
[2023-02-28T14:41:22.297+0900][775.787s] GC(350) Metaspace: 65163K(66944K)->65163K(66944K) NonClass: 57759K(58880K)->57759K(58880K) Class: 7403K(8064K)->7403K(8064K)
[2023-02-28T14:41:22.297+0900][775.787s] GC(350) Pause Young (Concurrent Start) (G1 Evacuation Pause) 511M->511M(512M) 0.851ms
[2023-02-28T14:41:22.297+0900][775.787s] GC(350) User=0.00s Sys=0.00s Real=0.00s
[2023-02-28T14:41:22.297+0900][775.787s] GC(351) Using 10 workers of 10 for full compaction
[2023-02-28T14:41:22.297+0900][775.787s] GC(352) Concurrent Cycle
[2023-02-28T14:41:22.297+0900][775.787s] GC(352) Concurrent Clear Claimed Marks
[2023-02-28T14:41:22.297+0900][775.787s] GC(352) Concurrent Clear Claimed Marks 0.034ms
[2023-02-28T14:41:22.297+0900][775.787s] GC(352) Concurrent Scan Root Regions
[2023-02-28T14:41:22.297+0900][775.787s] GC(352) Concurrent Scan Root Regions 0.020ms
[2023-02-28T14:41:22.297+0900][775.787s] GC(351) Pause Full (G1 Evacuation Pause)
[2023-02-28T14:41:22.297+0900][775.787s] GC(352) Concurrent Mark (775.787s)
[2023-02-28T14:41:22.297+0900][775.787s] GC(352) Concurrent Mark From Roots
[2023-02-28T14:41:22.297+0900][775.787s] GC(352) Using 3 workers of 3 for marking
[2023-02-28T14:41:22.298+0900][775.788s] GC(351) Phase 1: Mark live objects
[2023-02-28T14:41:22.346+0900][775.836s] GC(351) Cleaned string and symbol table, strings: 31141 processed, 0 removed, symbols: 195635 processed, 0 removed
[2023-02-28T14:41:22.346+0900][775.836s] GC(351) Phase 1: Mark live objects 47.766ms
[2023-02-28T14:41:22.346+0900][775.836s] GC(351) Phase 2: Prepare for compaction
[2023-02-28T14:41:22.375+0900][775.865s] GC(351) Phase 2: Prepare for compaction 28.765ms
[2023-02-28T14:41:22.375+0900][775.865s] GC(351) Phase 3: Adjust pointers
[2023-02-28T14:41:22.409+0900][775.899s] GC(351) Phase 3: Adjust pointers 34.067ms
[2023-02-28T14:41:22.409+0900][775.899s] GC(351) Phase 4: Compact heap
[2023-02-28T14:41:22.434+0900][775.923s] GC(351) Phase 4: Compact heap 24.480ms
[2023-02-28T14:41:22.445+0900][775.934s] GC(351) Eden regions: 0->0(25)
[2023-02-28T14:41:22.445+0900][775.934s] GC(351) Survivor regions: 0->0(4)
[2023-02-28T14:41:22.445+0900][775.934s] GC(351) Old regions: 479->479
[2023-02-28T14:41:22.445+0900][775.934s] GC(351) Humongous regions: 33->33
[2023-02-28T14:41:22.445+0900][775.934s] GC(351) Metaspace: 65163K(66944K)->65163K(66944K) NonClass: 57759K(58880K)->57759K(58880K) Class: 7403K(8064K)->7403K(8064K)
[2023-02-28T14:41:22.445+0900][775.934s] GC(351) Pause Full (G1 Evacuation Pause) 511M->511M(512M) 147.550ms
[2023-02-28T14:41:22.445+0900][775.935s] GC(351) User=1.41s Sys=0.00s Real=0.15s
[2023-02-28T14:41:22.445+0900][775.935s] GC(353) Using 10 workers of 10 for full compaction
[2023-02-28T14:41:22.446+0900][775.935s] GC(353) Pause Full (G1 Evacuation Pause)
[2023-02-28T14:41:22.446+0900][775.935s] GC(353) Phase 1: Mark live objects
[2023-02-28T14:41:22.491+0900][775.981s] GC(353) Cleaned string and symbol table, strings: 31141 processed, 0 removed, symbols: 195635 processed, 0 removed
[2023-02-28T14:41:22.491+0900][775.981s] GC(353) Phase 1: Mark live objects 46.098ms
[2023-02-28T14:41:22.491+0900][775.981s] GC(353) Phase 2: Prepare for compaction
[2023-02-28T14:41:22.522+0900][776.012s] GC(353) Phase 2: Prepare for compaction 31.081ms
[2023-02-28T14:41:22.522+0900][776.012s] GC(353) Phase 3: Adjust pointers
[2023-02-28T14:41:22.557+0900][776.047s] GC(353) Phase 3: Adjust pointers 34.943ms
[2023-02-28T14:41:22.557+0900][776.047s] GC(353) Phase 4: Compact heap
[2023-02-28T14:41:22.582+0900][776.072s] GC(353) Phase 4: Compact heap 24.971ms
[2023-02-28T14:41:22.596+0900][776.086s] GC(353) Eden regions: 0->0(25)
[2023-02-28T14:41:22.596+0900][776.086s] GC(353) Survivor regions: 0->0(4)
[2023-02-28T14:41:22.596+0900][776.086s] GC(353) Old regions: 479->479
[2023-02-28T14:41:22.596+0900][776.086s] GC(353) Humongous regions: 33->33
[2023-02-28T14:41:22.596+0900][776.086s] GC(353) Metaspace: 65163K(66944K)->65163K(66944K) NonClass: 57759K(58880K)->57759K(58880K) Class: 7403K(8064K)->7403K(8064K)
[2023-02-28T14:41:22.596+0900][776.086s] GC(353) Pause Full (G1 Evacuation Pause) 511M->511M(512M) 151.176ms
[2023-02-28T14:41:22.596+0900][776.086s] GC(353) User=1.52s Sys=0.00s Real=0.15s
[2023-02-28T14:41:22.596+0900][776.086s] GC(352) Concurrent Mark From Roots 299.321ms
[2023-02-28T14:41:22.597+0900][776.086s] GC(354) Pause Young (Normal) (G1 Evacuation Pause)
[2023-02-28T14:41:22.597+0900][776.086s] GC(354) Using 10 workers of 10 for evacuation
[2023-02-28T14:41:22.597+0900][776.087s] GC(354)   Pre Evacuate Collection Set: 0.0ms
[2023-02-28T14:41:22.597+0900][776.087s] GC(354)   Evacuate Collection Set: 0.2ms
[2023-02-28T14:41:22.597+0900][776.087s] GC(354)   Post Evacuate Collection Set: 0.1ms
[2023-02-28T14:41:22.597+0900][776.087s] GC(354)   Other: 0.1ms
[2023-02-28T14:41:22.597+0900][776.087s] GC(354) Eden regions: 0->0(25)
[2023-02-28T14:41:22.597+0900][776.087s] GC(354) Survivor regions: 0->0(4)
[2023-02-28T14:41:22.597+0900][776.087s] GC(354) Old regions: 479->479
[2023-02-28T14:41:22.597+0900][776.087s] GC(354) Humongous regions: 33->33
[2023-02-28T14:41:22.597+0900][776.087s] GC(354) Metaspace: 65163K(66944K)->65163K(66944K) NonClass: 57759K(58880K)->57759K(58880K) Class: 7403K(8064K)->7403K(8064K)
[2023-02-28T14:41:22.597+0900][776.087s] GC(354) Pause Young (Normal) (G1 Evacuation Pause) 511M->511M(512M) 0.547ms
[2023-02-28T14:41:22.597+0900][776.087s] GC(354) User=0.00s Sys=0.00s Real=0.00s
[2023-02-28T14:41:22.597+0900][776.087s] GC(355) Using 10 workers of 10 for full compaction
[2023-02-28T14:41:22.597+0900][776.087s] GC(355) Pause Full (G1 Evacuation Pause)
[2023-02-28T14:41:22.598+0900][776.087s] GC(355) Phase 1: Mark live objects
[2023-02-28T14:41:22.646+0900][776.136s] GC(355) Cleaned string and symbol table, strings: 31141 processed, 0 removed, symbols: 195635 processed, 0 removed
[2023-02-28T14:41:22.646+0900][776.136s] GC(355) Phase 1: Mark live objects 48.262ms
[2023-02-28T14:41:22.646+0900][776.136s] GC(355) Phase 2: Prepare for compaction
[2023-02-28T14:41:22.674+0900][776.164s] GC(355) Phase 2: Prepare for compaction 28.256ms
[2023-02-28T14:41:22.674+0900][776.164s] GC(355) Phase 3: Adjust pointers
[2023-02-28T14:41:22.708+0900][776.198s] GC(355) Phase 3: Adjust pointers 33.724ms
[2023-02-28T14:41:22.708+0900][776.198s] GC(355) Phase 4: Compact heap
[2023-02-28T14:41:22.732+0900][776.221s] GC(355) Phase 4: Compact heap 23.619ms
[2023-02-28T14:41:22.743+0900][776.233s] GC(355) Eden regions: 0->0(25)
[2023-02-28T14:41:22.743+0900][776.233s] GC(355) Survivor regions: 0->0(4)
[2023-02-28T14:41:22.743+0900][776.233s] GC(355) Old regions: 479->479
[2023-02-28T14:41:22.743+0900][776.233s] GC(355) Humongous regions: 33->33
[2023-02-28T14:41:22.743+0900][776.233s] GC(355) Metaspace: 65163K(66944K)->65163K(66944K) NonClass: 57759K(58880K)->57759K(58880K) Class: 7403K(8064K)->7403K(8064K)
[2023-02-28T14:41:22.743+0900][776.233s] GC(355) Pause Full (G1 Evacuation Pause) 511M->511M(512M) 145.860ms
[2023-02-28T14:41:22.744+0900][776.233s] GC(355) User=1.30s Sys=0.00s Real=0.15s
[2023-02-28T14:41:22.744+0900][776.233s] GC(356) Using 10 workers of 10 for full compaction
[2023-02-28T14:41:22.744+0900][776.233s] GC(356) Pause Full (G1 Evacuation Pause)
[2023-02-28T14:41:22.744+0900][776.233s] GC(356) Phase 1: Mark live objects
[2023-02-28T14:41:22.788+0900][776.277s] GC(356) Cleaned string and symbol table, strings: 31141 processed, 0 removed, symbols: 195635 processed, 0 removed
[2023-02-28T14:41:22.788+0900][776.278s] GC(356) Phase 1: Mark live objects 44.088ms
[2023-02-28T14:41:22.788+0900][776.278s] GC(356) Phase 2: Prepare for compaction
[2023-02-28T14:41:22.816+0900][776.305s] GC(356) Phase 2: Prepare for compaction 27.648ms
[2023-02-28T14:41:22.816+0900][776.305s] GC(356) Phase 3: Adjust pointers
[2023-02-28T14:41:22.849+0900][776.338s] GC(356) Phase 3: Adjust pointers 32.449ms
[2023-02-28T14:41:22.849+0900][776.338s] GC(356) Phase 4: Compact heap
[2023-02-28T14:41:22.872+0900][776.362s] GC(356) Phase 4: Compact heap 23.956ms
[2023-02-28T14:41:22.883+0900][776.373s] GC(356) Eden regions: 0->0(25)
[2023-02-28T14:41:22.883+0900][776.373s] GC(356) Survivor regions: 0->0(4)
[2023-02-28T14:41:22.883+0900][776.373s] GC(356) Old regions: 479->479
[2023-02-28T14:41:22.883+0900][776.373s] GC(356) Humongous regions: 33->33
[2023-02-28T14:41:22.883+0900][776.373s] GC(356) Metaspace: 65163K(66944K)->65163K(66944K) NonClass: 57759K(58880K)->57759K(58880K) Class: 7403K(8064K)->7403K(8064K)
[2023-02-28T14:41:22.883+0900][776.373s] GC(356) Pause Full (G1 Evacuation Pause) 511M->511M(512M) 140.157ms
[2023-02-28T14:41:22.884+0900][776.374s] GC(356) User=1.27s Sys=0.00s Real=0.14s
[2023-02-28T14:41:22.884+0900][776.374s] GC(352) Concurrent Mark Abort
[2023-02-28T14:41:22.884+0900][776.374s] GC(352) Concurrent Cycle 586.942ms
[2023-02-28T14:41:22.884+0900][776.374s] GC(357) Pause Young (Normal) (G1 Evacuation Pause)
[2023-02-28T14:41:22.884+0900][776.374s] GC(357) Using 10 workers of 10 for evacuation
[2023-02-28T14:41:22.884+0900][776.374s] GC(357)   Pre Evacuate Collection Set: 0.0ms
[2023-02-28T14:41:22.884+0900][776.374s] GC(357)   Evacuate Collection Set: 0.2ms
[2023-02-28T14:41:22.884+0900][776.374s] GC(357)   Post Evacuate Collection Set: 0.1ms
[2023-02-28T14:41:22.884+0900][776.374s] GC(357)   Other: 0.1ms
[2023-02-28T14:41:22.884+0900][776.374s] GC(357) Eden regions: 0->0(25)
[2023-02-28T14:41:22.884+0900][776.374s] GC(357) Survivor regions: 0->0(4)
[2023-02-28T14:41:22.884+0900][776.374s] GC(357) Old regions: 479->479
[2023-02-28T14:41:22.884+0900][776.374s] GC(357) Humongous regions: 33->33
[2023-02-28T14:41:22.884+0900][776.374s] GC(357) Metaspace: 65163K(66944K)->65163K(66944K) NonClass: 57759K(58880K)->57759K(58880K) Class: 7403K(8064K)->7403K(8064K)
[2023-02-28T14:41:22.884+0900][776.374s] GC(357) Pause Young (Normal) (G1 Evacuation Pause) 511M->511M(512M) 0.526ms
[2023-02-28T14:41:22.884+0900][776.374s] GC(357) User=0.00s Sys=0.00s Real=0.00s
[2023-02-28T14:41:22.884+0900][776.374s] GC(358) Using 10 workers of 10 for full compaction
[2023-02-28T14:41:22.884+0900][776.374s] GC(358) Pause Full (G1 Evacuation Pause)
[2023-02-28T14:41:22.885+0900][776.375s] GC(358) Phase 1: Mark live objects
[2023-02-28T14:41:22.930+0900][776.420s] GC(358) Cleaned string and symbol table, strings: 31141 processed, 0 removed, symbols: 195635 processed, 0 removed
[2023-02-28T14:41:22.930+0900][776.420s] GC(358) Phase 1: Mark live objects 45.105ms
[2023-02-28T14:41:22.930+0900][776.420s] GC(358) Phase 2: Prepare for compaction
[2023-02-28T14:41:22.957+0900][776.446s] GC(358) Phase 2: Prepare for compaction 26.644ms
[2023-02-28T14:41:22.957+0900][776.447s] GC(358) Phase 3: Adjust pointers
[2023-02-28T14:41:22.990+0900][776.479s] GC(358) Phase 3: Adjust pointers 32.958ms
[2023-02-28T14:41:22.990+0900][776.480s] GC(358) Phase 4: Compact heap
[2023-02-28T14:41:23.020+0900][776.510s] GC(358) Phase 4: Compact heap 30.088ms
[2023-02-28T14:41:23.033+0900][776.523s] GC(358) Eden regions: 0->0(25)
[2023-02-28T14:41:23.034+0900][776.523s] GC(358) Survivor regions: 0->0(4)
[2023-02-28T14:41:23.034+0900][776.523s] GC(358) Old regions: 479->479
[2023-02-28T14:41:23.034+0900][776.523s] GC(358) Humongous regions: 33->33
[2023-02-28T14:41:23.034+0900][776.523s] GC(358) Metaspace: 65163K(66944K)->65163K(66944K) NonClass: 57759K(58880K)->57759K(58880K) Class: 7403K(8064K)->7403K(8064K)
[2023-02-28T14:41:23.034+0900][776.523s] GC(358) Pause Full (G1 Evacuation Pause) 511M->511M(512M) 148.922ms
[2023-02-28T14:41:23.034+0900][776.524s] GC(358) User=1.52s Sys=0.00s Real=0.15s
[2023-02-28T14:41:23.034+0900][776.524s] GC(359) Using 10 workers of 10 for full compaction
[2023-02-28T14:41:23.034+0900][776.524s] GC(359) Pause Full (G1 Evacuation Pause)
[2023-02-28T14:41:23.034+0900][776.524s] GC(359) Phase 1: Mark live objects
[2023-02-28T14:41:23.092+0900][776.581s] GC(359) Cleaned string and symbol table, strings: 31141 processed, 0 removed, symbols: 195635 processed, 0 removed
[2023-02-28T14:41:23.092+0900][776.581s] GC(359) Phase 1: Mark live objects 57.246ms
[2023-02-28T14:41:23.092+0900][776.581s] GC(359) Phase 2: Prepare for compaction
[2023-02-28T14:41:23.124+0900][776.613s] GC(359) Phase 2: Prepare for compaction 31.910ms
[2023-02-28T14:41:23.124+0900][776.613s] GC(359) Phase 3: Adjust pointers
[2023-02-28T14:41:23.160+0900][776.650s] GC(359) Phase 3: Adjust pointers 36.437ms
[2023-02-28T14:41:23.160+0900][776.650s] GC(359) Phase 4: Compact heap
[2023-02-28T14:41:23.185+0900][776.674s] GC(359) Phase 4: Compact heap 24.493ms
[2023-02-28T14:41:23.198+0900][776.687s] GC(359) Eden regions: 0->0(25)
[2023-02-28T14:41:23.198+0900][776.687s] GC(359) Survivor regions: 0->0(4)
[2023-02-28T14:41:23.198+0900][776.687s] GC(359) Old regions: 479->479
[2023-02-28T14:41:23.198+0900][776.687s] GC(359) Humongous regions: 33->33
[2023-02-28T14:41:23.198+0900][776.687s] GC(359) Metaspace: 65163K(66944K)->65163K(66944K) NonClass: 57759K(58880K)->57759K(58880K) Class: 7403K(8064K)->7403K(8064K)
[2023-02-28T14:41:23.198+0900][776.687s] GC(359) Pause Full (G1 Evacuation Pause) 511M->511M(512M) 163.252ms
[2023-02-28T14:41:23.198+0900][776.687s] GC(359) User=1.41s Sys=0.00s Real=0.16s
[2023-02-28T14:41:23.198+0900][776.687s] GC(360) Pause Young (Concurrent Start) (G1 Evacuation Pause)
[2023-02-28T14:41:23.198+0900][776.687s] GC(360) Using 10 workers of 10 for evacuation
[2023-02-28T14:41:23.199+0900][776.688s] GC(360)   Pre Evacuate Collection Set: 0.1ms
[2023-02-28T14:41:23.199+0900][776.688s] GC(360)   Evacuate Collection Set: 0.4ms
[2023-02-28T14:41:23.199+0900][776.688s] GC(360)   Post Evacuate Collection Set: 0.1ms
[2023-02-28T14:41:23.199+0900][776.688s] GC(360)   Other: 0.1ms
[2023-02-28T14:41:23.199+0900][776.688s] GC(360) Eden regions: 0->0(25)
[2023-02-28T14:41:23.199+0900][776.688s] GC(360) Survivor regions: 0->0(4)
[2023-02-28T14:41:23.199+0900][776.688s] GC(360) Old regions: 479->479
[2023-02-28T14:41:23.199+0900][776.688s] GC(360) Humongous regions: 33->33
[2023-02-28T14:41:23.199+0900][776.688s] GC(360) Metaspace: 65163K(66944K)->65163K(66944K) NonClass: 57759K(58880K)->57759K(58880K) Class: 7403K(8064K)->7403K(8064K)
[2023-02-28T14:41:23.199+0900][776.688s] GC(360) Pause Young (Concurrent Start) (G1 Evacuation Pause) 511M->511M(512M) 0.806ms
[2023-02-28T14:41:23.199+0900][776.688s] GC(360) User=0.00s Sys=0.00s Real=0.00s
[2023-02-28T14:41:23.199+0900][776.688s] GC(361) Using 10 workers of 10 for full compaction
[2023-02-28T14:41:23.199+0900][776.688s] GC(362) Concurrent Cycle
[2023-02-28T14:41:23.199+0900][776.688s] GC(362) Concurrent Clear Claimed Marks
[2023-02-28T14:41:23.199+0900][776.688s] GC(362) Concurrent Clear Claimed Marks 0.033ms
[2023-02-28T14:41:23.199+0900][776.688s] GC(361) Pause Full (G1 Evacuation Pause)
[2023-02-28T14:41:23.199+0900][776.688s] GC(362) Concurrent Scan Root Regions
[2023-02-28T14:41:23.199+0900][776.688s] GC(362) Concurrent Scan Root Regions 0.060ms
[2023-02-28T14:41:23.199+0900][776.688s] GC(362) Concurrent Mark (776.688s)
[2023-02-28T14:41:23.199+0900][776.688s] GC(362) Concurrent Mark From Roots
[2023-02-28T14:41:23.199+0900][776.688s] GC(362) Using 3 workers of 3 for marking
[2023-02-28T14:41:23.199+0900][776.689s] GC(361) Phase 1: Mark live objects
[2023-02-28T14:41:23.269+0900][776.759s] GC(361) Cleaned string and symbol table, strings: 31141 processed, 0 removed, symbols: 195635 processed, 0 removed
[2023-02-28T14:41:23.269+0900][776.759s] GC(361) Phase 1: Mark live objects 70.748ms
[2023-02-28T14:41:23.269+0900][776.759s] GC(361) Phase 2: Prepare for compaction
[2023-02-28T14:41:23.305+0900][776.795s] GC(361) Phase 2: Prepare for compaction 35.468ms
[2023-02-28T14:41:23.305+0900][776.795s] GC(361) Phase 3: Adjust pointers
[2023-02-28T14:41:23.341+0900][776.831s] GC(361) Phase 3: Adjust pointers 36.015ms
[2023-02-28T14:41:23.341+0900][776.831s] GC(361) Phase 4: Compact heap
[2023-02-28T14:41:23.365+0900][776.855s] GC(361) Phase 4: Compact heap 23.727ms
[2023-02-28T14:41:23.377+0900][776.867s] GC(361) Eden regions: 0->0(25)
[2023-02-28T14:41:23.377+0900][776.867s] GC(361) Survivor regions: 0->0(4)
[2023-02-28T14:41:23.377+0900][776.867s] GC(361) Old regions: 479->479
[2023-02-28T14:41:23.377+0900][776.867s] GC(361) Humongous regions: 33->33
[2023-02-28T14:41:23.377+0900][776.867s] GC(361) Metaspace: 65163K(66944K)->65163K(66944K) NonClass: 57759K(58880K)->57759K(58880K) Class: 7403K(8064K)->7403K(8064K)
[2023-02-28T14:41:23.377+0900][776.867s] GC(361) Pause Full (G1 Evacuation Pause) 511M->511M(512M) 178.787ms
[2023-02-28T14:41:23.377+0900][776.867s] GC(361) User=1.84s Sys=0.00s Real=0.18s
[2023-02-28T14:41:23.377+0900][776.867s] GC(363) Using 10 workers of 10 for full compaction
[2023-02-28T14:41:23.378+0900][776.867s] GC(363) Pause Full (G1 Evacuation Pause)
[2023-02-28T14:41:23.378+0900][776.868s] GC(363) Phase 1: Mark live objects
[2023-02-28T14:41:23.425+0900][776.915s] GC(363) Cleaned string and symbol table, strings: 31141 processed, 0 removed, symbols: 195635 processed, 0 removed
[2023-02-28T14:41:23.425+0900][776.915s] GC(363) Phase 1: Mark live objects 47.035ms
[2023-02-28T14:41:23.425+0900][776.915s] GC(363) Phase 2: Prepare for compaction
[2023-02-28T14:41:23.453+0900][776.943s] GC(363) Phase 2: Prepare for compaction 28.043ms
[2023-02-28T14:41:23.453+0900][776.943s] GC(363) Phase 3: Adjust pointers
[2023-02-28T14:41:23.488+0900][776.977s] GC(363) Phase 3: Adjust pointers 34.687ms
[2023-02-28T14:41:23.488+0900][776.978s] GC(363) Phase 4: Compact heap
[2023-02-28T14:41:23.517+0900][777.006s] GC(363) Phase 4: Compact heap 28.593ms
[2023-02-28T14:41:23.529+0900][777.019s] GC(363) Eden regions: 0->0(25)
[2023-02-28T14:41:23.529+0900][777.019s] GC(363) Survivor regions: 0->0(4)
[2023-02-28T14:41:23.529+0900][777.019s] GC(363) Old regions: 479->479
[2023-02-28T14:41:23.529+0900][777.019s] GC(363) Humongous regions: 33->33
[2023-02-28T14:41:23.529+0900][777.019s] GC(363) Metaspace: 65163K(66944K)->65163K(66944K) NonClass: 57759K(58880K)->57759K(58880K) Class: 7403K(8064K)->7403K(8064K)
[2023-02-28T14:41:23.529+0900][777.019s] GC(363) Pause Full (G1 Evacuation Pause) 511M->511M(512M) 151.510ms
[2023-02-28T14:41:23.530+0900][777.019s] GC(363) User=1.42s Sys=0.00s Real=0.15s
[2023-02-28T14:41:23.530+0900][777.019s] GC(362) Concurrent Mark From Roots 330.753ms
[2023-02-28T14:41:23.530+0900][777.019s] GC(364) Pause Young (Normal) (G1 Evacuation Pause)
[2023-02-28T14:41:23.530+0900][777.019s] GC(364) Using 10 workers of 10 for evacuation
[2023-02-28T14:41:23.530+0900][777.019s] GC(364)   Pre Evacuate Collection Set: 0.0ms
[2023-02-28T14:41:23.530+0900][777.019s] GC(364)   Evacuate Collection Set: 0.1ms
[2023-02-28T14:41:23.530+0900][777.019s] GC(364)   Post Evacuate Collection Set: 0.1ms
[2023-02-28T14:41:23.530+0900][777.020s] GC(364)   Other: 0.1ms
[2023-02-28T14:41:23.530+0900][777.020s] GC(364) Eden regions: 0->0(25)
[2023-02-28T14:41:23.530+0900][777.020s] GC(364) Survivor regions: 0->0(4)
[2023-02-28T14:41:23.530+0900][777.020s] GC(364) Old regions: 479->479
[2023-02-28T14:41:23.530+0900][777.020s] GC(364) Humongous regions: 33->33
[2023-02-28T14:41:23.530+0900][777.020s] GC(364) Metaspace: 65163K(66944K)->65163K(66944K) NonClass: 57759K(58880K)->57759K(58880K) Class: 7403K(8064K)->7403K(8064K)
[2023-02-28T14:41:23.530+0900][777.020s] GC(364) Pause Young (Normal) (G1 Evacuation Pause) 511M->511M(512M) 0.496ms
[2023-02-28T14:41:23.530+0900][777.020s] GC(364) User=0.00s Sys=0.00s Real=0.00s
[2023-02-28T14:41:23.530+0900][777.020s] GC(365) Using 10 workers of 10 for full compaction
[2023-02-28T14:41:23.530+0900][777.020s] GC(365) Pause Full (G1 Evacuation Pause)
[2023-02-28T14:41:23.531+0900][777.020s] GC(365) Phase 1: Mark live objects
[2023-02-28T14:41:23.577+0900][777.066s] GC(365) Cleaned string and symbol table, strings: 31141 processed, 0 removed, symbols: 195635 processed, 0 removed
[2023-02-28T14:41:23.577+0900][777.067s] GC(365) Phase 1: Mark live objects 46.473ms
[2023-02-28T14:41:23.577+0900][777.067s] GC(365) Phase 2: Prepare for compaction
[2023-02-28T14:41:23.612+0900][777.103s] GC(365) Phase 2: Prepare for compaction 36.041ms
[2023-02-28T14:41:23.613+0900][777.103s] GC(365) Phase 3: Adjust pointers
[2023-02-28T14:41:23.648+0900][777.138s] GC(365) Phase 3: Adjust pointers 34.814ms
[2023-02-28T14:41:23.648+0900][777.138s] GC(365) Phase 4: Compact heap
[2023-02-28T14:41:23.672+0900][777.162s] GC(365) Phase 4: Compact heap 23.849ms
[2023-02-28T14:41:23.683+0900][777.173s] GC(365) Eden regions: 0->0(25)
[2023-02-28T14:41:23.683+0900][777.173s] GC(365) Survivor regions: 0->0(4)
[2023-02-28T14:41:23.683+0900][777.173s] GC(365) Old regions: 479->479
[2023-02-28T14:41:23.683+0900][777.173s] GC(365) Humongous regions: 33->33
[2023-02-28T14:41:23.683+0900][777.173s] GC(365) Metaspace: 65163K(66944K)->65163K(66944K) NonClass: 57759K(58880K)->57759K(58880K) Class: 7403K(8064K)->7403K(8064K)
[2023-02-28T14:41:23.683+0900][777.173s] GC(365) Pause Full (G1 Evacuation Pause) 511M->511M(512M) 153.260ms
[2023-02-28T14:41:23.683+0900][777.173s] GC(365) User=1.41s Sys=0.00s Real=0.15s
[2023-02-28T14:41:23.683+0900][777.173s] GC(366) Using 10 workers of 10 for full compaction
[2023-02-28T14:41:23.683+0900][777.173s] GC(366) Pause Full (G1 Evacuation Pause)
[2023-02-28T14:41:23.684+0900][777.174s] GC(366) Phase 1: Mark live objects
[2023-02-28T14:41:23.729+0900][777.219s] GC(366) Cleaned string and symbol table, strings: 31141 processed, 0 removed, symbols: 195635 processed, 0 removed
[2023-02-28T14:41:23.729+0900][777.219s] GC(366) Phase 1: Mark live objects 45.338ms
[2023-02-28T14:41:23.729+0900][777.219s] GC(366) Phase 2: Prepare for compaction
[2023-02-28T14:41:23.757+0900][777.247s] GC(366) Phase 2: Prepare for compaction 27.596ms
[2023-02-28T14:41:23.757+0900][777.247s] GC(366) Phase 3: Adjust pointers
[2023-02-28T14:41:23.790+0900][777.280s] GC(366) Phase 3: Adjust pointers 33.048ms
[2023-02-28T14:41:23.790+0900][777.280s] GC(366) Phase 4: Compact heap
[2023-02-28T14:41:23.815+0900][777.304s] GC(366) Phase 4: Compact heap 24.650ms
[2023-02-28T14:41:23.826+0900][777.316s] GC(366) Eden regions: 0->0(25)
[2023-02-28T14:41:23.826+0900][777.316s] GC(366) Survivor regions: 0->0(4)
[2023-02-28T14:41:23.826+0900][777.316s] GC(366) Old regions: 479->479
[2023-02-28T14:41:23.826+0900][777.316s] GC(366) Humongous regions: 33->33
[2023-02-28T14:41:23.826+0900][777.316s] GC(366) Metaspace: 65163K(66944K)->65163K(66944K) NonClass: 57759K(58880K)->57759K(58880K) Class: 7403K(8064K)->7403K(8064K)
[2023-02-28T14:41:23.826+0900][777.316s] GC(366) Pause Full (G1 Evacuation Pause) 511M->511M(512M) 142.302ms
[2023-02-28T14:41:23.826+0900][777.316s] GC(366) User=1.27s Sys=0.00s Real=0.14s
[2023-02-28T14:41:23.826+0900][777.316s] GC(362) Concurrent Mark Abort
[2023-02-28T14:41:23.826+0900][777.316s] GC(362) Concurrent Cycle 627.903ms
[2023-02-28T14:41:23.827+0900][777.316s] GC(367) Pause Young (Normal) (G1 Evacuation Pause)
[2023-02-28T14:41:23.827+0900][777.316s] GC(367) Using 10 workers of 10 for evacuation
[2023-02-28T14:41:23.827+0900][777.317s] GC(367)   Pre Evacuate Collection Set: 0.0ms
[2023-02-28T14:41:23.827+0900][777.317s] GC(367)   Evacuate Collection Set: 0.3ms
[2023-02-28T14:41:23.827+0900][777.317s] GC(367)   Post Evacuate Collection Set: 0.1ms
[2023-02-28T14:41:23.827+0900][777.317s] GC(367)   Other: 0.2ms
[2023-02-28T14:41:23.827+0900][777.317s] GC(367) Eden regions: 0->0(25)
[2023-02-28T14:41:23.827+0900][777.317s] GC(367) Survivor regions: 0->0(4)
[2023-02-28T14:41:23.827+0900][777.317s] GC(367) Old regions: 479->479
[2023-02-28T14:41:23.827+0900][777.317s] GC(367) Humongous regions: 33->33
[2023-02-28T14:41:23.827+0900][777.317s] GC(367) Metaspace: 65163K(66944K)->65163K(66944K) NonClass: 57759K(58880K)->57759K(58880K) Class: 7403K(8064K)->7403K(8064K)
[2023-02-28T14:41:23.827+0900][777.317s] GC(367) Pause Young (Normal) (G1 Evacuation Pause) 511M->511M(512M) 0.801ms
[2023-02-28T14:41:23.827+0900][777.317s] GC(367) User=0.00s Sys=0.00s Real=0.00s
[2023-02-28T14:41:23.827+0900][777.317s] GC(368) Using 10 workers of 10 for full compaction
[2023-02-28T14:41:23.827+0900][777.317s] GC(368) Pause Full (G1 Evacuation Pause)
[2023-02-28T14:41:23.828+0900][777.317s] GC(368) Phase 1: Mark live objects
[2023-02-28T14:41:23.871+0900][777.361s] GC(368) Cleaned string and symbol table, strings: 31141 processed, 0 removed, symbols: 195635 processed, 0 removed
[2023-02-28T14:41:23.871+0900][777.361s] GC(368) Phase 1: Mark live objects 43.473ms
[2023-02-28T14:41:23.871+0900][777.361s] GC(368) Phase 2: Prepare for compaction
[2023-02-28T14:41:23.900+0900][777.390s] GC(368) Phase 2: Prepare for compaction 28.931ms
[2023-02-28T14:41:23.900+0900][777.390s] GC(368) Phase 3: Adjust pointers
[2023-02-28T14:41:23.939+0900][777.428s] GC(368) Phase 3: Adjust pointers 38.461ms
[2023-02-28T14:41:23.939+0900][777.428s] GC(368) Phase 4: Compact heap
[2023-02-28T14:41:23.966+0900][777.455s] GC(368) Phase 4: Compact heap 27.104ms
[2023-02-28T14:41:23.980+0900][777.469s] GC(368) Eden regions: 0->0(25)
[2023-02-28T14:41:23.980+0900][777.469s] GC(368) Survivor regions: 0->0(4)
[2023-02-28T14:41:23.980+0900][777.469s] GC(368) Old regions: 479->479
[2023-02-28T14:41:23.980+0900][777.469s] GC(368) Humongous regions: 33->33
[2023-02-28T14:41:23.980+0900][777.469s] GC(368) Metaspace: 65163K(66944K)->65163K(66944K) NonClass: 57759K(58880K)->57759K(58880K) Class: 7403K(8064K)->7403K(8064K)
[2023-02-28T14:41:23.980+0900][777.469s] GC(368) Pause Full (G1 Evacuation Pause) 511M->511M(512M) 152.011ms
[2023-02-28T14:41:23.980+0900][777.469s] GC(368) User=1.27s Sys=0.00s Real=0.15s
[2023-02-28T14:41:23.980+0900][777.469s] GC(369) Using 10 workers of 10 for full compaction
[2023-02-28T14:41:23.980+0900][777.469s] GC(369) Pause Full (G1 Evacuation Pause)
[2023-02-28T14:41:23.981+0900][777.470s] GC(369) Phase 1: Mark live objects
[2023-02-28T14:41:24.029+0900][777.519s] GC(369) Cleaned string and symbol table, strings: 31141 processed, 0 removed, symbols: 195635 processed, 0 removed
[2023-02-28T14:41:24.029+0900][777.519s] GC(369) Phase 1: Mark live objects 49.642ms
[2023-02-28T14:41:24.029+0900][777.519s] GC(369) Phase 2: Prepare for compaction
[2023-02-28T14:41:24.059+0900][777.549s] GC(369) Phase 2: Prepare for compaction 29.925ms
[2023-02-28T14:41:24.059+0900][777.549s] GC(369) Phase 3: Adjust pointers
[2023-02-28T14:41:24.096+0900][777.585s] GC(369) Phase 3: Adjust pointers 36.110ms
[2023-02-28T14:41:24.096+0900][777.585s] GC(369) Phase 4: Compact heap
[2023-02-28T14:41:24.123+0900][777.613s] GC(369) Phase 4: Compact heap 27.592ms
[2023-02-28T14:41:24.136+0900][777.625s] GC(369) Eden regions: 0->0(25)
[2023-02-28T14:41:24.136+0900][777.625s] GC(369) Survivor regions: 0->0(4)
[2023-02-28T14:41:24.136+0900][777.626s] GC(369) Old regions: 479->479
[2023-02-28T14:41:24.136+0900][777.626s] GC(369) Humongous regions: 33->33
[2023-02-28T14:41:24.136+0900][777.626s] GC(369) Metaspace: 65163K(66944K)->65163K(66944K) NonClass: 57759K(58880K)->57759K(58880K) Class: 7403K(8064K)->7403K(8064K)
[2023-02-28T14:41:24.136+0900][777.626s] GC(369) Pause Full (G1 Evacuation Pause) 511M->511M(512M) 156.211ms
[2023-02-28T14:41:24.136+0900][777.626s] GC(369) User=1.27s Sys=0.00s Real=0.16s
[2023-02-28T14:41:24.136+0900][777.626s] GC(370) Pause Young (Concurrent Start) (G1 Evacuation Pause)
[2023-02-28T14:41:24.136+0900][777.626s] GC(370) Using 10 workers of 10 for evacuation
[2023-02-28T14:41:24.137+0900][777.627s] GC(370)   Pre Evacuate Collection Set: 0.1ms
[2023-02-28T14:41:24.137+0900][777.627s] GC(370)   Evacuate Collection Set: 0.4ms
[2023-02-28T14:41:24.137+0900][777.627s] GC(370)   Post Evacuate Collection Set: 0.1ms
[2023-02-28T14:41:24.137+0900][777.627s] GC(370)   Other: 0.1ms
[2023-02-28T14:41:24.137+0900][777.627s] GC(370) Eden regions: 0->0(25)
[2023-02-28T14:41:24.137+0900][777.627s] GC(370) Survivor regions: 0->0(4)
[2023-02-28T14:41:24.137+0900][777.627s] GC(370) Old regions: 479->479
[2023-02-28T14:41:24.137+0900][777.627s] GC(370) Humongous regions: 33->33
[2023-02-28T14:41:24.137+0900][777.627s] GC(370) Metaspace: 65163K(66944K)->65163K(66944K) NonClass: 57759K(58880K)->57759K(58880K) Class: 7403K(8064K)->7403K(8064K)
[2023-02-28T14:41:24.137+0900][777.627s] GC(370) Pause Young (Concurrent Start) (G1 Evacuation Pause) 511M->511M(512M) 0.777ms
[2023-02-28T14:41:24.137+0900][777.627s] GC(370) User=0.02s Sys=0.00s Real=0.00s
[2023-02-28T14:41:24.137+0900][777.627s] GC(371) Using 10 workers of 10 for full compaction
[2023-02-28T14:41:24.137+0900][777.627s] GC(372) Concurrent Cycle
[2023-02-28T14:41:24.137+0900][777.627s] GC(372) Concurrent Clear Claimed Marks
[2023-02-28T14:41:24.137+0900][777.627s] GC(372) Concurrent Clear Claimed Marks 0.034ms
[2023-02-28T14:41:24.137+0900][777.627s] GC(371) Pause Full (G1 Evacuation Pause)
[2023-02-28T14:41:24.137+0900][777.627s] GC(372) Concurrent Scan Root Regions
[2023-02-28T14:41:24.137+0900][777.627s] GC(372) Concurrent Scan Root Regions 0.057ms
[2023-02-28T14:41:24.137+0900][777.627s] GC(372) Concurrent Mark (777.627s)
[2023-02-28T14:41:24.137+0900][777.627s] GC(372) Concurrent Mark From Roots
[2023-02-28T14:41:24.137+0900][777.627s] GC(372) Using 3 workers of 3 for marking
[2023-02-28T14:41:24.138+0900][777.628s] GC(371) Phase 1: Mark live objects
[2023-02-28T14:41:24.185+0900][777.675s] GC(371) Cleaned string and symbol table, strings: 31141 processed, 0 removed, symbols: 195635 processed, 0 removed
[2023-02-28T14:41:24.186+0900][777.675s] GC(371) Phase 1: Mark live objects 47.510ms
[2023-02-28T14:41:24.186+0900][777.675s] GC(371) Phase 2: Prepare for compaction
[2023-02-28T14:41:24.219+0900][777.708s] GC(371) Phase 2: Prepare for compaction 32.898ms
[2023-02-28T14:41:24.219+0900][777.708s] GC(371) Phase 3: Adjust pointers
[2023-02-28T14:41:24.259+0900][777.748s] GC(371) Phase 3: Adjust pointers 40.293ms
[2023-02-28T14:41:24.259+0900][777.749s] GC(371) Phase 4: Compact heap
[2023-02-28T14:41:24.289+0900][777.779s] GC(371) Phase 4: Compact heap 30.102ms
[2023-02-28T14:41:24.302+0900][777.791s] GC(371) Eden regions: 0->0(25)
[2023-02-28T14:41:24.302+0900][777.791s] GC(371) Survivor regions: 0->0(4)
[2023-02-28T14:41:24.302+0900][777.791s] GC(371) Old regions: 479->479
[2023-02-28T14:41:24.302+0900][777.791s] GC(371) Humongous regions: 33->33
[2023-02-28T14:41:24.302+0900][777.791s] GC(371) Metaspace: 65163K(66944K)->65163K(66944K) NonClass: 57759K(58880K)->57759K(58880K) Class: 7403K(8064K)->7403K(8064K)
[2023-02-28T14:41:24.302+0900][777.791s] GC(371) Pause Full (G1 Evacuation Pause) 511M->511M(512M) 164.122ms
[2023-02-28T14:41:24.302+0900][777.791s] GC(371) User=1.53s Sys=0.00s Real=0.16s
[2023-02-28T14:41:24.302+0900][777.791s] GC(373) Using 10 workers of 10 for full compaction
[2023-02-28T14:41:24.302+0900][777.791s] GC(373) Pause Full (G1 Evacuation Pause)
[2023-02-28T14:41:24.302+0900][777.792s] GC(373) Phase 1: Mark live objects
[2023-02-28T14:41:24.353+0900][777.843s] GC(373) Cleaned string and symbol table, strings: 31141 processed, 0 removed, symbols: 195635 processed, 0 removed
[2023-02-28T14:41:24.354+0900][777.843s] GC(373) Phase 1: Mark live objects 51.050ms
[2023-02-28T14:41:24.354+0900][777.843s] GC(373) Phase 2: Prepare for compaction
[2023-02-28T14:41:24.396+0900][777.886s] GC(373) Phase 2: Prepare for compaction 43.455ms
[2023-02-28T14:41:24.396+0900][777.886s] GC(373) Phase 3: Adjust pointers
[2023-02-28T14:41:24.443+0900][777.933s] GC(373) Phase 3: Adjust pointers 46.337ms
[2023-02-28T14:41:24.443+0900][777.933s] GC(373) Phase 4: Compact heap
[2023-02-28T14:41:24.476+0900][777.966s] GC(373) Phase 4: Compact heap 32.964ms
[2023-02-28T14:41:24.489+0900][777.978s] GC(373) Eden regions: 0->0(25)
[2023-02-28T14:41:24.489+0900][777.978s] GC(373) Survivor regions: 0->0(4)
[2023-02-28T14:41:24.489+0900][777.978s] GC(373) Old regions: 479->479
[2023-02-28T14:41:24.489+0900][777.979s] GC(373) Humongous regions: 33->33
[2023-02-28T14:41:24.489+0900][777.979s] GC(373) Metaspace: 65163K(66944K)->65163K(66944K) NonClass: 57759K(58880K)->57759K(58880K) Class: 7403K(8064K)->7403K(8064K)
[2023-02-28T14:41:24.489+0900][777.979s] GC(373) Pause Full (G1 Evacuation Pause) 511M->511M(512M) 187.249ms
[2023-02-28T14:41:24.489+0900][777.979s] GC(373) User=1.83s Sys=0.00s Real=0.19s
[2023-02-28T14:41:24.489+0900][777.979s] GC(372) Concurrent Mark From Roots 351.834ms
[2023-02-28T14:41:24.489+0900][777.979s] GC(374) Pause Young (Normal) (G1 Evacuation Pause)
[2023-02-28T14:41:24.489+0900][777.979s] GC(374) Using 10 workers of 10 for evacuation
[2023-02-28T14:41:24.489+0900][777.979s] GC(374)   Pre Evacuate Collection Set: 0.0ms
[2023-02-28T14:41:24.489+0900][777.979s] GC(374)   Evacuate Collection Set: 0.1ms
[2023-02-28T14:41:24.490+0900][777.979s] GC(374)   Post Evacuate Collection Set: 0.1ms
[2023-02-28T14:41:24.490+0900][777.979s] GC(374)   Other: 0.1ms
[2023-02-28T14:41:24.490+0900][777.979s] GC(374) Eden regions: 0->0(25)
[2023-02-28T14:41:24.490+0900][777.979s] GC(374) Survivor regions: 0->0(4)
[2023-02-28T14:41:24.490+0900][777.979s] GC(374) Old regions: 479->479
[2023-02-28T14:41:24.490+0900][777.979s] GC(374) Humongous regions: 33->33
[2023-02-28T14:41:24.490+0900][777.979s] GC(374) Metaspace: 65163K(66944K)->65163K(66944K) NonClass: 57759K(58880K)->57759K(58880K) Class: 7403K(8064K)->7403K(8064K)
[2023-02-28T14:41:24.490+0900][777.979s] GC(374) Pause Young (Normal) (G1 Evacuation Pause) 511M->511M(512M) 0.523ms
[2023-02-28T14:41:24.490+0900][777.980s] GC(374) User=0.00s Sys=0.00s Real=0.00s
[2023-02-28T14:41:24.490+0900][777.980s] GC(375) Using 10 workers of 10 for full compaction
[2023-02-28T14:41:24.490+0900][777.980s] GC(375) Pause Full (G1 Evacuation Pause)
[2023-02-28T14:41:24.490+0900][777.980s] GC(375) Phase 1: Mark live objects
[2023-02-28T14:41:24.537+0900][778.027s] GC(375) Cleaned string and symbol table, strings: 31141 processed, 0 removed, symbols: 195635 processed, 0 removed
[2023-02-28T14:41:24.537+0900][778.027s] GC(375) Phase 1: Mark live objects 47.058ms
[2023-02-28T14:41:24.537+0900][778.027s] GC(375) Phase 2: Prepare for compaction
[2023-02-28T14:41:24.566+0900][778.056s] GC(375) Phase 2: Prepare for compaction 28.931ms
[2023-02-28T14:41:24.566+0900][778.056s] GC(375) Phase 3: Adjust pointers
[2023-02-28T14:41:24.602+0900][778.092s] GC(375) Phase 3: Adjust pointers 35.537ms
[2023-02-28T14:41:24.602+0900][778.092s] GC(375) Phase 4: Compact heap
[2023-02-28T14:41:24.634+0900][778.124s] GC(375) Phase 4: Compact heap 32.002ms
[2023-02-28T14:41:24.646+0900][778.136s] GC(375) Eden regions: 0->0(25)
[2023-02-28T14:41:24.647+0900][778.136s] GC(375) Survivor regions: 0->0(4)
[2023-02-28T14:41:24.647+0900][778.136s] GC(375) Old regions: 479->479
[2023-02-28T14:41:24.647+0900][778.136s] GC(375) Humongous regions: 33->33
[2023-02-28T14:41:24.647+0900][778.136s] GC(375) Metaspace: 65163K(66944K)->65163K(66944K) NonClass: 57759K(58880K)->57759K(58880K) Class: 7403K(8064K)->7403K(8064K)
[2023-02-28T14:41:24.647+0900][778.136s] GC(375) Pause Full (G1 Evacuation Pause) 511M->511M(512M) 156.379ms
[2023-02-28T14:41:24.647+0900][778.136s] GC(375) User=1.53s Sys=0.00s Real=0.16s
[2023-02-28T14:41:24.647+0900][778.136s] GC(376) Using 10 workers of 10 for full compaction
[2023-02-28T14:41:24.647+0900][778.137s] GC(376) Pause Full (G1 Evacuation Pause)
[2023-02-28T14:41:24.648+0900][778.137s] GC(376) Phase 1: Mark live objects
[2023-02-28T14:41:24.695+0900][778.184s] GC(376) Cleaned string and symbol table, strings: 31141 processed, 0 removed, symbols: 195635 processed, 0 removed
[2023-02-28T14:41:24.695+0900][778.184s] GC(376) Phase 1: Mark live objects 47.294ms
[2023-02-28T14:41:24.695+0900][778.184s] GC(376) Phase 2: Prepare for compaction
[2023-02-28T14:41:24.724+0900][778.213s] GC(376) Phase 2: Prepare for compaction 29.066ms
[2023-02-28T14:41:24.724+0900][778.213s] GC(376) Phase 3: Adjust pointers
[2023-02-28T14:41:24.758+0900][778.248s] GC(376) Phase 3: Adjust pointers 35.003ms
[2023-02-28T14:41:24.758+0900][778.248s] GC(376) Phase 4: Compact heap
[2023-02-28T14:41:24.784+0900][778.274s] GC(376) Phase 4: Compact heap 25.160ms
[2023-02-28T14:41:24.797+0900][778.287s] GC(376) Eden regions: 0->0(25)
[2023-02-28T14:41:24.797+0900][778.287s] GC(376) Survivor regions: 0->0(4)
[2023-02-28T14:41:24.797+0900][778.287s] GC(376) Old regions: 479->479
[2023-02-28T14:41:24.797+0900][778.287s] GC(376) Humongous regions: 33->33
[2023-02-28T14:41:24.797+0900][778.287s] GC(376) Metaspace: 65163K(66944K)->65163K(66944K) NonClass: 57759K(58880K)->57759K(58880K) Class: 7403K(8064K)->7403K(8064K)
[2023-02-28T14:41:24.797+0900][778.287s] GC(376) Pause Full (G1 Evacuation Pause) 511M->511M(512M) 150.438ms
[2023-02-28T14:41:24.797+0900][778.287s] GC(376) User=1.42s Sys=0.00s Real=0.15s
[2023-02-28T14:41:24.797+0900][778.287s] GC(372) Concurrent Mark Abort
[2023-02-28T14:41:24.797+0900][778.287s] GC(372) Concurrent Cycle 660.502ms
[2023-02-28T14:41:24.797+0900][778.287s] GC(377) Pause Young (Normal) (G1 Evacuation Pause)
[2023-02-28T14:41:24.797+0900][778.287s] GC(377) Using 10 workers of 10 for evacuation
[2023-02-28T14:41:24.798+0900][778.288s] GC(377)   Pre Evacuate Collection Set: 0.0ms
[2023-02-28T14:41:24.798+0900][778.288s] GC(377)   Evacuate Collection Set: 0.2ms
[2023-02-28T14:41:24.798+0900][778.288s] GC(377)   Post Evacuate Collection Set: 0.1ms
[2023-02-28T14:41:24.798+0900][778.288s] GC(377)   Other: 0.1ms
[2023-02-28T14:41:24.798+0900][778.288s] GC(377) Eden regions: 0->0(25)
[2023-02-28T14:41:24.798+0900][778.288s] GC(377) Survivor regions: 0->0(4)
[2023-02-28T14:41:24.798+0900][778.288s] GC(377) Old regions: 479->479
[2023-02-28T14:41:24.798+0900][778.288s] GC(377) Humongous regions: 33->33
[2023-02-28T14:41:24.798+0900][778.288s] GC(377) Metaspace: 65163K(66944K)->65163K(66944K) NonClass: 57759K(58880K)->57759K(58880K) Class: 7403K(8064K)->7403K(8064K)
[2023-02-28T14:41:24.798+0900][778.288s] GC(377) Pause Young (Normal) (G1 Evacuation Pause) 511M->511M(512M) 0.522ms
[2023-02-28T14:41:24.798+0900][778.288s] GC(377) User=0.00s Sys=0.00s Real=0.00s
[2023-02-28T14:41:24.798+0900][778.288s] GC(378) Using 10 workers of 10 for full compaction
[2023-02-28T14:41:24.798+0900][778.288s] GC(378) Pause Full (G1 Evacuation Pause)
[2023-02-28T14:41:24.798+0900][778.288s] GC(378) Phase 1: Mark live objects
[2023-02-28T14:41:24.844+0900][778.334s] GC(378) Cleaned string and symbol table, strings: 31141 processed, 0 removed, symbols: 195635 processed, 0 removed
[2023-02-28T14:41:24.844+0900][778.334s] GC(378) Phase 1: Mark live objects 45.980ms
[2023-02-28T14:41:24.844+0900][778.334s] GC(378) Phase 2: Prepare for compaction
[2023-02-28T14:41:24.873+0900][778.363s] GC(378) Phase 2: Prepare for compaction 28.915ms
[2023-02-28T14:41:24.873+0900][778.363s] GC(378) Phase 3: Adjust pointers
[2023-02-28T14:41:24.906+0900][778.395s] GC(378) Phase 3: Adjust pointers 32.154ms
[2023-02-28T14:41:24.906+0900][778.395s] GC(378) Phase 4: Compact heap
[2023-02-28T14:41:24.930+0900][778.420s] GC(378) Phase 4: Compact heap 24.263ms
[2023-02-28T14:41:24.944+0900][778.434s] GC(378) Eden regions: 0->0(25)
[2023-02-28T14:41:24.944+0900][778.434s] GC(378) Survivor regions: 0->0(4)
[2023-02-28T14:41:24.944+0900][778.434s] GC(378) Old regions: 479->479
[2023-02-28T14:41:24.944+0900][778.434s] GC(378) Humongous regions: 33->33
[2023-02-28T14:41:24.944+0900][778.434s] GC(378) Metaspace: 65163K(66944K)->65163K(66944K) NonClass: 57759K(58880K)->57759K(58880K) Class: 7403K(8064K)->7403K(8064K)
[2023-02-28T14:41:24.944+0900][778.434s] GC(378) Pause Full (G1 Evacuation Pause) 511M->511M(512M) 145.941ms
[2023-02-28T14:41:24.945+0900][778.434s] GC(378) User=1.38s Sys=0.00s Real=0.15s
[2023-02-28T14:41:24.945+0900][778.434s] GC(379) Using 10 workers of 10 for full compaction
[2023-02-28T14:41:24.945+0900][778.434s] GC(379) Pause Full (G1 Evacuation Pause)
[2023-02-28T14:41:24.945+0900][778.435s] GC(379) Phase 1: Mark live objects
[2023-02-28T14:41:24.992+0900][778.482s] GC(379) Cleaned string and symbol table, strings: 31141 processed, 0 removed, symbols: 195635 processed, 0 removed
[2023-02-28T14:41:24.992+0900][778.482s] GC(379) Phase 1: Mark live objects 46.963ms
[2023-02-28T14:41:24.992+0900][778.482s] GC(379) Phase 2: Prepare for compaction
[2023-02-28T14:41:25.021+0900][778.511s] GC(379) Phase 2: Prepare for compaction 29.157ms
[2023-02-28T14:41:25.022+0900][778.511s] GC(379) Phase 3: Adjust pointers
[2023-02-28T14:41:25.077+0900][778.566s] GC(379) Phase 3: Adjust pointers 55.479ms
[2023-02-28T14:41:25.077+0900][778.567s] GC(379) Phase 4: Compact heap
[2023-02-28T14:41:25.115+0900][778.605s] GC(379) Phase 4: Compact heap 38.547ms
[2023-02-28T14:41:25.127+0900][778.617s] GC(379) Eden regions: 0->0(25)
[2023-02-28T14:41:25.127+0900][778.617s] GC(379) Survivor regions: 0->0(4)
[2023-02-28T14:41:25.127+0900][778.617s] GC(379) Old regions: 479->479
[2023-02-28T14:41:25.127+0900][778.617s] GC(379) Humongous regions: 33->33
[2023-02-28T14:41:25.127+0900][778.617s] GC(379) Metaspace: 65163K(66944K)->65163K(66944K) NonClass: 57759K(58880K)->57759K(58880K) Class: 7403K(8064K)->7403K(8064K)
[2023-02-28T14:41:25.127+0900][778.617s] GC(379) Pause Full (G1 Evacuation Pause) 511M->511M(512M) 182.690ms
[2023-02-28T14:41:25.127+0900][778.617s] GC(379) User=1.81s Sys=0.02s Real=0.18s
[2023-02-28T14:41:25.127+0900][778.617s] GC(380) Pause Young (Concurrent Start) (G1 Evacuation Pause)
[2023-02-28T14:41:25.127+0900][778.617s] GC(380) Using 10 workers of 10 for evacuation
[2023-02-28T14:41:25.128+0900][778.618s] GC(380)   Pre Evacuate Collection Set: 0.1ms
[2023-02-28T14:41:25.128+0900][778.618s] GC(380)   Evacuate Collection Set: 0.4ms
[2023-02-28T14:41:25.128+0900][778.618s] GC(380)   Post Evacuate Collection Set: 0.1ms
[2023-02-28T14:41:25.128+0900][778.618s] GC(380)   Other: 0.1ms
[2023-02-28T14:41:25.128+0900][778.618s] GC(380) Eden regions: 0->0(25)
[2023-02-28T14:41:25.128+0900][778.618s] GC(380) Survivor regions: 0->0(4)
[2023-02-28T14:41:25.128+0900][778.618s] GC(380) Old regions: 479->479
[2023-02-28T14:41:25.128+0900][778.618s] GC(380) Humongous regions: 33->33
[2023-02-28T14:41:25.128+0900][778.618s] GC(380) Metaspace: 65163K(66944K)->65163K(66944K) NonClass: 57759K(58880K)->57759K(58880K) Class: 7403K(8064K)->7403K(8064K)
[2023-02-28T14:41:25.128+0900][778.618s] GC(380) Pause Young (Concurrent Start) (G1 Evacuation Pause) 511M->511M(512M) 0.814ms
[2023-02-28T14:41:25.128+0900][778.618s] GC(380) User=0.00s Sys=0.00s Real=0.00s
[2023-02-28T14:41:25.128+0900][778.618s] GC(381) Using 10 workers of 10 for full compaction
[2023-02-28T14:41:25.128+0900][778.618s] GC(382) Concurrent Cycle
[2023-02-28T14:41:25.128+0900][778.618s] GC(382) Concurrent Clear Claimed Marks
[2023-02-28T14:41:25.128+0900][778.618s] GC(382) Concurrent Clear Claimed Marks 0.034ms
[2023-02-28T14:41:25.128+0900][778.618s] GC(382) Concurrent Scan Root Regions
[2023-02-28T14:41:25.128+0900][778.618s] GC(381) Pause Full (G1 Evacuation Pause)
[2023-02-28T14:41:25.128+0900][778.618s] GC(382) Concurrent Scan Root Regions 0.020ms
[2023-02-28T14:41:25.128+0900][778.619s] GC(382) Concurrent Mark (778.619s)
[2023-02-28T14:41:25.128+0900][778.619s] GC(382) Concurrent Mark From Roots
[2023-02-28T14:41:25.129+0900][778.619s] GC(382) Using 3 workers of 3 for marking
[2023-02-28T14:41:25.129+0900][778.619s] GC(381) Phase 1: Mark live objects
[2023-02-28T14:41:25.178+0900][778.668s] GC(381) Cleaned string and symbol table, strings: 31141 processed, 0 removed, symbols: 195635 processed, 0 removed
[2023-02-28T14:41:25.178+0900][778.668s] GC(381) Phase 1: Mark live objects 48.582ms
[2023-02-28T14:41:25.178+0900][778.668s] GC(381) Phase 2: Prepare for compaction
[2023-02-28T14:41:25.209+0900][778.698s] GC(381) Phase 2: Prepare for compaction 30.825ms
[2023-02-28T14:41:25.209+0900][778.699s] GC(381) Phase 3: Adjust pointers
[2023-02-28T14:41:25.242+0900][778.732s] GC(381) Phase 3: Adjust pointers 33.626ms
[2023-02-28T14:41:25.242+0900][778.732s] GC(381) Phase 4: Compact heap
[2023-02-28T14:41:25.268+0900][778.758s] GC(381) Phase 4: Compact heap 25.636ms
[2023-02-28T14:41:25.280+0900][778.770s] GC(381) Eden regions: 0->0(25)
[2023-02-28T14:41:25.280+0900][778.770s] GC(381) Survivor regions: 0->0(4)
[2023-02-28T14:41:25.280+0900][778.770s] GC(381) Old regions: 479->479
[2023-02-28T14:41:25.280+0900][778.770s] GC(381) Humongous regions: 33->33
[2023-02-28T14:41:25.280+0900][778.770s] GC(381) Metaspace: 65163K(66944K)->65163K(66944K) NonClass: 57759K(58880K)->57759K(58880K) Class: 7403K(8064K)->7403K(8064K)
[2023-02-28T14:41:25.280+0900][778.770s] GC(381) Pause Full (G1 Evacuation Pause) 511M->511M(512M) 151.606ms
[2023-02-28T14:41:25.281+0900][778.770s] GC(381) User=1.41s Sys=0.00s Real=0.15s
[2023-02-28T14:41:25.281+0900][778.770s] GC(383) Using 10 workers of 10 for full compaction
[2023-02-28T14:41:25.281+0900][778.770s] GC(383) Pause Full (G1 Evacuation Pause)
[2023-02-28T14:41:25.281+0900][778.771s] GC(383) Phase 1: Mark live objects
[2023-02-28T14:41:25.328+0900][778.817s] GC(383) Cleaned string and symbol table, strings: 31141 processed, 0 removed, symbols: 195635 processed, 0 removed
[2023-02-28T14:41:25.328+0900][778.817s] GC(383) Phase 1: Mark live objects 46.688ms
[2023-02-28T14:41:25.328+0900][778.817s] GC(383) Phase 2: Prepare for compaction
[2023-02-28T14:41:25.356+0900][778.846s] GC(383) Phase 2: Prepare for compaction 28.456ms
[2023-02-28T14:41:25.357+0900][778.846s] GC(383) Phase 3: Adjust pointers
[2023-02-28T14:41:25.392+0900][778.882s] GC(383) Phase 3: Adjust pointers 35.674ms
[2023-02-28T14:41:25.392+0900][778.882s] GC(383) Phase 4: Compact heap
[2023-02-28T14:41:25.418+0900][778.908s] GC(383) Phase 4: Compact heap 26.014ms
[2023-02-28T14:41:25.431+0900][778.920s] GC(383) Eden regions: 0->0(25)
[2023-02-28T14:41:25.431+0900][778.920s] GC(383) Survivor regions: 0->0(4)
[2023-02-28T14:41:25.431+0900][778.920s] GC(383) Old regions: 479->479
[2023-02-28T14:41:25.431+0900][778.920s] GC(383) Humongous regions: 33->33
[2023-02-28T14:41:25.431+0900][778.920s] GC(383) Metaspace: 65163K(66944K)->65163K(66944K) NonClass: 57759K(58880K)->57759K(58880K) Class: 7403K(8064K)->7403K(8064K)
[2023-02-28T14:41:25.431+0900][778.920s] GC(383) Pause Full (G1 Evacuation Pause) 511M->511M(512M) 149.729ms
[2023-02-28T14:41:25.431+0900][778.920s] GC(383) User=1.23s Sys=0.02s Real=0.15s
[2023-02-28T14:41:25.431+0900][778.920s] GC(382) Concurrent Mark From Roots 301.815ms
[2023-02-28T14:41:25.431+0900][778.920s] GC(384) Pause Young (Normal) (G1 Evacuation Pause)
[2023-02-28T14:41:25.431+0900][778.920s] GC(384) Using 10 workers of 10 for evacuation
[2023-02-28T14:41:25.431+0900][778.921s] GC(384)   Pre Evacuate Collection Set: 0.0ms
[2023-02-28T14:41:25.431+0900][778.921s] GC(384)   Evacuate Collection Set: 0.1ms
[2023-02-28T14:41:25.432+0900][778.921s] GC(384)   Post Evacuate Collection Set: 0.1ms
[2023-02-28T14:41:25.432+0900][778.921s] GC(384)   Other: 0.1ms
[2023-02-28T14:41:25.432+0900][778.921s] GC(384) Eden regions: 0->0(25)
[2023-02-28T14:41:25.432+0900][778.921s] GC(384) Survivor regions: 0->0(4)
[2023-02-28T14:41:25.432+0900][778.921s] GC(384) Old regions: 479->479
[2023-02-28T14:41:25.432+0900][778.921s] GC(384) Humongous regions: 33->33
[2023-02-28T14:41:25.432+0900][778.921s] GC(384) Metaspace: 65163K(66944K)->65163K(66944K) NonClass: 57759K(58880K)->57759K(58880K) Class: 7403K(8064K)->7403K(8064K)
[2023-02-28T14:41:25.432+0900][778.921s] GC(384) Pause Young (Normal) (G1 Evacuation Pause) 511M->511M(512M) 0.531ms
[2023-02-28T14:41:25.432+0900][778.921s] GC(384) User=0.00s Sys=0.00s Real=0.00s
[2023-02-28T14:41:25.432+0900][778.921s] GC(385) Using 10 workers of 10 for full compaction
[2023-02-28T14:41:25.432+0900][778.921s] GC(385) Pause Full (G1 Evacuation Pause)
[2023-02-28T14:41:25.432+0900][778.921s] GC(385) Phase 1: Mark live objects
[2023-02-28T14:41:25.480+0900][778.969s] GC(385) Cleaned string and symbol table, strings: 31141 processed, 0 removed, symbols: 195635 processed, 0 removed
[2023-02-28T14:41:25.480+0900][778.969s] GC(385) Phase 1: Mark live objects 47.702ms
[2023-02-28T14:41:25.480+0900][778.969s] GC(385) Phase 2: Prepare for compaction
[2023-02-28T14:41:25.512+0900][779.002s] GC(385) Phase 2: Prepare for compaction 33.108ms
[2023-02-28T14:41:25.512+0900][779.002s] GC(385) Phase 3: Adjust pointers
[2023-02-28T14:41:25.547+0900][779.037s] GC(385) Phase 3: Adjust pointers 34.767ms
[2023-02-28T14:41:25.547+0900][779.037s] GC(385) Phase 4: Compact heap
[2023-02-28T14:41:25.575+0900][779.065s] GC(385) Phase 4: Compact heap 28.028ms
[2023-02-28T14:41:25.589+0900][779.079s] GC(385) Eden regions: 0->0(25)
[2023-02-28T14:41:25.589+0900][779.079s] GC(385) Survivor regions: 0->0(4)
[2023-02-28T14:41:25.589+0900][779.079s] GC(385) Old regions: 479->479
[2023-02-28T14:41:25.589+0900][779.079s] GC(385) Humongous regions: 33->33
[2023-02-28T14:41:25.589+0900][779.079s] GC(385) Metaspace: 65163K(66944K)->65163K(66944K) NonClass: 57759K(58880K)->57759K(58880K) Class: 7403K(8064K)->7403K(8064K)
[2023-02-28T14:41:25.589+0900][779.079s] GC(385) Pause Full (G1 Evacuation Pause) 511M->511M(512M) 158.112ms
[2023-02-28T14:41:25.590+0900][779.080s] GC(385) User=1.25s Sys=0.02s Real=0.16s
[2023-02-28T14:41:25.590+0900][779.080s] GC(386) Using 10 workers of 10 for full compaction
[2023-02-28T14:41:25.590+0900][779.080s] GC(386) Pause Full (G1 Evacuation Pause)
[2023-02-28T14:41:25.590+0900][779.080s] GC(386) Phase 1: Mark live objects
[2023-02-28T14:41:25.640+0900][779.129s] GC(386) Cleaned string and symbol table, strings: 31141 processed, 0 removed, symbols: 195635 processed, 0 removed
[2023-02-28T14:41:25.640+0900][779.129s] GC(386) Phase 1: Mark live objects 49.248ms
[2023-02-28T14:41:25.640+0900][779.129s] GC(386) Phase 2: Prepare for compaction
[2023-02-28T14:41:25.669+0900][779.159s] GC(386) Phase 2: Prepare for compaction 29.484ms
[2023-02-28T14:41:25.669+0900][779.159s] GC(386) Phase 3: Adjust pointers
[2023-02-28T14:41:25.705+0900][779.195s] GC(386) Phase 3: Adjust pointers 35.806ms
[2023-02-28T14:41:25.705+0900][779.195s] GC(386) Phase 4: Compact heap
[2023-02-28T14:41:25.733+0900][779.222s] GC(386) Phase 4: Compact heap 27.477ms
[2023-02-28T14:41:25.745+0900][779.234s] GC(386) Eden regions: 0->0(25)
[2023-02-28T14:41:25.745+0900][779.235s] GC(386) Survivor regions: 0->0(4)
[2023-02-28T14:41:25.745+0900][779.235s] GC(386) Old regions: 479->479
[2023-02-28T14:41:25.745+0900][779.235s] GC(386) Humongous regions: 33->33
[2023-02-28T14:41:25.745+0900][779.235s] GC(386) Metaspace: 65163K(66944K)->65163K(66944K) NonClass: 57759K(58880K)->57759K(58880K) Class: 7403K(8064K)->7403K(8064K)
[2023-02-28T14:41:25.745+0900][779.235s] GC(386) Pause Full (G1 Evacuation Pause) 511M->511M(512M) 154.932ms
[2023-02-28T14:41:25.745+0900][779.235s] GC(386) User=1.23s Sys=0.00s Real=0.15s
[2023-02-28T14:41:25.745+0900][779.235s] GC(382) Concurrent Mark Abort
[2023-02-28T14:41:25.745+0900][779.235s] GC(382) Concurrent Cycle 616.603ms
[2023-02-28T14:41:25.746+0900][779.235s] GC(387) Pause Young (Normal) (G1 Evacuation Pause)
[2023-02-28T14:41:25.746+0900][779.235s] GC(387) Using 10 workers of 10 for evacuation
[2023-02-28T14:41:25.746+0900][779.235s] GC(387)   Pre Evacuate Collection Set: 0.0ms
[2023-02-28T14:41:25.746+0900][779.235s] GC(387)   Evacuate Collection Set: 0.2ms
[2023-02-28T14:41:25.746+0900][779.235s] GC(387)   Post Evacuate Collection Set: 0.1ms
[2023-02-28T14:41:25.746+0900][779.235s] GC(387)   Other: 0.1ms
[2023-02-28T14:41:25.746+0900][779.235s] GC(387) Eden regions: 0->0(25)
[2023-02-28T14:41:25.746+0900][779.235s] GC(387) Survivor regions: 0->0(4)
[2023-02-28T14:41:25.746+0900][779.235s] GC(387) Old regions: 479->479
[2023-02-28T14:41:25.746+0900][779.236s] GC(387) Humongous regions: 33->33
[2023-02-28T14:41:25.746+0900][779.236s] GC(387) Metaspace: 65163K(66944K)->65163K(66944K) NonClass: 57760K(58880K)->57760K(58880K) Class: 7403K(8064K)->7403K(8064K)
[2023-02-28T14:41:25.746+0900][779.236s] GC(387) Pause Young (Normal) (G1 Evacuation Pause) 511M->511M(512M) 0.541ms
[2023-02-28T14:41:25.746+0900][779.236s] GC(387) User=0.00s Sys=0.00s Real=0.00s
[2023-02-28T14:41:25.746+0900][779.236s] GC(388) Using 10 workers of 10 for full compaction
[2023-02-28T14:41:25.746+0900][779.236s] GC(388) Pause Full (G1 Evacuation Pause)
[2023-02-28T14:41:25.747+0900][779.236s] GC(388) Phase 1: Mark live objects
[2023-02-28T14:41:25.794+0900][779.283s] GC(388) Cleaned string and symbol table, strings: 31141 processed, 0 removed, symbols: 195635 processed, 0 removed
[2023-02-28T14:41:25.794+0900][779.283s] GC(388) Phase 1: Mark live objects 47.019ms
[2023-02-28T14:41:25.794+0900][779.283s] GC(388) Phase 2: Prepare for compaction
[2023-02-28T14:41:25.822+0900][779.311s] GC(388) Phase 2: Prepare for compaction 27.787ms
[2023-02-28T14:41:25.822+0900][779.311s] GC(388) Phase 3: Adjust pointers
[2023-02-28T14:41:25.856+0900][779.346s] GC(388) Phase 3: Adjust pointers 35.005ms
[2023-02-28T14:41:25.856+0900][779.346s] GC(388) Phase 4: Compact heap
[2023-02-28T14:41:25.882+0900][779.372s] GC(388) Phase 4: Compact heap 25.709ms
[2023-02-28T14:41:25.894+0900][779.385s] GC(388) Eden regions: 0->0(25)
[2023-02-28T14:41:25.895+0900][779.385s] GC(388) Survivor regions: 0->0(4)
[2023-02-28T14:41:25.895+0900][779.385s] GC(388) Old regions: 479->479
[2023-02-28T14:41:25.895+0900][779.385s] GC(388) Humongous regions: 33->33
[2023-02-28T14:41:25.895+0900][779.385s] GC(388) Metaspace: 65163K(66944K)->65163K(66944K) NonClass: 57760K(58880K)->57760K(58880K) Class: 7403K(8064K)->7403K(8064K)
[2023-02-28T14:41:25.895+0900][779.385s] GC(388) Pause Full (G1 Evacuation Pause) 511M->511M(512M) 148.944ms
[2023-02-28T14:41:25.895+0900][779.385s] GC(388) User=1.34s Sys=0.00s Real=0.15s
[2023-02-28T14:41:25.895+0900][779.385s] GC(389) Using 10 workers of 10 for full compaction
[2023-02-28T14:41:25.895+0900][779.385s] GC(389) Pause Full (G1 Evacuation Pause)
[2023-02-28T14:41:25.895+0900][779.385s] GC(389) Phase 1: Mark live objects
[2023-02-28T14:41:25.942+0900][779.431s] GC(389) Cleaned string and symbol table, strings: 31141 processed, 0 removed, symbols: 195635 processed, 0 removed
[2023-02-28T14:41:25.942+0900][779.432s] GC(389) Phase 1: Mark live objects 46.182ms
[2023-02-28T14:41:25.942+0900][779.432s] GC(389) Phase 2: Prepare for compaction
[2023-02-28T14:41:25.970+0900][779.460s] GC(389) Phase 2: Prepare for compaction 28.497ms
[2023-02-28T14:41:25.970+0900][779.460s] GC(389) Phase 3: Adjust pointers
[2023-02-28T14:41:26.004+0900][779.494s] GC(389) Phase 3: Adjust pointers 33.895ms
[2023-02-28T14:41:26.004+0900][779.494s] GC(389) Phase 4: Compact heap
[2023-02-28T14:41:26.029+0900][779.519s] GC(389) Phase 4: Compact heap 24.686ms
[2023-02-28T14:41:26.040+0900][779.530s] GC(389) Eden regions: 0->0(25)
[2023-02-28T14:41:26.041+0900][779.530s] GC(389) Survivor regions: 0->0(4)
[2023-02-28T14:41:26.041+0900][779.530s] GC(389) Old regions: 479->479
[2023-02-28T14:41:26.041+0900][779.530s] GC(389) Humongous regions: 33->33
[2023-02-28T14:41:26.041+0900][779.530s] GC(389) Metaspace: 65163K(66944K)->65163K(66944K) NonClass: 57760K(58880K)->57760K(58880K) Class: 7403K(8064K)->7403K(8064K)
[2023-02-28T14:41:26.041+0900][779.530s] GC(389) Pause Full (G1 Evacuation Pause) 511M->511M(512M) 145.251ms
[2023-02-28T14:41:26.041+0900][779.530s] GC(389) User=1.33s Sys=0.02s Real=0.15s
[2023-02-28T14:41:26.041+0900][779.531s] GC(390) Pause Young (Concurrent Start) (G1 Evacuation Pause)
[2023-02-28T14:41:26.041+0900][779.531s] GC(390) Using 10 workers of 10 for evacuation
[2023-02-28T14:41:26.042+0900][779.531s] GC(390)   Pre Evacuate Collection Set: 0.1ms
[2023-02-28T14:41:26.042+0900][779.531s] GC(390)   Evacuate Collection Set: 0.4ms
[2023-02-28T14:41:26.042+0900][779.531s] GC(390)   Post Evacuate Collection Set: 0.1ms
[2023-02-28T14:41:26.042+0900][779.531s] GC(390)   Other: 0.1ms
[2023-02-28T14:41:26.042+0900][779.531s] GC(390) Eden regions: 0->0(25)
[2023-02-28T14:41:26.042+0900][779.531s] GC(390) Survivor regions: 0->0(4)
[2023-02-28T14:41:26.042+0900][779.531s] GC(390) Old regions: 479->479
[2023-02-28T14:41:26.042+0900][779.531s] GC(390) Humongous regions: 33->33
[2023-02-28T14:41:26.042+0900][779.531s] GC(390) Metaspace: 65163K(66944K)->65163K(66944K) NonClass: 57760K(58880K)->57760K(58880K) Class: 7403K(8064K)->7403K(8064K)
[2023-02-28T14:41:26.042+0900][779.531s] GC(390) Pause Young (Concurrent Start) (G1 Evacuation Pause) 511M->511M(512M) 0.819ms
[2023-02-28T14:41:26.042+0900][779.531s] GC(390) User=0.00s Sys=0.00s Real=0.00s
[2023-02-28T14:41:26.042+0900][779.532s] GC(391) Using 10 workers of 10 for full compaction
[2023-02-28T14:41:26.042+0900][779.532s] GC(392) Concurrent Cycle
[2023-02-28T14:41:26.042+0900][779.532s] GC(392) Concurrent Clear Claimed Marks
[2023-02-28T14:41:26.042+0900][779.532s] GC(392) Concurrent Clear Claimed Marks 0.035ms
[2023-02-28T14:41:26.042+0900][779.532s] GC(391) Pause Full (G1 Evacuation Pause)
[2023-02-28T14:41:26.042+0900][779.532s] GC(392) Concurrent Scan Root Regions
[2023-02-28T14:41:26.042+0900][779.532s] GC(392) Concurrent Scan Root Regions 0.072ms
[2023-02-28T14:41:26.042+0900][779.532s] GC(392) Concurrent Mark (779.532s)
[2023-02-28T14:41:26.042+0900][779.532s] GC(392) Concurrent Mark From Roots
[2023-02-28T14:41:26.042+0900][779.532s] GC(392) Using 3 workers of 3 for marking
[2023-02-28T14:41:26.043+0900][779.532s] GC(391) Phase 1: Mark live objects
[2023-02-28T14:41:26.088+0900][779.578s] GC(391) Cleaned string and symbol table, strings: 31141 processed, 0 removed, symbols: 195635 processed, 0 removed
[2023-02-28T14:41:26.088+0900][779.578s] GC(391) Phase 1: Mark live objects 45.514ms
[2023-02-28T14:41:26.088+0900][779.578s] GC(391) Phase 2: Prepare for compaction
[2023-02-28T14:41:26.118+0900][779.607s] GC(391) Phase 2: Prepare for compaction 29.389ms
[2023-02-28T14:41:26.118+0900][779.607s] GC(391) Phase 3: Adjust pointers
[2023-02-28T14:41:26.152+0900][779.641s] GC(391) Phase 3: Adjust pointers 34.165ms
[2023-02-28T14:41:26.152+0900][779.641s] GC(391) Phase 4: Compact heap
[2023-02-28T14:41:26.177+0900][779.666s] GC(391) Phase 4: Compact heap 25.014ms
[2023-02-28T14:41:26.189+0900][779.678s] GC(391) Eden regions: 0->0(25)
[2023-02-28T14:41:26.189+0900][779.678s] GC(391) Survivor regions: 0->0(4)
[2023-02-28T14:41:26.189+0900][779.678s] GC(391) Old regions: 479->479
[2023-02-28T14:41:26.189+0900][779.678s] GC(391) Humongous regions: 33->33
[2023-02-28T14:41:26.189+0900][779.678s] GC(391) Metaspace: 65163K(66944K)->65163K(66944K) NonClass: 57760K(58880K)->57760K(58880K) Class: 7403K(8064K)->7403K(8064K)
[2023-02-28T14:41:26.189+0900][779.678s] GC(391) Pause Full (G1 Evacuation Pause) 511M->511M(512M) 146.675ms
[2023-02-28T14:41:26.189+0900][779.678s] GC(391) User=1.48s Sys=0.00s Real=0.15s
[2023-02-28T14:41:26.189+0900][779.679s] GC(393) Using 10 workers of 10 for full compaction
[2023-02-28T14:41:26.189+0900][779.679s] GC(393) Pause Full (G1 Evacuation Pause)
[2023-02-28T14:41:26.190+0900][779.679s] GC(393) Phase 1: Mark live objects
[2023-02-28T14:41:26.260+0900][779.750s] GC(393) Cleaned string and symbol table, strings: 31141 processed, 0 removed, symbols: 195635 processed, 0 removed
[2023-02-28T14:41:26.260+0900][779.750s] GC(393) Phase 1: Mark live objects 71.423ms
[2023-02-28T14:41:26.260+0900][779.750s] GC(393) Phase 2: Prepare for compaction
[2023-02-28T14:41:26.290+0900][779.780s] GC(393) Phase 2: Prepare for compaction 29.398ms
[2023-02-28T14:41:26.290+0900][779.780s] GC(393) Phase 3: Adjust pointers
[2023-02-28T14:41:26.324+0900][779.814s] GC(393) Phase 3: Adjust pointers 34.185ms
[2023-02-28T14:41:26.324+0900][779.814s] GC(393) Phase 4: Compact heap
[2023-02-28T14:41:26.349+0900][779.839s] GC(393) Phase 4: Compact heap 24.862ms
[2023-02-28T14:41:26.361+0900][779.850s] GC(393) Eden regions: 0->0(25)
[2023-02-28T14:41:26.361+0900][779.851s] GC(393) Survivor regions: 0->0(4)
[2023-02-28T14:41:26.361+0900][779.851s] GC(393) Old regions: 479->479
[2023-02-28T14:41:26.361+0900][779.851s] GC(393) Humongous regions: 33->33
[2023-02-28T14:41:26.361+0900][779.851s] GC(393) Metaspace: 65163K(66944K)->65163K(66944K) NonClass: 57760K(58880K)->57760K(58880K) Class: 7403K(8064K)->7403K(8064K)
[2023-02-28T14:41:26.361+0900][779.851s] GC(393) Pause Full (G1 Evacuation Pause) 511M->511M(512M) 172.021ms
[2023-02-28T14:41:26.361+0900][779.851s] GC(393) User=1.70s Sys=0.00s Real=0.17s
[2023-02-28T14:41:26.361+0900][779.851s] GC(392) Concurrent Mark From Roots 319.131ms
[2023-02-28T14:41:26.361+0900][779.851s] GC(394) Pause Young (Normal) (G1 Evacuation Pause)
[2023-02-28T14:41:26.361+0900][779.851s] GC(394) Using 10 workers of 10 for evacuation
[2023-02-28T14:41:26.361+0900][779.851s] GC(394)   Pre Evacuate Collection Set: 0.0ms
[2023-02-28T14:41:26.361+0900][779.851s] GC(394)   Evacuate Collection Set: 0.1ms
[2023-02-28T14:41:26.362+0900][779.851s] GC(394)   Post Evacuate Collection Set: 0.1ms
[2023-02-28T14:41:26.362+0900][779.851s] GC(394)   Other: 0.1ms
[2023-02-28T14:41:26.362+0900][779.851s] GC(394) Eden regions: 0->0(25)
[2023-02-28T14:41:26.362+0900][779.851s] GC(394) Survivor regions: 0->0(4)
[2023-02-28T14:41:26.362+0900][779.851s] GC(394) Old regions: 479->479
[2023-02-28T14:41:26.362+0900][779.851s] GC(394) Humongous regions: 33->33
[2023-02-28T14:41:26.362+0900][779.851s] GC(394) Metaspace: 65164K(66944K)->65164K(66944K) NonClass: 57760K(58880K)->57760K(58880K) Class: 7403K(8064K)->7403K(8064K)
[2023-02-28T14:41:26.362+0900][779.852s] GC(394) Pause Young (Normal) (G1 Evacuation Pause) 511M->511M(512M) 0.531ms
[2023-02-28T14:41:26.362+0900][779.852s] GC(394) User=0.00s Sys=0.00s Real=0.00s
[2023-02-28T14:41:26.362+0900][779.852s] GC(395) Using 10 workers of 10 for full compaction
[2023-02-28T14:41:26.362+0900][779.852s] GC(395) Pause Full (G1 Evacuation Pause)
[2023-02-28T14:41:26.362+0900][779.852s] GC(395) Phase 1: Mark live objects
[2023-02-28T14:41:26.407+0900][779.897s] GC(395) Cleaned string and symbol table, strings: 31141 processed, 0 removed, symbols: 195635 processed, 0 removed
[2023-02-28T14:41:26.407+0900][779.897s] GC(395) Phase 1: Mark live objects 44.993ms
[2023-02-28T14:41:26.407+0900][779.897s] GC(395) Phase 2: Prepare for compaction
[2023-02-28T14:41:26.437+0900][779.926s] GC(395) Phase 2: Prepare for compaction 29.361ms
[2023-02-28T14:41:26.437+0900][779.926s] GC(395) Phase 3: Adjust pointers
[2023-02-28T14:41:26.471+0900][779.961s] GC(395) Phase 3: Adjust pointers 34.313ms
[2023-02-28T14:41:26.471+0900][779.961s] GC(395) Phase 4: Compact heap
[2023-02-28T14:41:26.497+0900][779.986s] GC(395) Phase 4: Compact heap 25.466ms
[2023-02-28T14:41:26.508+0900][779.998s] GC(395) Eden regions: 0->0(25)
[2023-02-28T14:41:26.508+0900][779.998s] GC(395) Survivor regions: 0->0(4)
[2023-02-28T14:41:26.508+0900][779.998s] GC(395) Old regions: 479->479
[2023-02-28T14:41:26.508+0900][779.998s] GC(395) Humongous regions: 33->33
[2023-02-28T14:41:26.508+0900][779.998s] GC(395) Metaspace: 65164K(66944K)->65164K(66944K) NonClass: 57760K(58880K)->57760K(58880K) Class: 7403K(8064K)->7403K(8064K)
[2023-02-28T14:41:26.508+0900][779.998s] GC(395) Pause Full (G1 Evacuation Pause) 511M->511M(512M) 145.998ms
[2023-02-28T14:41:26.508+0900][779.998s] GC(395) User=1.25s Sys=0.00s Real=0.15s
[2023-02-28T14:41:26.509+0900][779.998s] GC(396) Using 10 workers of 10 for full compaction
[2023-02-28T14:41:26.509+0900][779.998s] GC(396) Pause Full (G1 Evacuation Pause)
[2023-02-28T14:41:26.509+0900][779.998s] GC(396) Phase 1: Mark live objects
[2023-02-28T14:41:26.560+0900][780.049s] GC(396) Cleaned string and symbol table, strings: 31141 processed, 0 removed, symbols: 195635 processed, 0 removed
[2023-02-28T14:41:26.560+0900][780.049s] GC(396) Phase 1: Mark live objects 50.847ms
[2023-02-28T14:41:26.560+0900][780.049s] GC(396) Phase 2: Prepare for compaction
[2023-02-28T14:41:26.593+0900][780.082s] GC(396) Phase 2: Prepare for compaction 32.877ms
[2023-02-28T14:41:26.593+0900][780.082s] GC(396) Phase 3: Adjust pointers
[2023-02-28T14:41:26.629+0900][780.119s] GC(396) Phase 3: Adjust pointers 37.087ms
[2023-02-28T14:41:26.630+0900][780.120s] GC(396) Phase 4: Compact heap
[2023-02-28T14:41:26.659+0900][780.149s] GC(396) Phase 4: Compact heap 29.405ms
[2023-02-28T14:41:26.673+0900][780.162s] GC(396) Eden regions: 0->0(25)
[2023-02-28T14:41:26.673+0900][780.163s] GC(396) Survivor regions: 0->0(4)
[2023-02-28T14:41:26.673+0900][780.163s] GC(396) Old regions: 479->479
[2023-02-28T14:41:26.673+0900][780.163s] GC(396) Humongous regions: 33->33
[2023-02-28T14:41:26.673+0900][780.163s] GC(396) Metaspace: 65164K(66944K)->65164K(66944K) NonClass: 57760K(58880K)->57760K(58880K) Class: 7403K(8064K)->7403K(8064K)
[2023-02-28T14:41:26.673+0900][780.163s] GC(396) Pause Full (G1 Evacuation Pause) 511M->511M(512M) 164.476ms
[2023-02-28T14:41:26.673+0900][780.163s] GC(396) User=1.45s Sys=0.00s Real=0.16s
[2023-02-28T14:41:26.673+0900][780.163s] GC(392) Concurrent Mark Abort
[2023-02-28T14:41:26.673+0900][780.163s] GC(392) Concurrent Cycle 631.489ms
[2023-02-28T14:41:26.673+0900][780.163s] GC(397) Pause Young (Normal) (G1 Evacuation Pause)
[2023-02-28T14:41:26.673+0900][780.163s] GC(397) Using 10 workers of 10 for evacuation
[2023-02-28T14:41:26.674+0900][780.164s] GC(397)   Pre Evacuate Collection Set: 0.0ms
[2023-02-28T14:41:26.674+0900][780.164s] GC(397)   Evacuate Collection Set: 0.2ms
[2023-02-28T14:41:26.674+0900][780.164s] GC(397)   Post Evacuate Collection Set: 0.1ms
[2023-02-28T14:41:26.674+0900][780.164s] GC(397)   Other: 0.2ms
[2023-02-28T14:41:26.674+0900][780.164s] GC(397) Eden regions: 0->0(25)
[2023-02-28T14:41:26.674+0900][780.164s] GC(397) Survivor regions: 0->0(4)
[2023-02-28T14:41:26.674+0900][780.164s] GC(397) Old regions: 479->479
[2023-02-28T14:41:26.674+0900][780.164s] GC(397) Humongous regions: 33->33
[2023-02-28T14:41:26.674+0900][780.164s] GC(397) Metaspace: 65164K(66944K)->65164K(66944K) NonClass: 57760K(58880K)->57760K(58880K) Class: 7403K(8064K)->7403K(8064K)
[2023-02-28T14:41:26.674+0900][780.164s] GC(397) Pause Young (Normal) (G1 Evacuation Pause) 511M->511M(512M) 0.678ms
[2023-02-28T14:41:26.674+0900][780.164s] GC(397) User=0.00s Sys=0.00s Real=0.00s
[2023-02-28T14:41:26.674+0900][780.164s] GC(398) Using 10 workers of 10 for full compaction
[2023-02-28T14:41:26.674+0900][780.164s] GC(398) Pause Full (G1 Evacuation Pause)
[2023-02-28T14:41:26.674+0900][780.164s] GC(398) Phase 1: Mark live objects
[2023-02-28T14:41:26.723+0900][780.213s] GC(398) Cleaned string and symbol table, strings: 31141 processed, 0 removed, symbols: 195635 processed, 0 removed
[2023-02-28T14:41:26.723+0900][780.213s] GC(398) Phase 1: Mark live objects 48.428ms
[2023-02-28T14:41:26.723+0900][780.213s] GC(398) Phase 2: Prepare for compaction
[2023-02-28T14:41:26.753+0900][780.243s] GC(398) Phase 2: Prepare for compaction 30.398ms
[2023-02-28T14:41:26.753+0900][780.243s] GC(398) Phase 3: Adjust pointers
[2023-02-28T14:41:26.788+0900][780.277s] GC(398) Phase 3: Adjust pointers 34.050ms
[2023-02-28T14:41:26.788+0900][780.277s] GC(398) Phase 4: Compact heap
[2023-02-28T14:41:26.814+0900][780.303s] GC(398) Phase 4: Compact heap 25.821ms
[2023-02-28T14:41:26.825+0900][780.315s] GC(398) Eden regions: 0->0(25)
[2023-02-28T14:41:26.825+0900][780.315s] GC(398) Survivor regions: 0->0(4)
[2023-02-28T14:41:26.825+0900][780.315s] GC(398) Old regions: 479->479
[2023-02-28T14:41:26.825+0900][780.315s] GC(398) Humongous regions: 33->33
[2023-02-28T14:41:26.825+0900][780.315s] GC(398) Metaspace: 65164K(66944K)->65164K(66944K) NonClass: 57760K(58880K)->57760K(58880K) Class: 7403K(8064K)->7403K(8064K)
[2023-02-28T14:41:26.826+0900][780.315s] GC(398) Pause Full (G1 Evacuation Pause) 511M->511M(512M) 151.088ms
[2023-02-28T14:41:26.826+0900][780.315s] GC(398) User=1.36s Sys=0.00s Real=0.15s
[2023-02-28T14:41:26.826+0900][780.315s] GC(399) Using 10 workers of 10 for full compaction
[2023-02-28T14:41:26.826+0900][780.315s] GC(399) Pause Full (G1 Evacuation Pause)
[2023-02-28T14:41:26.826+0900][780.316s] GC(399) Phase 1: Mark live objects
[2023-02-28T14:41:26.876+0900][780.365s] GC(399) Cleaned string and symbol table, strings: 31141 processed, 0 removed, symbols: 195635 processed, 0 removed
[2023-02-28T14:41:26.876+0900][780.365s] GC(399) Phase 1: Mark live objects 49.531ms
[2023-02-28T14:41:26.876+0900][780.365s] GC(399) Phase 2: Prepare for compaction
[2023-02-28T14:41:26.905+0900][780.395s] GC(399) Phase 2: Prepare for compaction 29.298ms
[2023-02-28T14:41:26.905+0900][780.395s] GC(399) Phase 3: Adjust pointers
[2023-02-28T14:41:26.942+0900][780.432s] GC(399) Phase 3: Adjust pointers 36.856ms
[2023-02-28T14:41:26.943+0900][780.432s] GC(399) Phase 4: Compact heap
[2023-02-28T14:41:26.976+0900][780.465s] GC(399) Phase 4: Compact heap 33.091ms
[2023-02-28T14:41:26.991+0900][780.481s] GC(399) Eden regions: 0->0(25)
[2023-02-28T14:41:26.991+0900][780.481s] GC(399) Survivor regions: 0->0(4)
[2023-02-28T14:41:26.991+0900][780.481s] GC(399) Old regions: 479->479
[2023-02-28T14:41:26.991+0900][780.481s] GC(399) Humongous regions: 33->33
[2023-02-28T14:41:26.991+0900][780.481s] GC(399) Metaspace: 65164K(66944K)->65164K(66944K) NonClass: 57760K(58880K)->57760K(58880K) Class: 7403K(8064K)->7403K(8064K)
[2023-02-28T14:41:26.991+0900][780.481s] GC(399) Pause Full (G1 Evacuation Pause) 511M->511M(512M) 165.456ms
[2023-02-28T14:41:26.991+0900][780.481s] GC(399) User=1.52s Sys=0.00s Real=0.16s
[2023-02-28T14:41:26.991+0900][780.481s] GC(400) Pause Young (Concurrent Start) (G1 Evacuation Pause)
[2023-02-28T14:41:26.991+0900][780.481s] GC(400) Using 10 workers of 10 for evacuation
[2023-02-28T14:41:26.992+0900][780.482s] GC(400)   Pre Evacuate Collection Set: 0.1ms
[2023-02-28T14:41:26.992+0900][780.482s] GC(400)   Evacuate Collection Set: 0.5ms
[2023-02-28T14:41:26.992+0900][780.482s] GC(400)   Post Evacuate Collection Set: 0.1ms
[2023-02-28T14:41:26.992+0900][780.482s] GC(400)   Other: 0.2ms
[2023-02-28T14:41:26.992+0900][780.482s] GC(400) Eden regions: 0->0(25)
[2023-02-28T14:41:26.992+0900][780.482s] GC(400) Survivor regions: 0->0(4)
[2023-02-28T14:41:26.992+0900][780.482s] GC(400) Old regions: 479->479
[2023-02-28T14:41:26.992+0900][780.482s] GC(400) Humongous regions: 33->33
[2023-02-28T14:41:26.992+0900][780.482s] GC(400) Metaspace: 65164K(66944K)->65164K(66944K) NonClass: 57760K(58880K)->57760K(58880K) Class: 7403K(8064K)->7403K(8064K)
[2023-02-28T14:41:26.992+0900][780.482s] GC(400) Pause Young (Concurrent Start) (G1 Evacuation Pause) 511M->511M(512M) 1.040ms
[2023-02-28T14:41:26.992+0900][780.482s] GC(400) User=0.00s Sys=0.00s Real=0.00s
[2023-02-28T14:41:26.992+0900][780.482s] GC(401) Using 10 workers of 10 for full compaction
[2023-02-28T14:41:26.992+0900][780.482s] GC(402) Concurrent Cycle
[2023-02-28T14:41:26.992+0900][780.482s] GC(402) Concurrent Clear Claimed Marks
[2023-02-28T14:41:26.992+0900][780.482s] GC(402) Concurrent Clear Claimed Marks 0.034ms
[2023-02-28T14:41:26.992+0900][780.482s] GC(402) Concurrent Scan Root Regions
[2023-02-28T14:41:26.992+0900][780.482s] GC(401) Pause Full (G1 Evacuation Pause)
[2023-02-28T14:41:26.992+0900][780.483s] GC(402) Concurrent Scan Root Regions 0.021ms
[2023-02-28T14:41:26.992+0900][780.483s] GC(402) Concurrent Mark (780.483s)
[2023-02-28T14:41:26.992+0900][780.483s] GC(402) Concurrent Mark From Roots
[2023-02-28T14:41:26.993+0900][780.483s] GC(402) Using 3 workers of 3 for marking
[2023-02-28T14:41:26.993+0900][780.483s] GC(401) Phase 1: Mark live objects
[2023-02-28T14:41:27.048+0900][780.537s] GC(401) Cleaned string and symbol table, strings: 31141 processed, 0 removed, symbols: 195635 processed, 0 removed
[2023-02-28T14:41:27.048+0900][780.537s] GC(401) Phase 1: Mark live objects 53.951ms
[2023-02-28T14:41:27.048+0900][780.537s] GC(401) Phase 2: Prepare for compaction
[2023-02-28T14:41:27.079+0900][780.569s] GC(401) Phase 2: Prepare for compaction 31.631ms
[2023-02-28T14:41:27.080+0900][780.569s] GC(401) Phase 3: Adjust pointers
[2023-02-28T14:41:27.116+0900][780.605s] GC(401) Phase 3: Adjust pointers 36.402ms
[2023-02-28T14:41:27.116+0900][780.605s] GC(401) Phase 4: Compact heap
[2023-02-28T14:41:27.145+0900][780.635s] GC(401) Phase 4: Compact heap 29.226ms
[2023-02-28T14:41:27.158+0900][780.647s] GC(401) Eden regions: 0->0(25)
[2023-02-28T14:41:27.158+0900][780.647s] GC(401) Survivor regions: 0->0(4)
[2023-02-28T14:41:27.158+0900][780.647s] GC(401) Old regions: 479->479
[2023-02-28T14:41:27.158+0900][780.647s] GC(401) Humongous regions: 33->33
[2023-02-28T14:41:27.158+0900][780.647s] GC(401) Metaspace: 65164K(66944K)->65164K(66944K) NonClass: 57760K(58880K)->57760K(58880K) Class: 7403K(8064K)->7403K(8064K)
[2023-02-28T14:41:27.158+0900][780.648s] GC(401) Pause Full (G1 Evacuation Pause) 511M->511M(512M) 165.013ms
[2023-02-28T14:41:27.159+0900][780.648s] GC(401) User=1.59s Sys=0.00s Real=0.17s
[2023-02-28T14:41:27.159+0900][780.648s] GC(403) Using 10 workers of 10 for full compaction
[2023-02-28T14:41:27.159+0900][780.648s] GC(403) Pause Full (G1 Evacuation Pause)
[2023-02-28T14:41:27.159+0900][780.648s] GC(403) Phase 1: Mark live objects
[2023-02-28T14:41:27.210+0900][780.700s] GC(403) Cleaned string and symbol table, strings: 31141 processed, 0 removed, symbols: 195635 processed, 0 removed
[2023-02-28T14:41:27.210+0900][780.700s] GC(403) Phase 1: Mark live objects 52.122ms
[2023-02-28T14:41:27.210+0900][780.700s] GC(403) Phase 2: Prepare for compaction
[2023-02-28T14:41:27.242+0900][780.732s] GC(403) Phase 2: Prepare for compaction 31.534ms
[2023-02-28T14:41:27.242+0900][780.732s] GC(403) Phase 3: Adjust pointers
[2023-02-28T14:41:27.281+0900][780.771s] GC(403) Phase 3: Adjust pointers 38.864ms
[2023-02-28T14:41:27.281+0900][780.771s] GC(403) Phase 4: Compact heap
[2023-02-28T14:41:27.311+0900][780.801s] GC(403) Phase 4: Compact heap 29.970ms
[2023-02-28T14:41:27.324+0900][780.813s] GC(403) Eden regions: 0->0(25)
[2023-02-28T14:41:27.324+0900][780.813s] GC(403) Survivor regions: 0->0(4)
[2023-02-28T14:41:27.324+0900][780.813s] GC(403) Old regions: 479->479
[2023-02-28T14:41:27.324+0900][780.813s] GC(403) Humongous regions: 33->33
[2023-02-28T14:41:27.324+0900][780.813s] GC(403) Metaspace: 65164K(66944K)->65164K(66944K) NonClass: 57760K(58880K)->57760K(58880K) Class: 7403K(8064K)->7403K(8064K)
[2023-02-28T14:41:27.324+0900][780.813s] GC(403) Pause Full (G1 Evacuation Pause) 511M->511M(512M) 165.389ms
[2023-02-28T14:41:27.324+0900][780.814s] GC(403) User=1.39s Sys=0.00s Real=0.16s
[2023-02-28T14:41:27.324+0900][780.814s] GC(402) Concurrent Mark From Roots 331.101ms
[2023-02-28T14:41:27.324+0900][780.814s] GC(404) Pause Young (Normal) (G1 Evacuation Pause)
[2023-02-28T14:41:27.324+0900][780.814s] GC(404) Using 10 workers of 10 for evacuation
[2023-02-28T14:41:27.324+0900][780.814s] GC(404)   Pre Evacuate Collection Set: 0.0ms
[2023-02-28T14:41:27.324+0900][780.814s] GC(404)   Evacuate Collection Set: 0.1ms
[2023-02-28T14:41:27.324+0900][780.814s] GC(404)   Post Evacuate Collection Set: 0.1ms
[2023-02-28T14:41:27.325+0900][780.814s] GC(404)   Other: 0.1ms
[2023-02-28T14:41:27.325+0900][780.814s] GC(404) Eden regions: 0->0(25)
[2023-02-28T14:41:27.325+0900][780.814s] GC(404) Survivor regions: 0->0(4)
[2023-02-28T14:41:27.325+0900][780.814s] GC(404) Old regions: 479->479
[2023-02-28T14:41:27.325+0900][780.814s] GC(404) Humongous regions: 33->33
[2023-02-28T14:41:27.325+0900][780.814s] GC(404) Metaspace: 65164K(66944K)->65164K(66944K) NonClass: 57760K(58880K)->57760K(58880K) Class: 7403K(8064K)->7403K(8064K)
[2023-02-28T14:41:27.325+0900][780.814s] GC(404) Pause Young (Normal) (G1 Evacuation Pause) 511M->511M(512M) 0.579ms
[2023-02-28T14:41:27.325+0900][780.814s] GC(404) User=0.02s Sys=0.00s Real=0.00s
[2023-02-28T14:41:27.325+0900][780.814s] GC(405) Using 10 workers of 10 for full compaction
[2023-02-28T14:41:27.325+0900][780.815s] GC(405) Pause Full (G1 Evacuation Pause)
[2023-02-28T14:41:27.325+0900][780.815s] GC(405) Phase 1: Mark live objects
[2023-02-28T14:41:27.399+0900][780.888s] GC(405) Cleaned string and symbol table, strings: 31141 processed, 0 removed, symbols: 195635 processed, 0 removed
[2023-02-28T14:41:27.399+0900][780.888s] GC(405) Phase 1: Mark live objects 73.570ms
[2023-02-28T14:41:27.399+0900][780.888s] GC(405) Phase 2: Prepare for compaction
[2023-02-28T14:41:27.450+0900][780.939s] GC(405) Phase 2: Prepare for compaction 50.664ms
[2023-02-28T14:41:27.450+0900][780.939s] GC(405) Phase 3: Adjust pointers
[2023-02-28T14:41:27.489+0900][780.978s] GC(405) Phase 3: Adjust pointers 39.256ms
[2023-02-28T14:41:27.489+0900][780.979s] GC(405) Phase 4: Compact heap
[2023-02-28T14:41:27.525+0900][781.014s] GC(405) Phase 4: Compact heap 35.224ms
[2023-02-28T14:41:27.540+0900][781.029s] GC(405) Eden regions: 0->0(25)
[2023-02-28T14:41:27.540+0900][781.029s] GC(405) Survivor regions: 0->0(4)
[2023-02-28T14:41:27.540+0900][781.029s] GC(405) Old regions: 479->479
[2023-02-28T14:41:27.540+0900][781.029s] GC(405) Humongous regions: 33->33
[2023-02-28T14:41:27.540+0900][781.029s] GC(405) Metaspace: 65164K(66944K)->65164K(66944K) NonClass: 57760K(58880K)->57760K(58880K) Class: 7403K(8064K)->7403K(8064K)
[2023-02-28T14:41:27.540+0900][781.029s] GC(405) Pause Full (G1 Evacuation Pause) 511M->511M(512M) 214.946ms
[2023-02-28T14:41:27.541+0900][781.030s] GC(405) User=1.77s Sys=0.00s Real=0.22s
[2023-02-28T14:41:27.541+0900][781.030s] GC(406) Using 10 workers of 10 for full compaction
[2023-02-28T14:41:27.541+0900][781.030s] GC(406) Pause Full (G1 Evacuation Pause)
[2023-02-28T14:41:27.541+0900][781.030s] GC(406) Phase 1: Mark live objects
[2023-02-28T14:41:27.597+0900][781.087s] GC(406) Cleaned string and symbol table, strings: 31141 processed, 0 removed, symbols: 195635 processed, 0 removed
[2023-02-28T14:41:27.597+0900][781.087s] GC(406) Phase 1: Mark live objects 56.634ms
[2023-02-28T14:41:27.597+0900][781.087s] GC(406) Phase 2: Prepare for compaction
[2023-02-28T14:41:27.635+0900][781.124s] GC(406) Phase 2: Prepare for compaction 37.578ms
[2023-02-28T14:41:27.635+0900][781.125s] GC(406) Phase 3: Adjust pointers
[2023-02-28T14:41:27.675+0900][781.165s] GC(406) Phase 3: Adjust pointers 40.288ms
[2023-02-28T14:41:27.675+0900][781.165s] GC(406) Phase 4: Compact heap
[2023-02-28T14:41:27.705+0900][781.195s] GC(406) Phase 4: Compact heap 29.805ms
[2023-02-28T14:41:27.718+0900][781.208s] GC(406) Eden regions: 0->0(25)
[2023-02-28T14:41:27.718+0900][781.208s] GC(406) Survivor regions: 0->0(4)
[2023-02-28T14:41:27.718+0900][781.208s] GC(406) Old regions: 479->479
[2023-02-28T14:41:27.718+0900][781.208s] GC(406) Humongous regions: 33->33
[2023-02-28T14:41:27.719+0900][781.208s] GC(406) Metaspace: 65164K(66944K)->65164K(66944K) NonClass: 57760K(58880K)->57760K(58880K) Class: 7403K(8064K)->7403K(8064K)
[2023-02-28T14:41:27.719+0900][781.208s] GC(406) Pause Full (G1 Evacuation Pause) 511M->511M(512M) 178.328ms
[2023-02-28T14:41:27.719+0900][781.208s] GC(406) User=1.69s Sys=0.00s Real=0.18s
[2023-02-28T14:41:27.719+0900][781.208s] GC(402) Concurrent Mark Abort
[2023-02-28T14:41:27.719+0900][781.208s] GC(402) Concurrent Cycle 726.142ms
[2023-02-28T14:41:27.719+0900][781.209s] GC(407) Pause Young (Normal) (G1 Evacuation Pause)
[2023-02-28T14:41:27.719+0900][781.209s] GC(407) Using 10 workers of 10 for evacuation
[2023-02-28T14:41:27.719+0900][781.209s] GC(407)   Pre Evacuate Collection Set: 0.0ms
[2023-02-28T14:41:27.719+0900][781.209s] GC(407)   Evacuate Collection Set: 0.2ms
[2023-02-28T14:41:27.719+0900][781.209s] GC(407)   Post Evacuate Collection Set: 0.1ms
[2023-02-28T14:41:27.719+0900][781.209s] GC(407)   Other: 0.1ms
[2023-02-28T14:41:27.719+0900][781.209s] GC(407) Eden regions: 0->0(25)
[2023-02-28T14:41:27.719+0900][781.209s] GC(407) Survivor regions: 0->0(4)
[2023-02-28T14:41:27.719+0900][781.209s] GC(407) Old regions: 479->479
[2023-02-28T14:41:27.719+0900][781.209s] GC(407) Humongous regions: 33->33
[2023-02-28T14:41:27.719+0900][781.209s] GC(407) Metaspace: 65164K(66944K)->65164K(66944K) NonClass: 57760K(58880K)->57760K(58880K) Class: 7403K(8064K)->7403K(8064K)
[2023-02-28T14:41:27.719+0900][781.209s] GC(407) Pause Young (Normal) (G1 Evacuation Pause) 511M->511M(512M) 0.586ms
[2023-02-28T14:41:27.720+0900][781.209s] GC(407) User=0.00s Sys=0.00s Real=0.00s
[2023-02-28T14:41:27.720+0900][781.209s] GC(408) Using 10 workers of 10 for full compaction
[2023-02-28T14:41:27.720+0900][781.209s] GC(408) Pause Full (G1 Evacuation Pause)
[2023-02-28T14:41:27.720+0900][781.210s] GC(408) Phase 1: Mark live objects
[2023-02-28T14:41:27.773+0900][781.263s] GC(408) Cleaned string and symbol table, strings: 31141 processed, 0 removed, symbols: 195635 processed, 0 removed
[2023-02-28T14:41:27.773+0900][781.263s] GC(408) Phase 1: Mark live objects 53.283ms
[2023-02-28T14:41:27.773+0900][781.263s] GC(408) Phase 2: Prepare for compaction
[2023-02-28T14:41:27.805+0900][781.295s] GC(408) Phase 2: Prepare for compaction 31.691ms
[2023-02-28T14:41:27.805+0900][781.295s] GC(408) Phase 3: Adjust pointers
[2023-02-28T14:41:27.842+0900][781.331s] GC(408) Phase 3: Adjust pointers 36.373ms
[2023-02-28T14:41:27.842+0900][781.331s] GC(408) Phase 4: Compact heap
[2023-02-28T14:41:27.870+0900][781.360s] GC(408) Phase 4: Compact heap 28.408ms
[2023-02-28T14:41:27.882+0900][781.371s] GC(408) Eden regions: 0->0(25)
[2023-02-28T14:41:27.882+0900][781.371s] GC(408) Survivor regions: 0->0(4)
[2023-02-28T14:41:27.882+0900][781.371s] GC(408) Old regions: 479->479
[2023-02-28T14:41:27.882+0900][781.371s] GC(408) Humongous regions: 33->33
[2023-02-28T14:41:27.882+0900][781.371s] GC(408) Metaspace: 65164K(66944K)->65164K(66944K) NonClass: 57760K(58880K)->57760K(58880K) Class: 7403K(8064K)->7403K(8064K)
[2023-02-28T14:41:27.882+0900][781.371s] GC(408) Pause Full (G1 Evacuation Pause) 511M->511M(512M) 161.873ms
[2023-02-28T14:41:27.882+0900][781.371s] GC(408) User=1.55s Sys=0.00s Real=0.16s
[2023-02-28T14:41:27.882+0900][781.371s] GC(409) Using 10 workers of 10 for full compaction
[2023-02-28T14:41:27.882+0900][781.372s] GC(409) Pause Full (G1 Evacuation Pause)
[2023-02-28T14:41:27.883+0900][781.372s] GC(409) Phase 1: Mark live objects
[2023-02-28T14:41:27.933+0900][781.423s] GC(409) Cleaned string and symbol table, strings: 31141 processed, 0 removed, symbols: 195635 processed, 0 removed
[2023-02-28T14:41:27.933+0900][781.423s] GC(409) Phase 1: Mark live objects 51.369ms
[2023-02-28T14:41:27.933+0900][781.423s] GC(409) Phase 2: Prepare for compaction
[2023-02-28T14:41:27.966+0900][781.456s] GC(409) Phase 2: Prepare for compaction 32.355ms
[2023-02-28T14:41:27.966+0900][781.456s] GC(409) Phase 3: Adjust pointers
[2023-02-28T14:41:28.002+0900][781.492s] GC(409) Phase 3: Adjust pointers 36.174ms
[2023-02-28T14:41:28.002+0900][781.492s] GC(409) Phase 4: Compact heap
[2023-02-28T14:41:28.035+0900][781.525s] GC(409) Phase 4: Compact heap 33.044ms
[2023-02-28T14:41:28.050+0900][781.540s] GC(409) Eden regions: 0->0(25)
[2023-02-28T14:41:28.050+0900][781.540s] GC(409) Survivor regions: 0->0(4)
[2023-02-28T14:41:28.050+0900][781.540s] GC(409) Old regions: 479->479
[2023-02-28T14:41:28.050+0900][781.540s] GC(409) Humongous regions: 33->33
[2023-02-28T14:41:28.050+0900][781.540s] GC(409) Metaspace: 65164K(66944K)->65164K(66944K) NonClass: 57760K(58880K)->57760K(58880K) Class: 7403K(8064K)->7403K(8064K)
[2023-02-28T14:41:28.050+0900][781.540s] GC(409) Pause Full (G1 Evacuation Pause) 511M->511M(512M) 168.337ms
[2023-02-28T14:41:28.050+0900][781.540s] GC(409) User=1.48s Sys=0.00s Real=0.17s
[2023-02-28T14:41:28.051+0900][781.541s] GC(410) Pause Young (Concurrent Start) (G1 Evacuation Pause)
[2023-02-28T14:41:28.051+0900][781.541s] GC(410) Using 10 workers of 10 for evacuation
[2023-02-28T14:41:28.052+0900][781.542s] GC(410)   Pre Evacuate Collection Set: 0.1ms
[2023-02-28T14:41:28.052+0900][781.542s] GC(410)   Evacuate Collection Set: 0.7ms
[2023-02-28T14:41:28.052+0900][781.542s] GC(410)   Post Evacuate Collection Set: 0.1ms
[2023-02-28T14:41:28.052+0900][781.542s] GC(410)   Other: 0.2ms
[2023-02-28T14:41:28.052+0900][781.542s] GC(410) Eden regions: 0->0(25)
[2023-02-28T14:41:28.052+0900][781.542s] GC(410) Survivor regions: 0->0(4)
[2023-02-28T14:41:28.052+0900][781.542s] GC(410) Old regions: 479->479
[2023-02-28T14:41:28.052+0900][781.542s] GC(410) Humongous regions: 33->33
[2023-02-28T14:41:28.052+0900][781.542s] GC(410) Metaspace: 65164K(66944K)->65164K(66944K) NonClass: 57760K(58880K)->57760K(58880K) Class: 7403K(8064K)->7403K(8064K)
[2023-02-28T14:41:28.052+0900][781.542s] GC(410) Pause Young (Concurrent Start) (G1 Evacuation Pause) 511M->511M(512M) 1.342ms
[2023-02-28T14:41:28.052+0900][781.542s] GC(410) User=0.00s Sys=0.00s Real=0.00s
[2023-02-28T14:41:28.052+0900][781.542s] GC(412) Concurrent Cycle
[2023-02-28T14:41:28.052+0900][781.542s] GC(411) Using 10 workers of 10 for full compaction
[2023-02-28T14:41:28.052+0900][781.542s] GC(412) Concurrent Clear Claimed Marks
[2023-02-28T14:41:28.052+0900][781.542s] GC(412) Concurrent Clear Claimed Marks 0.067ms
[2023-02-28T14:41:28.052+0900][781.542s] GC(412) Concurrent Scan Root Regions
[2023-02-28T14:41:28.052+0900][781.542s] GC(412) Concurrent Scan Root Regions 0.021ms
[2023-02-28T14:41:28.052+0900][781.542s] GC(412) Concurrent Mark (781.542s)
[2023-02-28T14:41:28.052+0900][781.542s] GC(411) Pause Full (G1 Evacuation Pause)
[2023-02-28T14:41:28.052+0900][781.542s] GC(412) Concurrent Mark From Roots
[2023-02-28T14:41:28.053+0900][781.542s] GC(412) Using 3 workers of 3 for marking
[2023-02-28T14:41:28.054+0900][781.543s] GC(411) Phase 1: Mark live objects
[2023-02-28T14:41:28.129+0900][781.619s] GC(411) Cleaned string and symbol table, strings: 31141 processed, 0 removed, symbols: 195635 processed, 0 removed
[2023-02-28T14:41:28.130+0900][781.619s] GC(411) Phase 1: Mark live objects 75.823ms
[2023-02-28T14:41:28.130+0900][781.619s] GC(411) Phase 2: Prepare for compaction
[2023-02-28T14:41:28.165+0900][781.654s] GC(411) Phase 2: Prepare for compaction 34.852ms
[2023-02-28T14:41:28.165+0900][781.654s] GC(411) Phase 3: Adjust pointers
[2023-02-28T14:41:28.199+0900][781.688s] GC(411) Phase 3: Adjust pointers 34.004ms
[2023-02-28T14:41:28.199+0900][781.688s] GC(411) Phase 4: Compact heap
[2023-02-28T14:41:28.229+0900][781.719s] GC(411) Phase 4: Compact heap 30.264ms
[2023-02-28T14:41:28.242+0900][781.731s] GC(411) Eden regions: 0->0(25)
[2023-02-28T14:41:28.242+0900][781.731s] GC(411) Survivor regions: 0->0(4)
[2023-02-28T14:41:28.242+0900][781.731s] GC(411) Old regions: 479->479
[2023-02-28T14:41:28.242+0900][781.731s] GC(411) Humongous regions: 33->33
[2023-02-28T14:41:28.242+0900][781.731s] GC(411) Metaspace: 65164K(66944K)->65164K(66944K) NonClass: 57760K(58880K)->57760K(58880K) Class: 7403K(8064K)->7403K(8064K)
[2023-02-28T14:41:28.242+0900][781.731s] GC(411) Pause Full (G1 Evacuation Pause) 511M->511M(512M) 188.861ms
[2023-02-28T14:41:28.242+0900][781.731s] GC(411) User=1.80s Sys=0.00s Real=0.19s
[2023-02-28T14:41:28.242+0900][781.731s] GC(413) Using 10 workers of 10 for full compaction
[2023-02-28T14:41:28.242+0900][781.731s] GC(413) Pause Full (G1 Evacuation Pause)
[2023-02-28T14:41:28.243+0900][781.732s] GC(413) Phase 1: Mark live objects
[2023-02-28T14:41:28.295+0900][781.785s] GC(413) Cleaned string and symbol table, strings: 31141 processed, 0 removed, symbols: 195635 processed, 0 removed
[2023-02-28T14:41:28.295+0900][781.785s] GC(413) Phase 1: Mark live objects 52.970ms
[2023-02-28T14:41:28.295+0900][781.785s] GC(413) Phase 2: Prepare for compaction
[2023-02-28T14:41:28.327+0900][781.817s] GC(413) Phase 2: Prepare for compaction 32.490ms
[2023-02-28T14:41:28.327+0900][781.817s] GC(413) Phase 3: Adjust pointers
[2023-02-28T14:41:28.364+0900][781.854s] GC(413) Phase 3: Adjust pointers 36.279ms
[2023-02-28T14:41:28.364+0900][781.854s] GC(413) Phase 4: Compact heap
[2023-02-28T14:41:28.397+0900][781.887s] GC(413) Phase 4: Compact heap 33.527ms
[2023-02-28T14:41:28.417+0900][781.906s] GC(413) Eden regions: 0->0(25)
[2023-02-28T14:41:28.417+0900][781.907s] GC(413) Survivor regions: 0->0(4)
[2023-02-28T14:41:28.417+0900][781.907s] GC(413) Old regions: 479->479
[2023-02-28T14:41:28.417+0900][781.907s] GC(413) Humongous regions: 33->33
[2023-02-28T14:41:28.417+0900][781.907s] GC(413) Metaspace: 65164K(66944K)->65164K(66944K) NonClass: 57760K(58880K)->57760K(58880K) Class: 7403K(8064K)->7403K(8064K)
[2023-02-28T14:41:28.417+0900][781.907s] GC(413) Pause Full (G1 Evacuation Pause) 511M->511M(512M) 175.125ms
[2023-02-28T14:41:28.417+0900][781.907s] GC(413) User=1.53s Sys=0.00s Real=0.17s
[2023-02-28T14:41:28.417+0900][781.907s] GC(412) Concurrent Mark From Roots 364.681ms
[2023-02-28T14:41:28.417+0900][781.907s] GC(414) Pause Young (Normal) (G1 Evacuation Pause)
[2023-02-28T14:41:28.417+0900][781.907s] GC(414) Using 10 workers of 10 for evacuation
[2023-02-28T14:41:28.418+0900][781.907s] GC(414)   Pre Evacuate Collection Set: 0.0ms
[2023-02-28T14:41:28.418+0900][781.908s] GC(414)   Evacuate Collection Set: 0.2ms
[2023-02-28T14:41:28.418+0900][781.908s] GC(414)   Post Evacuate Collection Set: 0.1ms
[2023-02-28T14:41:28.418+0900][781.908s] GC(414)   Other: 0.1ms
[2023-02-28T14:41:28.418+0900][781.908s] GC(414) Eden regions: 0->0(25)
[2023-02-28T14:41:28.418+0900][781.908s] GC(414) Survivor regions: 0->0(4)
[2023-02-28T14:41:28.418+0900][781.908s] GC(414) Old regions: 479->479
[2023-02-28T14:41:28.418+0900][781.908s] GC(414) Humongous regions: 33->33
[2023-02-28T14:41:28.418+0900][781.908s] GC(414) Metaspace: 65164K(66944K)->65164K(66944K) NonClass: 57760K(58880K)->57760K(58880K) Class: 7403K(8064K)->7403K(8064K)
[2023-02-28T14:41:28.418+0900][781.908s] GC(414) Pause Young (Normal) (G1 Evacuation Pause) 511M->511M(512M) 0.658ms
[2023-02-28T14:41:28.418+0900][781.908s] GC(414) User=0.00s Sys=0.00s Real=0.00s
[2023-02-28T14:41:28.418+0900][781.908s] GC(415) Using 10 workers of 10 for full compaction
[2023-02-28T14:41:28.418+0900][781.908s] GC(415) Pause Full (G1 Evacuation Pause)
[2023-02-28T14:41:28.418+0900][781.908s] GC(415) Phase 1: Mark live objects
[2023-02-28T14:41:28.479+0900][781.968s] GC(415) Cleaned string and symbol table, strings: 31141 processed, 0 removed, symbols: 195635 processed, 0 removed
[2023-02-28T14:41:28.479+0900][781.968s] GC(415) Phase 1: Mark live objects 60.126ms
[2023-02-28T14:41:28.479+0900][781.968s] GC(415) Phase 2: Prepare for compaction
[2023-02-28T14:41:28.511+0900][782.001s] GC(415) Phase 2: Prepare for compaction 32.669ms
[2023-02-28T14:41:28.512+0900][782.001s] GC(415) Phase 3: Adjust pointers
[2023-02-28T14:41:28.551+0900][782.041s] GC(415) Phase 3: Adjust pointers 39.758ms
[2023-02-28T14:41:28.551+0900][782.041s] GC(415) Phase 4: Compact heap
[2023-02-28T14:41:28.580+0900][782.069s] GC(415) Phase 4: Compact heap 28.127ms
[2023-02-28T14:41:28.596+0900][782.086s] GC(415) Eden regions: 0->0(25)
[2023-02-28T14:41:28.596+0900][782.086s] GC(415) Survivor regions: 0->0(4)
[2023-02-28T14:41:28.596+0900][782.086s] GC(415) Old regions: 479->479
[2023-02-28T14:41:28.596+0900][782.086s] GC(415) Humongous regions: 33->33
[2023-02-28T14:41:28.596+0900][782.086s] GC(415) Metaspace: 65164K(66944K)->65164K(66944K) NonClass: 57760K(58880K)->57760K(58880K) Class: 7403K(8064K)->7403K(8064K)
[2023-02-28T14:41:28.597+0900][782.086s] GC(415) Pause Full (G1 Evacuation Pause) 511M->511M(512M) 177.978ms
[2023-02-28T14:41:28.597+0900][782.086s] GC(415) User=1.73s Sys=0.00s Real=0.18s
[2023-02-28T14:41:28.597+0900][782.086s] GC(416) Using 10 workers of 10 for full compaction
[2023-02-28T14:41:28.597+0900][782.086s] GC(416) Pause Full (G1 Evacuation Pause)
[2023-02-28T14:41:28.597+0900][782.087s] GC(416) Phase 1: Mark live objects
[2023-02-28T14:41:28.654+0900][782.143s] GC(416) Cleaned string and symbol table, strings: 31141 processed, 0 removed, symbols: 195635 processed, 0 removed
[2023-02-28T14:41:28.654+0900][782.143s] GC(416) Phase 1: Mark live objects 56.201ms
[2023-02-28T14:41:28.654+0900][782.143s] GC(416) Phase 2: Prepare for compaction
[2023-02-28T14:41:28.685+0900][782.175s] GC(416) Phase 2: Prepare for compaction 31.836ms
[2023-02-28T14:41:28.685+0900][782.175s] GC(416) Phase 3: Adjust pointers
[2023-02-28T14:41:28.721+0900][782.211s] GC(416) Phase 3: Adjust pointers 36.627ms
[2023-02-28T14:41:28.721+0900][782.211s] GC(416) Phase 4: Compact heap
[2023-02-28T14:41:28.752+0900][782.242s] GC(416) Phase 4: Compact heap 30.714ms
[2023-02-28T14:41:28.765+0900][782.255s] GC(416) Eden regions: 0->0(25)
[2023-02-28T14:41:28.765+0900][782.255s] GC(416) Survivor regions: 0->0(4)
[2023-02-28T14:41:28.765+0900][782.255s] GC(416) Old regions: 479->479
[2023-02-28T14:41:28.765+0900][782.255s] GC(416) Humongous regions: 33->33
[2023-02-28T14:41:28.765+0900][782.255s] GC(416) Metaspace: 65164K(66944K)->65164K(66944K) NonClass: 57760K(58880K)->57760K(58880K) Class: 7403K(8064K)->7403K(8064K)
[2023-02-28T14:41:28.765+0900][782.255s] GC(416) Pause Full (G1 Evacuation Pause) 511M->511M(512M) 168.854ms
[2023-02-28T14:41:28.765+0900][782.255s] GC(416) User=1.44s Sys=0.00s Real=0.17s
[2023-02-28T14:41:28.765+0900][782.255s] GC(412) Concurrent Mark Abort
[2023-02-28T14:41:28.766+0900][782.255s] GC(412) Concurrent Cycle 713.319ms
[2023-02-28T14:41:28.766+0900][782.256s] GC(417) Pause Young (Normal) (G1 Evacuation Pause)
[2023-02-28T14:41:28.766+0900][782.256s] GC(417) Using 10 workers of 10 for evacuation
[2023-02-28T14:41:28.766+0900][782.256s] GC(417)   Pre Evacuate Collection Set: 0.0ms
[2023-02-28T14:41:28.766+0900][782.256s] GC(417)   Evacuate Collection Set: 0.2ms
[2023-02-28T14:41:28.766+0900][782.256s] GC(417)   Post Evacuate Collection Set: 0.1ms
[2023-02-28T14:41:28.766+0900][782.256s] GC(417)   Other: 0.1ms
[2023-02-28T14:41:28.766+0900][782.256s] GC(417) Eden regions: 0->0(25)
[2023-02-28T14:41:28.766+0900][782.256s] GC(417) Survivor regions: 0->0(4)
[2023-02-28T14:41:28.766+0900][782.256s] GC(417) Old regions: 479->479
[2023-02-28T14:41:28.766+0900][782.256s] GC(417) Humongous regions: 33->33
[2023-02-28T14:41:28.766+0900][782.256s] GC(417) Metaspace: 65164K(66944K)->65164K(66944K) NonClass: 57760K(58880K)->57760K(58880K) Class: 7403K(8064K)->7403K(8064K)
[2023-02-28T14:41:28.766+0900][782.256s] GC(417) Pause Young (Normal) (G1 Evacuation Pause) 511M->511M(512M) 0.619ms
[2023-02-28T14:41:28.766+0900][782.256s] GC(417) User=0.00s Sys=0.00s Real=0.00s
[2023-02-28T14:41:28.766+0900][782.256s] GC(418) Using 10 workers of 10 for full compaction
[2023-02-28T14:41:28.766+0900][782.256s] GC(418) Pause Full (G1 Evacuation Pause)
[2023-02-28T14:41:28.767+0900][782.257s] GC(418) Phase 1: Mark live objects
[2023-02-28T14:41:28.820+0900][782.309s] GC(418) Cleaned string and symbol table, strings: 31141 processed, 0 removed, symbols: 195635 processed, 0 removed
[2023-02-28T14:41:28.820+0900][782.310s] GC(418) Phase 1: Mark live objects 52.786ms
[2023-02-28T14:41:28.820+0900][782.310s] GC(418) Phase 2: Prepare for compaction
[2023-02-28T14:41:28.852+0900][782.342s] GC(418) Phase 2: Prepare for compaction 32.527ms
[2023-02-28T14:41:28.853+0900][782.342s] GC(418) Phase 3: Adjust pointers
[2023-02-28T14:41:28.890+0900][782.380s] GC(418) Phase 3: Adjust pointers 37.454ms
[2023-02-28T14:41:28.890+0900][782.380s] GC(418) Phase 4: Compact heap
[2023-02-28T14:41:28.919+0900][782.408s] GC(418) Phase 4: Compact heap 28.489ms
[2023-02-28T14:41:28.932+0900][782.421s] GC(418) Eden regions: 0->0(25)
[2023-02-28T14:41:28.932+0900][782.421s] GC(418) Survivor regions: 0->0(4)
[2023-02-28T14:41:28.932+0900][782.421s] GC(418) Old regions: 479->479
[2023-02-28T14:41:28.932+0900][782.421s] GC(418) Humongous regions: 33->33
[2023-02-28T14:41:28.932+0900][782.421s] GC(418) Metaspace: 65164K(66944K)->65164K(66944K) NonClass: 57760K(58880K)->57760K(58880K) Class: 7403K(8064K)->7403K(8064K)
[2023-02-28T14:41:28.932+0900][782.421s] GC(418) Pause Full (G1 Evacuation Pause) 511M->511M(512M) 164.910ms
[2023-02-28T14:41:28.932+0900][782.421s] GC(418) User=1.41s Sys=0.00s Real=0.17s
[2023-02-28T14:41:28.932+0900][782.422s] GC(419) Using 10 workers of 10 for full compaction
[2023-02-28T14:41:28.932+0900][782.422s] GC(419) Pause Full (G1 Evacuation Pause)
[2023-02-28T14:41:28.933+0900][782.422s] GC(419) Phase 1: Mark live objects
[2023-02-28T14:41:28.986+0900][782.475s] GC(419) Cleaned string and symbol table, strings: 31141 processed, 0 removed, symbols: 195635 processed, 0 removed
[2023-02-28T14:41:28.986+0900][782.475s] GC(419) Phase 1: Mark live objects 53.342ms
[2023-02-28T14:41:28.986+0900][782.475s] GC(419) Phase 2: Prepare for compaction
[2023-02-28T14:41:29.018+0900][782.508s] GC(419) Phase 2: Prepare for compaction 32.292ms
[2023-02-28T14:41:29.019+0900][782.508s] GC(419) Phase 3: Adjust pointers
[2023-02-28T14:41:29.055+0900][782.545s] GC(419) Phase 3: Adjust pointers 37.135ms
[2023-02-28T14:41:29.055+0900][782.545s] GC(419) Phase 4: Compact heap
[2023-02-28T14:41:29.084+0900][782.574s] GC(419) Phase 4: Compact heap 28.676ms
[2023-02-28T14:41:29.097+0900][782.587s] GC(419) Eden regions: 0->0(25)
[2023-02-28T14:41:29.097+0900][782.587s] GC(419) Survivor regions: 0->0(4)
[2023-02-28T14:41:29.097+0900][782.587s] GC(419) Old regions: 479->479
[2023-02-28T14:41:29.098+0900][782.587s] GC(419) Humongous regions: 33->33
[2023-02-28T14:41:29.098+0900][782.588s] GC(419) Metaspace: 65164K(66944K)->65164K(66944K) NonClass: 57760K(58880K)->57760K(58880K) Class: 7403K(8064K)->7403K(8064K)
[2023-02-28T14:41:29.098+0900][782.588s] GC(419) Pause Full (G1 Evacuation Pause) 511M->511M(512M) 165.955ms
[2023-02-28T14:41:29.098+0900][782.588s] GC(419) User=1.56s Sys=0.00s Real=0.17s
[2023-02-28T14:41:29.098+0900][782.588s] GC(420) Pause Young (Concurrent Start) (G1 Evacuation Pause)
[2023-02-28T14:41:29.098+0900][782.588s] GC(420) Using 10 workers of 10 for evacuation
[2023-02-28T14:41:29.099+0900][782.589s] GC(420)   Pre Evacuate Collection Set: 0.1ms
[2023-02-28T14:41:29.099+0900][782.589s] GC(420)   Evacuate Collection Set: 0.4ms
[2023-02-28T14:41:29.099+0900][782.589s] GC(420)   Post Evacuate Collection Set: 0.1ms
[2023-02-28T14:41:29.099+0900][782.589s] GC(420)   Other: 0.1ms
[2023-02-28T14:41:29.099+0900][782.589s] GC(420) Eden regions: 0->0(25)
[2023-02-28T14:41:29.099+0900][782.589s] GC(420) Survivor regions: 0->0(4)
[2023-02-28T14:41:29.099+0900][782.589s] GC(420) Old regions: 479->479
[2023-02-28T14:41:29.099+0900][782.589s] GC(420) Humongous regions: 33->33
[2023-02-28T14:41:29.099+0900][782.589s] GC(420) Metaspace: 65164K(66944K)->65164K(66944K) NonClass: 57760K(58880K)->57760K(58880K) Class: 7403K(8064K)->7403K(8064K)
[2023-02-28T14:41:29.099+0900][782.589s] GC(420) Pause Young (Concurrent Start) (G1 Evacuation Pause) 511M->511M(512M) 0.937ms
[2023-02-28T14:41:29.099+0900][782.589s] GC(420) User=0.00s Sys=0.00s Real=0.00s
[2023-02-28T14:41:29.099+0900][782.589s] GC(421) Using 10 workers of 10 for full compaction
[2023-02-28T14:41:29.099+0900][782.589s] GC(422) Concurrent Cycle
[2023-02-28T14:41:29.099+0900][782.589s] GC(422) Concurrent Clear Claimed Marks
[2023-02-28T14:41:29.099+0900][782.589s] GC(422) Concurrent Clear Claimed Marks 0.032ms
[2023-02-28T14:41:29.099+0900][782.589s] GC(422) Concurrent Scan Root Regions
[2023-02-28T14:41:29.099+0900][782.589s] GC(421) Pause Full (G1 Evacuation Pause)
[2023-02-28T14:41:29.099+0900][782.589s] GC(422) Concurrent Scan Root Regions 0.020ms
[2023-02-28T14:41:29.099+0900][782.589s] GC(422) Concurrent Mark (782.589s)
[2023-02-28T14:41:29.099+0900][782.589s] GC(422) Concurrent Mark From Roots
[2023-02-28T14:41:29.099+0900][782.589s] GC(422) Using 3 workers of 3 for marking
[2023-02-28T14:41:29.100+0900][782.590s] GC(421) Phase 1: Mark live objects
[2023-02-28T14:41:29.153+0900][782.643s] GC(421) Cleaned string and symbol table, strings: 31141 processed, 0 removed, symbols: 195635 processed, 0 removed
[2023-02-28T14:41:29.153+0900][782.643s] GC(421) Phase 1: Mark live objects 52.961ms
[2023-02-28T14:41:29.153+0900][782.643s] GC(421) Phase 2: Prepare for compaction
[2023-02-28T14:41:29.188+0900][782.678s] GC(421) Phase 2: Prepare for compaction 35.157ms
[2023-02-28T14:41:29.188+0900][782.678s] GC(421) Phase 3: Adjust pointers
[2023-02-28T14:41:29.226+0900][782.715s] GC(421) Phase 3: Adjust pointers 37.203ms
[2023-02-28T14:41:29.226+0900][782.715s] GC(421) Phase 4: Compact heap
[2023-02-28T14:41:29.273+0900][782.763s] GC(421) Phase 4: Compact heap 47.457ms
[2023-02-28T14:41:29.291+0900][782.780s] GC(421) Eden regions: 0->0(25)
[2023-02-28T14:41:29.291+0900][782.781s] GC(421) Survivor regions: 0->0(4)
[2023-02-28T14:41:29.291+0900][782.781s] GC(421) Old regions: 479->479
[2023-02-28T14:41:29.291+0900][782.781s] GC(421) Humongous regions: 33->33
[2023-02-28T14:41:29.291+0900][782.781s] GC(421) Metaspace: 65164K(66944K)->65164K(66944K) NonClass: 57760K(58880K)->57760K(58880K) Class: 7403K(8064K)->7403K(8064K)
[2023-02-28T14:41:29.291+0900][782.781s] GC(421) Pause Full (G1 Evacuation Pause) 511M->511M(512M) 191.546ms
[2023-02-28T14:41:29.291+0900][782.781s] GC(421) User=1.75s Sys=0.00s Real=0.19s
[2023-02-28T14:41:29.292+0900][782.781s] GC(423) Using 10 workers of 10 for full compaction
[2023-02-28T14:41:29.292+0900][782.781s] GC(423) Pause Full (G1 Evacuation Pause)
[2023-02-28T14:41:29.292+0900][782.782s] GC(423) Phase 1: Mark live objects
[2023-02-28T14:41:29.349+0900][782.838s] GC(423) Cleaned string and symbol table, strings: 31141 processed, 0 removed, symbols: 195635 processed, 0 removed
[2023-02-28T14:41:29.349+0900][782.838s] GC(423) Phase 1: Mark live objects 56.416ms
[2023-02-28T14:41:29.349+0900][782.838s] GC(423) Phase 2: Prepare for compaction
[2023-02-28T14:41:29.385+0900][782.874s] GC(423) Phase 2: Prepare for compaction 36.059ms
[2023-02-28T14:41:29.385+0900][782.874s] GC(423) Phase 3: Adjust pointers
[2023-02-28T14:41:29.424+0900][782.914s] GC(423) Phase 3: Adjust pointers 39.727ms
[2023-02-28T14:41:29.424+0900][782.914s] GC(423) Phase 4: Compact heap
[2023-02-28T14:41:29.452+0900][782.942s] GC(423) Phase 4: Compact heap 28.413ms
[2023-02-28T14:41:29.464+0900][782.954s] GC(423) Eden regions: 0->0(25)
[2023-02-28T14:41:29.464+0900][782.954s] GC(423) Survivor regions: 0->0(4)
[2023-02-28T14:41:29.464+0900][782.954s] GC(423) Old regions: 479->479
[2023-02-28T14:41:29.464+0900][782.954s] GC(423) Humongous regions: 33->33
[2023-02-28T14:41:29.464+0900][782.954s] GC(423) Metaspace: 65164K(66944K)->65164K(66944K) NonClass: 57760K(58880K)->57760K(58880K) Class: 7403K(8064K)->7403K(8064K)
[2023-02-28T14:41:29.464+0900][782.954s] GC(423) Pause Full (G1 Evacuation Pause) 511M->511M(512M) 173.258ms
[2023-02-28T14:41:29.465+0900][782.955s] GC(423) User=1.70s Sys=0.02s Real=0.17s
[2023-02-28T14:41:29.465+0900][782.955s] GC(422) Concurrent Mark From Roots 365.401ms
[2023-02-28T14:41:29.465+0900][782.955s] GC(424) Pause Young (Normal) (G1 Evacuation Pause)
[2023-02-28T14:41:29.465+0900][782.955s] GC(424) Using 10 workers of 10 for evacuation
[2023-02-28T14:41:29.465+0900][782.955s] GC(424)   Pre Evacuate Collection Set: 0.0ms
[2023-02-28T14:41:29.465+0900][782.955s] GC(424)   Evacuate Collection Set: 0.1ms
[2023-02-28T14:41:29.465+0900][782.955s] GC(424)   Post Evacuate Collection Set: 0.1ms
[2023-02-28T14:41:29.465+0900][782.955s] GC(424)   Other: 0.1ms
[2023-02-28T14:41:29.465+0900][782.955s] GC(424) Eden regions: 0->0(25)
[2023-02-28T14:41:29.465+0900][782.955s] GC(424) Survivor regions: 0->0(4)
[2023-02-28T14:41:29.465+0900][782.955s] GC(424) Old regions: 479->479
[2023-02-28T14:41:29.465+0900][782.955s] GC(424) Humongous regions: 33->33
[2023-02-28T14:41:29.465+0900][782.955s] GC(424) Metaspace: 65164K(66944K)->65164K(66944K) NonClass: 57760K(58880K)->57760K(58880K) Class: 7403K(8064K)->7403K(8064K)
[2023-02-28T14:41:29.465+0900][782.955s] GC(424) Pause Young (Normal) (G1 Evacuation Pause) 511M->511M(512M) 0.522ms
[2023-02-28T14:41:29.465+0900][782.955s] GC(424) User=0.00s Sys=0.00s Real=0.00s
[2023-02-28T14:41:29.465+0900][782.955s] GC(425) Using 10 workers of 10 for full compaction
[2023-02-28T14:41:29.465+0900][782.955s] GC(425) Pause Full (G1 Evacuation Pause)
[2023-02-28T14:41:29.466+0900][782.956s] GC(425) Phase 1: Mark live objects
[2023-02-28T14:41:29.517+0900][783.007s] GC(425) Cleaned string and symbol table, strings: 31141 processed, 0 removed, symbols: 195635 processed, 0 removed
[2023-02-28T14:41:29.517+0900][783.007s] GC(425) Phase 1: Mark live objects 51.639ms
[2023-02-28T14:41:29.518+0900][783.007s] GC(425) Phase 2: Prepare for compaction
[2023-02-28T14:41:29.550+0900][783.040s] GC(425) Phase 2: Prepare for compaction 32.285ms
[2023-02-28T14:41:29.550+0900][783.040s] GC(425) Phase 3: Adjust pointers
[2023-02-28T14:41:29.588+0900][783.078s] GC(425) Phase 3: Adjust pointers 38.320ms
[2023-02-28T14:41:29.588+0900][783.078s] GC(425) Phase 4: Compact heap
[2023-02-28T14:41:29.620+0900][783.109s] GC(425) Phase 4: Compact heap 31.022ms
[2023-02-28T14:41:29.637+0900][783.126s] GC(425) Eden regions: 0->0(25)
[2023-02-28T14:41:29.637+0900][783.126s] GC(425) Survivor regions: 0->0(4)
[2023-02-28T14:41:29.637+0900][783.126s] GC(425) Old regions: 479->479
[2023-02-28T14:41:29.637+0900][783.127s] GC(425) Humongous regions: 33->33
[2023-02-28T14:41:29.637+0900][783.127s] GC(425) Metaspace: 65164K(66944K)->65164K(66944K) NonClass: 57760K(58880K)->57760K(58880K) Class: 7403K(8064K)->7403K(8064K)
[2023-02-28T14:41:29.637+0900][783.127s] GC(425) Pause Full (G1 Evacuation Pause) 511M->511M(512M) 171.190ms
[2023-02-28T14:41:29.637+0900][783.127s] GC(425) User=1.52s Sys=0.00s Real=0.17s
[2023-02-28T14:41:29.637+0900][783.127s] GC(426) Using 10 workers of 10 for full compaction
[2023-02-28T14:41:29.637+0900][783.127s] GC(426) Pause Full (G1 Evacuation Pause)
[2023-02-28T14:41:29.638+0900][783.127s] GC(426) Phase 1: Mark live objects
[2023-02-28T14:41:29.688+0900][783.178s] GC(426) Cleaned string and symbol table, strings: 31141 processed, 0 removed, symbols: 195635 processed, 0 removed
[2023-02-28T14:41:29.688+0900][783.178s] GC(426) Phase 1: Mark live objects 50.578ms
[2023-02-28T14:41:29.688+0900][783.178s] GC(426) Phase 2: Prepare for compaction
[2023-02-28T14:41:29.721+0900][783.210s] GC(426) Phase 2: Prepare for compaction 32.068ms
[2023-02-28T14:41:29.721+0900][783.210s] GC(426) Phase 3: Adjust pointers
[2023-02-28T14:41:29.758+0900][783.247s] GC(426) Phase 3: Adjust pointers 37.112ms
[2023-02-28T14:41:29.758+0900][783.247s] GC(426) Phase 4: Compact heap
[2023-02-28T14:41:29.785+0900][783.275s] GC(426) Phase 4: Compact heap 27.289ms
[2023-02-28T14:41:29.797+0900][783.287s] GC(426) Eden regions: 0->0(25)
[2023-02-28T14:41:29.797+0900][783.287s] GC(426) Survivor regions: 0->0(4)
[2023-02-28T14:41:29.797+0900][783.287s] GC(426) Old regions: 479->479
[2023-02-28T14:41:29.797+0900][783.287s] GC(426) Humongous regions: 33->33
[2023-02-28T14:41:29.797+0900][783.287s] GC(426) Metaspace: 65164K(66944K)->65164K(66944K) NonClass: 57760K(58880K)->57760K(58880K) Class: 7403K(8064K)->7403K(8064K)
[2023-02-28T14:41:29.797+0900][783.287s] GC(426) Pause Full (G1 Evacuation Pause) 511M->511M(512M) 160.326ms
[2023-02-28T14:41:29.797+0900][783.287s] GC(426) User=1.52s Sys=0.00s Real=0.16s
[2023-02-28T14:41:29.797+0900][783.288s] GC(422) Concurrent Mark Abort
[2023-02-28T14:41:29.797+0900][783.288s] GC(422) Concurrent Cycle 698.572ms
[2023-02-28T14:41:29.798+0900][783.288s] GC(427) Pause Young (Normal) (G1 Evacuation Pause)
[2023-02-28T14:41:29.798+0900][783.288s] GC(427) Using 10 workers of 10 for evacuation
[2023-02-28T14:41:29.798+0900][783.288s] GC(427)   Pre Evacuate Collection Set: 0.0ms
[2023-02-28T14:41:29.798+0900][783.288s] GC(427)   Evacuate Collection Set: 0.2ms
[2023-02-28T14:41:29.798+0900][783.288s] GC(427)   Post Evacuate Collection Set: 0.1ms
[2023-02-28T14:41:29.798+0900][783.288s] GC(427)   Other: 0.1ms
[2023-02-28T14:41:29.798+0900][783.288s] GC(427) Eden regions: 0->0(25)
[2023-02-28T14:41:29.798+0900][783.288s] GC(427) Survivor regions: 0->0(4)
[2023-02-28T14:41:29.798+0900][783.288s] GC(427) Old regions: 479->479
[2023-02-28T14:41:29.798+0900][783.288s] GC(427) Humongous regions: 33->33
[2023-02-28T14:41:29.798+0900][783.288s] GC(427) Metaspace: 65164K(66944K)->65164K(66944K) NonClass: 57760K(58880K)->57760K(58880K) Class: 7403K(8064K)->7403K(8064K)
[2023-02-28T14:41:29.798+0900][783.288s] GC(427) Pause Young (Normal) (G1 Evacuation Pause) 511M->511M(512M) 0.609ms
[2023-02-28T14:41:29.798+0900][783.288s] GC(427) User=0.00s Sys=0.00s Real=0.00s
[2023-02-28T14:41:29.798+0900][783.288s] GC(428) Using 10 workers of 10 for full compaction
[2023-02-28T14:41:29.798+0900][783.288s] GC(428) Pause Full (G1 Evacuation Pause)
[2023-02-28T14:41:29.799+0900][783.289s] GC(428) Phase 1: Mark live objects
[2023-02-28T14:41:29.851+0900][783.341s] GC(428) Cleaned string and symbol table, strings: 31141 processed, 0 removed, symbols: 195635 processed, 0 removed
[2023-02-28T14:41:29.851+0900][783.341s] GC(428) Phase 1: Mark live objects 52.566ms
[2023-02-28T14:41:29.851+0900][783.341s] GC(428) Phase 2: Prepare for compaction
[2023-02-28T14:41:29.882+0900][783.372s] GC(428) Phase 2: Prepare for compaction 30.924ms
[2023-02-28T14:41:29.882+0900][783.372s] GC(428) Phase 3: Adjust pointers
[2023-02-28T14:41:29.919+0900][783.409s] GC(428) Phase 3: Adjust pointers 36.547ms
[2023-02-28T14:41:29.919+0900][783.409s] GC(428) Phase 4: Compact heap
[2023-02-28T14:41:29.949+0900][783.438s] GC(428) Phase 4: Compact heap 29.377ms
[2023-02-28T14:41:29.962+0900][783.451s] GC(428) Eden regions: 0->0(25)
[2023-02-28T14:41:29.962+0900][783.451s] GC(428) Survivor regions: 0->0(4)
[2023-02-28T14:41:29.962+0900][783.451s] GC(428) Old regions: 479->479
[2023-02-28T14:41:29.962+0900][783.451s] GC(428) Humongous regions: 33->33
[2023-02-28T14:41:29.962+0900][783.451s] GC(428) Metaspace: 65164K(66944K)->65164K(66944K) NonClass: 57760K(58880K)->57760K(58880K) Class: 7403K(8064K)->7403K(8064K)
[2023-02-28T14:41:29.962+0900][783.451s] GC(428) Pause Full (G1 Evacuation Pause) 511M->511M(512M) 162.977ms
[2023-02-28T14:41:29.962+0900][783.452s] GC(428) User=1.50s Sys=0.02s Real=0.16s
[2023-02-28T14:41:29.962+0900][783.452s] GC(429) Using 10 workers of 10 for full compaction
[2023-02-28T14:41:29.962+0900][783.452s] GC(429) Pause Full (G1 Evacuation Pause)
[2023-02-28T14:41:29.962+0900][783.452s] GC(429) Phase 1: Mark live objects
[2023-02-28T14:41:30.014+0900][783.503s] GC(429) Cleaned string and symbol table, strings: 31141 processed, 0 removed, symbols: 195635 processed, 0 removed
[2023-02-28T14:41:30.014+0900][783.504s] GC(429) Phase 1: Mark live objects 51.392ms
[2023-02-28T14:41:30.014+0900][783.504s] GC(429) Phase 2: Prepare for compaction
[2023-02-28T14:41:30.045+0900][783.535s] GC(429) Phase 2: Prepare for compaction 31.060ms
[2023-02-28T14:41:30.045+0900][783.535s] GC(429) Phase 3: Adjust pointers
[2023-02-28T14:41:30.081+0900][783.570s] GC(429) Phase 3: Adjust pointers 35.322ms
[2023-02-28T14:41:30.081+0900][783.570s] GC(429) Phase 4: Compact heap
[2023-02-28T14:41:30.107+0900][783.596s] GC(429) Phase 4: Compact heap 26.101ms
[2023-02-28T14:41:30.119+0900][783.609s] GC(429) Eden regions: 0->0(25)
[2023-02-28T14:41:30.119+0900][783.609s] GC(429) Survivor regions: 0->0(4)
[2023-02-28T14:41:30.119+0900][783.609s] GC(429) Old regions: 479->479
[2023-02-28T14:41:30.119+0900][783.609s] GC(429) Humongous regions: 33->33
[2023-02-28T14:41:30.119+0900][783.609s] GC(429) Metaspace: 65164K(66944K)->65164K(66944K) NonClass: 57760K(58880K)->57760K(58880K) Class: 7403K(8064K)->7403K(8064K)
[2023-02-28T14:41:30.119+0900][783.609s] GC(429) Pause Full (G1 Evacuation Pause) 511M->511M(512M) 156.905ms
[2023-02-28T14:41:30.119+0900][783.609s] GC(429) User=1.27s Sys=0.02s Real=0.16s
[2023-02-28T14:41:30.119+0900][783.609s] GC(430) Pause Young (Concurrent Start) (G1 Evacuation Pause)
[2023-02-28T14:41:30.119+0900][783.609s] GC(430) Using 10 workers of 10 for evacuation
[2023-02-28T14:41:30.120+0900][783.610s] GC(430)   Pre Evacuate Collection Set: 0.1ms
[2023-02-28T14:41:30.120+0900][783.610s] GC(430)   Evacuate Collection Set: 0.4ms
[2023-02-28T14:41:30.120+0900][783.610s] GC(430)   Post Evacuate Collection Set: 0.1ms
[2023-02-28T14:41:30.120+0900][783.610s] GC(430)   Other: 0.1ms
[2023-02-28T14:41:30.120+0900][783.610s] GC(430) Eden regions: 0->0(25)
[2023-02-28T14:41:30.120+0900][783.610s] GC(430) Survivor regions: 0->0(4)
[2023-02-28T14:41:30.120+0900][783.610s] GC(430) Old regions: 479->479
[2023-02-28T14:41:30.120+0900][783.610s] GC(430) Humongous regions: 33->33
[2023-02-28T14:41:30.120+0900][783.610s] GC(430) Metaspace: 65164K(66944K)->65164K(66944K) NonClass: 57760K(58880K)->57760K(58880K) Class: 7403K(8064K)->7403K(8064K)
[2023-02-28T14:41:30.120+0900][783.610s] GC(430) Pause Young (Concurrent Start) (G1 Evacuation Pause) 511M->511M(512M) 0.865ms
[2023-02-28T14:41:30.120+0900][783.610s] GC(430) User=0.00s Sys=0.00s Real=0.00s
[2023-02-28T14:41:30.120+0900][783.610s] GC(431) Using 10 workers of 10 for full compaction
[2023-02-28T14:41:30.120+0900][783.610s] GC(432) Concurrent Cycle
[2023-02-28T14:41:30.120+0900][783.610s] GC(432) Concurrent Clear Claimed Marks
[2023-02-28T14:41:30.120+0900][783.610s] GC(432) Concurrent Clear Claimed Marks 0.034ms
[2023-02-28T14:41:30.120+0900][783.610s] GC(432) Concurrent Scan Root Regions
[2023-02-28T14:41:30.120+0900][783.610s] GC(431) Pause Full (G1 Evacuation Pause)
[2023-02-28T14:41:30.120+0900][783.610s] GC(432) Concurrent Scan Root Regions 0.025ms
[2023-02-28T14:41:30.120+0900][783.610s] GC(432) Concurrent Mark (783.610s)
[2023-02-28T14:41:30.121+0900][783.610s] GC(432) Concurrent Mark From Roots
[2023-02-28T14:41:30.121+0900][783.610s] GC(432) Using 3 workers of 3 for marking
[2023-02-28T14:41:30.121+0900][783.611s] GC(431) Phase 1: Mark live objects
[2023-02-28T14:41:30.173+0900][783.662s] GC(431) Cleaned string and symbol table, strings: 31141 processed, 0 removed, symbols: 195635 processed, 0 removed
[2023-02-28T14:41:30.173+0900][783.663s] GC(431) Phase 1: Mark live objects 51.753ms
[2023-02-28T14:41:30.173+0900][783.663s] GC(431) Phase 2: Prepare for compaction
[2023-02-28T14:41:30.207+0900][783.696s] GC(431) Phase 2: Prepare for compaction 33.745ms
[2023-02-28T14:41:30.207+0900][783.697s] GC(431) Phase 3: Adjust pointers
[2023-02-28T14:41:30.244+0900][783.734s] GC(431) Phase 3: Adjust pointers 37.383ms
[2023-02-28T14:41:30.245+0900][783.734s] GC(431) Phase 4: Compact heap
[2023-02-28T14:41:30.278+0900][783.767s] GC(431) Phase 4: Compact heap 33.426ms
[2023-02-28T14:41:30.292+0900][783.782s] GC(431) Eden regions: 0->0(25)
[2023-02-28T14:41:30.292+0900][783.782s] GC(431) Survivor regions: 0->0(4)
[2023-02-28T14:41:30.292+0900][783.782s] GC(431) Old regions: 479->479
[2023-02-28T14:41:30.292+0900][783.782s] GC(431) Humongous regions: 33->33
[2023-02-28T14:41:30.292+0900][783.782s] GC(431) Metaspace: 65164K(66944K)->65164K(66944K) NonClass: 57760K(58880K)->57760K(58880K) Class: 7403K(8064K)->7403K(8064K)
[2023-02-28T14:41:30.292+0900][783.782s] GC(431) Pause Full (G1 Evacuation Pause) 511M->511M(512M) 171.536ms
[2023-02-28T14:41:30.293+0900][783.782s] GC(431) User=1.55s Sys=0.00s Real=0.17s
[2023-02-28T14:41:30.293+0900][783.782s] GC(433) Using 10 workers of 10 for full compaction
[2023-02-28T14:41:30.293+0900][783.782s] GC(433) Pause Full (G1 Evacuation Pause)
[2023-02-28T14:41:30.293+0900][783.782s] GC(433) Phase 1: Mark live objects
[2023-02-28T14:41:30.347+0900][783.836s] GC(433) Cleaned string and symbol table, strings: 31141 processed, 0 removed, symbols: 195635 processed, 0 removed
[2023-02-28T14:41:30.347+0900][783.836s] GC(433) Phase 1: Mark live objects 53.330ms
[2023-02-28T14:41:30.347+0900][783.836s] GC(433) Phase 2: Prepare for compaction
[2023-02-28T14:41:30.379+0900][783.869s] GC(433) Phase 2: Prepare for compaction 32.903ms
[2023-02-28T14:41:30.379+0900][783.869s] GC(433) Phase 3: Adjust pointers
[2023-02-28T14:41:30.416+0900][783.906s] GC(433) Phase 3: Adjust pointers 37.487ms
[2023-02-28T14:41:30.416+0900][783.906s] GC(433) Phase 4: Compact heap
[2023-02-28T14:41:30.444+0900][783.934s] GC(433) Phase 4: Compact heap 27.794ms
[2023-02-28T14:41:30.461+0900][783.950s] GC(433) Eden regions: 0->0(25)
[2023-02-28T14:41:30.461+0900][783.950s] GC(433) Survivor regions: 0->0(4)
[2023-02-28T14:41:30.461+0900][783.951s] GC(433) Old regions: 479->479
[2023-02-28T14:41:30.461+0900][783.951s] GC(433) Humongous regions: 33->33
[2023-02-28T14:41:30.461+0900][783.951s] GC(433) Metaspace: 65164K(66944K)->65164K(66944K) NonClass: 57760K(58880K)->57760K(58880K) Class: 7403K(8064K)->7403K(8064K)
[2023-02-28T14:41:30.461+0900][783.951s] GC(433) Pause Full (G1 Evacuation Pause) 511M->511M(512M) 168.632ms
[2023-02-28T14:41:30.461+0900][783.951s] GC(433) User=1.67s Sys=0.00s Real=0.17s
[2023-02-28T14:41:30.462+0900][783.951s] GC(432) Concurrent Mark From Roots 341.102ms
[2023-02-28T14:41:30.462+0900][783.952s] GC(434) Pause Young (Normal) (G1 Evacuation Pause)
[2023-02-28T14:41:30.462+0900][783.952s] GC(434) Using 10 workers of 10 for evacuation
[2023-02-28T14:41:30.463+0900][783.953s] GC(434)   Pre Evacuate Collection Set: 0.1ms
[2023-02-28T14:41:30.463+0900][783.953s] GC(434)   Evacuate Collection Set: 0.5ms
[2023-02-28T14:41:30.463+0900][783.953s] GC(434)   Post Evacuate Collection Set: 0.1ms
[2023-02-28T14:41:30.463+0900][783.953s] GC(434)   Other: 0.5ms
[2023-02-28T14:41:30.463+0900][783.953s] GC(434) Eden regions: 0->0(25)
[2023-02-28T14:41:30.464+0900][783.953s] GC(434) Survivor regions: 0->0(4)
[2023-02-28T14:41:30.464+0900][783.953s] GC(434) Old regions: 479->479
[2023-02-28T14:41:30.464+0900][783.954s] GC(434) Humongous regions: 33->33
[2023-02-28T14:41:30.464+0900][783.954s] GC(434) Metaspace: 65164K(66944K)->65164K(66944K) NonClass: 57760K(58880K)->57760K(58880K) Class: 7403K(8064K)->7403K(8064K)
[2023-02-28T14:41:30.464+0900][783.954s] GC(434) Pause Young (Normal) (G1 Evacuation Pause) 511M->511M(512M) 1.712ms
[2023-02-28T14:41:30.464+0900][783.954s] GC(434) User=0.00s Sys=0.00s Real=0.00s
[2023-02-28T14:41:30.464+0900][783.954s] GC(435) Using 10 workers of 10 for full compaction
[2023-02-28T14:41:30.464+0900][783.954s] GC(435) Pause Full (G1 Evacuation Pause)
[2023-02-28T14:41:30.465+0900][783.955s] GC(435) Phase 1: Mark live objects
[2023-02-28T14:41:30.533+0900][784.023s] GC(435) Cleaned string and symbol table, strings: 31141 processed, 0 removed, symbols: 195635 processed, 0 removed
[2023-02-28T14:41:30.533+0900][784.023s] GC(435) Phase 1: Mark live objects 67.873ms
[2023-02-28T14:41:30.533+0900][784.023s] GC(435) Phase 2: Prepare for compaction
[2023-02-28T14:41:30.566+0900][784.056s] GC(435) Phase 2: Prepare for compaction 32.826ms
[2023-02-28T14:41:30.566+0900][784.056s] GC(435) Phase 3: Adjust pointers
[2023-02-28T14:41:30.601+0900][784.090s] GC(435) Phase 3: Adjust pointers 34.091ms
[2023-02-28T14:41:30.601+0900][784.090s] GC(435) Phase 4: Compact heap
[2023-02-28T14:41:30.635+0900][784.124s] GC(435) Phase 4: Compact heap 33.792ms
[2023-02-28T14:41:30.646+0900][784.136s] GC(435) Eden regions: 0->0(25)
[2023-02-28T14:41:30.647+0900][784.136s] GC(435) Survivor regions: 0->0(4)
[2023-02-28T14:41:30.647+0900][784.136s] GC(435) Old regions: 479->479
[2023-02-28T14:41:30.647+0900][784.136s] GC(435) Humongous regions: 33->33
[2023-02-28T14:41:30.647+0900][784.136s] GC(435) Metaspace: 65164K(66944K)->65164K(66944K) NonClass: 57760K(58880K)->57760K(58880K) Class: 7403K(8064K)->7403K(8064K)
[2023-02-28T14:41:30.647+0900][784.136s] GC(435) Pause Full (G1 Evacuation Pause) 511M->511M(512M) 181.963ms
[2023-02-28T14:41:30.647+0900][784.137s] GC(435) User=1.67s Sys=0.02s Real=0.18s
[2023-02-28T14:41:30.647+0900][784.137s] GC(436) Using 10 workers of 10 for full compaction
[2023-02-28T14:41:30.647+0900][784.137s] GC(436) Pause Full (G1 Evacuation Pause)
[2023-02-28T14:41:30.648+0900][784.137s] GC(436) Phase 1: Mark live objects
[2023-02-28T14:41:30.701+0900][784.190s] GC(436) Cleaned string and symbol table, strings: 31141 processed, 0 removed, symbols: 195635 processed, 0 removed
[2023-02-28T14:41:30.701+0900][784.190s] GC(436) Phase 1: Mark live objects 52.989ms
[2023-02-28T14:41:30.701+0900][784.190s] GC(436) Phase 2: Prepare for compaction
[2023-02-28T14:41:30.733+0900][784.224s] GC(436) Phase 2: Prepare for compaction 33.238ms
[2023-02-28T14:41:30.733+0900][784.224s] GC(436) Phase 3: Adjust pointers
[2023-02-28T14:41:30.771+0900][784.261s] GC(436) Phase 3: Adjust pointers 37.876ms
[2023-02-28T14:41:30.771+0900][784.262s] GC(436) Phase 4: Compact heap
[2023-02-28T14:41:30.800+0900][784.290s] GC(436) Phase 4: Compact heap 28.553ms
[2023-02-28T14:41:30.813+0900][784.303s] GC(436) Eden regions: 0->0(25)
[2023-02-28T14:41:30.813+0900][784.303s] GC(436) Survivor regions: 0->0(4)
[2023-02-28T14:41:30.813+0900][784.303s] GC(436) Old regions: 479->479
[2023-02-28T14:41:30.813+0900][784.303s] GC(436) Humongous regions: 33->33
[2023-02-28T14:41:30.813+0900][784.303s] GC(436) Metaspace: 65164K(66944K)->65164K(66944K) NonClass: 57760K(58880K)->57760K(58880K) Class: 7403K(8064K)->7403K(8064K)
[2023-02-28T14:41:30.813+0900][784.303s] GC(436) Pause Full (G1 Evacuation Pause) 511M->511M(512M) 166.276ms
[2023-02-28T14:41:30.813+0900][784.303s] GC(436) User=1.53s Sys=0.00s Real=0.17s
[2023-02-28T14:41:30.813+0900][784.303s] GC(432) Concurrent Mark Abort
[2023-02-28T14:41:30.813+0900][784.303s] GC(432) Concurrent Cycle 693.365ms
[2023-02-28T14:41:30.814+0900][784.303s] GC(437) Pause Young (Normal) (G1 Evacuation Pause)
[2023-02-28T14:41:30.814+0900][784.304s] GC(437) Using 10 workers of 10 for evacuation
[2023-02-28T14:41:30.814+0900][784.304s] GC(437)   Pre Evacuate Collection Set: 0.0ms
[2023-02-28T14:41:30.814+0900][784.304s] GC(437)   Evacuate Collection Set: 0.2ms
[2023-02-28T14:41:30.814+0900][784.304s] GC(437)   Post Evacuate Collection Set: 0.1ms
[2023-02-28T14:41:30.814+0900][784.304s] GC(437)   Other: 0.1ms
[2023-02-28T14:41:30.814+0900][784.304s] GC(437) Eden regions: 0->0(25)
[2023-02-28T14:41:30.814+0900][784.304s] GC(437) Survivor regions: 0->0(4)
[2023-02-28T14:41:30.814+0900][784.304s] GC(437) Old regions: 479->479
[2023-02-28T14:41:30.814+0900][784.304s] GC(437) Humongous regions: 33->33
[2023-02-28T14:41:30.814+0900][784.304s] GC(437) Metaspace: 65164K(66944K)->65164K(66944K) NonClass: 57761K(58880K)->57761K(58880K) Class: 7403K(8064K)->7403K(8064K)
[2023-02-28T14:41:30.814+0900][784.304s] GC(437) Pause Young (Normal) (G1 Evacuation Pause) 511M->511M(512M) 0.587ms
[2023-02-28T14:41:30.814+0900][784.304s] GC(437) User=0.00s Sys=0.00s Real=0.00s
[2023-02-28T14:41:30.814+0900][784.304s] GC(438) Using 10 workers of 10 for full compaction
[2023-02-28T14:41:30.814+0900][784.304s] GC(438) Pause Full (G1 Evacuation Pause)
[2023-02-28T14:41:30.815+0900][784.305s] GC(438) Phase 1: Mark live objects
[2023-02-28T14:41:30.868+0900][784.358s] GC(438) Cleaned string and symbol table, strings: 31141 processed, 0 removed, symbols: 195635 processed, 0 removed
[2023-02-28T14:41:30.868+0900][784.358s] GC(438) Phase 1: Mark live objects 53.113ms
[2023-02-28T14:41:30.868+0900][784.358s] GC(438) Phase 2: Prepare for compaction
[2023-02-28T14:41:30.899+0900][784.389s] GC(438) Phase 2: Prepare for compaction 31.233ms
[2023-02-28T14:41:30.899+0900][784.389s] GC(438) Phase 3: Adjust pointers
[2023-02-28T14:41:30.936+0900][784.426s] GC(438) Phase 3: Adjust pointers 36.863ms
[2023-02-28T14:41:30.936+0900][784.426s] GC(438) Phase 4: Compact heap
[2023-02-28T14:41:30.965+0900][784.454s] GC(438) Phase 4: Compact heap 28.348ms
[2023-02-28T14:41:30.978+0900][784.468s] GC(438) Eden regions: 0->0(25)
[2023-02-28T14:41:30.978+0900][784.468s] GC(438) Survivor regions: 0->0(4)
[2023-02-28T14:41:30.978+0900][784.468s] GC(438) Old regions: 479->479
[2023-02-28T14:41:30.978+0900][784.468s] GC(438) Humongous regions: 33->33
[2023-02-28T14:41:30.978+0900][784.468s] GC(438) Metaspace: 65164K(66944K)->65164K(66944K) NonClass: 57761K(58880K)->57761K(58880K) Class: 7403K(8064K)->7403K(8064K)
[2023-02-28T14:41:30.978+0900][784.468s] GC(438) Pause Full (G1 Evacuation Pause) 511M->511M(512M) 163.439ms
[2023-02-28T14:41:30.978+0900][784.468s] GC(438) User=1.52s Sys=0.00s Real=0.16s
[2023-02-28T14:41:30.978+0900][784.468s] GC(439) Using 10 workers of 10 for full compaction
[2023-02-28T14:41:30.979+0900][784.468s] GC(439) Pause Full (G1 Evacuation Pause)
[2023-02-28T14:41:30.979+0900][784.469s] GC(439) Phase 1: Mark live objects
[2023-02-28T14:41:31.031+0900][784.520s] GC(439) Cleaned string and symbol table, strings: 31141 processed, 0 removed, symbols: 195635 processed, 0 removed
[2023-02-28T14:41:31.031+0900][784.520s] GC(439) Phase 1: Mark live objects 51.597ms
[2023-02-28T14:41:31.031+0900][784.520s] GC(439) Phase 2: Prepare for compaction
[2023-02-28T14:41:31.061+0900][784.551s] GC(439) Phase 2: Prepare for compaction 30.242ms
[2023-02-28T14:41:31.061+0900][784.551s] GC(439) Phase 3: Adjust pointers
[2023-02-28T14:41:31.098+0900][784.587s] GC(439) Phase 3: Adjust pointers 36.106ms
[2023-02-28T14:41:31.098+0900][784.587s] GC(439) Phase 4: Compact heap
[2023-02-28T14:41:31.127+0900][784.617s] GC(439) Phase 4: Compact heap 29.769ms
[2023-02-28T14:41:31.142+0900][784.632s] GC(439) Eden regions: 0->0(25)
[2023-02-28T14:41:31.142+0900][784.632s] GC(439) Survivor regions: 0->0(4)
[2023-02-28T14:41:31.142+0900][784.632s] GC(439) Old regions: 479->479
[2023-02-28T14:41:31.142+0900][784.632s] GC(439) Humongous regions: 33->33
[2023-02-28T14:41:31.142+0900][784.632s] GC(439) Metaspace: 65164K(66944K)->65164K(66944K) NonClass: 57761K(58880K)->57761K(58880K) Class: 7403K(8064K)->7403K(8064K)
[2023-02-28T14:41:31.142+0900][784.632s] GC(439) Pause Full (G1 Evacuation Pause) 511M->511M(512M) 164.428ms
[2023-02-28T14:41:31.143+0900][784.633s] GC(439) User=1.47s Sys=0.00s Real=0.16s
[2023-02-28T14:41:31.143+0900][784.633s] GC(440) Pause Young (Concurrent Start) (G1 Evacuation Pause)
[2023-02-28T14:41:31.143+0900][784.634s] GC(440) Using 10 workers of 10 for evacuation
[2023-02-28T14:41:31.144+0900][784.634s] GC(440)   Pre Evacuate Collection Set: 0.1ms
[2023-02-28T14:41:31.144+0900][784.634s] GC(440)   Evacuate Collection Set: 0.5ms
[2023-02-28T14:41:31.144+0900][784.634s] GC(440)   Post Evacuate Collection Set: 0.2ms
[2023-02-28T14:41:31.144+0900][784.635s] GC(440)   Other: 0.2ms
[2023-02-28T14:41:31.145+0900][784.635s] GC(440) Eden regions: 0->0(25)
[2023-02-28T14:41:31.145+0900][784.635s] GC(440) Survivor regions: 0->0(4)
[2023-02-28T14:41:31.145+0900][784.635s] GC(440) Old regions: 479->479
[2023-02-28T14:41:31.145+0900][784.635s] GC(440) Humongous regions: 33->33
[2023-02-28T14:41:31.145+0900][784.635s] GC(440) Metaspace: 65164K(66944K)->65164K(66944K) NonClass: 57761K(58880K)->57761K(58880K) Class: 7403K(8064K)->7403K(8064K)
[2023-02-28T14:41:31.145+0900][784.635s] GC(440) Pause Young (Concurrent Start) (G1 Evacuation Pause) 511M->511M(512M) 1.210ms
[2023-02-28T14:41:31.145+0900][784.635s] GC(440) User=0.00s Sys=0.00s Real=0.00s
[2023-02-28T14:41:31.145+0900][784.635s] GC(442) Concurrent Cycle
[2023-02-28T14:41:31.145+0900][784.635s] GC(441) Using 10 workers of 10 for full compaction
[2023-02-28T14:41:31.145+0900][784.635s] GC(442) Concurrent Clear Claimed Marks
[2023-02-28T14:41:31.145+0900][784.635s] GC(442) Concurrent Clear Claimed Marks 0.083ms
[2023-02-28T14:41:31.145+0900][784.635s] GC(442) Concurrent Scan Root Regions
[2023-02-28T14:41:31.145+0900][784.635s] GC(442) Concurrent Scan Root Regions 0.023ms
[2023-02-28T14:41:31.145+0900][784.635s] GC(441) Pause Full (G1 Evacuation Pause)
[2023-02-28T14:41:31.145+0900][784.635s] GC(442) Concurrent Mark (784.635s)
[2023-02-28T14:41:31.145+0900][784.635s] GC(442) Concurrent Mark From Roots
[2023-02-28T14:41:31.145+0900][784.635s] GC(442) Using 3 workers of 3 for marking
[2023-02-28T14:41:31.148+0900][784.638s] GC(441) Phase 1: Mark live objects
[2023-02-28T14:41:31.214+0900][784.704s] GC(441) Cleaned string and symbol table, strings: 31141 processed, 0 removed, symbols: 195635 processed, 0 removed
[2023-02-28T14:41:31.215+0900][784.704s] GC(441) Phase 1: Mark live objects 66.230ms
[2023-02-28T14:41:31.215+0900][784.705s] GC(441) Phase 2: Prepare for compaction
[2023-02-28T14:41:31.250+0900][784.740s] GC(441) Phase 2: Prepare for compaction 35.681ms
[2023-02-28T14:41:31.251+0900][784.740s] GC(441) Phase 3: Adjust pointers
[2023-02-28T14:41:31.288+0900][784.777s] GC(441) Phase 3: Adjust pointers 37.054ms
[2023-02-28T14:41:31.288+0900][784.777s] GC(441) Phase 4: Compact heap
[2023-02-28T14:41:31.322+0900][784.811s] GC(441) Phase 4: Compact heap 33.800ms
[2023-02-28T14:41:31.336+0900][784.826s] GC(441) Eden regions: 0->0(25)
[2023-02-28T14:41:31.336+0900][784.826s] GC(441) Survivor regions: 0->0(4)
[2023-02-28T14:41:31.336+0900][784.826s] GC(441) Old regions: 479->479
[2023-02-28T14:41:31.336+0900][784.826s] GC(441) Humongous regions: 33->33
[2023-02-28T14:41:31.336+0900][784.826s] GC(441) Metaspace: 65164K(66944K)->65164K(66944K) NonClass: 57761K(58880K)->57761K(58880K) Class: 7403K(8064K)->7403K(8064K)
[2023-02-28T14:41:31.336+0900][784.826s] GC(441) Pause Full (G1 Evacuation Pause) 511M->511M(512M) 190.970ms
[2023-02-28T14:41:31.337+0900][784.826s] GC(441) User=1.64s Sys=0.00s Real=0.19s
[2023-02-28T14:41:31.337+0900][784.826s] GC(443) Using 10 workers of 10 for full compaction
[2023-02-28T14:41:31.337+0900][784.826s] GC(443) Pause Full (G1 Evacuation Pause)
[2023-02-28T14:41:31.337+0900][784.827s] GC(443) Phase 1: Mark live objects
[2023-02-28T14:41:31.392+0900][784.882s] GC(443) Cleaned string and symbol table, strings: 31141 processed, 0 removed, symbols: 195635 processed, 0 removed
[2023-02-28T14:41:31.393+0900][784.882s] GC(443) Phase 1: Mark live objects 55.300ms
[2023-02-28T14:41:31.393+0900][784.882s] GC(443) Phase 2: Prepare for compaction
[2023-02-28T14:41:31.424+0900][784.913s] GC(443) Phase 2: Prepare for compaction 31.295ms
[2023-02-28T14:41:31.424+0900][784.913s] GC(443) Phase 3: Adjust pointers
[2023-02-28T14:41:31.461+0900][784.951s] GC(443) Phase 3: Adjust pointers 37.167ms
[2023-02-28T14:41:31.461+0900][784.951s] GC(443) Phase 4: Compact heap
[2023-02-28T14:41:31.488+0900][784.979s] GC(443) Phase 4: Compact heap 27.959ms
[2023-02-28T14:41:31.500+0900][784.990s] GC(443) Eden regions: 0->0(25)
[2023-02-28T14:41:31.500+0900][784.990s] GC(443) Survivor regions: 0->0(4)
[2023-02-28T14:41:31.500+0900][784.990s] GC(443) Old regions: 479->479
[2023-02-28T14:41:31.500+0900][784.990s] GC(443) Humongous regions: 33->33
[2023-02-28T14:41:31.500+0900][784.990s] GC(443) Metaspace: 65164K(66944K)->65164K(66944K) NonClass: 57761K(58880K)->57761K(58880K) Class: 7403K(8064K)->7403K(8064K)
[2023-02-28T14:41:31.500+0900][784.990s] GC(443) Pause Full (G1 Evacuation Pause) 511M->511M(512M) 164.063ms
[2023-02-28T14:41:31.500+0900][784.991s] GC(443) User=1.55s Sys=0.00s Real=0.16s
[2023-02-28T14:41:31.501+0900][784.991s] GC(442) Concurrent Mark From Roots 355.631ms
[2023-02-28T14:41:31.501+0900][784.991s] GC(444) Pause Young (Normal) (G1 Evacuation Pause)
[2023-02-28T14:41:31.501+0900][784.991s] GC(444) Using 10 workers of 10 for evacuation
[2023-02-28T14:41:31.501+0900][784.991s] GC(444)   Pre Evacuate Collection Set: 0.0ms
[2023-02-28T14:41:31.501+0900][784.991s] GC(444)   Evacuate Collection Set: 0.1ms
[2023-02-28T14:41:31.501+0900][784.991s] GC(444)   Post Evacuate Collection Set: 0.1ms
[2023-02-28T14:41:31.501+0900][784.991s] GC(444)   Other: 0.1ms
[2023-02-28T14:41:31.501+0900][784.991s] GC(444) Eden regions: 0->0(25)
[2023-02-28T14:41:31.501+0900][784.991s] GC(444) Survivor regions: 0->0(4)
[2023-02-28T14:41:31.501+0900][784.991s] GC(444) Old regions: 479->479
[2023-02-28T14:41:31.501+0900][784.991s] GC(444) Humongous regions: 33->33
[2023-02-28T14:41:31.501+0900][784.991s] GC(444) Metaspace: 65164K(66944K)->65164K(66944K) NonClass: 57761K(58880K)->57761K(58880K) Class: 7403K(8064K)->7403K(8064K)
[2023-02-28T14:41:31.501+0900][784.991s] GC(444) Pause Young (Normal) (G1 Evacuation Pause) 511M->511M(512M) 0.550ms
[2023-02-28T14:41:31.501+0900][784.991s] GC(444) User=0.00s Sys=0.00s Real=0.00s
[2023-02-28T14:41:31.501+0900][784.991s] GC(445) Using 10 workers of 10 for full compaction
[2023-02-28T14:41:31.501+0900][784.991s] GC(445) Pause Full (G1 Evacuation Pause)
[2023-02-28T14:41:31.502+0900][784.992s] GC(445) Phase 1: Mark live objects
[2023-02-28T14:41:31.555+0900][785.044s] GC(445) Cleaned string and symbol table, strings: 31141 processed, 0 removed, symbols: 195635 processed, 0 removed
[2023-02-28T14:41:31.555+0900][785.044s] GC(445) Phase 1: Mark live objects 52.494ms
[2023-02-28T14:41:31.555+0900][785.044s] GC(445) Phase 2: Prepare for compaction
[2023-02-28T14:41:31.586+0900][785.076s] GC(445) Phase 2: Prepare for compaction 31.540ms
[2023-02-28T14:41:31.586+0900][785.076s] GC(445) Phase 3: Adjust pointers
[2023-02-28T14:41:31.628+0900][785.117s] GC(445) Phase 3: Adjust pointers 41.490ms
[2023-02-28T14:41:31.628+0900][785.117s] GC(445) Phase 4: Compact heap
[2023-02-28T14:41:31.656+0900][785.145s] GC(445) Phase 4: Compact heap 27.708ms
[2023-02-28T14:41:31.668+0900][785.158s] GC(445) Eden regions: 0->0(25)
[2023-02-28T14:41:31.668+0900][785.158s] GC(445) Survivor regions: 0->0(4)
[2023-02-28T14:41:31.668+0900][785.158s] GC(445) Old regions: 479->479
[2023-02-28T14:41:31.669+0900][785.158s] GC(445) Humongous regions: 33->33
[2023-02-28T14:41:31.669+0900][785.158s] GC(445) Metaspace: 65164K(66944K)->65164K(66944K) NonClass: 57761K(58880K)->57761K(58880K) Class: 7403K(8064K)->7403K(8064K)
[2023-02-28T14:41:31.669+0900][785.158s] GC(445) Pause Full (G1 Evacuation Pause) 511M->511M(512M) 166.726ms
[2023-02-28T14:41:31.669+0900][785.158s] GC(445) User=1.56s Sys=0.02s Real=0.17s
[2023-02-28T14:41:31.669+0900][785.158s] GC(446) Using 10 workers of 10 for full compaction
[2023-02-28T14:41:31.669+0900][785.159s] GC(446) Pause Full (G1 Evacuation Pause)
[2023-02-28T14:41:31.669+0900][785.159s] GC(446) Phase 1: Mark live objects
[2023-02-28T14:41:31.720+0900][785.209s] GC(446) Cleaned string and symbol table, strings: 31141 processed, 0 removed, symbols: 195635 processed, 0 removed
[2023-02-28T14:41:31.720+0900][785.210s] GC(446) Phase 1: Mark live objects 50.659ms
[2023-02-28T14:41:31.720+0900][785.210s] GC(446) Phase 2: Prepare for compaction
[2023-02-28T14:41:31.752+0900][785.241s] GC(446) Phase 2: Prepare for compaction 31.878ms
[2023-02-28T14:41:31.752+0900][785.242s] GC(446) Phase 3: Adjust pointers
[2023-02-28T14:41:31.788+0900][785.278s] GC(446) Phase 3: Adjust pointers 36.249ms
[2023-02-28T14:41:31.789+0900][785.278s] GC(446) Phase 4: Compact heap
[2023-02-28T14:41:31.816+0900][785.306s] GC(446) Phase 4: Compact heap 27.821ms
[2023-02-28T14:41:31.829+0900][785.319s] GC(446) Eden regions: 0->0(25)
[2023-02-28T14:41:31.830+0900][785.319s] GC(446) Survivor regions: 0->0(4)
[2023-02-28T14:41:31.830+0900][785.319s] GC(446) Old regions: 479->479
[2023-02-28T14:41:31.830+0900][785.319s] GC(446) Humongous regions: 33->33
[2023-02-28T14:41:31.830+0900][785.319s] GC(446) Metaspace: 65164K(66944K)->65164K(66944K) NonClass: 57761K(58880K)->57761K(58880K) Class: 7403K(8064K)->7403K(8064K)
[2023-02-28T14:41:31.830+0900][785.319s] GC(446) Pause Full (G1 Evacuation Pause) 511M->511M(512M) 160.387ms
[2023-02-28T14:41:31.830+0900][785.319s] GC(446) User=1.38s Sys=0.00s Real=0.16s
[2023-02-28T14:41:31.830+0900][785.319s] GC(442) Concurrent Mark Abort
[2023-02-28T14:41:31.830+0900][785.319s] GC(442) Concurrent Cycle 684.434ms
[2023-02-28T14:41:31.830+0900][785.319s] GC(447) Pause Young (Normal) (G1 Evacuation Pause)
[2023-02-28T14:41:31.830+0900][785.319s] GC(447) Using 10 workers of 10 for evacuation
[2023-02-28T14:41:31.830+0900][785.320s] GC(447)   Pre Evacuate Collection Set: 0.0ms
[2023-02-28T14:41:31.830+0900][785.320s] GC(447)   Evacuate Collection Set: 0.2ms
[2023-02-28T14:41:31.831+0900][785.320s] GC(447)   Post Evacuate Collection Set: 0.1ms
[2023-02-28T14:41:31.831+0900][785.320s] GC(447)   Other: 0.1ms
[2023-02-28T14:41:31.831+0900][785.320s] GC(447) Eden regions: 0->0(25)
[2023-02-28T14:41:31.831+0900][785.320s] GC(447) Survivor regions: 0->0(4)
[2023-02-28T14:41:31.831+0900][785.320s] GC(447) Old regions: 479->479
[2023-02-28T14:41:31.831+0900][785.320s] GC(447) Humongous regions: 33->33
[2023-02-28T14:41:31.831+0900][785.320s] GC(447) Metaspace: 65164K(66944K)->65164K(66944K) NonClass: 57761K(58880K)->57761K(58880K) Class: 7403K(8064K)->7403K(8064K)
[2023-02-28T14:41:31.831+0900][785.320s] GC(447) Pause Young (Normal) (G1 Evacuation Pause) 511M->511M(512M) 0.585ms
[2023-02-28T14:41:31.831+0900][785.320s] GC(447) User=0.00s Sys=0.00s Real=0.00s
[2023-02-28T14:41:31.831+0900][785.320s] GC(448) Using 10 workers of 10 for full compaction
[2023-02-28T14:41:31.831+0900][785.320s] GC(448) Pause Full (G1 Evacuation Pause)
[2023-02-28T14:41:31.831+0900][785.320s] GC(448) Phase 1: Mark live objects
[2023-02-28T14:41:31.880+0900][785.370s] GC(448) Cleaned string and symbol table, strings: 31141 processed, 0 removed, symbols: 195635 processed, 0 removed
[2023-02-28T14:41:31.880+0900][785.370s] GC(448) Phase 1: Mark live objects 49.622ms
[2023-02-28T14:41:31.880+0900][785.370s] GC(448) Phase 2: Prepare for compaction
[2023-02-28T14:41:31.911+0900][785.401s] GC(448) Phase 2: Prepare for compaction 30.966ms
[2023-02-28T14:41:31.911+0900][785.401s] GC(448) Phase 3: Adjust pointers
[2023-02-28T14:41:31.947+0900][785.437s] GC(448) Phase 3: Adjust pointers 35.935ms
[2023-02-28T14:41:31.947+0900][785.437s] GC(448) Phase 4: Compact heap
[2023-02-28T14:41:31.976+0900][785.466s] GC(448) Phase 4: Compact heap 28.729ms
[2023-02-28T14:41:31.989+0900][785.478s] GC(448) Eden regions: 0->0(25)
[2023-02-28T14:41:31.989+0900][785.478s] GC(448) Survivor regions: 0->0(4)
[2023-02-28T14:41:31.989+0900][785.478s] GC(448) Old regions: 479->479
[2023-02-28T14:41:31.989+0900][785.478s] GC(448) Humongous regions: 33->33
[2023-02-28T14:41:31.989+0900][785.479s] GC(448) Metaspace: 65164K(66944K)->65164K(66944K) NonClass: 57761K(58880K)->57761K(58880K) Class: 7403K(8064K)->7403K(8064K)
[2023-02-28T14:41:31.989+0900][785.479s] GC(448) Pause Full (G1 Evacuation Pause) 511M->511M(512M) 158.497ms
[2023-02-28T14:41:31.989+0900][785.479s] GC(448) User=1.53s Sys=0.00s Real=0.16s
[2023-02-28T14:41:31.989+0900][785.479s] GC(449) Using 10 workers of 10 for full compaction
[2023-02-28T14:41:31.989+0900][785.479s] GC(449) Pause Full (G1 Evacuation Pause)
[2023-02-28T14:41:31.989+0900][785.479s] GC(449) Phase 1: Mark live objects
[2023-02-28T14:41:32.040+0900][785.529s] GC(449) Cleaned string and symbol table, strings: 31141 processed, 0 removed, symbols: 195635 processed, 0 removed
[2023-02-28T14:41:32.040+0900][785.530s] GC(449) Phase 1: Mark live objects 50.255ms
[2023-02-28T14:41:32.040+0900][785.530s] GC(449) Phase 2: Prepare for compaction
[2023-02-28T14:41:32.070+0900][785.560s] GC(449) Phase 2: Prepare for compaction 30.487ms
[2023-02-28T14:41:32.071+0900][785.560s] GC(449) Phase 3: Adjust pointers
[2023-02-28T14:41:32.107+0900][785.596s] GC(449) Phase 3: Adjust pointers 35.902ms
[2023-02-28T14:41:32.107+0900][785.596s] GC(449) Phase 4: Compact heap
[2023-02-28T14:41:32.134+0900][785.624s] GC(449) Phase 4: Compact heap 27.695ms
[2023-02-28T14:41:32.148+0900][785.637s] GC(449) Eden regions: 0->0(25)
[2023-02-28T14:41:32.148+0900][785.637s] GC(449) Survivor regions: 0->0(4)
[2023-02-28T14:41:32.148+0900][785.637s] GC(449) Old regions: 479->479
[2023-02-28T14:41:32.148+0900][785.637s] GC(449) Humongous regions: 33->33
[2023-02-28T14:41:32.148+0900][785.637s] GC(449) Metaspace: 65164K(66944K)->65164K(66944K) NonClass: 57761K(58880K)->57761K(58880K) Class: 7403K(8064K)->7403K(8064K)
[2023-02-28T14:41:32.148+0900][785.637s] GC(449) Pause Full (G1 Evacuation Pause) 511M->511M(512M) 158.338ms
[2023-02-28T14:41:32.148+0900][785.637s] GC(449) User=1.55s Sys=0.00s Real=0.16s
[2023-02-28T14:41:32.148+0900][785.638s] GC(450) Pause Young (Concurrent Start) (G1 Evacuation Pause)
[2023-02-28T14:41:32.148+0900][785.638s] GC(450) Using 10 workers of 10 for evacuation
[2023-02-28T14:41:32.149+0900][785.638s] GC(450)   Pre Evacuate Collection Set: 0.1ms
[2023-02-28T14:41:32.149+0900][785.638s] GC(450)   Evacuate Collection Set: 0.4ms
[2023-02-28T14:41:32.149+0900][785.638s] GC(450)   Post Evacuate Collection Set: 0.1ms
[2023-02-28T14:41:32.149+0900][785.638s] GC(450)   Other: 0.1ms
[2023-02-28T14:41:32.149+0900][785.638s] GC(450) Eden regions: 0->0(25)
[2023-02-28T14:41:32.149+0900][785.638s] GC(450) Survivor regions: 0->0(4)
[2023-02-28T14:41:32.149+0900][785.638s] GC(450) Old regions: 479->479
[2023-02-28T14:41:32.149+0900][785.638s] GC(450) Humongous regions: 33->33
[2023-02-28T14:41:32.149+0900][785.638s] GC(450) Metaspace: 65164K(66944K)->65164K(66944K) NonClass: 57761K(58880K)->57761K(58880K) Class: 7403K(8064K)->7403K(8064K)
[2023-02-28T14:41:32.149+0900][785.639s] GC(450) Pause Young (Concurrent Start) (G1 Evacuation Pause) 511M->511M(512M) 0.922ms
[2023-02-28T14:41:32.149+0900][785.639s] GC(450) User=0.00s Sys=0.00s Real=0.00s
[2023-02-28T14:41:32.149+0900][785.639s] GC(451) Using 10 workers of 10 for full compaction
[2023-02-28T14:41:32.149+0900][785.639s] GC(452) Concurrent Cycle
[2023-02-28T14:41:32.149+0900][785.639s] GC(452) Concurrent Clear Claimed Marks
[2023-02-28T14:41:32.149+0900][785.639s] GC(452) Concurrent Clear Claimed Marks 0.034ms
[2023-02-28T14:41:32.149+0900][785.639s] GC(452) Concurrent Scan Root Regions
[2023-02-28T14:41:32.149+0900][785.639s] GC(451) Pause Full (G1 Evacuation Pause)
[2023-02-28T14:41:32.149+0900][785.639s] GC(452) Concurrent Scan Root Regions 0.021ms
[2023-02-28T14:41:32.149+0900][785.639s] GC(452) Concurrent Mark (785.639s)
[2023-02-28T14:41:32.149+0900][785.639s] GC(452) Concurrent Mark From Roots
[2023-02-28T14:41:32.150+0900][785.639s] GC(452) Using 3 workers of 3 for marking
[2023-02-28T14:41:32.150+0900][785.639s] GC(451) Phase 1: Mark live objects
[2023-02-28T14:41:32.204+0900][785.693s] GC(451) Cleaned string and symbol table, strings: 31141 processed, 0 removed, symbols: 195635 processed, 0 removed
[2023-02-28T14:41:32.204+0900][785.693s] GC(451) Phase 1: Mark live objects 53.814ms
[2023-02-28T14:41:32.204+0900][785.693s] GC(451) Phase 2: Prepare for compaction
[2023-02-28T14:41:32.236+0900][785.726s] GC(451) Phase 2: Prepare for compaction 32.831ms
[2023-02-28T14:41:32.236+0900][785.726s] GC(451) Phase 3: Adjust pointers
[2023-02-28T14:41:32.273+0900][785.763s] GC(451) Phase 3: Adjust pointers 37.053ms
[2023-02-28T14:41:32.273+0900][785.763s] GC(451) Phase 4: Compact heap
[2023-02-28T14:41:32.304+0900][785.794s] GC(451) Phase 4: Compact heap 30.858ms
[2023-02-28T14:41:32.319+0900][785.809s] GC(451) Eden regions: 0->0(25)
[2023-02-28T14:41:32.319+0900][785.809s] GC(451) Survivor regions: 0->0(4)
[2023-02-28T14:41:32.319+0900][785.809s] GC(451) Old regions: 479->479
[2023-02-28T14:41:32.319+0900][785.809s] GC(451) Humongous regions: 33->33
[2023-02-28T14:41:32.319+0900][785.809s] GC(451) Metaspace: 65164K(66944K)->65164K(66944K) NonClass: 57761K(58880K)->57761K(58880K) Class: 7403K(8064K)->7403K(8064K)
[2023-02-28T14:41:32.319+0900][785.809s] GC(451) Pause Full (G1 Evacuation Pause) 511M->511M(512M) 170.165ms
[2023-02-28T14:41:32.319+0900][785.809s] GC(451) User=1.56s Sys=0.00s Real=0.17s
[2023-02-28T14:41:32.319+0900][785.809s] GC(453) Using 10 workers of 10 for full compaction
[2023-02-28T14:41:32.319+0900][785.809s] GC(453) Pause Full (G1 Evacuation Pause)
[2023-02-28T14:41:32.320+0900][785.810s] GC(453) Phase 1: Mark live objects
[2023-02-28T14:41:32.392+0900][785.881s] GC(453) Cleaned string and symbol table, strings: 31141 processed, 0 removed, symbols: 195635 processed, 0 removed
[2023-02-28T14:41:32.392+0900][785.882s] GC(453) Phase 1: Mark live objects 71.888ms
[2023-02-28T14:41:32.392+0900][785.882s] GC(453) Phase 2: Prepare for compaction
[2023-02-28T14:41:32.426+0900][785.915s] GC(453) Phase 2: Prepare for compaction 33.739ms
[2023-02-28T14:41:32.426+0900][785.916s] GC(453) Phase 3: Adjust pointers
[2023-02-28T14:41:32.463+0900][785.952s] GC(453) Phase 3: Adjust pointers 36.807ms
[2023-02-28T14:41:32.463+0900][785.952s] GC(453) Phase 4: Compact heap
[2023-02-28T14:41:32.490+0900][785.980s] GC(453) Phase 4: Compact heap 27.343ms
[2023-02-28T14:41:32.503+0900][785.992s] GC(453) Eden regions: 0->0(25)
[2023-02-28T14:41:32.503+0900][785.992s] GC(453) Survivor regions: 0->0(4)
[2023-02-28T14:41:32.503+0900][785.993s] GC(453) Old regions: 479->479
[2023-02-28T14:41:32.503+0900][785.993s] GC(453) Humongous regions: 33->33
[2023-02-28T14:41:32.503+0900][785.993s] GC(453) Metaspace: 65164K(66944K)->65164K(66944K) NonClass: 57761K(58880K)->57761K(58880K) Class: 7403K(8064K)->7403K(8064K)
[2023-02-28T14:41:32.503+0900][785.993s] GC(453) Pause Full (G1 Evacuation Pause) 511M->511M(512M) 183.249ms
[2023-02-28T14:41:32.503+0900][785.993s] GC(453) User=1.80s Sys=0.00s Real=0.18s
[2023-02-28T14:41:32.503+0900][785.993s] GC(452) Concurrent Mark From Roots 354.020ms
[2023-02-28T14:41:32.504+0900][785.993s] GC(454) Pause Young (Normal) (G1 Evacuation Pause)
[2023-02-28T14:41:32.504+0900][785.993s] GC(454) Using 10 workers of 10 for evacuation
[2023-02-28T14:41:32.504+0900][785.993s] GC(454)   Pre Evacuate Collection Set: 0.0ms
[2023-02-28T14:41:32.504+0900][785.993s] GC(454)   Evacuate Collection Set: 0.1ms
[2023-02-28T14:41:32.504+0900][785.993s] GC(454)   Post Evacuate Collection Set: 0.1ms
[2023-02-28T14:41:32.504+0900][785.993s] GC(454)   Other: 0.1ms
[2023-02-28T14:41:32.504+0900][785.993s] GC(454) Eden regions: 0->0(25)
[2023-02-28T14:41:32.504+0900][785.993s] GC(454) Survivor regions: 0->0(4)
[2023-02-28T14:41:32.504+0900][785.993s] GC(454) Old regions: 479->479
[2023-02-28T14:41:32.504+0900][785.993s] GC(454) Humongous regions: 33->33
[2023-02-28T14:41:32.504+0900][785.993s] GC(454) Metaspace: 65164K(66944K)->65164K(66944K) NonClass: 57761K(58880K)->57761K(58880K) Class: 7403K(8064K)->7403K(8064K)
[2023-02-28T14:41:32.504+0900][785.993s] GC(454) Pause Young (Normal) (G1 Evacuation Pause) 511M->511M(512M) 0.536ms
[2023-02-28T14:41:32.504+0900][785.993s] GC(454) User=0.00s Sys=0.00s Real=0.00s
[2023-02-28T14:41:32.504+0900][785.994s] GC(455) Using 10 workers of 10 for full compaction
[2023-02-28T14:41:32.504+0900][785.994s] GC(455) Pause Full (G1 Evacuation Pause)
[2023-02-28T14:41:32.505+0900][785.994s] GC(455) Phase 1: Mark live objects
[2023-02-28T14:41:32.558+0900][786.047s] GC(455) Cleaned string and symbol table, strings: 31141 processed, 0 removed, symbols: 195635 processed, 0 removed
[2023-02-28T14:41:32.558+0900][786.047s] GC(455) Phase 1: Mark live objects 53.124ms
[2023-02-28T14:41:32.558+0900][786.047s] GC(455) Phase 2: Prepare for compaction
[2023-02-28T14:41:32.590+0900][786.079s] GC(455) Phase 2: Prepare for compaction 31.562ms
[2023-02-28T14:41:32.590+0900][786.079s] GC(455) Phase 3: Adjust pointers
[2023-02-28T14:41:32.625+0900][786.115s] GC(455) Phase 3: Adjust pointers 36.204ms
[2023-02-28T14:41:32.625+0900][786.115s] GC(455) Phase 4: Compact heap
[2023-02-28T14:41:32.661+0900][786.151s] GC(455) Phase 4: Compact heap 35.593ms
[2023-02-28T14:41:32.674+0900][786.164s] GC(455) Eden regions: 0->0(25)
[2023-02-28T14:41:32.674+0900][786.164s] GC(455) Survivor regions: 0->0(4)
[2023-02-28T14:41:32.674+0900][786.164s] GC(455) Old regions: 479->479
[2023-02-28T14:41:32.674+0900][786.164s] GC(455) Humongous regions: 33->33
[2023-02-28T14:41:32.674+0900][786.164s] GC(455) Metaspace: 65164K(66944K)->65164K(66944K) NonClass: 57761K(58880K)->57761K(58880K) Class: 7403K(8064K)->7403K(8064K)
[2023-02-28T14:41:32.674+0900][786.164s] GC(455) Pause Full (G1 Evacuation Pause) 511M->511M(512M) 170.219ms
[2023-02-28T14:41:32.674+0900][786.164s] GC(455) User=1.66s Sys=0.00s Real=0.17s
[2023-02-28T14:41:32.674+0900][786.164s] GC(456) Using 10 workers of 10 for full compaction
[2023-02-28T14:41:32.674+0900][786.164s] GC(456) Pause Full (G1 Evacuation Pause)
[2023-02-28T14:41:32.675+0900][786.165s] GC(456) Phase 1: Mark live objects
[2023-02-28T14:41:32.727+0900][786.217s] GC(456) Cleaned string and symbol table, strings: 31141 processed, 0 removed, symbols: 195635 processed, 0 removed
[2023-02-28T14:41:32.727+0900][786.217s] GC(456) Phase 1: Mark live objects 52.459ms
[2023-02-28T14:41:32.727+0900][786.217s] GC(456) Phase 2: Prepare for compaction
[2023-02-28T14:41:32.760+0900][786.250s] GC(456) Phase 2: Prepare for compaction 32.955ms
[2023-02-28T14:41:32.761+0900][786.250s] GC(456) Phase 3: Adjust pointers
[2023-02-28T14:41:32.797+0900][786.286s] GC(456) Phase 3: Adjust pointers 35.943ms
[2023-02-28T14:41:32.797+0900][786.286s] GC(456) Phase 4: Compact heap
[2023-02-28T14:41:32.825+0900][786.314s] GC(456) Phase 4: Compact heap 27.905ms
[2023-02-28T14:41:32.838+0900][786.328s] GC(456) Eden regions: 0->0(25)
[2023-02-28T14:41:32.838+0900][786.328s] GC(456) Survivor regions: 0->0(4)
[2023-02-28T14:41:32.838+0900][786.328s] GC(456) Old regions: 479->479
[2023-02-28T14:41:32.838+0900][786.328s] GC(456) Humongous regions: 33->33
[2023-02-28T14:41:32.838+0900][786.328s] GC(456) Metaspace: 65164K(66944K)->65164K(66944K) NonClass: 57761K(58880K)->57761K(58880K) Class: 7403K(8064K)->7403K(8064K)
[2023-02-28T14:41:32.838+0900][786.328s] GC(456) Pause Full (G1 Evacuation Pause) 511M->511M(512M) 163.620ms
[2023-02-28T14:41:32.839+0900][786.328s] GC(456) User=1.36s Sys=0.00s Real=0.16s
[2023-02-28T14:41:32.839+0900][786.328s] GC(452) Concurrent Mark Abort
[2023-02-28T14:41:32.839+0900][786.328s] GC(452) Concurrent Cycle 689.623ms
[2023-02-28T14:41:32.839+0900][786.328s] GC(457) Pause Young (Normal) (G1 Evacuation Pause)
[2023-02-28T14:41:32.839+0900][786.328s] GC(457) Using 10 workers of 10 for evacuation
[2023-02-28T14:41:32.839+0900][786.329s] GC(457)   Pre Evacuate Collection Set: 0.0ms
[2023-02-28T14:41:32.839+0900][786.329s] GC(457)   Evacuate Collection Set: 0.2ms
[2023-02-28T14:41:32.839+0900][786.329s] GC(457)   Post Evacuate Collection Set: 0.1ms
[2023-02-28T14:41:32.839+0900][786.329s] GC(457)   Other: 0.1ms
[2023-02-28T14:41:32.839+0900][786.329s] GC(457) Eden regions: 0->0(25)
[2023-02-28T14:41:32.839+0900][786.329s] GC(457) Survivor regions: 0->0(4)
[2023-02-28T14:41:32.839+0900][786.329s] GC(457) Old regions: 479->479
[2023-02-28T14:41:32.839+0900][786.329s] GC(457) Humongous regions: 33->33
[2023-02-28T14:41:32.839+0900][786.329s] GC(457) Metaspace: 65164K(66944K)->65164K(66944K) NonClass: 57761K(58880K)->57761K(58880K) Class: 7403K(8064K)->7403K(8064K)
[2023-02-28T14:41:32.839+0900][786.329s] GC(457) Pause Young (Normal) (G1 Evacuation Pause) 511M->511M(512M) 0.632ms
[2023-02-28T14:41:32.839+0900][786.329s] GC(457) User=0.00s Sys=0.00s Real=0.00s
[2023-02-28T14:41:32.839+0900][786.329s] GC(458) Using 10 workers of 10 for full compaction
[2023-02-28T14:41:32.840+0900][786.329s] GC(458) Pause Full (G1 Evacuation Pause)
[2023-02-28T14:41:32.840+0900][786.330s] GC(458) Phase 1: Mark live objects
[2023-02-28T14:41:32.894+0900][786.383s] GC(458) Cleaned string and symbol table, strings: 31141 processed, 0 removed, symbols: 195635 processed, 0 removed
[2023-02-28T14:41:32.894+0900][786.383s] GC(458) Phase 1: Mark live objects 53.532ms
[2023-02-28T14:41:32.894+0900][786.383s] GC(458) Phase 2: Prepare for compaction
[2023-02-28T14:41:32.926+0900][786.415s] GC(458) Phase 2: Prepare for compaction 32.149ms
[2023-02-28T14:41:32.926+0900][786.415s] GC(458) Phase 3: Adjust pointers
[2023-02-28T14:41:32.961+0900][786.450s] GC(458) Phase 3: Adjust pointers 34.845ms
[2023-02-28T14:41:32.961+0900][786.450s] GC(458) Phase 4: Compact heap
[2023-02-28T14:41:32.990+0900][786.480s] GC(458) Phase 4: Compact heap 30.206ms
[2023-02-28T14:41:33.004+0900][786.494s] GC(458) Eden regions: 0->0(25)
[2023-02-28T14:41:33.004+0900][786.494s] GC(458) Survivor regions: 0->0(4)
[2023-02-28T14:41:33.004+0900][786.494s] GC(458) Old regions: 479->479
[2023-02-28T14:41:33.004+0900][786.494s] GC(458) Humongous regions: 33->33
[2023-02-28T14:41:33.004+0900][786.494s] GC(458) Metaspace: 65164K(66944K)->65164K(66944K) NonClass: 57761K(58880K)->57761K(58880K) Class: 7403K(8064K)->7403K(8064K)
[2023-02-28T14:41:33.004+0900][786.494s] GC(458) Pause Full (G1 Evacuation Pause) 511M->511M(512M) 165.058ms
[2023-02-28T14:41:33.004+0900][786.494s] GC(458) User=1.70s Sys=0.00s Real=0.16s
[2023-02-28T14:41:33.004+0900][786.494s] GC(459) Using 10 workers of 10 for full compaction
[2023-02-28T14:41:33.004+0900][786.495s] GC(459) Pause Full (G1 Evacuation Pause)
[2023-02-28T14:41:33.005+0900][786.495s] GC(459) Phase 1: Mark live objects
[2023-02-28T14:41:33.057+0900][786.547s] GC(459) Cleaned string and symbol table, strings: 31141 processed, 0 removed, symbols: 195635 processed, 0 removed
[2023-02-28T14:41:33.057+0900][786.547s] GC(459) Phase 1: Mark live objects 52.394ms
[2023-02-28T14:41:33.057+0900][786.547s] GC(459) Phase 2: Prepare for compaction
[2023-02-28T14:41:33.091+0900][786.581s] GC(459) Phase 2: Prepare for compaction 33.451ms
[2023-02-28T14:41:33.091+0900][786.581s] GC(459) Phase 3: Adjust pointers
[2023-02-28T14:41:33.128+0900][786.618s] GC(459) Phase 3: Adjust pointers 36.975ms
[2023-02-28T14:41:33.128+0900][786.618s] GC(459) Phase 4: Compact heap
[2023-02-28T14:41:33.157+0900][786.646s] GC(459) Phase 4: Compact heap 28.286ms
[2023-02-28T14:41:33.170+0900][786.659s] GC(459) Eden regions: 0->0(25)
[2023-02-28T14:41:33.170+0900][786.659s] GC(459) Survivor regions: 0->0(4)
[2023-02-28T14:41:33.170+0900][786.660s] GC(459) Old regions: 479->479
[2023-02-28T14:41:33.170+0900][786.660s] GC(459) Humongous regions: 33->33
[2023-02-28T14:41:33.170+0900][786.660s] GC(459) Metaspace: 65164K(66944K)->65164K(66944K) NonClass: 57761K(58880K)->57761K(58880K) Class: 7403K(8064K)->7403K(8064K)
[2023-02-28T14:41:33.170+0900][786.660s] GC(459) Pause Full (G1 Evacuation Pause) 511M->511M(512M) 165.080ms
[2023-02-28T14:41:33.170+0900][786.660s] GC(459) User=1.41s Sys=0.00s Real=0.17s
[2023-02-28T14:41:33.170+0900][786.660s] GC(460) Pause Young (Concurrent Start) (G1 Evacuation Pause)
[2023-02-28T14:41:33.170+0900][786.660s] GC(460) Using 10 workers of 10 for evacuation
[2023-02-28T14:41:33.171+0900][786.661s] GC(460)   Pre Evacuate Collection Set: 0.1ms
[2023-02-28T14:41:33.171+0900][786.661s] GC(460)   Evacuate Collection Set: 0.5ms
[2023-02-28T14:41:33.171+0900][786.661s] GC(460)   Post Evacuate Collection Set: 0.1ms
[2023-02-28T14:41:33.171+0900][786.661s] GC(460)   Other: 0.2ms
[2023-02-28T14:41:33.171+0900][786.661s] GC(460) Eden regions: 0->0(25)
[2023-02-28T14:41:33.171+0900][786.661s] GC(460) Survivor regions: 0->0(4)
[2023-02-28T14:41:33.171+0900][786.661s] GC(460) Old regions: 479->479
[2023-02-28T14:41:33.171+0900][786.661s] GC(460) Humongous regions: 33->33
[2023-02-28T14:41:33.171+0900][786.661s] GC(460) Metaspace: 65164K(66944K)->65164K(66944K) NonClass: 57761K(58880K)->57761K(58880K) Class: 7403K(8064K)->7403K(8064K)
[2023-02-28T14:41:33.171+0900][786.661s] GC(460) Pause Young (Concurrent Start) (G1 Evacuation Pause) 511M->511M(512M) 1.083ms
[2023-02-28T14:41:33.171+0900][786.661s] GC(460) User=0.00s Sys=0.00s Real=0.00s
[2023-02-28T14:41:33.172+0900][786.661s] GC(461) Using 10 workers of 10 for full compaction
[2023-02-28T14:41:33.172+0900][786.661s] GC(462) Concurrent Cycle
[2023-02-28T14:41:33.172+0900][786.661s] GC(462) Concurrent Clear Claimed Marks
[2023-02-28T14:41:33.172+0900][786.661s] GC(462) Concurrent Clear Claimed Marks 0.034ms
[2023-02-28T14:41:33.172+0900][786.661s] GC(462) Concurrent Scan Root Regions
[2023-02-28T14:41:33.172+0900][786.661s] GC(461) Pause Full (G1 Evacuation Pause)
[2023-02-28T14:41:33.172+0900][786.661s] GC(462) Concurrent Scan Root Regions 0.023ms
[2023-02-28T14:41:33.172+0900][786.661s] GC(462) Concurrent Mark (786.661s)
[2023-02-28T14:41:33.172+0900][786.661s] GC(462) Concurrent Mark From Roots
[2023-02-28T14:41:33.172+0900][786.661s] GC(462) Using 3 workers of 3 for marking
[2023-02-28T14:41:33.173+0900][786.662s] GC(461) Phase 1: Mark live objects
[2023-02-28T14:41:33.225+0900][786.714s] GC(461) Cleaned string and symbol table, strings: 31141 processed, 0 removed, symbols: 195635 processed, 0 removed
[2023-02-28T14:41:33.225+0900][786.714s] GC(461) Phase 1: Mark live objects 52.186ms
[2023-02-28T14:41:33.225+0900][786.714s] GC(461) Phase 2: Prepare for compaction
[2023-02-28T14:41:33.259+0900][786.748s] GC(461) Phase 2: Prepare for compaction 33.496ms
[2023-02-28T14:41:33.259+0900][786.748s] GC(461) Phase 3: Adjust pointers
[2023-02-28T14:41:33.298+0900][786.787s] GC(461) Phase 3: Adjust pointers 39.113ms
[2023-02-28T14:41:33.298+0900][786.787s] GC(461) Phase 4: Compact heap
[2023-02-28T14:41:33.329+0900][786.819s] GC(461) Phase 4: Compact heap 31.249ms
[2023-02-28T14:41:33.341+0900][786.831s] GC(461) Eden regions: 0->0(25)
[2023-02-28T14:41:33.342+0900][786.831s] GC(461) Survivor regions: 0->0(4)
[2023-02-28T14:41:33.342+0900][786.831s] GC(461) Old regions: 479->479
[2023-02-28T14:41:33.342+0900][786.831s] GC(461) Humongous regions: 33->33
[2023-02-28T14:41:33.342+0900][786.831s] GC(461) Metaspace: 65164K(66944K)->65164K(66944K) NonClass: 57761K(58880K)->57761K(58880K) Class: 7403K(8064K)->7403K(8064K)
[2023-02-28T14:41:33.342+0900][786.831s] GC(461) Pause Full (G1 Evacuation Pause) 511M->511M(512M) 170.048ms
[2023-02-28T14:41:33.342+0900][786.832s] GC(461) User=1.52s Sys=0.00s Real=0.17s
[2023-02-28T14:41:33.342+0900][786.832s] GC(463) Using 10 workers of 10 for full compaction
[2023-02-28T14:41:33.342+0900][786.832s] GC(463) Pause Full (G1 Evacuation Pause)
[2023-02-28T14:41:33.342+0900][786.832s] GC(463) Phase 1: Mark live objects
[2023-02-28T14:41:33.394+0900][786.884s] GC(463) Cleaned string and symbol table, strings: 31141 processed, 0 removed, symbols: 195635 processed, 0 removed
[2023-02-28T14:41:33.394+0900][786.884s] GC(463) Phase 1: Mark live objects 51.763ms
[2023-02-28T14:41:33.394+0900][786.884s] GC(463) Phase 2: Prepare for compaction
[2023-02-28T14:41:33.427+0900][786.917s] GC(463) Phase 2: Prepare for compaction 33.092ms
[2023-02-28T14:41:33.427+0900][786.917s] GC(463) Phase 3: Adjust pointers
[2023-02-28T14:41:33.466+0900][786.955s] GC(463) Phase 3: Adjust pointers 38.198ms
[2023-02-28T14:41:33.466+0900][786.955s] GC(463) Phase 4: Compact heap
[2023-02-28T14:41:33.503+0900][786.992s] GC(463) Phase 4: Compact heap 37.201ms
[2023-02-28T14:41:33.523+0900][787.013s] GC(463) Eden regions: 0->0(25)
[2023-02-28T14:41:33.524+0900][787.013s] GC(463) Survivor regions: 0->0(4)
[2023-02-28T14:41:33.524+0900][787.013s] GC(463) Old regions: 479->479
[2023-02-28T14:41:33.524+0900][787.013s] GC(463) Humongous regions: 33->33
[2023-02-28T14:41:33.524+0900][787.013s] GC(463) Metaspace: 65164K(66944K)->65164K(66944K) NonClass: 57761K(58880K)->57761K(58880K) Class: 7403K(8064K)->7403K(8064K)
[2023-02-28T14:41:33.524+0900][787.013s] GC(463) Pause Full (G1 Evacuation Pause) 511M->511M(512M) 181.190ms
[2023-02-28T14:41:33.524+0900][787.013s] GC(463) User=1.50s Sys=0.00s Real=0.18s
[2023-02-28T14:41:33.524+0900][787.013s] GC(462) Concurrent Mark From Roots 351.896ms
[2023-02-28T14:41:33.524+0900][787.013s] GC(464) Pause Young (Normal) (G1 Evacuation Pause)
[2023-02-28T14:41:33.524+0900][787.013s] GC(464) Using 10 workers of 10 for evacuation
[2023-02-28T14:41:33.525+0900][787.014s] GC(464)   Pre Evacuate Collection Set: 0.0ms
[2023-02-28T14:41:33.525+0900][787.014s] GC(464)   Evacuate Collection Set: 0.3ms
[2023-02-28T14:41:33.525+0900][787.014s] GC(464)   Post Evacuate Collection Set: 0.2ms
[2023-02-28T14:41:33.525+0900][787.014s] GC(464)   Other: 0.2ms
[2023-02-28T14:41:33.525+0900][787.014s] GC(464) Eden regions: 0->0(25)
[2023-02-28T14:41:33.525+0900][787.014s] GC(464) Survivor regions: 0->0(4)
[2023-02-28T14:41:33.525+0900][787.014s] GC(464) Old regions: 479->479
[2023-02-28T14:41:33.525+0900][787.014s] GC(464) Humongous regions: 33->33
[2023-02-28T14:41:33.525+0900][787.014s] GC(464) Metaspace: 65164K(66944K)->65164K(66944K) NonClass: 57761K(58880K)->57761K(58880K) Class: 7403K(8064K)->7403K(8064K)
[2023-02-28T14:41:33.525+0900][787.015s] GC(464) Pause Young (Normal) (G1 Evacuation Pause) 511M->511M(512M) 1.055ms
[2023-02-28T14:41:33.525+0900][787.015s] GC(464) User=0.00s Sys=0.00s Real=0.00s
[2023-02-28T14:41:33.525+0900][787.015s] GC(465) Using 10 workers of 10 for full compaction
[2023-02-28T14:41:33.526+0900][787.015s] GC(465) Pause Full (G1 Evacuation Pause)
[2023-02-28T14:41:33.526+0900][787.016s] GC(465) Phase 1: Mark live objects
[2023-02-28T14:41:33.595+0900][787.085s] GC(465) Cleaned string and symbol table, strings: 31141 processed, 0 removed, symbols: 195635 processed, 0 removed
[2023-02-28T14:41:33.595+0900][787.085s] GC(465) Phase 1: Mark live objects 69.033ms
[2023-02-28T14:41:33.595+0900][787.085s] GC(465) Phase 2: Prepare for compaction
[2023-02-28T14:41:33.634+0900][787.124s] GC(465) Phase 2: Prepare for compaction 39.456ms
[2023-02-28T14:41:33.634+0900][787.124s] GC(465) Phase 3: Adjust pointers
[2023-02-28T14:41:33.673+0900][787.163s] GC(465) Phase 3: Adjust pointers 38.352ms
[2023-02-28T14:41:33.673+0900][787.163s] GC(465) Phase 4: Compact heap
[2023-02-28T14:41:33.704+0900][787.194s] GC(465) Phase 4: Compact heap 31.271ms
[2023-02-28T14:41:33.718+0900][787.208s] GC(465) Eden regions: 0->0(25)
[2023-02-28T14:41:33.718+0900][787.208s] GC(465) Survivor regions: 0->0(4)
[2023-02-28T14:41:33.718+0900][787.208s] GC(465) Old regions: 479->479
[2023-02-28T14:41:33.718+0900][787.208s] GC(465) Humongous regions: 33->33
[2023-02-28T14:41:33.718+0900][787.208s] GC(465) Metaspace: 65164K(66944K)->65164K(66944K) NonClass: 57761K(58880K)->57761K(58880K) Class: 7403K(8064K)->7403K(8064K)
[2023-02-28T14:41:33.718+0900][787.208s] GC(465) Pause Full (G1 Evacuation Pause) 511M->511M(512M) 193.324ms
[2023-02-28T14:41:33.719+0900][787.208s] GC(465) User=1.66s Sys=0.00s Real=0.19s
[2023-02-28T14:41:33.719+0900][787.208s] GC(466) Using 10 workers of 10 for full compaction
[2023-02-28T14:41:33.719+0900][787.209s] GC(466) Pause Full (G1 Evacuation Pause)
[2023-02-28T14:41:33.719+0900][787.209s] GC(466) Phase 1: Mark live objects
[2023-02-28T14:41:33.773+0900][787.262s] GC(466) Cleaned string and symbol table, strings: 31141 processed, 0 removed, symbols: 195635 processed, 0 removed
[2023-02-28T14:41:33.773+0900][787.262s] GC(466) Phase 1: Mark live objects 53.532ms
[2023-02-28T14:41:33.773+0900][787.262s] GC(466) Phase 2: Prepare for compaction
[2023-02-28T14:41:33.804+0900][787.294s] GC(466) Phase 2: Prepare for compaction 31.078ms
[2023-02-28T14:41:33.804+0900][787.294s] GC(466) Phase 3: Adjust pointers
[2023-02-28T14:41:33.842+0900][787.332s] GC(466) Phase 3: Adjust pointers 37.853ms
[2023-02-28T14:41:33.842+0900][787.332s] GC(466) Phase 4: Compact heap
[2023-02-28T14:41:33.871+0900][787.360s] GC(466) Phase 4: Compact heap 28.616ms
[2023-02-28T14:41:33.883+0900][787.372s] GC(466) Eden regions: 0->0(25)
[2023-02-28T14:41:33.883+0900][787.372s] GC(466) Survivor regions: 0->0(4)
[2023-02-28T14:41:33.883+0900][787.372s] GC(466) Old regions: 479->479
[2023-02-28T14:41:33.883+0900][787.372s] GC(466) Humongous regions: 33->33
[2023-02-28T14:41:33.883+0900][787.372s] GC(466) Metaspace: 65164K(66944K)->65164K(66944K) NonClass: 57761K(58880K)->57761K(58880K) Class: 7403K(8064K)->7403K(8064K)
[2023-02-28T14:41:33.883+0900][787.372s] GC(466) Pause Full (G1 Evacuation Pause) 511M->511M(512M) 163.775ms
[2023-02-28T14:41:33.883+0900][787.373s] GC(466) User=1.53s Sys=0.00s Real=0.16s
[2023-02-28T14:41:33.883+0900][787.373s] GC(462) Concurrent Mark Abort
[2023-02-28T14:41:33.883+0900][787.373s] GC(462) Concurrent Cycle 711.502ms
[2023-02-28T14:41:33.883+0900][787.373s] GC(467) Pause Young (Normal) (G1 Evacuation Pause)
[2023-02-28T14:41:33.884+0900][787.373s] GC(467) Using 10 workers of 10 for evacuation
[2023-02-28T14:41:33.884+0900][787.373s] GC(467)   Pre Evacuate Collection Set: 0.0ms
[2023-02-28T14:41:33.884+0900][787.373s] GC(467)   Evacuate Collection Set: 0.2ms
[2023-02-28T14:41:33.884+0900][787.373s] GC(467)   Post Evacuate Collection Set: 0.1ms
[2023-02-28T14:41:33.884+0900][787.373s] GC(467)   Other: 0.1ms
[2023-02-28T14:41:33.884+0900][787.373s] GC(467) Eden regions: 0->0(25)
[2023-02-28T14:41:33.884+0900][787.373s] GC(467) Survivor regions: 0->0(4)
[2023-02-28T14:41:33.884+0900][787.373s] GC(467) Old regions: 479->479
[2023-02-28T14:41:33.884+0900][787.373s] GC(467) Humongous regions: 33->33
[2023-02-28T14:41:33.884+0900][787.373s] GC(467) Metaspace: 65164K(66944K)->65164K(66944K) NonClass: 57761K(58880K)->57761K(58880K) Class: 7403K(8064K)->7403K(8064K)
[2023-02-28T14:41:33.884+0900][787.373s] GC(467) Pause Young (Normal) (G1 Evacuation Pause) 511M->511M(512M) 0.567ms
[2023-02-28T14:41:33.884+0900][787.373s] GC(467) User=0.00s Sys=0.00s Real=0.00s
[2023-02-28T14:41:33.884+0900][787.373s] GC(468) Using 10 workers of 10 for full compaction
[2023-02-28T14:41:33.884+0900][787.373s] GC(468) Pause Full (G1 Evacuation Pause)
[2023-02-28T14:41:33.885+0900][787.374s] GC(468) Phase 1: Mark live objects
[2023-02-28T14:41:33.936+0900][787.426s] GC(468) Cleaned string and symbol table, strings: 31141 processed, 0 removed, symbols: 195635 processed, 0 removed
[2023-02-28T14:41:33.936+0900][787.426s] GC(468) Phase 1: Mark live objects 52.302ms
[2023-02-28T14:41:33.936+0900][787.426s] GC(468) Phase 2: Prepare for compaction
[2023-02-28T14:41:33.970+0900][787.460s] GC(468) Phase 2: Prepare for compaction 34.233ms
[2023-02-28T14:41:33.970+0900][787.460s] GC(468) Phase 3: Adjust pointers
[2023-02-28T14:41:34.009+0900][787.498s] GC(468) Phase 3: Adjust pointers 38.045ms
[2023-02-28T14:41:34.009+0900][787.499s] GC(468) Phase 4: Compact heap
[2023-02-28T14:41:34.041+0900][787.531s] GC(468) Phase 4: Compact heap 32.700ms
[2023-02-28T14:41:34.055+0900][787.545s] GC(468) Eden regions: 0->0(25)
[2023-02-28T14:41:34.055+0900][787.545s] GC(468) Survivor regions: 0->0(4)
[2023-02-28T14:41:34.055+0900][787.545s] GC(468) Old regions: 479->479
[2023-02-28T14:41:34.055+0900][787.545s] GC(468) Humongous regions: 33->33
[2023-02-28T14:41:34.055+0900][787.545s] GC(468) Metaspace: 65164K(66944K)->65164K(66944K) NonClass: 57761K(58880K)->57761K(58880K) Class: 7403K(8064K)->7403K(8064K)
[2023-02-28T14:41:34.055+0900][787.545s] GC(468) Pause Full (G1 Evacuation Pause) 511M->511M(512M) 171.748ms
[2023-02-28T14:41:34.056+0900][787.545s] GC(468) User=1.69s Sys=0.00s Real=0.17s
[2023-02-28T14:41:34.056+0900][787.545s] GC(469) Using 10 workers of 10 for full compaction
[2023-02-28T14:41:34.056+0900][787.546s] GC(469) Pause Full (G1 Evacuation Pause)
[2023-02-28T14:41:34.056+0900][787.546s] GC(469) Phase 1: Mark live objects
[2023-02-28T14:41:34.109+0900][787.599s] GC(469) Cleaned string and symbol table, strings: 31141 processed, 0 removed, symbols: 195635 processed, 0 removed
[2023-02-28T14:41:34.109+0900][787.599s] GC(469) Phase 1: Mark live objects 53.142ms
[2023-02-28T14:41:34.109+0900][787.599s] GC(469) Phase 2: Prepare for compaction
[2023-02-28T14:41:34.142+0900][787.632s] GC(469) Phase 2: Prepare for compaction 32.996ms
[2023-02-28T14:41:34.143+0900][787.632s] GC(469) Phase 3: Adjust pointers
[2023-02-28T14:41:34.197+0900][787.687s] GC(469) Phase 3: Adjust pointers 54.755ms
[2023-02-28T14:41:34.198+0900][787.687s] GC(469) Phase 4: Compact heap
[2023-02-28T14:41:34.239+0900][787.728s] GC(469) Phase 4: Compact heap 40.900ms
[2023-02-28T14:41:34.253+0900][787.742s] GC(469) Eden regions: 0->0(25)
[2023-02-28T14:41:34.253+0900][787.742s] GC(469) Survivor regions: 0->0(4)
[2023-02-28T14:41:34.253+0900][787.742s] GC(469) Old regions: 479->479
[2023-02-28T14:41:34.253+0900][787.742s] GC(469) Humongous regions: 33->33
[2023-02-28T14:41:34.253+0900][787.742s] GC(469) Metaspace: 65164K(66944K)->65164K(66944K) NonClass: 57761K(58880K)->57761K(58880K) Class: 7403K(8064K)->7403K(8064K)
[2023-02-28T14:41:34.253+0900][787.742s] GC(469) Pause Full (G1 Evacuation Pause) 511M->511M(512M) 196.422ms
[2023-02-28T14:41:34.253+0900][787.742s] GC(469) User=1.91s Sys=0.00s Real=0.20s
[2023-02-28T14:41:34.253+0900][787.742s] GC(470) Pause Young (Concurrent Start) (G1 Evacuation Pause)
[2023-02-28T14:41:34.253+0900][787.742s] GC(470) Using 10 workers of 10 for evacuation
[2023-02-28T14:41:34.254+0900][787.743s] GC(470)   Pre Evacuate Collection Set: 0.1ms
[2023-02-28T14:41:34.254+0900][787.743s] GC(470)   Evacuate Collection Set: 0.4ms
[2023-02-28T14:41:34.254+0900][787.743s] GC(470)   Post Evacuate Collection Set: 0.1ms
[2023-02-28T14:41:34.254+0900][787.743s] GC(470)   Other: 0.2ms
[2023-02-28T14:41:34.254+0900][787.743s] GC(470) Eden regions: 0->0(25)
[2023-02-28T14:41:34.254+0900][787.743s] GC(470) Survivor regions: 0->0(4)
[2023-02-28T14:41:34.254+0900][787.743s] GC(470) Old regions: 479->479
[2023-02-28T14:41:34.254+0900][787.743s] GC(470) Humongous regions: 33->33
[2023-02-28T14:41:34.254+0900][787.743s] GC(470) Metaspace: 65164K(66944K)->65164K(66944K) NonClass: 57761K(58880K)->57761K(58880K) Class: 7403K(8064K)->7403K(8064K)
[2023-02-28T14:41:34.254+0900][787.743s] GC(470) Pause Young (Concurrent Start) (G1 Evacuation Pause) 511M->511M(512M) 1.003ms
[2023-02-28T14:41:34.254+0900][787.743s] GC(470) User=0.00s Sys=0.00s Real=0.00s
[2023-02-28T14:41:34.254+0900][787.743s] GC(472) Concurrent Cycle
[2023-02-28T14:41:34.254+0900][787.743s] GC(471) Using 10 workers of 10 for full compaction
[2023-02-28T14:41:34.254+0900][787.743s] GC(472) Concurrent Clear Claimed Marks
[2023-02-28T14:41:34.254+0900][787.744s] GC(472) Concurrent Clear Claimed Marks 0.054ms
[2023-02-28T14:41:34.254+0900][787.744s] GC(472) Concurrent Scan Root Regions
[2023-02-28T14:41:34.254+0900][787.744s] GC(472) Concurrent Scan Root Regions 0.020ms
[2023-02-28T14:41:34.254+0900][787.744s] GC(471) Pause Full (G1 Evacuation Pause)
[2023-02-28T14:41:34.254+0900][787.744s] GC(472) Concurrent Mark (787.744s)
[2023-02-28T14:41:34.254+0900][787.744s] GC(472) Concurrent Mark From Roots
[2023-02-28T14:41:34.254+0900][787.744s] GC(472) Using 3 workers of 3 for marking
[2023-02-28T14:41:34.255+0900][787.744s] GC(471) Phase 1: Mark live objects
[2023-02-28T14:41:34.306+0900][787.796s] GC(471) Cleaned string and symbol table, strings: 31141 processed, 0 removed, symbols: 195635 processed, 0 removed
[2023-02-28T14:41:34.306+0900][787.796s] GC(471) Phase 1: Mark live objects 51.647ms
[2023-02-28T14:41:34.306+0900][787.796s] GC(471) Phase 2: Prepare for compaction
[2023-02-28T14:41:34.338+0900][787.828s] GC(471) Phase 2: Prepare for compaction 32.452ms
[2023-02-28T14:41:34.339+0900][787.829s] GC(471) Phase 3: Adjust pointers
[2023-02-28T14:41:34.376+0900][787.866s] GC(471) Phase 3: Adjust pointers 37.167ms
[2023-02-28T14:41:34.376+0900][787.866s] GC(471) Phase 4: Compact heap
[2023-02-28T14:41:34.408+0900][787.898s] GC(471) Phase 4: Compact heap 31.842ms
[2023-02-28T14:41:34.425+0900][787.915s] GC(471) Eden regions: 0->0(25)
[2023-02-28T14:41:34.425+0900][787.915s] GC(471) Survivor regions: 0->0(4)
[2023-02-28T14:41:34.425+0900][787.915s] GC(471) Old regions: 479->479
[2023-02-28T14:41:34.425+0900][787.915s] GC(471) Humongous regions: 33->33
[2023-02-28T14:41:34.425+0900][787.915s] GC(471) Metaspace: 65164K(66944K)->65164K(66944K) NonClass: 57761K(58880K)->57761K(58880K) Class: 7403K(8064K)->7403K(8064K)
[2023-02-28T14:41:34.426+0900][787.915s] GC(471) Pause Full (G1 Evacuation Pause) 511M->511M(512M) 171.730ms
[2023-02-28T14:41:34.426+0900][787.916s] GC(471) User=1.53s Sys=0.00s Real=0.17s
[2023-02-28T14:41:34.426+0900][787.916s] GC(473) Using 10 workers of 10 for full compaction
[2023-02-28T14:41:34.426+0900][787.916s] GC(473) Pause Full (G1 Evacuation Pause)
[2023-02-28T14:41:34.427+0900][787.916s] GC(473) Phase 1: Mark live objects
[2023-02-28T14:41:34.482+0900][787.972s] GC(473) Cleaned string and symbol table, strings: 31141 processed, 0 removed, symbols: 195635 processed, 0 removed
[2023-02-28T14:41:34.483+0900][787.972s] GC(473) Phase 1: Mark live objects 55.813ms
[2023-02-28T14:41:34.483+0900][787.972s] GC(473) Phase 2: Prepare for compaction
[2023-02-28T14:41:34.516+0900][788.006s] GC(473) Phase 2: Prepare for compaction 33.251ms
[2023-02-28T14:41:34.516+0900][788.006s] GC(473) Phase 3: Adjust pointers
[2023-02-28T14:41:34.554+0900][788.043s] GC(473) Phase 3: Adjust pointers 37.631ms
[2023-02-28T14:41:34.554+0900][788.043s] GC(473) Phase 4: Compact heap
[2023-02-28T14:41:34.586+0900][788.076s] GC(473) Phase 4: Compact heap 32.328ms
[2023-02-28T14:41:34.603+0900][788.092s] GC(473) Eden regions: 0->0(25)
[2023-02-28T14:41:34.603+0900][788.092s] GC(473) Survivor regions: 0->0(4)
[2023-02-28T14:41:34.603+0900][788.092s] GC(473) Old regions: 479->479
[2023-02-28T14:41:34.603+0900][788.092s] GC(473) Humongous regions: 33->33
[2023-02-28T14:41:34.603+0900][788.092s] GC(473) Metaspace: 65164K(66944K)->65164K(66944K) NonClass: 57761K(58880K)->57761K(58880K) Class: 7403K(8064K)->7403K(8064K)
[2023-02-28T14:41:34.603+0900][788.092s] GC(473) Pause Full (G1 Evacuation Pause) 511M->511M(512M) 176.392ms
[2023-02-28T14:41:34.603+0900][788.092s] GC(473) User=1.70s Sys=0.00s Real=0.18s
[2023-02-28T14:41:34.603+0900][788.092s] GC(472) Concurrent Mark From Roots 348.824ms
[2023-02-28T14:41:34.603+0900][788.093s] GC(474) Pause Young (Normal) (G1 Evacuation Pause)
[2023-02-28T14:41:34.603+0900][788.093s] GC(474) Using 10 workers of 10 for evacuation
[2023-02-28T14:41:34.604+0900][788.093s] GC(474)   Pre Evacuate Collection Set: 0.0ms
[2023-02-28T14:41:34.604+0900][788.093s] GC(474)   Evacuate Collection Set: 0.1ms
[2023-02-28T14:41:34.604+0900][788.093s] GC(474)   Post Evacuate Collection Set: 0.1ms
[2023-02-28T14:41:34.604+0900][788.093s] GC(474)   Other: 0.1ms
[2023-02-28T14:41:34.604+0900][788.093s] GC(474) Eden regions: 0->0(25)
[2023-02-28T14:41:34.604+0900][788.093s] GC(474) Survivor regions: 0->0(4)
[2023-02-28T14:41:34.604+0900][788.093s] GC(474) Old regions: 479->479
[2023-02-28T14:41:34.604+0900][788.093s] GC(474) Humongous regions: 33->33
[2023-02-28T14:41:34.604+0900][788.093s] GC(474) Metaspace: 65164K(66944K)->65164K(66944K) NonClass: 57761K(58880K)->57761K(58880K) Class: 7403K(8064K)->7403K(8064K)
[2023-02-28T14:41:34.604+0900][788.093s] GC(474) Pause Young (Normal) (G1 Evacuation Pause) 511M->511M(512M) 0.563ms
[2023-02-28T14:41:34.604+0900][788.093s] GC(474) User=0.00s Sys=0.00s Real=0.00s
[2023-02-28T14:41:34.604+0900][788.093s] GC(475) Using 10 workers of 10 for full compaction
[2023-02-28T14:41:34.604+0900][788.093s] GC(475) Pause Full (G1 Evacuation Pause)
[2023-02-28T14:41:34.604+0900][788.094s] GC(475) Phase 1: Mark live objects
[2023-02-28T14:41:34.660+0900][788.150s] GC(475) Cleaned string and symbol table, strings: 31141 processed, 0 removed, symbols: 195635 processed, 0 removed
[2023-02-28T14:41:34.660+0900][788.151s] GC(475) Phase 1: Mark live objects 56.765ms
[2023-02-28T14:41:34.660+0900][788.151s] GC(475) Phase 2: Prepare for compaction
[2023-02-28T14:41:34.693+0900][788.183s] GC(475) Phase 2: Prepare for compaction 32.694ms
[2023-02-28T14:41:34.693+0900][788.183s] GC(475) Phase 3: Adjust pointers
[2023-02-28T14:41:34.731+0900][788.220s] GC(475) Phase 3: Adjust pointers 37.136ms
[2023-02-28T14:41:34.731+0900][788.221s] GC(475) Phase 4: Compact heap
[2023-02-28T14:41:34.760+0900][788.250s] GC(475) Phase 4: Compact heap 29.434ms
[2023-02-28T14:41:34.773+0900][788.263s] GC(475) Eden regions: 0->0(25)
[2023-02-28T14:41:34.773+0900][788.263s] GC(475) Survivor regions: 0->0(4)
[2023-02-28T14:41:34.773+0900][788.263s] GC(475) Old regions: 479->479
[2023-02-28T14:41:34.773+0900][788.263s] GC(475) Humongous regions: 33->33
[2023-02-28T14:41:34.773+0900][788.263s] GC(475) Metaspace: 65164K(66944K)->65164K(66944K) NonClass: 57761K(58880K)->57761K(58880K) Class: 7403K(8064K)->7403K(8064K)
[2023-02-28T14:41:34.773+0900][788.263s] GC(475) Pause Full (G1 Evacuation Pause) 511M->511M(512M) 169.975ms
[2023-02-28T14:41:34.773+0900][788.264s] GC(475) User=1.56s Sys=0.00s Real=0.17s
[2023-02-28T14:41:34.774+0900][788.264s] GC(476) Using 10 workers of 10 for full compaction
[2023-02-28T14:41:34.774+0900][788.264s] GC(476) Pause Full (G1 Evacuation Pause)
[2023-02-28T14:41:34.774+0900][788.264s] GC(476) Phase 1: Mark live objects
[2023-02-28T14:41:34.828+0900][788.318s] GC(476) Cleaned string and symbol table, strings: 31141 processed, 0 removed, symbols: 195635 processed, 0 removed
[2023-02-28T14:41:34.829+0900][788.318s] GC(476) Phase 1: Mark live objects 54.427ms
[2023-02-28T14:41:34.829+0900][788.318s] GC(476) Phase 2: Prepare for compaction
[2023-02-28T14:41:34.864+0900][788.353s] GC(476) Phase 2: Prepare for compaction 34.992ms
[2023-02-28T14:41:34.864+0900][788.354s] GC(476) Phase 3: Adjust pointers
[2023-02-28T14:41:34.900+0900][788.389s] GC(476) Phase 3: Adjust pointers 35.721ms
[2023-02-28T14:41:34.900+0900][788.389s] GC(476) Phase 4: Compact heap
[2023-02-28T14:41:34.929+0900][788.419s] GC(476) Phase 4: Compact heap 29.511ms
[2023-02-28T14:41:34.942+0900][788.432s] GC(476) Eden regions: 0->0(25)
[2023-02-28T14:41:34.942+0900][788.432s] GC(476) Survivor regions: 0->0(4)
[2023-02-28T14:41:34.942+0900][788.432s] GC(476) Old regions: 479->479
[2023-02-28T14:41:34.942+0900][788.432s] GC(476) Humongous regions: 33->33
[2023-02-28T14:41:34.942+0900][788.432s] GC(476) Metaspace: 65164K(66944K)->65164K(66944K) NonClass: 57761K(58880K)->57761K(58880K) Class: 7403K(8064K)->7403K(8064K)
[2023-02-28T14:41:34.942+0900][788.432s] GC(476) Pause Full (G1 Evacuation Pause) 511M->511M(512M) 168.280ms
[2023-02-28T14:41:34.943+0900][788.432s] GC(476) User=1.67s Sys=0.00s Real=0.17s
[2023-02-28T14:41:34.943+0900][788.432s] GC(472) Concurrent Mark Abort
[2023-02-28T14:41:34.943+0900][788.432s] GC(472) Concurrent Cycle 688.802ms
[2023-02-28T14:41:34.943+0900][788.432s] GC(477) Pause Young (Normal) (G1 Evacuation Pause)
[2023-02-28T14:41:34.943+0900][788.432s] GC(477) Using 10 workers of 10 for evacuation
[2023-02-28T14:41:34.943+0900][788.433s] GC(477)   Pre Evacuate Collection Set: 0.0ms
[2023-02-28T14:41:34.943+0900][788.433s] GC(477)   Evacuate Collection Set: 0.2ms
[2023-02-28T14:41:34.943+0900][788.433s] GC(477)   Post Evacuate Collection Set: 0.1ms
[2023-02-28T14:41:34.943+0900][788.433s] GC(477)   Other: 0.1ms
[2023-02-28T14:41:34.943+0900][788.433s] GC(477) Eden regions: 0->0(25)
[2023-02-28T14:41:34.943+0900][788.433s] GC(477) Survivor regions: 0->0(4)
[2023-02-28T14:41:34.943+0900][788.433s] GC(477) Old regions: 479->479
[2023-02-28T14:41:34.943+0900][788.433s] GC(477) Humongous regions: 33->33
[2023-02-28T14:41:34.943+0900][788.433s] GC(477) Metaspace: 65164K(66944K)->65164K(66944K) NonClass: 57761K(58880K)->57761K(58880K) Class: 7403K(8064K)->7403K(8064K)
[2023-02-28T14:41:34.943+0900][788.433s] GC(477) Pause Young (Normal) (G1 Evacuation Pause) 511M->511M(512M) 0.629ms
[2023-02-28T14:41:34.943+0900][788.433s] GC(477) User=0.00s Sys=0.00s Real=0.00s
[2023-02-28T14:41:34.943+0900][788.433s] GC(478) Using 10 workers of 10 for full compaction
[2023-02-28T14:41:34.944+0900][788.433s] GC(478) Pause Full (G1 Evacuation Pause)
[2023-02-28T14:41:34.944+0900][788.433s] GC(478) Phase 1: Mark live objects
[2023-02-28T14:41:34.995+0900][788.484s] GC(478) Cleaned string and symbol table, strings: 31141 processed, 0 removed, symbols: 195635 processed, 0 removed
[2023-02-28T14:41:34.995+0900][788.484s] GC(478) Phase 1: Mark live objects 50.725ms
[2023-02-28T14:41:34.995+0900][788.484s] GC(478) Phase 2: Prepare for compaction
[2023-02-28T14:41:35.027+0900][788.516s] GC(478) Phase 2: Prepare for compaction 32.117ms
[2023-02-28T14:41:35.027+0900][788.516s] GC(478) Phase 3: Adjust pointers
[2023-02-28T14:41:35.064+0900][788.553s] GC(478) Phase 3: Adjust pointers 36.746ms
[2023-02-28T14:41:35.064+0900][788.553s] GC(478) Phase 4: Compact heap
[2023-02-28T14:41:35.091+0900][788.580s] GC(478) Phase 4: Compact heap 27.189ms
[2023-02-28T14:41:35.103+0900][788.592s] GC(478) Eden regions: 0->0(25)
[2023-02-28T14:41:35.103+0900][788.592s] GC(478) Survivor regions: 0->0(4)
[2023-02-28T14:41:35.103+0900][788.592s] GC(478) Old regions: 479->479
[2023-02-28T14:41:35.103+0900][788.592s] GC(478) Humongous regions: 33->33
[2023-02-28T14:41:35.103+0900][788.593s] GC(478) Metaspace: 65164K(66944K)->65164K(66944K) NonClass: 57761K(58880K)->57761K(58880K) Class: 7403K(8064K)->7403K(8064K)
[2023-02-28T14:41:35.103+0900][788.593s] GC(478) Pause Full (G1 Evacuation Pause) 511M->511M(512M) 159.440ms
[2023-02-28T14:41:35.104+0900][788.593s] GC(478) User=1.38s Sys=0.00s Real=0.16s
[2023-02-28T14:41:35.104+0900][788.593s] GC(479) Using 10 workers of 10 for full compaction
[2023-02-28T14:41:35.104+0900][788.593s] GC(479) Pause Full (G1 Evacuation Pause)
[2023-02-28T14:41:35.104+0900][788.593s] GC(479) Phase 1: Mark live objects
[2023-02-28T14:41:35.156+0900][788.646s] GC(479) Cleaned string and symbol table, strings: 31141 processed, 0 removed, symbols: 195635 processed, 0 removed
[2023-02-28T14:41:35.156+0900][788.646s] GC(479) Phase 1: Mark live objects 52.642ms
[2023-02-28T14:41:35.156+0900][788.646s] GC(479) Phase 2: Prepare for compaction
[2023-02-28T14:41:35.187+0900][788.677s] GC(479) Phase 2: Prepare for compaction 30.904ms
[2023-02-28T14:41:35.187+0900][788.677s] GC(479) Phase 3: Adjust pointers
[2023-02-28T14:41:35.223+0900][788.713s] GC(479) Phase 3: Adjust pointers 36.370ms
[2023-02-28T14:41:35.223+0900][788.713s] GC(479) Phase 4: Compact heap
[2023-02-28T14:41:35.254+0900][788.744s] GC(479) Phase 4: Compact heap 30.596ms
[2023-02-28T14:41:35.266+0900][788.756s] GC(479) Eden regions: 0->0(25)
[2023-02-28T14:41:35.266+0900][788.756s] GC(479) Survivor regions: 0->0(4)
[2023-02-28T14:41:35.266+0900][788.756s] GC(479) Old regions: 479->479
[2023-02-28T14:41:35.266+0900][788.756s] GC(479) Humongous regions: 33->33
[2023-02-28T14:41:35.266+0900][788.756s] GC(479) Metaspace: 65164K(66944K)->65164K(66944K) NonClass: 57761K(58880K)->57761K(58880K) Class: 7403K(8064K)->7403K(8064K)
[2023-02-28T14:41:35.266+0900][788.756s] GC(479) Pause Full (G1 Evacuation Pause) 511M->511M(512M) 162.805ms
[2023-02-28T14:41:35.266+0900][788.756s] GC(479) User=1.59s Sys=0.00s Real=0.16s
[2023-02-28T14:41:35.266+0900][788.756s] GC(480) Pause Young (Concurrent Start) (G1 Evacuation Pause)
[2023-02-28T14:41:35.266+0900][788.756s] GC(480) Using 10 workers of 10 for evacuation
[2023-02-28T14:41:35.268+0900][788.757s] GC(480)   Pre Evacuate Collection Set: 0.3ms
[2023-02-28T14:41:35.268+0900][788.757s] GC(480)   Evacuate Collection Set: 0.7ms
[2023-02-28T14:41:35.268+0900][788.757s] GC(480)   Post Evacuate Collection Set: 0.1ms
[2023-02-28T14:41:35.268+0900][788.757s] GC(480)   Other: 0.2ms
[2023-02-28T14:41:35.268+0900][788.757s] GC(480) Eden regions: 0->0(25)
[2023-02-28T14:41:35.268+0900][788.757s] GC(480) Survivor regions: 0->0(4)
[2023-02-28T14:41:35.268+0900][788.757s] GC(480) Old regions: 479->479
[2023-02-28T14:41:35.268+0900][788.757s] GC(480) Humongous regions: 33->33
[2023-02-28T14:41:35.268+0900][788.758s] GC(480) Metaspace: 65164K(66944K)->65164K(66944K) NonClass: 57761K(58880K)->57761K(58880K) Class: 7403K(8064K)->7403K(8064K)
[2023-02-28T14:41:35.268+0900][788.758s] GC(480) Pause Young (Concurrent Start) (G1 Evacuation Pause) 511M->511M(512M) 1.531ms
[2023-02-28T14:41:35.268+0900][788.758s] GC(480) User=0.00s Sys=0.00s Real=0.00s
[2023-02-28T14:41:35.268+0900][788.758s] GC(481) Using 10 workers of 10 for full compaction
[2023-02-28T14:41:35.268+0900][788.758s] GC(482) Concurrent Cycle
[2023-02-28T14:41:35.268+0900][788.758s] GC(482) Concurrent Clear Claimed Marks
[2023-02-28T14:41:35.268+0900][788.758s] GC(482) Concurrent Clear Claimed Marks 0.035ms
[2023-02-28T14:41:35.268+0900][788.758s] GC(482) Concurrent Scan Root Regions
[2023-02-28T14:41:35.268+0900][788.758s] GC(481) Pause Full (G1 Evacuation Pause)
[2023-02-28T14:41:35.268+0900][788.758s] GC(482) Concurrent Scan Root Regions 0.021ms
[2023-02-28T14:41:35.268+0900][788.758s] GC(482) Concurrent Mark (788.758s)
[2023-02-28T14:41:35.268+0900][788.758s] GC(482) Concurrent Mark From Roots
[2023-02-28T14:41:35.268+0900][788.758s] GC(482) Using 3 workers of 3 for marking
[2023-02-28T14:41:35.269+0900][788.758s] GC(481) Phase 1: Mark live objects
[2023-02-28T14:41:35.320+0900][788.810s] GC(481) Cleaned string and symbol table, strings: 31141 processed, 0 removed, symbols: 195635 processed, 0 removed
[2023-02-28T14:41:35.320+0900][788.810s] GC(481) Phase 1: Mark live objects 51.657ms
[2023-02-28T14:41:35.321+0900][788.810s] GC(481) Phase 2: Prepare for compaction
[2023-02-28T14:41:35.370+0900][788.859s] GC(481) Phase 2: Prepare for compaction 49.153ms
[2023-02-28T14:41:35.370+0900][788.859s] GC(481) Phase 3: Adjust pointers
[2023-02-28T14:41:35.419+0900][788.909s] GC(481) Phase 3: Adjust pointers 49.328ms
[2023-02-28T14:41:35.419+0900][788.909s] GC(481) Phase 4: Compact heap
[2023-02-28T14:41:35.449+0900][788.939s] GC(481) Phase 4: Compact heap 29.734ms
[2023-02-28T14:41:35.461+0900][788.951s] GC(481) Eden regions: 0->0(25)
[2023-02-28T14:41:35.462+0900][788.951s] GC(481) Survivor regions: 0->0(4)
[2023-02-28T14:41:35.462+0900][788.951s] GC(481) Old regions: 479->479
[2023-02-28T14:41:35.462+0900][788.951s] GC(481) Humongous regions: 33->33
[2023-02-28T14:41:35.462+0900][788.951s] GC(481) Metaspace: 65164K(66944K)->65164K(66944K) NonClass: 57761K(58880K)->57761K(58880K) Class: 7403K(8064K)->7403K(8064K)
[2023-02-28T14:41:35.462+0900][788.951s] GC(481) Pause Full (G1 Evacuation Pause) 511M->511M(512M) 193.114ms
[2023-02-28T14:41:35.462+0900][788.951s] GC(481) User=1.81s Sys=0.00s Real=0.19s
[2023-02-28T14:41:35.462+0900][788.951s] GC(483) Using 10 workers of 10 for full compaction
[2023-02-28T14:41:35.462+0900][788.951s] GC(483) Pause Full (G1 Evacuation Pause)
[2023-02-28T14:41:35.462+0900][788.952s] GC(483) Phase 1: Mark live objects
[2023-02-28T14:41:35.514+0900][789.004s] GC(483) Cleaned string and symbol table, strings: 31141 processed, 0 removed, symbols: 195635 processed, 0 removed
[2023-02-28T14:41:35.514+0900][789.004s] GC(483) Phase 1: Mark live objects 52.422ms
[2023-02-28T14:41:35.514+0900][789.004s] GC(483) Phase 2: Prepare for compaction
[2023-02-28T14:41:35.545+0900][789.035s] GC(483) Phase 2: Prepare for compaction 31.279ms
[2023-02-28T14:41:35.545+0900][789.035s] GC(483) Phase 3: Adjust pointers
[2023-02-28T14:41:35.582+0900][789.072s] GC(483) Phase 3: Adjust pointers 36.474ms
[2023-02-28T14:41:35.582+0900][789.072s] GC(483) Phase 4: Compact heap
[2023-02-28T14:41:35.610+0900][789.100s] GC(483) Phase 4: Compact heap 28.065ms
[2023-02-28T14:41:35.625+0900][789.115s] GC(483) Eden regions: 0->0(25)
[2023-02-28T14:41:35.625+0900][789.115s] GC(483) Survivor regions: 0->0(4)
[2023-02-28T14:41:35.625+0900][789.115s] GC(483) Old regions: 479->479
[2023-02-28T14:41:35.625+0900][789.115s] GC(483) Humongous regions: 33->33
[2023-02-28T14:41:35.625+0900][789.115s] GC(483) Metaspace: 65164K(66944K)->65164K(66944K) NonClass: 57761K(58880K)->57761K(58880K) Class: 7403K(8064K)->7403K(8064K)
[2023-02-28T14:41:35.625+0900][789.115s] GC(483) Pause Full (G1 Evacuation Pause) 511M->511M(512M) 163.881ms
[2023-02-28T14:41:35.626+0900][789.115s] GC(483) User=1.56s Sys=0.00s Real=0.16s
[2023-02-28T14:41:35.626+0900][789.115s] GC(482) Concurrent Mark From Roots 357.590ms
[2023-02-28T14:41:35.626+0900][789.116s] GC(484) Pause Young (Normal) (G1 Evacuation Pause)
[2023-02-28T14:41:35.626+0900][789.116s] GC(484) Using 10 workers of 10 for evacuation
[2023-02-28T14:41:35.626+0900][789.116s] GC(484)   Pre Evacuate Collection Set: 0.0ms
[2023-02-28T14:41:35.626+0900][789.116s] GC(484)   Evacuate Collection Set: 0.2ms
[2023-02-28T14:41:35.626+0900][789.116s] GC(484)   Post Evacuate Collection Set: 0.1ms
[2023-02-28T14:41:35.626+0900][789.116s] GC(484)   Other: 0.1ms
[2023-02-28T14:41:35.626+0900][789.116s] GC(484) Eden regions: 0->0(25)
[2023-02-28T14:41:35.626+0900][789.116s] GC(484) Survivor regions: 0->0(4)
[2023-02-28T14:41:35.626+0900][789.116s] GC(484) Old regions: 479->479
[2023-02-28T14:41:35.626+0900][789.116s] GC(484) Humongous regions: 33->33
[2023-02-28T14:41:35.626+0900][789.116s] GC(484) Metaspace: 65164K(66944K)->65164K(66944K) NonClass: 57761K(58880K)->57761K(58880K) Class: 7403K(8064K)->7403K(8064K)
[2023-02-28T14:41:35.626+0900][789.116s] GC(484) Pause Young (Normal) (G1 Evacuation Pause) 511M->511M(512M) 0.636ms
[2023-02-28T14:41:35.626+0900][789.116s] GC(484) User=0.00s Sys=0.00s Real=0.00s
[2023-02-28T14:41:35.626+0900][789.116s] GC(485) Using 10 workers of 10 for full compaction
[2023-02-28T14:41:35.627+0900][789.116s] GC(485) Pause Full (G1 Evacuation Pause)
[2023-02-28T14:41:35.627+0900][789.117s] GC(485) Phase 1: Mark live objects
[2023-02-28T14:41:35.679+0900][789.168s] GC(485) Cleaned string and symbol table, strings: 31141 processed, 0 removed, symbols: 195635 processed, 0 removed
[2023-02-28T14:41:35.679+0900][789.168s] GC(485) Phase 1: Mark live objects 51.662ms
[2023-02-28T14:41:35.679+0900][789.168s] GC(485) Phase 2: Prepare for compaction
[2023-02-28T14:41:35.712+0900][789.201s] GC(485) Phase 2: Prepare for compaction 32.962ms
[2023-02-28T14:41:35.712+0900][789.202s] GC(485) Phase 3: Adjust pointers
[2023-02-28T14:41:35.749+0900][789.238s] GC(485) Phase 3: Adjust pointers 36.472ms
[2023-02-28T14:41:35.749+0900][789.238s] GC(485) Phase 4: Compact heap
[2023-02-28T14:41:35.777+0900][789.266s] GC(485) Phase 4: Compact heap 28.314ms
[2023-02-28T14:41:35.790+0900][789.279s] GC(485) Eden regions: 0->0(25)
[2023-02-28T14:41:35.790+0900][789.279s] GC(485) Survivor regions: 0->0(4)
[2023-02-28T14:41:35.790+0900][789.279s] GC(485) Old regions: 479->479
[2023-02-28T14:41:35.790+0900][789.279s] GC(485) Humongous regions: 33->33
[2023-02-28T14:41:35.790+0900][789.279s] GC(485) Metaspace: 65164K(66944K)->65164K(66944K) NonClass: 57761K(58880K)->57761K(58880K) Class: 7403K(8064K)->7403K(8064K)
[2023-02-28T14:41:35.790+0900][789.279s] GC(485) Pause Full (G1 Evacuation Pause) 511M->511M(512M) 163.075ms
[2023-02-28T14:41:35.790+0900][789.280s] GC(485) User=1.56s Sys=0.00s Real=0.16s
[2023-02-28T14:41:35.790+0900][789.280s] GC(486) Using 10 workers of 10 for full compaction
[2023-02-28T14:41:35.790+0900][789.280s] GC(486) Pause Full (G1 Evacuation Pause)
[2023-02-28T14:41:35.791+0900][789.280s] GC(486) Phase 1: Mark live objects
[2023-02-28T14:41:35.842+0900][789.332s] GC(486) Cleaned string and symbol table, strings: 31141 processed, 0 removed, symbols: 195635 processed, 0 removed
[2023-02-28T14:41:35.842+0900][789.332s] GC(486) Phase 1: Mark live objects 51.569ms
[2023-02-28T14:41:35.842+0900][789.332s] GC(486) Phase 2: Prepare for compaction
[2023-02-28T14:41:35.873+0900][789.363s] GC(486) Phase 2: Prepare for compaction 31.264ms
[2023-02-28T14:41:35.873+0900][789.363s] GC(486) Phase 3: Adjust pointers
[2023-02-28T14:41:35.909+0900][789.399s] GC(486) Phase 3: Adjust pointers 35.594ms
[2023-02-28T14:41:35.909+0900][789.399s] GC(486) Phase 4: Compact heap
[2023-02-28T14:41:35.939+0900][789.429s] GC(486) Phase 4: Compact heap 29.802ms
[2023-02-28T14:41:35.951+0900][789.441s] GC(486) Eden regions: 0->0(25)
[2023-02-28T14:41:35.951+0900][789.441s] GC(486) Survivor regions: 0->0(4)
[2023-02-28T14:41:35.951+0900][789.441s] GC(486) Old regions: 479->479
[2023-02-28T14:41:35.951+0900][789.441s] GC(486) Humongous regions: 33->33
[2023-02-28T14:41:35.951+0900][789.441s] GC(486) Metaspace: 65164K(66944K)->65164K(66944K) NonClass: 57761K(58880K)->57761K(58880K) Class: 7403K(8064K)->7403K(8064K)
[2023-02-28T14:41:35.952+0900][789.441s] GC(486) Pause Full (G1 Evacuation Pause) 511M->511M(512M) 161.611ms
[2023-02-28T14:41:35.952+0900][789.442s] GC(486) User=1.44s Sys=0.00s Real=0.16s
[2023-02-28T14:41:35.952+0900][789.442s] GC(482) Concurrent Mark Abort
[2023-02-28T14:41:35.952+0900][789.442s] GC(482) Concurrent Cycle 684.173ms
[2023-02-28T14:41:35.952+0900][789.442s] GC(487) Pause Young (Normal) (G1 Evacuation Pause)
[2023-02-28T14:41:35.952+0900][789.442s] GC(487) Using 10 workers of 10 for evacuation
[2023-02-28T14:41:35.953+0900][789.442s] GC(487)   Pre Evacuate Collection Set: 0.0ms
[2023-02-28T14:41:35.953+0900][789.442s] GC(487)   Evacuate Collection Set: 0.2ms
[2023-02-28T14:41:35.953+0900][789.443s] GC(487)   Post Evacuate Collection Set: 0.1ms
[2023-02-28T14:41:35.953+0900][789.443s] GC(487)   Other: 0.2ms
[2023-02-28T14:41:35.953+0900][789.443s] GC(487) Eden regions: 0->0(25)
[2023-02-28T14:41:35.953+0900][789.443s] GC(487) Survivor regions: 0->0(4)
[2023-02-28T14:41:35.953+0900][789.443s] GC(487) Old regions: 479->479
[2023-02-28T14:41:35.953+0900][789.443s] GC(487) Humongous regions: 33->33
[2023-02-28T14:41:35.953+0900][789.443s] GC(487) Metaspace: 65164K(66944K)->65164K(66944K) NonClass: 57761K(58880K)->57761K(58880K) Class: 7403K(8064K)->7403K(8064K)
[2023-02-28T14:41:35.953+0900][789.443s] GC(487) Pause Young (Normal) (G1 Evacuation Pause) 511M->511M(512M) 0.831ms
[2023-02-28T14:41:35.953+0900][789.443s] GC(487) User=0.00s Sys=0.00s Real=0.00s
[2023-02-28T14:41:35.953+0900][789.443s] GC(488) Using 10 workers of 10 for full compaction
[2023-02-28T14:41:35.953+0900][789.443s] GC(488) Pause Full (G1 Evacuation Pause)
[2023-02-28T14:41:35.954+0900][789.444s] GC(488) Phase 1: Mark live objects
[2023-02-28T14:41:36.007+0900][789.496s] GC(488) Cleaned string and symbol table, strings: 31141 processed, 0 removed, symbols: 195635 processed, 0 removed
[2023-02-28T14:41:36.007+0900][789.497s] GC(488) Phase 1: Mark live objects 53.057ms
[2023-02-28T14:41:36.007+0900][789.497s] GC(488) Phase 2: Prepare for compaction
[2023-02-28T14:41:36.050+0900][789.539s] GC(488) Phase 2: Prepare for compaction 42.752ms
[2023-02-28T14:41:36.050+0900][789.540s] GC(488) Phase 3: Adjust pointers
[2023-02-28T14:41:36.095+0900][789.584s] GC(488) Phase 3: Adjust pointers 44.492ms
[2023-02-28T14:41:36.095+0900][789.584s] GC(488) Phase 4: Compact heap
[2023-02-28T14:41:36.127+0900][789.617s] GC(488) Phase 4: Compact heap 32.578ms
[2023-02-28T14:41:36.146+0900][789.636s] GC(488) Eden regions: 0->0(25)
[2023-02-28T14:41:36.147+0900][789.636s] GC(488) Survivor regions: 0->0(4)
[2023-02-28T14:41:36.147+0900][789.636s] GC(488) Old regions: 479->479
[2023-02-28T14:41:36.147+0900][789.636s] GC(488) Humongous regions: 33->33
[2023-02-28T14:41:36.147+0900][789.636s] GC(488) Metaspace: 65164K(66944K)->65164K(66944K) NonClass: 57761K(58880K)->57761K(58880K) Class: 7403K(8064K)->7403K(8064K)
[2023-02-28T14:41:36.147+0900][789.636s] GC(488) Pause Full (G1 Evacuation Pause) 511M->511M(512M) 193.083ms
[2023-02-28T14:41:36.147+0900][789.637s] GC(488) User=1.48s Sys=0.00s Real=0.19s
[2023-02-28T14:41:36.148+0900][789.637s] GC(489) Using 10 workers of 10 for full compaction
[2023-02-28T14:41:36.148+0900][789.637s] GC(489) Pause Full (G1 Evacuation Pause)
[2023-02-28T14:41:36.149+0900][789.639s] GC(489) Phase 1: Mark live objects
[2023-02-28T14:41:36.202+0900][789.691s] GC(489) Cleaned string and symbol table, strings: 31141 processed, 0 removed, symbols: 195635 processed, 0 removed
[2023-02-28T14:41:36.202+0900][789.691s] GC(489) Phase 1: Mark live objects 52.252ms
[2023-02-28T14:41:36.202+0900][789.691s] GC(489) Phase 2: Prepare for compaction
[2023-02-28T14:41:36.232+0900][789.722s] GC(489) Phase 2: Prepare for compaction 31.135ms
[2023-02-28T14:41:36.232+0900][789.722s] GC(489) Phase 3: Adjust pointers
[2023-02-28T14:41:36.269+0900][789.759s] GC(489) Phase 3: Adjust pointers 37.043ms
[2023-02-28T14:41:36.269+0900][789.760s] GC(489) Phase 4: Compact heap
[2023-02-28T14:41:36.300+0900][789.790s] GC(489) Phase 4: Compact heap 30.005ms
[2023-02-28T14:41:36.313+0900][789.803s] GC(489) Eden regions: 0->0(25)
[2023-02-28T14:41:36.313+0900][789.803s] GC(489) Survivor regions: 0->0(4)
[2023-02-28T14:41:36.313+0900][789.803s] GC(489) Old regions: 479->479
[2023-02-28T14:41:36.313+0900][789.803s] GC(489) Humongous regions: 33->33
[2023-02-28T14:41:36.313+0900][789.803s] GC(489) Metaspace: 65164K(66944K)->65164K(66944K) NonClass: 57761K(58880K)->57761K(58880K) Class: 7403K(8064K)->7403K(8064K)
[2023-02-28T14:41:36.313+0900][789.803s] GC(489) Pause Full (G1 Evacuation Pause) 511M->511M(512M) 165.701ms
[2023-02-28T14:41:36.313+0900][789.803s] GC(489) User=1.42s Sys=0.02s Real=0.16s
[2023-02-28T14:41:36.313+0900][789.803s] GC(490) Pause Young (Concurrent Start) (G1 Evacuation Pause)
[2023-02-28T14:41:36.313+0900][789.803s] GC(490) Using 10 workers of 10 for evacuation
[2023-02-28T14:41:36.314+0900][789.804s] GC(490)   Pre Evacuate Collection Set: 0.1ms
[2023-02-28T14:41:36.314+0900][789.804s] GC(490)   Evacuate Collection Set: 0.4ms
[2023-02-28T14:41:36.314+0900][789.804s] GC(490)   Post Evacuate Collection Set: 0.1ms
[2023-02-28T14:41:36.314+0900][789.804s] GC(490)   Other: 0.1ms
[2023-02-28T14:41:36.314+0900][789.804s] GC(490) Eden regions: 0->0(25)
[2023-02-28T14:41:36.314+0900][789.804s] GC(490) Survivor regions: 0->0(4)
[2023-02-28T14:41:36.314+0900][789.804s] GC(490) Old regions: 479->479
[2023-02-28T14:41:36.314+0900][789.804s] GC(490) Humongous regions: 33->33
[2023-02-28T14:41:36.314+0900][789.804s] GC(490) Metaspace: 65164K(66944K)->65164K(66944K) NonClass: 57761K(58880K)->57761K(58880K) Class: 7403K(8064K)->7403K(8064K)
[2023-02-28T14:41:36.314+0900][789.804s] GC(490) Pause Young (Concurrent Start) (G1 Evacuation Pause) 511M->511M(512M) 0.854ms
[2023-02-28T14:41:36.314+0900][789.804s] GC(490) User=0.00s Sys=0.00s Real=0.00s
[2023-02-28T14:41:36.314+0900][789.804s] GC(491) Using 10 workers of 10 for full compaction
[2023-02-28T14:41:36.314+0900][789.804s] GC(492) Concurrent Cycle
[2023-02-28T14:41:36.314+0900][789.804s] GC(492) Concurrent Clear Claimed Marks
[2023-02-28T14:41:36.314+0900][789.804s] GC(492) Concurrent Clear Claimed Marks 0.053ms
[2023-02-28T14:41:36.314+0900][789.804s] GC(491) Pause Full (G1 Evacuation Pause)
[2023-02-28T14:41:36.314+0900][789.804s] GC(492) Concurrent Scan Root Regions
[2023-02-28T14:41:36.315+0900][789.804s] GC(492) Concurrent Scan Root Regions 0.056ms
[2023-02-28T14:41:36.315+0900][789.805s] GC(492) Concurrent Mark (789.805s)
[2023-02-28T14:41:36.315+0900][789.805s] GC(492) Concurrent Mark From Roots
[2023-02-28T14:41:36.315+0900][789.805s] GC(492) Using 3 workers of 3 for marking
[2023-02-28T14:41:36.315+0900][789.805s] GC(491) Phase 1: Mark live objects
[2023-02-28T14:41:36.369+0900][789.858s] GC(491) Cleaned string and symbol table, strings: 31141 processed, 0 removed, symbols: 195635 processed, 0 removed
[2023-02-28T14:41:36.369+0900][789.859s] GC(491) Phase 1: Mark live objects 53.520ms
[2023-02-28T14:41:36.369+0900][789.859s] GC(491) Phase 2: Prepare for compaction
[2023-02-28T14:41:36.402+0900][789.891s] GC(491) Phase 2: Prepare for compaction 32.835ms
[2023-02-28T14:41:36.402+0900][789.892s] GC(491) Phase 3: Adjust pointers
[2023-02-28T14:41:36.439+0900][789.928s] GC(491) Phase 3: Adjust pointers 36.775ms
[2023-02-28T14:41:36.439+0900][789.928s] GC(491) Phase 4: Compact heap
[2023-02-28T14:41:36.468+0900][789.957s] GC(491) Phase 4: Compact heap 28.864ms
[2023-02-28T14:41:36.481+0900][789.971s] GC(491) Eden regions: 0->0(25)
[2023-02-28T14:41:36.481+0900][789.971s] GC(491) Survivor regions: 0->0(4)
[2023-02-28T14:41:36.481+0900][789.971s] GC(491) Old regions: 479->479
[2023-02-28T14:41:36.481+0900][789.971s] GC(491) Humongous regions: 33->33
[2023-02-28T14:41:36.481+0900][789.971s] GC(491) Metaspace: 65164K(66944K)->65164K(66944K) NonClass: 57761K(58880K)->57761K(58880K) Class: 7403K(8064K)->7403K(8064K)
[2023-02-28T14:41:36.481+0900][789.971s] GC(491) Pause Full (G1 Evacuation Pause) 511M->511M(512M) 166.540ms
[2023-02-28T14:41:36.482+0900][789.971s] GC(491) User=1.44s Sys=0.00s Real=0.17s
[2023-02-28T14:41:36.482+0900][789.971s] GC(493) Using 10 workers of 10 for full compaction
[2023-02-28T14:41:36.482+0900][789.971s] GC(493) Pause Full (G1 Evacuation Pause)
[2023-02-28T14:41:36.482+0900][789.972s] GC(493) Phase 1: Mark live objects
[2023-02-28T14:41:36.533+0900][790.022s] GC(493) Cleaned string and symbol table, strings: 31141 processed, 0 removed, symbols: 195635 processed, 0 removed
[2023-02-28T14:41:36.533+0900][790.022s] GC(493) Phase 1: Mark live objects 50.697ms
[2023-02-28T14:41:36.533+0900][790.022s] GC(493) Phase 2: Prepare for compaction
[2023-02-28T14:41:36.564+0900][790.053s] GC(493) Phase 2: Prepare for compaction 30.685ms
[2023-02-28T14:41:36.564+0900][790.053s] GC(493) Phase 3: Adjust pointers
[2023-02-28T14:41:36.602+0900][790.093s] GC(493) Phase 3: Adjust pointers 39.432ms
[2023-02-28T14:41:36.602+0900][790.093s] GC(493) Phase 4: Compact heap
[2023-02-28T14:41:36.633+0900][790.123s] GC(493) Phase 4: Compact heap 30.489ms
[2023-02-28T14:41:36.649+0900][790.139s] GC(493) Eden regions: 0->0(25)
[2023-02-28T14:41:36.649+0900][790.139s] GC(493) Survivor regions: 0->0(4)
[2023-02-28T14:41:36.649+0900][790.139s] GC(493) Old regions: 479->479
[2023-02-28T14:41:36.649+0900][790.139s] GC(493) Humongous regions: 33->33
[2023-02-28T14:41:36.649+0900][790.139s] GC(493) Metaspace: 65164K(66944K)->65164K(66944K) NonClass: 57761K(58880K)->57761K(58880K) Class: 7403K(8064K)->7403K(8064K)
[2023-02-28T14:41:36.649+0900][790.139s] GC(493) Pause Full (G1 Evacuation Pause) 511M->511M(512M) 167.567ms
[2023-02-28T14:41:36.649+0900][790.139s] GC(493) User=1.55s Sys=0.00s Real=0.17s
[2023-02-28T14:41:36.649+0900][790.139s] GC(492) Concurrent Mark From Roots 334.606ms
[2023-02-28T14:41:36.649+0900][790.139s] GC(494) Pause Young (Normal) (G1 Evacuation Pause)
[2023-02-28T14:41:36.649+0900][790.139s] GC(494) Using 10 workers of 10 for evacuation
[2023-02-28T14:41:36.650+0900][790.140s] GC(494)   Pre Evacuate Collection Set: 0.0ms
[2023-02-28T14:41:36.650+0900][790.140s] GC(494)   Evacuate Collection Set: 0.2ms
[2023-02-28T14:41:36.650+0900][790.140s] GC(494)   Post Evacuate Collection Set: 0.1ms
[2023-02-28T14:41:36.650+0900][790.140s] GC(494)   Other: 0.1ms
[2023-02-28T14:41:36.650+0900][790.140s] GC(494) Eden regions: 0->0(25)
[2023-02-28T14:41:36.650+0900][790.140s] GC(494) Survivor regions: 0->0(4)
[2023-02-28T14:41:36.650+0900][790.140s] GC(494) Old regions: 479->479
[2023-02-28T14:41:36.650+0900][790.140s] GC(494) Humongous regions: 33->33
[2023-02-28T14:41:36.650+0900][790.140s] GC(494) Metaspace: 65164K(66944K)->65164K(66944K) NonClass: 57761K(58880K)->57761K(58880K) Class: 7403K(8064K)->7403K(8064K)
[2023-02-28T14:41:36.650+0900][790.140s] GC(494) Pause Young (Normal) (G1 Evacuation Pause) 511M->511M(512M) 0.601ms
[2023-02-28T14:41:36.650+0900][790.140s] GC(494) User=0.00s Sys=0.00s Real=0.00s
[2023-02-28T14:41:36.650+0900][790.140s] GC(495) Using 10 workers of 10 for full compaction
[2023-02-28T14:41:36.650+0900][790.140s] GC(495) Pause Full (G1 Evacuation Pause)
[2023-02-28T14:41:36.650+0900][790.140s] GC(495) Phase 1: Mark live objects
[2023-02-28T14:41:36.703+0900][790.193s] GC(495) Cleaned string and symbol table, strings: 31141 processed, 0 removed, symbols: 195635 processed, 0 removed
[2023-02-28T14:41:36.703+0900][790.193s] GC(495) Phase 1: Mark live objects 52.414ms
[2023-02-28T14:41:36.703+0900][790.193s] GC(495) Phase 2: Prepare for compaction
[2023-02-28T14:41:36.736+0900][790.226s] GC(495) Phase 2: Prepare for compaction 32.847ms
[2023-02-28T14:41:36.736+0900][790.226s] GC(495) Phase 3: Adjust pointers
[2023-02-28T14:41:36.774+0900][790.264s] GC(495) Phase 3: Adjust pointers 37.879ms
[2023-02-28T14:41:36.774+0900][790.264s] GC(495) Phase 4: Compact heap
[2023-02-28T14:41:36.804+0900][790.293s] GC(495) Phase 4: Compact heap 29.714ms
[2023-02-28T14:41:36.816+0900][790.306s] GC(495) Eden regions: 0->0(25)
[2023-02-28T14:41:36.816+0900][790.306s] GC(495) Survivor regions: 0->0(4)
[2023-02-28T14:41:36.816+0900][790.306s] GC(495) Old regions: 479->479
[2023-02-28T14:41:36.816+0900][790.306s] GC(495) Humongous regions: 33->33
[2023-02-28T14:41:36.816+0900][790.306s] GC(495) Metaspace: 65164K(66944K)->65164K(66944K) NonClass: 57761K(58880K)->57761K(58880K) Class: 7403K(8064K)->7403K(8064K)
[2023-02-28T14:41:36.816+0900][790.306s] GC(495) Pause Full (G1 Evacuation Pause) 511M->511M(512M) 165.773ms
[2023-02-28T14:41:36.816+0900][790.306s] GC(495) User=1.69s Sys=0.00s Real=0.17s
[2023-02-28T14:41:36.816+0900][790.306s] GC(496) Using 10 workers of 10 for full compaction
[2023-02-28T14:41:36.817+0900][790.306s] GC(496) Pause Full (G1 Evacuation Pause)
[2023-02-28T14:41:36.817+0900][790.306s] GC(496) Phase 1: Mark live objects
[2023-02-28T14:41:36.869+0900][790.358s] GC(496) Cleaned string and symbol table, strings: 31141 processed, 0 removed, symbols: 195635 processed, 0 removed
[2023-02-28T14:41:36.869+0900][790.358s] GC(496) Phase 1: Mark live objects 51.985ms
[2023-02-28T14:41:36.869+0900][790.358s] GC(496) Phase 2: Prepare for compaction
[2023-02-28T14:41:36.900+0900][790.389s] GC(496) Phase 2: Prepare for compaction 30.507ms
[2023-02-28T14:41:36.900+0900][790.389s] GC(496) Phase 3: Adjust pointers
[2023-02-28T14:41:36.937+0900][790.426s] GC(496) Phase 3: Adjust pointers 37.401ms
[2023-02-28T14:41:36.937+0900][790.427s] GC(496) Phase 4: Compact heap
[2023-02-28T14:41:36.965+0900][790.454s] GC(496) Phase 4: Compact heap 27.800ms
[2023-02-28T14:41:36.977+0900][790.467s] GC(496) Eden regions: 0->0(25)
[2023-02-28T14:41:36.977+0900][790.467s] GC(496) Survivor regions: 0->0(4)
[2023-02-28T14:41:36.977+0900][790.467s] GC(496) Old regions: 479->479
[2023-02-28T14:41:36.977+0900][790.467s] GC(496) Humongous regions: 33->33
[2023-02-28T14:41:36.977+0900][790.467s] GC(496) Metaspace: 65164K(66944K)->65164K(66944K) NonClass: 57761K(58880K)->57761K(58880K) Class: 7403K(8064K)->7403K(8064K)
[2023-02-28T14:41:36.977+0900][790.467s] GC(496) Pause Full (G1 Evacuation Pause) 511M->511M(512M) 160.806ms
[2023-02-28T14:41:36.977+0900][790.467s] GC(496) User=1.55s Sys=0.00s Real=0.16s
[2023-02-28T14:41:36.977+0900][790.467s] GC(492) Concurrent Mark Abort
[2023-02-28T14:41:36.977+0900][790.467s] GC(492) Concurrent Cycle 663.022ms
[2023-02-28T14:41:36.977+0900][790.467s] GC(497) Pause Young (Normal) (G1 Evacuation Pause)
[2023-02-28T14:41:36.977+0900][790.467s] GC(497) Using 10 workers of 10 for evacuation
[2023-02-28T14:41:36.978+0900][790.468s] GC(497)   Pre Evacuate Collection Set: 0.0ms
[2023-02-28T14:41:36.978+0900][790.468s] GC(497)   Evacuate Collection Set: 0.2ms
[2023-02-28T14:41:36.978+0900][790.468s] GC(497)   Post Evacuate Collection Set: 0.1ms
[2023-02-28T14:41:36.978+0900][790.468s] GC(497)   Other: 0.1ms
[2023-02-28T14:41:36.978+0900][790.468s] GC(497) Eden regions: 0->0(25)
[2023-02-28T14:41:36.978+0900][790.468s] GC(497) Survivor regions: 0->0(4)
[2023-02-28T14:41:36.978+0900][790.468s] GC(497) Old regions: 479->479
[2023-02-28T14:41:36.978+0900][790.468s] GC(497) Humongous regions: 33->33
[2023-02-28T14:41:36.978+0900][790.468s] GC(497) Metaspace: 65164K(66944K)->65164K(66944K) NonClass: 57761K(58880K)->57761K(58880K) Class: 7403K(8064K)->7403K(8064K)
[2023-02-28T14:41:36.978+0900][790.468s] GC(497) Pause Young (Normal) (G1 Evacuation Pause) 511M->511M(512M) 0.581ms
[2023-02-28T14:41:36.978+0900][790.468s] GC(497) User=0.00s Sys=0.00s Real=0.00s
[2023-02-28T14:41:36.978+0900][790.468s] GC(498) Using 10 workers of 10 for full compaction
[2023-02-28T14:41:36.978+0900][790.468s] GC(498) Pause Full (G1 Evacuation Pause)
[2023-02-28T14:41:36.978+0900][790.468s] GC(498) Phase 1: Mark live objects
[2023-02-28T14:41:37.029+0900][790.519s] GC(498) Cleaned string and symbol table, strings: 31141 processed, 0 removed, symbols: 195635 processed, 0 removed
[2023-02-28T14:41:37.029+0900][790.519s] GC(498) Phase 1: Mark live objects 50.496ms
[2023-02-28T14:41:37.029+0900][790.519s] GC(498) Phase 2: Prepare for compaction
[2023-02-28T14:41:37.060+0900][790.550s] GC(498) Phase 2: Prepare for compaction 31.357ms
[2023-02-28T14:41:37.060+0900][790.550s] GC(498) Phase 3: Adjust pointers
[2023-02-28T14:41:37.097+0900][790.587s] GC(498) Phase 3: Adjust pointers 36.201ms
[2023-02-28T14:41:37.097+0900][790.587s] GC(498) Phase 4: Compact heap
[2023-02-28T14:41:37.125+0900][790.615s] GC(498) Phase 4: Compact heap 28.185ms
[2023-02-28T14:41:37.137+0900][790.627s] GC(498) Eden regions: 0->0(25)
[2023-02-28T14:41:37.137+0900][790.627s] GC(498) Survivor regions: 0->0(4)
[2023-02-28T14:41:37.137+0900][790.627s] GC(498) Old regions: 479->479
[2023-02-28T14:41:37.137+0900][790.627s] GC(498) Humongous regions: 33->33
[2023-02-28T14:41:37.137+0900][790.627s] GC(498) Metaspace: 65164K(66944K)->65164K(66944K) NonClass: 57761K(58880K)->57761K(58880K) Class: 7403K(8064K)->7403K(8064K)
[2023-02-28T14:41:37.137+0900][790.627s] GC(498) Pause Full (G1 Evacuation Pause) 511M->511M(512M) 159.007ms
[2023-02-28T14:41:37.138+0900][790.627s] GC(498) User=1.48s Sys=0.02s Real=0.16s
[2023-02-28T14:41:37.138+0900][790.627s] GC(499) Using 10 workers of 10 for full compaction
[2023-02-28T14:41:37.138+0900][790.627s] GC(499) Pause Full (G1 Evacuation Pause)
[2023-02-28T14:41:37.138+0900][790.628s] GC(499) Phase 1: Mark live objects
[2023-02-28T14:41:37.188+0900][790.678s] GC(499) Cleaned string and symbol table, strings: 31141 processed, 0 removed, symbols: 195635 processed, 0 removed
[2023-02-28T14:41:37.189+0900][790.678s] GC(499) Phase 1: Mark live objects 50.430ms
[2023-02-28T14:41:37.189+0900][790.678s] GC(499) Phase 2: Prepare for compaction
[2023-02-28T14:41:37.220+0900][790.710s] GC(499) Phase 2: Prepare for compaction 31.529ms
[2023-02-28T14:41:37.220+0900][790.710s] GC(499) Phase 3: Adjust pointers
[2023-02-28T14:41:37.266+0900][790.756s] GC(499) Phase 3: Adjust pointers 45.944ms
[2023-02-28T14:41:37.267+0900][790.756s] GC(499) Phase 4: Compact heap
[2023-02-28T14:41:37.309+0900][790.799s] GC(499) Phase 4: Compact heap 42.680ms
[2023-02-28T14:41:37.325+0900][790.814s] GC(499) Eden regions: 0->0(25)
[2023-02-28T14:41:37.325+0900][790.814s] GC(499) Survivor regions: 0->0(4)
[2023-02-28T14:41:37.325+0900][790.814s] GC(499) Old regions: 479->479
[2023-02-28T14:41:37.325+0900][790.814s] GC(499) Humongous regions: 33->33
[2023-02-28T14:41:37.325+0900][790.814s] GC(499) Metaspace: 65164K(66944K)->65164K(66944K) NonClass: 57761K(58880K)->57761K(58880K) Class: 7403K(8064K)->7403K(8064K)
[2023-02-28T14:41:37.325+0900][790.814s] GC(499) Pause Full (G1 Evacuation Pause) 511M->511M(512M) 186.663ms
[2023-02-28T14:41:37.325+0900][790.814s] GC(499) User=1.59s Sys=0.00s Real=0.19s
[2023-02-28T14:41:37.325+0900][790.815s] GC(500) Pause Young (Concurrent Start) (G1 Evacuation Pause)
[2023-02-28T14:41:37.325+0900][790.815s] GC(500) Using 10 workers of 10 for evacuation
[2023-02-28T14:41:37.327+0900][790.816s] GC(500)   Pre Evacuate Collection Set: 0.2ms
[2023-02-28T14:41:37.327+0900][790.816s] GC(500)   Evacuate Collection Set: 0.8ms
[2023-02-28T14:41:37.327+0900][790.816s] GC(500)   Post Evacuate Collection Set: 0.2ms
[2023-02-28T14:41:37.327+0900][790.816s] GC(500)   Other: 0.2ms
[2023-02-28T14:41:37.327+0900][790.816s] GC(500) Eden regions: 0->0(25)
[2023-02-28T14:41:37.327+0900][790.816s] GC(500) Survivor regions: 0->0(4)
[2023-02-28T14:41:37.327+0900][790.816s] GC(500) Old regions: 479->479
[2023-02-28T14:41:37.327+0900][790.816s] GC(500) Humongous regions: 33->33
[2023-02-28T14:41:37.327+0900][790.816s] GC(500) Metaspace: 65164K(66944K)->65164K(66944K) NonClass: 57761K(58880K)->57761K(58880K) Class: 7403K(8064K)->7403K(8064K)
[2023-02-28T14:41:37.327+0900][790.816s] GC(500) Pause Young (Concurrent Start) (G1 Evacuation Pause) 511M->511M(512M) 1.568ms
[2023-02-28T14:41:37.327+0900][790.816s] GC(500) User=0.00s Sys=0.00s Real=0.00s
[2023-02-28T14:41:37.327+0900][790.816s] GC(501) Using 10 workers of 10 for full compaction
[2023-02-28T14:41:37.327+0900][790.816s] GC(502) Concurrent Cycle
[2023-02-28T14:41:37.327+0900][790.816s] GC(502) Concurrent Clear Claimed Marks
[2023-02-28T14:41:37.327+0900][790.816s] GC(502) Concurrent Clear Claimed Marks 0.036ms
[2023-02-28T14:41:37.327+0900][790.816s] GC(502) Concurrent Scan Root Regions
[2023-02-28T14:41:37.327+0900][790.816s] GC(502) Concurrent Scan Root Regions 0.020ms
[2023-02-28T14:41:37.327+0900][790.816s] GC(502) Concurrent Mark (790.816s)
[2023-02-28T14:41:37.327+0900][790.816s] GC(502) Concurrent Mark From Roots
[2023-02-28T14:41:37.327+0900][790.816s] GC(502) Using 3 workers of 3 for marking
[2023-02-28T14:41:37.327+0900][790.816s] GC(501) Pause Full (G1 Evacuation Pause)
[2023-02-28T14:41:37.329+0900][790.818s] GC(501) Phase 1: Mark live objects
[2023-02-28T14:41:37.381+0900][790.871s] GC(501) Cleaned string and symbol table, strings: 31141 processed, 0 removed, symbols: 195635 processed, 0 removed
[2023-02-28T14:41:37.381+0900][790.871s] GC(501) Phase 1: Mark live objects 53.288ms
[2023-02-28T14:41:37.381+0900][790.871s] GC(501) Phase 2: Prepare for compaction
[2023-02-28T14:41:37.413+0900][790.903s] GC(501) Phase 2: Prepare for compaction 31.721ms
[2023-02-28T14:41:37.413+0900][790.903s] GC(501) Phase 3: Adjust pointers
[2023-02-28T14:41:37.450+0900][790.940s] GC(501) Phase 3: Adjust pointers 36.378ms
[2023-02-28T14:41:37.450+0900][790.940s] GC(501) Phase 4: Compact heap
[2023-02-28T14:41:37.477+0900][790.966s] GC(501) Phase 4: Compact heap 26.625ms
[2023-02-28T14:41:37.490+0900][790.980s] GC(501) Eden regions: 0->0(25)
[2023-02-28T14:41:37.491+0900][790.980s] GC(501) Survivor regions: 0->0(4)
[2023-02-28T14:41:37.491+0900][790.980s] GC(501) Old regions: 479->479
[2023-02-28T14:41:37.491+0900][790.980s] GC(501) Humongous regions: 33->33
[2023-02-28T14:41:37.491+0900][790.980s] GC(501) Metaspace: 65164K(66944K)->65164K(66944K) NonClass: 57761K(58880K)->57761K(58880K) Class: 7403K(8064K)->7403K(8064K)
[2023-02-28T14:41:37.491+0900][790.980s] GC(501) Pause Full (G1 Evacuation Pause) 511M->511M(512M) 163.957ms
[2023-02-28T14:41:37.491+0900][790.981s] GC(501) User=1.53s Sys=0.00s Real=0.16s
[2023-02-28T14:41:37.491+0900][790.981s] GC(503) Using 10 workers of 10 for full compaction
[2023-02-28T14:41:37.491+0900][790.981s] GC(503) Pause Full (G1 Evacuation Pause)
[2023-02-28T14:41:37.491+0900][790.981s] GC(503) Phase 1: Mark live objects
[2023-02-28T14:41:37.546+0900][791.036s] GC(503) Cleaned string and symbol table, strings: 31141 processed, 0 removed, symbols: 195635 processed, 0 removed
[2023-02-28T14:41:37.546+0900][791.036s] GC(503) Phase 1: Mark live objects 54.988ms
[2023-02-28T14:41:37.546+0900][791.036s] GC(503) Phase 2: Prepare for compaction
[2023-02-28T14:41:37.580+0900][791.070s] GC(503) Phase 2: Prepare for compaction 33.560ms
[2023-02-28T14:41:37.580+0900][791.070s] GC(503) Phase 3: Adjust pointers
[2023-02-28T14:41:37.620+0900][791.110s] GC(503) Phase 3: Adjust pointers 39.895ms
[2023-02-28T14:41:37.620+0900][791.110s] GC(503) Phase 4: Compact heap
[2023-02-28T14:41:37.658+0900][791.148s] GC(503) Phase 4: Compact heap 37.809ms
[2023-02-28T14:41:37.671+0900][791.160s] GC(503) Eden regions: 0->0(25)
[2023-02-28T14:41:37.671+0900][791.160s] GC(503) Survivor regions: 0->0(4)
[2023-02-28T14:41:37.671+0900][791.160s] GC(503) Old regions: 479->479
[2023-02-28T14:41:37.671+0900][791.160s] GC(503) Humongous regions: 33->33
[2023-02-28T14:41:37.671+0900][791.160s] GC(503) Metaspace: 65164K(66944K)->65164K(66944K) NonClass: 57761K(58880K)->57761K(58880K) Class: 7403K(8064K)->7403K(8064K)
[2023-02-28T14:41:37.671+0900][791.160s] GC(503) Pause Full (G1 Evacuation Pause) 511M->511M(512M) 179.420ms
[2023-02-28T14:41:37.671+0900][791.160s] GC(503) User=1.64s Sys=0.00s Real=0.18s
[2023-02-28T14:41:37.671+0900][791.160s] GC(502) Concurrent Mark From Roots 344.018ms
[2023-02-28T14:41:37.671+0900][791.161s] GC(504) Pause Young (Normal) (G1 Evacuation Pause)
[2023-02-28T14:41:37.671+0900][791.161s] GC(504) Using 10 workers of 10 for evacuation
[2023-02-28T14:41:37.672+0900][791.161s] GC(504)   Pre Evacuate Collection Set: 0.0ms
[2023-02-28T14:41:37.672+0900][791.161s] GC(504)   Evacuate Collection Set: 0.1ms
[2023-02-28T14:41:37.672+0900][791.161s] GC(504)   Post Evacuate Collection Set: 0.1ms
[2023-02-28T14:41:37.672+0900][791.161s] GC(504)   Other: 0.1ms
[2023-02-28T14:41:37.672+0900][791.161s] GC(504) Eden regions: 0->0(25)
[2023-02-28T14:41:37.672+0900][791.161s] GC(504) Survivor regions: 0->0(4)
[2023-02-28T14:41:37.672+0900][791.161s] GC(504) Old regions: 479->479
[2023-02-28T14:41:37.672+0900][791.161s] GC(504) Humongous regions: 33->33
[2023-02-28T14:41:37.672+0900][791.161s] GC(504) Metaspace: 65164K(66944K)->65164K(66944K) NonClass: 57761K(58880K)->57761K(58880K) Class: 7403K(8064K)->7403K(8064K)
[2023-02-28T14:41:37.672+0900][791.161s] GC(504) Pause Young (Normal) (G1 Evacuation Pause) 511M->511M(512M) 0.511ms
[2023-02-28T14:41:37.672+0900][791.161s] GC(504) User=0.00s Sys=0.00s Real=0.00s
[2023-02-28T14:41:37.672+0900][791.161s] GC(505) Using 10 workers of 10 for full compaction
[2023-02-28T14:41:37.672+0900][791.161s] GC(505) Pause Full (G1 Evacuation Pause)
[2023-02-28T14:41:37.672+0900][791.162s] GC(505) Phase 1: Mark live objects
[2023-02-28T14:41:37.722+0900][791.212s] GC(505) Cleaned string and symbol table, strings: 31141 processed, 0 removed, symbols: 195635 processed, 0 removed
[2023-02-28T14:41:37.723+0900][791.212s] GC(505) Phase 1: Mark live objects 50.171ms
[2023-02-28T14:41:37.723+0900][791.212s] GC(505) Phase 2: Prepare for compaction
[2023-02-28T14:41:37.756+0900][791.246s] GC(505) Phase 2: Prepare for compaction 33.839ms
[2023-02-28T14:41:37.756+0900][791.246s] GC(505) Phase 3: Adjust pointers
[2023-02-28T14:41:37.793+0900][791.283s] GC(505) Phase 3: Adjust pointers 37.332ms
[2023-02-28T14:41:37.793+0900][791.283s] GC(505) Phase 4: Compact heap
[2023-02-28T14:41:37.821+0900][791.311s] GC(505) Phase 4: Compact heap 27.815ms
[2023-02-28T14:41:37.834+0900][791.324s] GC(505) Eden regions: 0->0(25)
[2023-02-28T14:41:37.834+0900][791.324s] GC(505) Survivor regions: 0->0(4)
[2023-02-28T14:41:37.834+0900][791.324s] GC(505) Old regions: 479->479
[2023-02-28T14:41:37.834+0900][791.324s] GC(505) Humongous regions: 33->33
[2023-02-28T14:41:37.834+0900][791.324s] GC(505) Metaspace: 65164K(66944K)->65164K(66944K) NonClass: 57761K(58880K)->57761K(58880K) Class: 7403K(8064K)->7403K(8064K)
[2023-02-28T14:41:37.834+0900][791.324s] GC(505) Pause Full (G1 Evacuation Pause) 511M->511M(512M) 163.137ms
[2023-02-28T14:41:37.835+0900][791.325s] GC(505) User=1.55s Sys=0.00s Real=0.16s
[2023-02-28T14:41:37.835+0900][791.325s] GC(506) Using 10 workers of 10 for full compaction
[2023-02-28T14:41:37.835+0900][791.325s] GC(506) Pause Full (G1 Evacuation Pause)
[2023-02-28T14:41:37.835+0900][791.325s] GC(506) Phase 1: Mark live objects
[2023-02-28T14:41:37.888+0900][791.378s] GC(506) Cleaned string and symbol table, strings: 31141 processed, 0 removed, symbols: 195635 processed, 0 removed
[2023-02-28T14:41:37.888+0900][791.378s] GC(506) Phase 1: Mark live objects 52.846ms
[2023-02-28T14:41:37.888+0900][791.378s] GC(506) Phase 2: Prepare for compaction
[2023-02-28T14:41:37.919+0900][791.409s] GC(506) Phase 2: Prepare for compaction 30.884ms
[2023-02-28T14:41:37.919+0900][791.409s] GC(506) Phase 3: Adjust pointers
[2023-02-28T14:41:37.957+0900][791.447s] GC(506) Phase 3: Adjust pointers 37.918ms
[2023-02-28T14:41:37.957+0900][791.447s] GC(506) Phase 4: Compact heap
[2023-02-28T14:41:37.986+0900][791.475s] GC(506) Phase 4: Compact heap 28.288ms
[2023-02-28T14:41:37.998+0900][791.488s] GC(506) Eden regions: 0->0(25)
[2023-02-28T14:41:37.998+0900][791.488s] GC(506) Survivor regions: 0->0(4)
[2023-02-28T14:41:37.998+0900][791.488s] GC(506) Old regions: 479->479
[2023-02-28T14:41:37.998+0900][791.488s] GC(506) Humongous regions: 33->33
[2023-02-28T14:41:37.998+0900][791.488s] GC(506) Metaspace: 65164K(66944K)->65164K(66944K) NonClass: 57761K(58880K)->57761K(58880K) Class: 7403K(8064K)->7403K(8064K)
[2023-02-28T14:41:37.999+0900][791.488s] GC(506) Pause Full (G1 Evacuation Pause) 511M->511M(512M) 163.252ms
[2023-02-28T14:41:37.999+0900][791.488s] GC(506) User=1.41s Sys=0.00s Real=0.16s
[2023-02-28T14:41:37.999+0900][791.488s] GC(502) Concurrent Mark Abort
[2023-02-28T14:41:37.999+0900][791.488s] GC(502) Concurrent Cycle 671.990ms
[2023-02-28T14:41:37.999+0900][791.488s] GC(507) Pause Young (Normal) (G1 Evacuation Pause)
[2023-02-28T14:41:37.999+0900][791.488s] GC(507) Using 10 workers of 10 for evacuation
[2023-02-28T14:41:37.999+0900][791.489s] GC(507)   Pre Evacuate Collection Set: 0.0ms
[2023-02-28T14:41:37.999+0900][791.489s] GC(507)   Evacuate Collection Set: 0.2ms
[2023-02-28T14:41:37.999+0900][791.489s] GC(507)   Post Evacuate Collection Set: 0.1ms
[2023-02-28T14:41:37.999+0900][791.489s] GC(507)   Other: 0.1ms
[2023-02-28T14:41:37.999+0900][791.489s] GC(507) Eden regions: 0->0(25)
[2023-02-28T14:41:37.999+0900][791.489s] GC(507) Survivor regions: 0->0(4)
[2023-02-28T14:41:37.999+0900][791.489s] GC(507) Old regions: 479->479
[2023-02-28T14:41:37.999+0900][791.489s] GC(507) Humongous regions: 33->33
[2023-02-28T14:41:37.999+0900][791.489s] GC(507) Metaspace: 65164K(66944K)->65164K(66944K) NonClass: 57761K(58880K)->57761K(58880K) Class: 7403K(8064K)->7403K(8064K)
[2023-02-28T14:41:38.000+0900][791.489s] GC(507) Pause Young (Normal) (G1 Evacuation Pause) 511M->511M(512M) 0.613ms
[2023-02-28T14:41:38.000+0900][791.489s] GC(507) User=0.00s Sys=0.00s Real=0.00s
[2023-02-28T14:41:38.000+0900][791.489s] GC(508) Using 10 workers of 10 for full compaction
[2023-02-28T14:41:38.000+0900][791.489s] GC(508) Pause Full (G1 Evacuation Pause)
[2023-02-28T14:41:38.000+0900][791.489s] GC(508) Phase 1: Mark live objects
[2023-02-28T14:41:38.051+0900][791.540s] GC(508) Cleaned string and symbol table, strings: 31141 processed, 0 removed, symbols: 195635 processed, 0 removed
[2023-02-28T14:41:38.051+0900][791.540s] GC(508) Phase 1: Mark live objects 50.788ms
[2023-02-28T14:41:38.051+0900][791.540s] GC(508) Phase 2: Prepare for compaction
[2023-02-28T14:41:38.084+0900][791.573s] GC(508) Phase 2: Prepare for compaction 32.864ms
[2023-02-28T14:41:38.084+0900][791.573s] GC(508) Phase 3: Adjust pointers
[2023-02-28T14:41:38.121+0900][791.611s] GC(508) Phase 3: Adjust pointers 37.520ms
[2023-02-28T14:41:38.121+0900][791.611s] GC(508) Phase 4: Compact heap
[2023-02-28T14:41:38.148+0900][791.638s] GC(508) Phase 4: Compact heap 27.331ms
[2023-02-28T14:41:38.162+0900][791.652s] GC(508) Eden regions: 0->0(25)
[2023-02-28T14:41:38.162+0900][791.652s] GC(508) Survivor regions: 0->0(4)
[2023-02-28T14:41:38.162+0900][791.652s] GC(508) Old regions: 479->479
[2023-02-28T14:41:38.162+0900][791.652s] GC(508) Humongous regions: 33->33
[2023-02-28T14:41:38.162+0900][791.652s] GC(508) Metaspace: 65164K(66944K)->65164K(66944K) NonClass: 57761K(58880K)->57761K(58880K) Class: 7403K(8064K)->7403K(8064K)
[2023-02-28T14:41:38.162+0900][791.652s] GC(508) Pause Full (G1 Evacuation Pause) 511M->511M(512M) 163.241ms
[2023-02-28T14:41:38.163+0900][791.653s] GC(508) User=1.42s Sys=0.00s Real=0.16s
[2023-02-28T14:41:38.163+0900][791.653s] GC(509) Using 10 workers of 10 for full compaction
[2023-02-28T14:41:38.163+0900][791.653s] GC(509) Pause Full (G1 Evacuation Pause)
[2023-02-28T14:41:38.163+0900][791.653s] GC(509) Phase 1: Mark live objects
[2023-02-28T14:41:38.215+0900][791.705s] GC(509) Cleaned string and symbol table, strings: 31141 processed, 0 removed, symbols: 195635 processed, 0 removed
[2023-02-28T14:41:38.215+0900][791.705s] GC(509) Phase 1: Mark live objects 52.088ms
[2023-02-28T14:41:38.215+0900][791.705s] GC(509) Phase 2: Prepare for compaction
[2023-02-28T14:41:38.247+0900][791.737s] GC(509) Phase 2: Prepare for compaction 31.936ms
[2023-02-28T14:41:38.247+0900][791.737s] GC(509) Phase 3: Adjust pointers
[2023-02-28T14:41:38.287+0900][791.777s] GC(509) Phase 3: Adjust pointers 39.514ms
[2023-02-28T14:41:38.287+0900][791.777s] GC(509) Phase 4: Compact heap
[2023-02-28T14:41:38.316+0900][791.806s] GC(509) Phase 4: Compact heap 29.323ms
[2023-02-28T14:41:38.329+0900][791.819s] GC(509) Eden regions: 0->0(25)
[2023-02-28T14:41:38.329+0900][791.819s] GC(509) Survivor regions: 0->0(4)
[2023-02-28T14:41:38.329+0900][791.819s] GC(509) Old regions: 479->479
[2023-02-28T14:41:38.329+0900][791.819s] GC(509) Humongous regions: 33->33
[2023-02-28T14:41:38.329+0900][791.819s] GC(509) Metaspace: 65164K(66944K)->65164K(66944K) NonClass: 57761K(58880K)->57761K(58880K) Class: 7403K(8064K)->7403K(8064K)
[2023-02-28T14:41:38.329+0900][791.819s] GC(509) Pause Full (G1 Evacuation Pause) 511M->511M(512M) 166.005ms
[2023-02-28T14:41:38.329+0900][791.819s] GC(509) User=1.47s Sys=0.00s Real=0.17s
[2023-02-28T14:41:38.330+0900][791.819s] GC(510) Pause Young (Concurrent Start) (G1 Evacuation Pause)
[2023-02-28T14:41:38.330+0900][791.819s] GC(510) Using 10 workers of 10 for evacuation
[2023-02-28T14:41:38.330+0900][791.820s] GC(510)   Pre Evacuate Collection Set: 0.1ms
[2023-02-28T14:41:38.330+0900][791.820s] GC(510)   Evacuate Collection Set: 0.4ms
[2023-02-28T14:41:38.330+0900][791.820s] GC(510)   Post Evacuate Collection Set: 0.1ms
[2023-02-28T14:41:38.330+0900][791.820s] GC(510)   Other: 0.1ms
[2023-02-28T14:41:38.330+0900][791.820s] GC(510) Eden regions: 0->0(25)
[2023-02-28T14:41:38.330+0900][791.820s] GC(510) Survivor regions: 0->0(4)
[2023-02-28T14:41:38.330+0900][791.820s] GC(510) Old regions: 479->479
[2023-02-28T14:41:38.330+0900][791.820s] GC(510) Humongous regions: 33->33
[2023-02-28T14:41:38.330+0900][791.820s] GC(510) Metaspace: 65164K(66944K)->65164K(66944K) NonClass: 57761K(58880K)->57761K(58880K) Class: 7403K(8064K)->7403K(8064K)
[2023-02-28T14:41:38.330+0900][791.820s] GC(510) Pause Young (Concurrent Start) (G1 Evacuation Pause) 511M->511M(512M) 0.901ms
[2023-02-28T14:41:38.330+0900][791.820s] GC(510) User=0.00s Sys=0.00s Real=0.00s
[2023-02-28T14:41:38.330+0900][791.820s] GC(511) Using 10 workers of 10 for full compaction
[2023-02-28T14:41:38.330+0900][791.820s] GC(512) Concurrent Cycle
[2023-02-28T14:41:38.331+0900][791.820s] GC(512) Concurrent Clear Claimed Marks
[2023-02-28T14:41:38.331+0900][791.820s] GC(512) Concurrent Clear Claimed Marks 0.034ms
[2023-02-28T14:41:38.331+0900][791.820s] GC(512) Concurrent Scan Root Regions
[2023-02-28T14:41:38.331+0900][791.820s] GC(511) Pause Full (G1 Evacuation Pause)
[2023-02-28T14:41:38.331+0900][791.820s] GC(512) Concurrent Scan Root Regions 0.021ms
[2023-02-28T14:41:38.331+0900][791.820s] GC(512) Concurrent Mark (791.820s)
[2023-02-28T14:41:38.331+0900][791.820s] GC(512) Concurrent Mark From Roots
[2023-02-28T14:41:38.331+0900][791.820s] GC(512) Using 3 workers of 3 for marking
[2023-02-28T14:41:38.331+0900][791.821s] GC(511) Phase 1: Mark live objects
[2023-02-28T14:41:38.384+0900][791.874s] GC(511) Cleaned string and symbol table, strings: 31141 processed, 0 removed, symbols: 195635 processed, 0 removed
[2023-02-28T14:41:38.385+0900][791.874s] GC(511) Phase 1: Mark live objects 53.350ms
[2023-02-28T14:41:38.385+0900][791.874s] GC(511) Phase 2: Prepare for compaction
[2023-02-28T14:41:38.432+0900][791.921s] GC(511) Phase 2: Prepare for compaction 47.406ms
[2023-02-28T14:41:38.432+0900][791.922s] GC(511) Phase 3: Adjust pointers
[2023-02-28T14:41:38.489+0900][791.979s] GC(511) Phase 3: Adjust pointers 57.284ms
[2023-02-28T14:41:38.489+0900][791.979s] GC(511) Phase 4: Compact heap
[2023-02-28T14:41:38.530+0900][792.020s] GC(511) Phase 4: Compact heap 40.880ms
[2023-02-28T14:41:38.544+0900][792.034s] GC(511) Eden regions: 0->0(25)
[2023-02-28T14:41:38.544+0900][792.034s] GC(511) Survivor regions: 0->0(4)
[2023-02-28T14:41:38.544+0900][792.034s] GC(511) Old regions: 479->479
[2023-02-28T14:41:38.544+0900][792.034s] GC(511) Humongous regions: 33->33
[2023-02-28T14:41:38.544+0900][792.034s] GC(511) Metaspace: 65164K(66944K)->65164K(66944K) NonClass: 57761K(58880K)->57761K(58880K) Class: 7403K(8064K)->7403K(8064K)
[2023-02-28T14:41:38.544+0900][792.034s] GC(511) Pause Full (G1 Evacuation Pause) 511M->511M(512M) 214.087ms
[2023-02-28T14:41:38.544+0900][792.034s] GC(511) User=1.91s Sys=0.00s Real=0.21s
[2023-02-28T14:41:38.544+0900][792.034s] GC(513) Using 10 workers of 10 for full compaction
[2023-02-28T14:41:38.545+0900][792.035s] GC(513) Pause Full (G1 Evacuation Pause)
[2023-02-28T14:41:38.545+0900][792.035s] GC(513) Phase 1: Mark live objects
[2023-02-28T14:41:38.602+0900][792.092s] GC(513) Cleaned string and symbol table, strings: 31141 processed, 0 removed, symbols: 195635 processed, 0 removed
[2023-02-28T14:41:38.602+0900][792.092s] GC(513) Phase 1: Mark live objects 57.001ms
[2023-02-28T14:41:38.602+0900][792.092s] GC(513) Phase 2: Prepare for compaction
[2023-02-28T14:41:38.641+0900][792.131s] GC(513) Phase 2: Prepare for compaction 38.591ms
[2023-02-28T14:41:38.641+0900][792.131s] GC(513) Phase 3: Adjust pointers
[2023-02-28T14:41:38.679+0900][792.169s] GC(513) Phase 3: Adjust pointers 37.960ms
[2023-02-28T14:41:38.679+0900][792.169s] GC(513) Phase 4: Compact heap
[2023-02-28T14:41:38.708+0900][792.198s] GC(513) Phase 4: Compact heap 29.004ms
[2023-02-28T14:41:38.722+0900][792.211s] GC(513) Eden regions: 0->0(25)
[2023-02-28T14:41:38.722+0900][792.211s] GC(513) Survivor regions: 0->0(4)
[2023-02-28T14:41:38.722+0900][792.211s] GC(513) Old regions: 479->479
[2023-02-28T14:41:38.722+0900][792.211s] GC(513) Humongous regions: 33->33
[2023-02-28T14:41:38.722+0900][792.211s] GC(513) Metaspace: 65164K(66944K)->65164K(66944K) NonClass: 57761K(58880K)->57761K(58880K) Class: 7403K(8064K)->7403K(8064K)
[2023-02-28T14:41:38.722+0900][792.211s] GC(513) Pause Full (G1 Evacuation Pause) 511M->511M(512M) 176.750ms
[2023-02-28T14:41:38.722+0900][792.212s] GC(513) User=1.64s Sys=0.00s Real=0.18s
[2023-02-28T14:41:38.722+0900][792.212s] GC(512) Concurrent Mark From Roots 391.394ms
[2023-02-28T14:41:38.722+0900][792.212s] GC(514) Pause Young (Normal) (G1 Evacuation Pause)
[2023-02-28T14:41:38.722+0900][792.212s] GC(514) Using 10 workers of 10 for evacuation
[2023-02-28T14:41:38.723+0900][792.212s] GC(514)   Pre Evacuate Collection Set: 0.0ms
[2023-02-28T14:41:38.723+0900][792.212s] GC(514)   Evacuate Collection Set: 0.2ms
[2023-02-28T14:41:38.723+0900][792.212s] GC(514)   Post Evacuate Collection Set: 0.1ms
[2023-02-28T14:41:38.723+0900][792.212s] GC(514)   Other: 0.1ms
[2023-02-28T14:41:38.723+0900][792.212s] GC(514) Eden regions: 0->0(25)
[2023-02-28T14:41:38.723+0900][792.212s] GC(514) Survivor regions: 0->0(4)
[2023-02-28T14:41:38.723+0900][792.212s] GC(514) Old regions: 479->479
[2023-02-28T14:41:38.723+0900][792.212s] GC(514) Humongous regions: 33->33
[2023-02-28T14:41:38.723+0900][792.212s] GC(514) Metaspace: 65164K(66944K)->65164K(66944K) NonClass: 57761K(58880K)->57761K(58880K) Class: 7403K(8064K)->7403K(8064K)
[2023-02-28T14:41:38.723+0900][792.212s] GC(514) Pause Young (Normal) (G1 Evacuation Pause) 511M->511M(512M) 0.579ms
[2023-02-28T14:41:38.723+0900][792.212s] GC(514) User=0.00s Sys=0.00s Real=0.00s
[2023-02-28T14:41:38.723+0900][792.212s] GC(515) Using 10 workers of 10 for full compaction
[2023-02-28T14:41:38.723+0900][792.212s] GC(515) Pause Full (G1 Evacuation Pause)
[2023-02-28T14:41:38.723+0900][792.213s] GC(515) Phase 1: Mark live objects
[2023-02-28T14:41:38.785+0900][792.274s] GC(515) Cleaned string and symbol table, strings: 31141 processed, 0 removed, symbols: 195635 processed, 0 removed
[2023-02-28T14:41:38.785+0900][792.274s] GC(515) Phase 1: Mark live objects 61.227ms
[2023-02-28T14:41:38.785+0900][792.274s] GC(515) Phase 2: Prepare for compaction
[2023-02-28T14:41:38.820+0900][792.310s] GC(515) Phase 2: Prepare for compaction 35.507ms
[2023-02-28T14:41:38.820+0900][792.310s] GC(515) Phase 3: Adjust pointers
[2023-02-28T14:41:38.856+0900][792.346s] GC(515) Phase 3: Adjust pointers 36.651ms
[2023-02-28T14:41:38.856+0900][792.346s] GC(515) Phase 4: Compact heap
[2023-02-28T14:41:38.885+0900][792.375s] GC(515) Phase 4: Compact heap 28.414ms
[2023-02-28T14:41:38.899+0900][792.389s] GC(515) Eden regions: 0->0(25)
[2023-02-28T14:41:38.899+0900][792.389s] GC(515) Survivor regions: 0->0(4)
[2023-02-28T14:41:38.899+0900][792.389s] GC(515) Old regions: 479->479
[2023-02-28T14:41:38.899+0900][792.389s] GC(515) Humongous regions: 33->33
[2023-02-28T14:41:38.899+0900][792.389s] GC(515) Metaspace: 65164K(66944K)->65164K(66944K) NonClass: 57761K(58880K)->57761K(58880K) Class: 7403K(8064K)->7403K(8064K)
[2023-02-28T14:41:38.899+0900][792.389s] GC(515) Pause Full (G1 Evacuation Pause) 511M->511M(512M) 176.346ms
[2023-02-28T14:41:38.899+0900][792.389s] GC(515) User=1.69s Sys=0.00s Real=0.18s
[2023-02-28T14:41:38.899+0900][792.389s] GC(516) Using 10 workers of 10 for full compaction
[2023-02-28T14:41:38.899+0900][792.389s] GC(516) Pause Full (G1 Evacuation Pause)
[2023-02-28T14:41:38.899+0900][792.389s] GC(516) Phase 1: Mark live objects
[2023-02-28T14:41:38.951+0900][792.441s] GC(516) Cleaned string and symbol table, strings: 31141 processed, 0 removed, symbols: 195635 processed, 0 removed
[2023-02-28T14:41:38.952+0900][792.441s] GC(516) Phase 1: Mark live objects 52.019ms
[2023-02-28T14:41:38.952+0900][792.441s] GC(516) Phase 2: Prepare for compaction
[2023-02-28T14:41:38.985+0900][792.475s] GC(516) Phase 2: Prepare for compaction 33.195ms
[2023-02-28T14:41:38.985+0900][792.475s] GC(516) Phase 3: Adjust pointers
[2023-02-28T14:41:39.022+0900][792.512s] GC(516) Phase 3: Adjust pointers 37.234ms
[2023-02-28T14:41:39.022+0900][792.512s] GC(516) Phase 4: Compact heap
[2023-02-28T14:41:39.049+0900][792.539s] GC(516) Phase 4: Compact heap 26.930ms
[2023-02-28T14:41:39.061+0900][792.551s] GC(516) Eden regions: 0->0(25)
[2023-02-28T14:41:39.061+0900][792.551s] GC(516) Survivor regions: 0->0(4)
[2023-02-28T14:41:39.061+0900][792.551s] GC(516) Old regions: 479->479
[2023-02-28T14:41:39.061+0900][792.551s] GC(516) Humongous regions: 33->33
[2023-02-28T14:41:39.061+0900][792.551s] GC(516) Metaspace: 65164K(66944K)->65164K(66944K) NonClass: 57761K(58880K)->57761K(58880K) Class: 7403K(8064K)->7403K(8064K)
[2023-02-28T14:41:39.062+0900][792.551s] GC(516) Pause Full (G1 Evacuation Pause) 511M->511M(512M) 161.983ms
[2023-02-28T14:41:39.062+0900][792.551s] GC(516) User=1.56s Sys=0.00s Real=0.16s
[2023-02-28T14:41:39.062+0900][792.551s] GC(512) Concurrent Mark Abort
[2023-02-28T14:41:39.062+0900][792.551s] GC(512) Concurrent Cycle 731.413ms
[2023-02-28T14:41:39.062+0900][792.551s] GC(517) Pause Young (Normal) (G1 Evacuation Pause)
[2023-02-28T14:41:39.062+0900][792.551s] GC(517) Using 10 workers of 10 for evacuation
[2023-02-28T14:41:39.062+0900][792.552s] GC(517)   Pre Evacuate Collection Set: 0.0ms
[2023-02-28T14:41:39.062+0900][792.552s] GC(517)   Evacuate Collection Set: 0.2ms
[2023-02-28T14:41:39.062+0900][792.552s] GC(517)   Post Evacuate Collection Set: 0.1ms
[2023-02-28T14:41:39.062+0900][792.552s] GC(517)   Other: 0.1ms
[2023-02-28T14:41:39.062+0900][792.552s] GC(517) Eden regions: 0->0(25)
[2023-02-28T14:41:39.062+0900][792.552s] GC(517) Survivor regions: 0->0(4)
[2023-02-28T14:41:39.062+0900][792.552s] GC(517) Old regions: 479->479
[2023-02-28T14:41:39.062+0900][792.552s] GC(517) Humongous regions: 33->33
[2023-02-28T14:41:39.062+0900][792.552s] GC(517) Metaspace: 65164K(66944K)->65164K(66944K) NonClass: 57761K(58880K)->57761K(58880K) Class: 7403K(8064K)->7403K(8064K)
[2023-02-28T14:41:39.062+0900][792.552s] GC(517) Pause Young (Normal) (G1 Evacuation Pause) 511M->511M(512M) 0.550ms
[2023-02-28T14:41:39.062+0900][792.552s] GC(517) User=0.00s Sys=0.00s Real=0.00s
[2023-02-28T14:41:39.062+0900][792.552s] GC(518) Using 10 workers of 10 for full compaction
[2023-02-28T14:41:39.063+0900][792.552s] GC(518) Pause Full (G1 Evacuation Pause)
[2023-02-28T14:41:39.063+0900][792.552s] GC(518) Phase 1: Mark live objects
[2023-02-28T14:41:39.128+0900][792.618s] GC(518) Cleaned string and symbol table, strings: 31141 processed, 0 removed, symbols: 195635 processed, 0 removed
[2023-02-28T14:41:39.128+0900][792.618s] GC(518) Phase 1: Mark live objects 65.448ms
[2023-02-28T14:41:39.129+0900][792.618s] GC(518) Phase 2: Prepare for compaction
[2023-02-28T14:41:39.174+0900][792.663s] GC(518) Phase 2: Prepare for compaction 45.225ms
[2023-02-28T14:41:39.174+0900][792.663s] GC(518) Phase 3: Adjust pointers
[2023-02-28T14:41:39.211+0900][792.700s] GC(518) Phase 3: Adjust pointers 36.477ms
[2023-02-28T14:41:39.211+0900][792.700s] GC(518) Phase 4: Compact heap
[2023-02-28T14:41:39.238+0900][792.728s] GC(518) Phase 4: Compact heap 28.475ms
[2023-02-28T14:41:39.251+0900][792.741s] GC(518) Eden regions: 0->0(25)
[2023-02-28T14:41:39.251+0900][792.741s] GC(518) Survivor regions: 0->0(4)
[2023-02-28T14:41:39.251+0900][792.741s] GC(518) Old regions: 479->479
[2023-02-28T14:41:39.251+0900][792.741s] GC(518) Humongous regions: 33->33
[2023-02-28T14:41:39.251+0900][792.741s] GC(518) Metaspace: 65164K(66944K)->65164K(66944K) NonClass: 57761K(58880K)->57761K(58880K) Class: 7403K(8064K)->7403K(8064K)
[2023-02-28T14:41:39.251+0900][792.741s] GC(518) Pause Full (G1 Evacuation Pause) 511M->511M(512M) 188.905ms
[2023-02-28T14:41:39.251+0900][792.741s] GC(518) User=1.81s Sys=0.00s Real=0.19s
[2023-02-28T14:41:39.251+0900][792.741s] GC(519) Using 10 workers of 10 for full compaction
[2023-02-28T14:41:39.251+0900][792.741s] GC(519) Pause Full (G1 Evacuation Pause)
[2023-02-28T14:41:39.252+0900][792.742s] GC(519) Phase 1: Mark live objects
[2023-02-28T14:41:39.303+0900][792.793s] GC(519) Cleaned string and symbol table, strings: 31141 processed, 0 removed, symbols: 195635 processed, 0 removed
[2023-02-28T14:41:39.303+0900][792.793s] GC(519) Phase 1: Mark live objects 51.139ms
[2023-02-28T14:41:39.303+0900][792.793s] GC(519) Phase 2: Prepare for compaction
[2023-02-28T14:41:39.335+0900][792.825s] GC(519) Phase 2: Prepare for compaction 31.983ms
[2023-02-28T14:41:39.335+0900][792.825s] GC(519) Phase 3: Adjust pointers
[2023-02-28T14:41:39.371+0900][792.861s] GC(519) Phase 3: Adjust pointers 36.140ms
[2023-02-28T14:41:39.372+0900][792.861s] GC(519) Phase 4: Compact heap
[2023-02-28T14:41:39.399+0900][792.889s] GC(519) Phase 4: Compact heap 27.557ms
[2023-02-28T14:41:39.411+0900][792.901s] GC(519) Eden regions: 0->0(25)
[2023-02-28T14:41:39.412+0900][792.901s] GC(519) Survivor regions: 0->0(4)
[2023-02-28T14:41:39.412+0900][792.901s] GC(519) Old regions: 479->479
[2023-02-28T14:41:39.412+0900][792.901s] GC(519) Humongous regions: 33->33
[2023-02-28T14:41:39.412+0900][792.901s] GC(519) Metaspace: 65164K(66944K)->65164K(66944K) NonClass: 57761K(58880K)->57761K(58880K) Class: 7403K(8064K)->7403K(8064K)
[2023-02-28T14:41:39.412+0900][792.901s] GC(519) Pause Full (G1 Evacuation Pause) 511M->511M(512M) 159.895ms
[2023-02-28T14:41:39.412+0900][792.902s] GC(519) User=1.38s Sys=0.02s Real=0.16s
[2023-02-28T14:41:39.412+0900][792.902s] GC(520) Pause Young (Concurrent Start) (G1 Evacuation Pause)
[2023-02-28T14:41:39.412+0900][792.902s] GC(520) Using 10 workers of 10 for evacuation
[2023-02-28T14:41:39.413+0900][792.903s] GC(520)   Pre Evacuate Collection Set: 0.1ms
[2023-02-28T14:41:39.413+0900][792.903s] GC(520)   Evacuate Collection Set: 0.6ms
[2023-02-28T14:41:39.413+0900][792.903s] GC(520)   Post Evacuate Collection Set: 0.1ms
[2023-02-28T14:41:39.413+0900][792.903s] GC(520)   Other: 0.2ms
[2023-02-28T14:41:39.413+0900][792.903s] GC(520) Eden regions: 0->0(25)
[2023-02-28T14:41:39.413+0900][792.903s] GC(520) Survivor regions: 0->0(4)
[2023-02-28T14:41:39.413+0900][792.903s] GC(520) Old regions: 479->479
[2023-02-28T14:41:39.413+0900][792.903s] GC(520) Humongous regions: 33->33
[2023-02-28T14:41:39.413+0900][792.903s] GC(520) Metaspace: 65164K(66944K)->65164K(66944K) NonClass: 57761K(58880K)->57761K(58880K) Class: 7403K(8064K)->7403K(8064K)
[2023-02-28T14:41:39.413+0900][792.903s] GC(520) Pause Young (Concurrent Start) (G1 Evacuation Pause) 511M->511M(512M) 1.207ms
[2023-02-28T14:41:39.413+0900][792.903s] GC(520) User=0.00s Sys=0.00s Real=0.00s
[2023-02-28T14:41:39.413+0900][792.903s] GC(521) Using 10 workers of 10 for full compaction
[2023-02-28T14:41:39.413+0900][792.903s] GC(522) Concurrent Cycle
[2023-02-28T14:41:39.414+0900][792.903s] GC(522) Concurrent Clear Claimed Marks
[2023-02-28T14:41:39.414+0900][792.903s] GC(522) Concurrent Clear Claimed Marks 0.032ms
[2023-02-28T14:41:39.414+0900][792.903s] GC(522) Concurrent Scan Root Regions
[2023-02-28T14:41:39.414+0900][792.903s] GC(521) Pause Full (G1 Evacuation Pause)
[2023-02-28T14:41:39.414+0900][792.903s] GC(522) Concurrent Scan Root Regions 0.020ms
[2023-02-28T14:41:39.414+0900][792.903s] GC(522) Concurrent Mark (792.903s)
[2023-02-28T14:41:39.414+0900][792.903s] GC(522) Concurrent Mark From Roots
[2023-02-28T14:41:39.414+0900][792.903s] GC(522) Using 3 workers of 3 for marking
[2023-02-28T14:41:39.414+0900][792.904s] GC(521) Phase 1: Mark live objects
[2023-02-28T14:41:39.464+0900][792.954s] GC(521) Cleaned string and symbol table, strings: 31141 processed, 0 removed, symbols: 195635 processed, 0 removed
[2023-02-28T14:41:39.464+0900][792.954s] GC(521) Phase 1: Mark live objects 49.985ms
[2023-02-28T14:41:39.464+0900][792.954s] GC(521) Phase 2: Prepare for compaction
[2023-02-28T14:41:39.496+0900][792.986s] GC(521) Phase 2: Prepare for compaction 31.645ms
[2023-02-28T14:41:39.496+0900][792.986s] GC(521) Phase 3: Adjust pointers
[2023-02-28T14:41:39.534+0900][793.023s] GC(521) Phase 3: Adjust pointers 37.162ms
[2023-02-28T14:41:39.534+0900][793.023s] GC(521) Phase 4: Compact heap
[2023-02-28T14:41:39.561+0900][793.050s] GC(521) Phase 4: Compact heap 26.889ms
[2023-02-28T14:41:39.574+0900][793.063s] GC(521) Eden regions: 0->0(25)
[2023-02-28T14:41:39.574+0900][793.063s] GC(521) Survivor regions: 0->0(4)
[2023-02-28T14:41:39.574+0900][793.063s] GC(521) Old regions: 479->479
[2023-02-28T14:41:39.574+0900][793.063s] GC(521) Humongous regions: 33->33
[2023-02-28T14:41:39.574+0900][793.063s] GC(521) Metaspace: 65164K(66944K)->65164K(66944K) NonClass: 57761K(58880K)->57761K(58880K) Class: 7403K(8064K)->7403K(8064K)
[2023-02-28T14:41:39.574+0900][793.063s] GC(521) Pause Full (G1 Evacuation Pause) 511M->511M(512M) 159.736ms
[2023-02-28T14:41:39.574+0900][793.063s] GC(521) User=1.42s Sys=0.00s Real=0.16s
[2023-02-28T14:41:39.574+0900][793.063s] GC(523) Using 10 workers of 10 for full compaction
[2023-02-28T14:41:39.574+0900][793.063s] GC(523) Pause Full (G1 Evacuation Pause)
[2023-02-28T14:41:39.574+0900][793.064s] GC(523) Phase 1: Mark live objects
[2023-02-28T14:41:39.631+0900][793.121s] GC(523) Cleaned string and symbol table, strings: 31141 processed, 0 removed, symbols: 195635 processed, 0 removed
[2023-02-28T14:41:39.631+0900][793.121s] GC(523) Phase 1: Mark live objects 57.614ms
[2023-02-28T14:41:39.631+0900][793.121s] GC(523) Phase 2: Prepare for compaction
[2023-02-28T14:41:39.663+0900][793.153s] GC(523) Phase 2: Prepare for compaction 31.650ms
[2023-02-28T14:41:39.663+0900][793.153s] GC(523) Phase 3: Adjust pointers
[2023-02-28T14:41:39.699+0900][793.189s] GC(523) Phase 3: Adjust pointers 35.984ms
[2023-02-28T14:41:39.699+0900][793.189s] GC(523) Phase 4: Compact heap
[2023-02-28T14:41:39.726+0900][793.216s] GC(523) Phase 4: Compact heap 26.558ms
[2023-02-28T14:41:39.740+0900][793.229s] GC(523) Eden regions: 0->0(25)
[2023-02-28T14:41:39.740+0900][793.230s] GC(523) Survivor regions: 0->0(4)
[2023-02-28T14:41:39.740+0900][793.230s] GC(523) Old regions: 479->479
[2023-02-28T14:41:39.740+0900][793.230s] GC(523) Humongous regions: 33->33
[2023-02-28T14:41:39.740+0900][793.230s] GC(523) Metaspace: 65164K(66944K)->65164K(66944K) NonClass: 57761K(58880K)->57761K(58880K) Class: 7403K(8064K)->7403K(8064K)
[2023-02-28T14:41:39.740+0900][793.230s] GC(523) Pause Full (G1 Evacuation Pause) 511M->511M(512M) 166.342ms
[2023-02-28T14:41:39.740+0900][793.230s] GC(523) User=1.70s Sys=0.00s Real=0.17s
[2023-02-28T14:41:39.740+0900][793.230s] GC(522) Concurrent Mark From Roots 326.564ms
[2023-02-28T14:41:39.740+0900][793.230s] GC(524) Pause Young (Normal) (G1 Evacuation Pause)
[2023-02-28T14:41:39.740+0900][793.230s] GC(524) Using 10 workers of 10 for evacuation
[2023-02-28T14:41:39.741+0900][793.230s] GC(524)   Pre Evacuate Collection Set: 0.0ms
[2023-02-28T14:41:39.741+0900][793.230s] GC(524)   Evacuate Collection Set: 0.1ms
[2023-02-28T14:41:39.741+0900][793.230s] GC(524)   Post Evacuate Collection Set: 0.1ms
[2023-02-28T14:41:39.741+0900][793.230s] GC(524)   Other: 0.1ms
[2023-02-28T14:41:39.741+0900][793.230s] GC(524) Eden regions: 0->0(25)
[2023-02-28T14:41:39.741+0900][793.230s] GC(524) Survivor regions: 0->0(4)
[2023-02-28T14:41:39.741+0900][793.230s] GC(524) Old regions: 479->479
[2023-02-28T14:41:39.741+0900][793.230s] GC(524) Humongous regions: 33->33
[2023-02-28T14:41:39.741+0900][793.231s] GC(524) Metaspace: 65164K(66944K)->65164K(66944K) NonClass: 57761K(58880K)->57761K(58880K) Class: 7403K(8064K)->7403K(8064K)
[2023-02-28T14:41:39.741+0900][793.231s] GC(524) Pause Young (Normal) (G1 Evacuation Pause) 511M->511M(512M) 0.529ms
[2023-02-28T14:41:39.741+0900][793.231s] GC(524) User=0.00s Sys=0.00s Real=0.00s
[2023-02-28T14:41:39.741+0900][793.231s] GC(525) Using 10 workers of 10 for full compaction
[2023-02-28T14:41:39.741+0900][793.231s] GC(525) Pause Full (G1 Evacuation Pause)
[2023-02-28T14:41:39.741+0900][793.231s] GC(525) Phase 1: Mark live objects
[2023-02-28T14:41:39.791+0900][793.281s] GC(525) Cleaned string and symbol table, strings: 31141 processed, 0 removed, symbols: 195635 processed, 0 removed
[2023-02-28T14:41:39.791+0900][793.281s] GC(525) Phase 1: Mark live objects 49.795ms
[2023-02-28T14:41:39.791+0900][793.281s] GC(525) Phase 2: Prepare for compaction
[2023-02-28T14:41:39.822+0900][793.311s] GC(525) Phase 2: Prepare for compaction 30.682ms
[2023-02-28T14:41:39.822+0900][793.312s] GC(525) Phase 3: Adjust pointers
[2023-02-28T14:41:39.859+0900][793.349s] GC(525) Phase 3: Adjust pointers 37.135ms
[2023-02-28T14:41:39.859+0900][793.349s] GC(525) Phase 4: Compact heap
[2023-02-28T14:41:39.886+0900][793.375s] GC(525) Phase 4: Compact heap 26.599ms
[2023-02-28T14:41:39.898+0900][793.388s] GC(525) Eden regions: 0->0(25)
[2023-02-28T14:41:39.898+0900][793.388s] GC(525) Survivor regions: 0->0(4)
[2023-02-28T14:41:39.898+0900][793.388s] GC(525) Old regions: 479->479
[2023-02-28T14:41:39.898+0900][793.388s] GC(525) Humongous regions: 33->33
[2023-02-28T14:41:39.898+0900][793.388s] GC(525) Metaspace: 65164K(66944K)->65164K(66944K) NonClass: 57761K(58880K)->57761K(58880K) Class: 7403K(8064K)->7403K(8064K)
[2023-02-28T14:41:39.898+0900][793.388s] GC(525) Pause Full (G1 Evacuation Pause) 511M->511M(512M) 157.078ms
[2023-02-28T14:41:39.899+0900][793.388s] GC(525) User=1.55s Sys=0.00s Real=0.16s
[2023-02-28T14:41:39.899+0900][793.388s] GC(526) Using 10 workers of 10 for full compaction
[2023-02-28T14:41:39.899+0900][793.388s] GC(526) Pause Full (G1 Evacuation Pause)
[2023-02-28T14:41:39.899+0900][793.388s] GC(526) Phase 1: Mark live objects
[2023-02-28T14:41:39.950+0900][793.439s] GC(526) Cleaned string and symbol table, strings: 31141 processed, 0 removed, symbols: 195635 processed, 0 removed
[2023-02-28T14:41:39.950+0900][793.439s] GC(526) Phase 1: Mark live objects 51.082ms
[2023-02-28T14:41:39.950+0900][793.439s] GC(526) Phase 2: Prepare for compaction
[2023-02-28T14:41:39.979+0900][793.470s] GC(526) Phase 2: Prepare for compaction 30.101ms
[2023-02-28T14:41:39.980+0900][793.470s] GC(526) Phase 3: Adjust pointers
[2023-02-28T14:41:40.016+0900][793.506s] GC(526) Phase 3: Adjust pointers 36.079ms
[2023-02-28T14:41:40.016+0900][793.506s] GC(526) Phase 4: Compact heap
[2023-02-28T14:41:40.043+0900][793.533s] GC(526) Phase 4: Compact heap 27.608ms
[2023-02-28T14:41:40.055+0900][793.545s] GC(526) Eden regions: 0->0(25)
[2023-02-28T14:41:40.055+0900][793.545s] GC(526) Survivor regions: 0->0(4)
[2023-02-28T14:41:40.055+0900][793.545s] GC(526) Old regions: 479->479
[2023-02-28T14:41:40.055+0900][793.545s] GC(526) Humongous regions: 33->33
[2023-02-28T14:41:40.055+0900][793.545s] GC(526) Metaspace: 65164K(66944K)->65164K(66944K) NonClass: 57761K(58880K)->57761K(58880K) Class: 7403K(8064K)->7403K(8064K)
[2023-02-28T14:41:40.055+0900][793.545s] GC(526) Pause Full (G1 Evacuation Pause) 511M->511M(512M) 157.205ms
[2023-02-28T14:41:40.056+0900][793.545s] GC(526) User=1.42s Sys=0.00s Real=0.16s
[2023-02-28T14:41:40.056+0900][793.546s] GC(522) Concurrent Mark Abort
[2023-02-28T14:41:40.056+0900][793.546s] GC(522) Concurrent Cycle 642.459ms
[2023-02-28T14:41:40.056+0900][793.546s] GC(527) Pause Young (Normal) (G1 Evacuation Pause)
[2023-02-28T14:41:40.056+0900][793.546s] GC(527) Using 10 workers of 10 for evacuation
[2023-02-28T14:41:40.056+0900][793.546s] GC(527)   Pre Evacuate Collection Set: 0.0ms
[2023-02-28T14:41:40.056+0900][793.546s] GC(527)   Evacuate Collection Set: 0.2ms
[2023-02-28T14:41:40.056+0900][793.546s] GC(527)   Post Evacuate Collection Set: 0.1ms
[2023-02-28T14:41:40.056+0900][793.546s] GC(527)   Other: 0.1ms
[2023-02-28T14:41:40.056+0900][793.546s] GC(527) Eden regions: 0->0(25)
[2023-02-28T14:41:40.056+0900][793.546s] GC(527) Survivor regions: 0->0(4)
[2023-02-28T14:41:40.056+0900][793.546s] GC(527) Old regions: 479->479
[2023-02-28T14:41:40.056+0900][793.546s] GC(527) Humongous regions: 33->33
[2023-02-28T14:41:40.056+0900][793.546s] GC(527) Metaspace: 65164K(66944K)->65164K(66944K) NonClass: 57761K(58880K)->57761K(58880K) Class: 7403K(8064K)->7403K(8064K)
[2023-02-28T14:41:40.056+0900][793.546s] GC(527) Pause Young (Normal) (G1 Evacuation Pause) 511M->511M(512M) 0.554ms
[2023-02-28T14:41:40.056+0900][793.546s] GC(527) User=0.00s Sys=0.00s Real=0.00s
[2023-02-28T14:41:40.056+0900][793.546s] GC(528) Using 10 workers of 10 for full compaction
[2023-02-28T14:41:40.056+0900][793.546s] GC(528) Pause Full (G1 Evacuation Pause)
[2023-02-28T14:41:40.057+0900][793.547s] GC(528) Phase 1: Mark live objects
[2023-02-28T14:41:40.108+0900][793.598s] GC(528) Cleaned string and symbol table, strings: 31141 processed, 0 removed, symbols: 195635 processed, 0 removed
[2023-02-28T14:41:40.109+0900][793.598s] GC(528) Phase 1: Mark live objects 51.673ms
[2023-02-28T14:41:40.109+0900][793.598s] GC(528) Phase 2: Prepare for compaction
[2023-02-28T14:41:40.140+0900][793.630s] GC(528) Phase 2: Prepare for compaction 31.277ms
[2023-02-28T14:41:40.140+0900][793.630s] GC(528) Phase 3: Adjust pointers
[2023-02-28T14:41:40.177+0900][793.666s] GC(528) Phase 3: Adjust pointers 36.640ms
[2023-02-28T14:41:40.177+0900][793.666s] GC(528) Phase 4: Compact heap
[2023-02-28T14:41:40.204+0900][793.693s] GC(528) Phase 4: Compact heap 26.728ms
[2023-02-28T14:41:40.216+0900][793.705s] GC(528) Eden regions: 0->0(25)
[2023-02-28T14:41:40.216+0900][793.705s] GC(528) Survivor regions: 0->0(4)
[2023-02-28T14:41:40.216+0900][793.705s] GC(528) Old regions: 479->479
[2023-02-28T14:41:40.216+0900][793.706s] GC(528) Humongous regions: 33->33
[2023-02-28T14:41:40.216+0900][793.706s] GC(528) Metaspace: 65164K(66944K)->65164K(66944K) NonClass: 57761K(58880K)->57761K(58880K) Class: 7403K(8064K)->7403K(8064K)
[2023-02-28T14:41:40.216+0900][793.706s] GC(528) Pause Full (G1 Evacuation Pause) 511M->511M(512M) 159.207ms
[2023-02-28T14:41:40.216+0900][793.706s] GC(528) User=1.58s Sys=0.00s Real=0.16s
[2023-02-28T14:41:40.216+0900][793.706s] GC(529) Using 10 workers of 10 for full compaction
[2023-02-28T14:41:40.216+0900][793.706s] GC(529) Pause Full (G1 Evacuation Pause)
[2023-02-28T14:41:40.217+0900][793.706s] GC(529) Phase 1: Mark live objects
[2023-02-28T14:41:40.281+0900][793.770s] GC(529) Cleaned string and symbol table, strings: 31141 processed, 0 removed, symbols: 195635 processed, 0 removed
[2023-02-28T14:41:40.281+0900][793.771s] GC(529) Phase 1: Mark live objects 64.278ms
[2023-02-28T14:41:40.281+0900][793.771s] GC(529) Phase 2: Prepare for compaction
[2023-02-28T14:41:40.327+0900][793.817s] GC(529) Phase 2: Prepare for compaction 45.985ms
[2023-02-28T14:41:40.328+0900][793.817s] GC(529) Phase 3: Adjust pointers
[2023-02-28T14:41:40.363+0900][793.854s] GC(529) Phase 3: Adjust pointers 36.815ms
[2023-02-28T14:41:40.364+0900][793.854s] GC(529) Phase 4: Compact heap
[2023-02-28T14:41:40.395+0900][793.885s] GC(529) Phase 4: Compact heap 31.697ms
[2023-02-28T14:41:40.407+0900][793.897s] GC(529) Eden regions: 0->0(25)
[2023-02-28T14:41:40.407+0900][793.897s] GC(529) Survivor regions: 0->0(4)
[2023-02-28T14:41:40.407+0900][793.897s] GC(529) Old regions: 479->479
[2023-02-28T14:41:40.407+0900][793.897s] GC(529) Humongous regions: 33->33
[2023-02-28T14:41:40.407+0900][793.897s] GC(529) Metaspace: 65164K(66944K)->65164K(66944K) NonClass: 57761K(58880K)->57761K(58880K) Class: 7403K(8064K)->7403K(8064K)
[2023-02-28T14:41:40.407+0900][793.897s] GC(529) Pause Full (G1 Evacuation Pause) 511M->511M(512M) 191.398ms
[2023-02-28T14:41:40.408+0900][793.898s] GC(529) User=1.63s Sys=0.00s Real=0.19s
[2023-02-28T14:41:40.408+0900][793.898s] GC(530) Pause Young (Concurrent Start) (G1 Evacuation Pause)
[2023-02-28T14:41:40.408+0900][793.898s] GC(530) Using 10 workers of 10 for evacuation
[2023-02-28T14:41:40.408+0900][793.898s] GC(530)   Pre Evacuate Collection Set: 0.1ms
[2023-02-28T14:41:40.408+0900][793.898s] GC(530)   Evacuate Collection Set: 0.4ms
[2023-02-28T14:41:40.408+0900][793.898s] GC(530)   Post Evacuate Collection Set: 0.1ms
[2023-02-28T14:41:40.408+0900][793.898s] GC(530)   Other: 0.1ms
[2023-02-28T14:41:40.408+0900][793.898s] GC(530) Eden regions: 0->0(25)
[2023-02-28T14:41:40.408+0900][793.898s] GC(530) Survivor regions: 0->0(4)
[2023-02-28T14:41:40.408+0900][793.898s] GC(530) Old regions: 479->479
[2023-02-28T14:41:40.408+0900][793.898s] GC(530) Humongous regions: 33->33
[2023-02-28T14:41:40.408+0900][793.898s] GC(530) Metaspace: 65164K(66944K)->65164K(66944K) NonClass: 57761K(58880K)->57761K(58880K) Class: 7403K(8064K)->7403K(8064K)
[2023-02-28T14:41:40.408+0900][793.898s] GC(530) Pause Young (Concurrent Start) (G1 Evacuation Pause) 511M->511M(512M) 0.813ms
[2023-02-28T14:41:40.409+0900][793.899s] GC(530) User=0.00s Sys=0.00s Real=0.00s
[2023-02-28T14:41:40.409+0900][793.899s] GC(531) Using 10 workers of 10 for full compaction
[2023-02-28T14:41:40.409+0900][793.899s] GC(532) Concurrent Cycle
[2023-02-28T14:41:40.409+0900][793.899s] GC(532) Concurrent Clear Claimed Marks
[2023-02-28T14:41:40.409+0900][793.899s] GC(532) Concurrent Clear Claimed Marks 0.045ms
[2023-02-28T14:41:40.409+0900][793.899s] GC(532) Concurrent Scan Root Regions
[2023-02-28T14:41:40.409+0900][793.899s] GC(532) Concurrent Scan Root Regions 0.030ms
[2023-02-28T14:41:40.409+0900][793.899s] GC(531) Pause Full (G1 Evacuation Pause)
[2023-02-28T14:41:40.409+0900][793.899s] GC(532) Concurrent Mark (793.899s)
[2023-02-28T14:41:40.409+0900][793.899s] GC(532) Concurrent Mark From Roots
[2023-02-28T14:41:40.409+0900][793.899s] GC(532) Using 3 workers of 3 for marking
[2023-02-28T14:41:40.410+0900][793.900s] GC(531) Phase 1: Mark live objects
[2023-02-28T14:41:40.460+0900][793.950s] GC(531) Cleaned string and symbol table, strings: 31141 processed, 0 removed, symbols: 195635 processed, 0 removed
[2023-02-28T14:41:40.460+0900][793.950s] GC(531) Phase 1: Mark live objects 50.354ms
[2023-02-28T14:41:40.460+0900][793.950s] GC(531) Phase 2: Prepare for compaction
[2023-02-28T14:41:40.492+0900][793.982s] GC(531) Phase 2: Prepare for compaction 31.477ms
[2023-02-28T14:41:40.492+0900][793.982s] GC(531) Phase 3: Adjust pointers
[2023-02-28T14:41:40.528+0900][794.018s] GC(531) Phase 3: Adjust pointers 36.032ms
[2023-02-28T14:41:40.528+0900][794.018s] GC(531) Phase 4: Compact heap
[2023-02-28T14:41:40.556+0900][794.045s] GC(531) Phase 4: Compact heap 27.376ms
[2023-02-28T14:41:40.568+0900][794.058s] GC(531) Eden regions: 0->0(25)
[2023-02-28T14:41:40.568+0900][794.058s] GC(531) Survivor regions: 0->0(4)
[2023-02-28T14:41:40.568+0900][794.058s] GC(531) Old regions: 479->479
[2023-02-28T14:41:40.568+0900][794.058s] GC(531) Humongous regions: 33->33
[2023-02-28T14:41:40.568+0900][794.058s] GC(531) Metaspace: 65164K(66944K)->65164K(66944K) NonClass: 57761K(58880K)->57761K(58880K) Class: 7403K(8064K)->7403K(8064K)
[2023-02-28T14:41:40.569+0900][794.058s] GC(531) Pause Full (G1 Evacuation Pause) 511M->511M(512M) 159.269ms
[2023-02-28T14:41:40.569+0900][794.058s] GC(531) User=1.52s Sys=0.00s Real=0.16s
[2023-02-28T14:41:40.569+0900][794.058s] GC(533) Using 10 workers of 10 for full compaction
[2023-02-28T14:41:40.569+0900][794.058s] GC(533) Pause Full (G1 Evacuation Pause)
[2023-02-28T14:41:40.569+0900][794.059s] GC(533) Phase 1: Mark live objects
[2023-02-28T14:41:40.622+0900][794.112s] GC(533) Cleaned string and symbol table, strings: 31141 processed, 0 removed, symbols: 195635 processed, 0 removed
[2023-02-28T14:41:40.622+0900][794.112s] GC(533) Phase 1: Mark live objects 52.941ms
[2023-02-28T14:41:40.622+0900][794.112s] GC(533) Phase 2: Prepare for compaction
[2023-02-28T14:41:40.659+0900][794.148s] GC(533) Phase 2: Prepare for compaction 36.189ms
[2023-02-28T14:41:40.659+0900][794.148s] GC(533) Phase 3: Adjust pointers
[2023-02-28T14:41:40.698+0900][794.187s] GC(533) Phase 3: Adjust pointers 39.025ms
[2023-02-28T14:41:40.698+0900][794.187s] GC(533) Phase 4: Compact heap
[2023-02-28T14:41:40.727+0900][794.217s] GC(533) Phase 4: Compact heap 29.670ms
[2023-02-28T14:41:40.741+0900][794.231s] GC(533) Eden regions: 0->0(25)
[2023-02-28T14:41:40.741+0900][794.231s] GC(533) Survivor regions: 0->0(4)
[2023-02-28T14:41:40.741+0900][794.231s] GC(533) Old regions: 479->479
[2023-02-28T14:41:40.741+0900][794.231s] GC(533) Humongous regions: 33->33
[2023-02-28T14:41:40.741+0900][794.231s] GC(533) Metaspace: 65164K(66944K)->65164K(66944K) NonClass: 57761K(58880K)->57761K(58880K) Class: 7403K(8064K)->7403K(8064K)
[2023-02-28T14:41:40.741+0900][794.231s] GC(533) Pause Full (G1 Evacuation Pause) 511M->511M(512M) 172.467ms
[2023-02-28T14:41:40.741+0900][794.231s] GC(533) User=1.70s Sys=0.00s Real=0.17s
[2023-02-28T14:41:40.741+0900][794.231s] GC(532) Concurrent Mark From Roots 332.319ms
[2023-02-28T14:41:40.741+0900][794.231s] GC(534) Pause Young (Normal) (G1 Evacuation Pause)
[2023-02-28T14:41:40.741+0900][794.231s] GC(534) Using 10 workers of 10 for evacuation
[2023-02-28T14:41:40.742+0900][794.232s] GC(534)   Pre Evacuate Collection Set: 0.0ms
[2023-02-28T14:41:40.742+0900][794.232s] GC(534)   Evacuate Collection Set: 0.1ms
[2023-02-28T14:41:40.742+0900][794.232s] GC(534)   Post Evacuate Collection Set: 0.1ms
[2023-02-28T14:41:40.742+0900][794.232s] GC(534)   Other: 0.1ms
[2023-02-28T14:41:40.742+0900][794.232s] GC(534) Eden regions: 0->0(25)
[2023-02-28T14:41:40.742+0900][794.232s] GC(534) Survivor regions: 0->0(4)
[2023-02-28T14:41:40.742+0900][794.232s] GC(534) Old regions: 479->479
[2023-02-28T14:41:40.742+0900][794.232s] GC(534) Humongous regions: 33->33
[2023-02-28T14:41:40.742+0900][794.232s] GC(534) Metaspace: 65164K(66944K)->65164K(66944K) NonClass: 57761K(58880K)->57761K(58880K) Class: 7403K(8064K)->7403K(8064K)
[2023-02-28T14:41:40.742+0900][794.232s] GC(534) Pause Young (Normal) (G1 Evacuation Pause) 511M->511M(512M) 0.569ms
[2023-02-28T14:41:40.742+0900][794.232s] GC(534) User=0.00s Sys=0.00s Real=0.00s
[2023-02-28T14:41:40.742+0900][794.232s] GC(535) Using 10 workers of 10 for full compaction
[2023-02-28T14:41:40.742+0900][794.232s] GC(535) Pause Full (G1 Evacuation Pause)
[2023-02-28T14:41:40.742+0900][794.232s] GC(535) Phase 1: Mark live objects
[2023-02-28T14:41:40.797+0900][794.287s] GC(535) Cleaned string and symbol table, strings: 31141 processed, 0 removed, symbols: 195635 processed, 0 removed
[2023-02-28T14:41:40.797+0900][794.287s] GC(535) Phase 1: Mark live objects 54.390ms
[2023-02-28T14:41:40.797+0900][794.287s] GC(535) Phase 2: Prepare for compaction
[2023-02-28T14:41:40.832+0900][794.322s] GC(535) Phase 2: Prepare for compaction 35.525ms
[2023-02-28T14:41:40.833+0900][794.322s] GC(535) Phase 3: Adjust pointers
[2023-02-28T14:41:40.871+0900][794.361s] GC(535) Phase 3: Adjust pointers 38.550ms
[2023-02-28T14:41:40.871+0900][794.361s] GC(535) Phase 4: Compact heap
[2023-02-28T14:41:40.901+0900][794.391s] GC(535) Phase 4: Compact heap 29.634ms
[2023-02-28T14:41:40.916+0900][794.405s] GC(535) Eden regions: 0->0(25)
[2023-02-28T14:41:40.916+0900][794.405s] GC(535) Survivor regions: 0->0(4)
[2023-02-28T14:41:40.916+0900][794.405s] GC(535) Old regions: 479->479
[2023-02-28T14:41:40.916+0900][794.405s] GC(535) Humongous regions: 33->33
[2023-02-28T14:41:40.916+0900][794.405s] GC(535) Metaspace: 65164K(66944K)->65164K(66944K) NonClass: 57761K(58880K)->57761K(58880K) Class: 7403K(8064K)->7403K(8064K)
[2023-02-28T14:41:40.916+0900][794.405s] GC(535) Pause Full (G1 Evacuation Pause) 511M->511M(512M) 173.283ms
[2023-02-28T14:41:40.916+0900][794.406s] GC(535) User=1.66s Sys=0.00s Real=0.17s
[2023-02-28T14:41:40.916+0900][794.406s] GC(536) Using 10 workers of 10 for full compaction
[2023-02-28T14:41:40.916+0900][794.406s] GC(536) Pause Full (G1 Evacuation Pause)
[2023-02-28T14:41:40.916+0900][794.406s] GC(536) Phase 1: Mark live objects
[2023-02-28T14:41:40.967+0900][794.457s] GC(536) Cleaned string and symbol table, strings: 31141 processed, 0 removed, symbols: 195635 processed, 0 removed
[2023-02-28T14:41:40.967+0900][794.457s] GC(536) Phase 1: Mark live objects 50.813ms
[2023-02-28T14:41:40.967+0900][794.457s] GC(536) Phase 2: Prepare for compaction
[2023-02-28T14:41:41.000+0900][794.490s] GC(536) Phase 2: Prepare for compaction 32.933ms
[2023-02-28T14:41:41.000+0900][794.490s] GC(536) Phase 3: Adjust pointers
[2023-02-28T14:41:41.038+0900][794.527s] GC(536) Phase 3: Adjust pointers 37.044ms
[2023-02-28T14:41:41.038+0900][794.527s] GC(536) Phase 4: Compact heap
[2023-02-28T14:41:41.065+0900][794.554s] GC(536) Phase 4: Compact heap 26.833ms
[2023-02-28T14:41:41.078+0900][794.567s] GC(536) Eden regions: 0->0(25)
[2023-02-28T14:41:41.078+0900][794.567s] GC(536) Survivor regions: 0->0(4)
[2023-02-28T14:41:41.078+0900][794.567s] GC(536) Old regions: 479->479
[2023-02-28T14:41:41.078+0900][794.567s] GC(536) Humongous regions: 33->33
[2023-02-28T14:41:41.078+0900][794.567s] GC(536) Metaspace: 65164K(66944K)->65164K(66944K) NonClass: 57761K(58880K)->57761K(58880K) Class: 7403K(8064K)->7403K(8064K)
[2023-02-28T14:41:41.078+0900][794.567s] GC(536) Pause Full (G1 Evacuation Pause) 511M->511M(512M) 161.330ms
[2023-02-28T14:41:41.078+0900][794.567s] GC(536) User=1.56s Sys=0.00s Real=0.16s
[2023-02-28T14:41:41.078+0900][794.567s] GC(532) Concurrent Mark Abort
[2023-02-28T14:41:41.078+0900][794.567s] GC(532) Concurrent Cycle 668.686ms
[2023-02-28T14:41:41.078+0900][794.567s] GC(537) Pause Young (Normal) (G1 Evacuation Pause)
[2023-02-28T14:41:41.078+0900][794.567s] GC(537) Using 10 workers of 10 for evacuation
[2023-02-28T14:41:41.079+0900][794.568s] GC(537)   Pre Evacuate Collection Set: 0.0ms
[2023-02-28T14:41:41.079+0900][794.568s] GC(537)   Evacuate Collection Set: 0.2ms
[2023-02-28T14:41:41.079+0900][794.568s] GC(537)   Post Evacuate Collection Set: 0.1ms
[2023-02-28T14:41:41.079+0900][794.568s] GC(537)   Other: 0.1ms
[2023-02-28T14:41:41.079+0900][794.568s] GC(537) Eden regions: 0->0(25)
[2023-02-28T14:41:41.079+0900][794.568s] GC(537) Survivor regions: 0->0(4)
[2023-02-28T14:41:41.079+0900][794.568s] GC(537) Old regions: 479->479
[2023-02-28T14:41:41.079+0900][794.568s] GC(537) Humongous regions: 33->33
[2023-02-28T14:41:41.079+0900][794.568s] GC(537) Metaspace: 65164K(66944K)->65164K(66944K) NonClass: 57761K(58880K)->57761K(58880K) Class: 7403K(8064K)->7403K(8064K)
[2023-02-28T14:41:41.079+0900][794.568s] GC(537) Pause Young (Normal) (G1 Evacuation Pause) 511M->511M(512M) 0.571ms
[2023-02-28T14:41:41.079+0900][794.568s] GC(537) User=0.00s Sys=0.00s Real=0.00s
[2023-02-28T14:41:41.079+0900][794.568s] GC(538) Using 10 workers of 10 for full compaction
[2023-02-28T14:41:41.079+0900][794.568s] GC(538) Pause Full (G1 Evacuation Pause)
[2023-02-28T14:41:41.079+0900][794.568s] GC(538) Phase 1: Mark live objects
[2023-02-28T14:41:41.131+0900][794.621s] GC(538) Cleaned string and symbol table, strings: 31141 processed, 0 removed, symbols: 195635 processed, 0 removed
[2023-02-28T14:41:41.131+0900][794.621s] GC(538) Phase 1: Mark live objects 52.669ms
[2023-02-28T14:41:41.131+0900][794.621s] GC(538) Phase 2: Prepare for compaction
[2023-02-28T14:41:41.162+0900][794.652s] GC(538) Phase 2: Prepare for compaction 30.655ms
[2023-02-28T14:41:41.162+0900][794.652s] GC(538) Phase 3: Adjust pointers
[2023-02-28T14:41:41.199+0900][794.689s] GC(538) Phase 3: Adjust pointers 36.840ms
[2023-02-28T14:41:41.199+0900][794.689s] GC(538) Phase 4: Compact heap
[2023-02-28T14:41:41.229+0900][794.718s] GC(538) Phase 4: Compact heap 29.718ms
[2023-02-28T14:41:41.241+0900][794.731s] GC(538) Eden regions: 0->0(25)
[2023-02-28T14:41:41.241+0900][794.731s] GC(538) Survivor regions: 0->0(4)
[2023-02-28T14:41:41.241+0900][794.731s] GC(538) Old regions: 479->479
[2023-02-28T14:41:41.241+0900][794.731s] GC(538) Humongous regions: 33->33
[2023-02-28T14:41:41.241+0900][794.731s] GC(538) Metaspace: 65164K(66944K)->65164K(66944K) NonClass: 57761K(58880K)->57761K(58880K) Class: 7403K(8064K)->7403K(8064K)
[2023-02-28T14:41:41.241+0900][794.731s] GC(538) Pause Full (G1 Evacuation Pause) 511M->511M(512M) 162.914ms
[2023-02-28T14:41:41.241+0900][794.731s] GC(538) User=1.55s Sys=0.00s Real=0.16s
[2023-02-28T14:41:41.242+0900][794.731s] GC(539) Using 10 workers of 10 for full compaction
[2023-02-28T14:41:41.242+0900][794.731s] GC(539) Pause Full (G1 Evacuation Pause)
[2023-02-28T14:41:41.242+0900][794.732s] GC(539) Phase 1: Mark live objects
[2023-02-28T14:41:41.293+0900][794.783s] GC(539) Cleaned string and symbol table, strings: 31141 processed, 0 removed, symbols: 195635 processed, 0 removed
[2023-02-28T14:41:41.293+0900][794.783s] GC(539) Phase 1: Mark live objects 51.298ms
[2023-02-28T14:41:41.293+0900][794.783s] GC(539) Phase 2: Prepare for compaction
[2023-02-28T14:41:41.326+0900][794.815s] GC(539) Phase 2: Prepare for compaction 32.026ms
[2023-02-28T14:41:41.326+0900][794.815s] GC(539) Phase 3: Adjust pointers
[2023-02-28T14:41:41.363+0900][794.853s] GC(539) Phase 3: Adjust pointers 37.768ms
[2023-02-28T14:41:41.364+0900][794.853s] GC(539) Phase 4: Compact heap
[2023-02-28T14:41:41.391+0900][794.881s] GC(539) Phase 4: Compact heap 27.677ms
[2023-02-28T14:41:41.403+0900][794.893s] GC(539) Eden regions: 0->0(25)
[2023-02-28T14:41:41.403+0900][794.893s] GC(539) Survivor regions: 0->0(4)
[2023-02-28T14:41:41.403+0900][794.893s] GC(539) Old regions: 479->479
[2023-02-28T14:41:41.404+0900][794.893s] GC(539) Humongous regions: 33->33
[2023-02-28T14:41:41.404+0900][794.893s] GC(539) Metaspace: 65164K(66944K)->65164K(66944K) NonClass: 57761K(58880K)->57761K(58880K) Class: 7403K(8064K)->7403K(8064K)
[2023-02-28T14:41:41.404+0900][794.893s] GC(539) Pause Full (G1 Evacuation Pause) 511M->511M(512M) 161.658ms
[2023-02-28T14:41:41.404+0900][794.893s] GC(539) User=1.41s Sys=0.00s Real=0.16s
[2023-02-28T14:41:41.404+0900][794.893s] GC(540) Pause Young (Concurrent Start) (G1 Evacuation Pause)
[2023-02-28T14:41:41.404+0900][794.894s] GC(540) Using 10 workers of 10 for evacuation
[2023-02-28T14:41:41.405+0900][794.894s] GC(540)   Pre Evacuate Collection Set: 0.1ms
[2023-02-28T14:41:41.405+0900][794.894s] GC(540)   Evacuate Collection Set: 0.4ms
[2023-02-28T14:41:41.405+0900][794.894s] GC(540)   Post Evacuate Collection Set: 0.1ms
[2023-02-28T14:41:41.405+0900][794.894s] GC(540)   Other: 0.2ms
[2023-02-28T14:41:41.405+0900][794.894s] GC(540) Eden regions: 0->0(25)
[2023-02-28T14:41:41.405+0900][794.894s] GC(540) Survivor regions: 0->0(4)
[2023-02-28T14:41:41.405+0900][794.894s] GC(540) Old regions: 479->479
[2023-02-28T14:41:41.405+0900][794.894s] GC(540) Humongous regions: 33->33
[2023-02-28T14:41:41.405+0900][794.894s] GC(540) Metaspace: 65164K(66944K)->65164K(66944K) NonClass: 57761K(58880K)->57761K(58880K) Class: 7403K(8064K)->7403K(8064K)
[2023-02-28T14:41:41.405+0900][794.894s] GC(540) Pause Young (Concurrent Start) (G1 Evacuation Pause) 511M->511M(512M) 0.944ms
[2023-02-28T14:41:41.405+0900][794.894s] GC(540) User=0.00s Sys=0.00s Real=0.00s
[2023-02-28T14:41:41.405+0900][794.894s] GC(541) Using 10 workers of 10 for full compaction
[2023-02-28T14:41:41.405+0900][794.894s] GC(542) Concurrent Cycle
[2023-02-28T14:41:41.405+0900][794.895s] GC(542) Concurrent Clear Claimed Marks
[2023-02-28T14:41:41.405+0900][794.895s] GC(542) Concurrent Clear Claimed Marks 0.033ms
[2023-02-28T14:41:41.405+0900][794.895s] GC(541) Pause Full (G1 Evacuation Pause)
[2023-02-28T14:41:41.405+0900][794.895s] GC(542) Concurrent Scan Root Regions
[2023-02-28T14:41:41.405+0900][794.895s] GC(542) Concurrent Scan Root Regions 0.063ms
[2023-02-28T14:41:41.405+0900][794.895s] GC(542) Concurrent Mark (794.895s)
[2023-02-28T14:41:41.405+0900][794.895s] GC(542) Concurrent Mark From Roots
[2023-02-28T14:41:41.405+0900][794.895s] GC(542) Using 3 workers of 3 for marking
[2023-02-28T14:41:41.406+0900][794.895s] GC(541) Phase 1: Mark live objects
[2023-02-28T14:41:41.479+0900][794.969s] GC(541) Cleaned string and symbol table, strings: 31141 processed, 0 removed, symbols: 195635 processed, 0 removed
[2023-02-28T14:41:41.479+0900][794.970s] GC(541) Phase 1: Mark live objects 74.415ms
[2023-02-28T14:41:41.480+0900][794.970s] GC(541) Phase 2: Prepare for compaction
[2023-02-28T14:41:41.518+0900][795.008s] GC(541) Phase 2: Prepare for compaction 38.745ms
[2023-02-28T14:41:41.518+0900][795.008s] GC(541) Phase 3: Adjust pointers
[2023-02-28T14:41:41.556+0900][795.046s] GC(541) Phase 3: Adjust pointers 37.246ms
[2023-02-28T14:41:41.556+0900][795.046s] GC(541) Phase 4: Compact heap
[2023-02-28T14:41:41.583+0900][795.073s] GC(541) Phase 4: Compact heap 27.374ms
[2023-02-28T14:41:41.598+0900][795.087s] GC(541) Eden regions: 0->0(25)
[2023-02-28T14:41:41.598+0900][795.088s] GC(541) Survivor regions: 0->0(4)
[2023-02-28T14:41:41.598+0900][795.088s] GC(541) Old regions: 479->479
[2023-02-28T14:41:41.598+0900][795.088s] GC(541) Humongous regions: 33->33
[2023-02-28T14:41:41.598+0900][795.088s] GC(541) Metaspace: 65164K(66944K)->65164K(66944K) NonClass: 57761K(58880K)->57761K(58880K) Class: 7403K(8064K)->7403K(8064K)
[2023-02-28T14:41:41.598+0900][795.088s] GC(541) Pause Full (G1 Evacuation Pause) 511M->511M(512M) 193.045ms
[2023-02-28T14:41:41.598+0900][795.088s] GC(541) User=1.78s Sys=0.00s Real=0.19s
[2023-02-28T14:41:41.598+0900][795.088s] GC(543) Using 10 workers of 10 for full compaction
[2023-02-28T14:41:41.598+0900][795.088s] GC(543) Pause Full (G1 Evacuation Pause)
[2023-02-28T14:41:41.599+0900][795.088s] GC(543) Phase 1: Mark live objects
[2023-02-28T14:41:41.655+0900][795.145s] GC(543) Cleaned string and symbol table, strings: 31141 processed, 0 removed, symbols: 195635 processed, 0 removed
[2023-02-28T14:41:41.655+0900][795.145s] GC(543) Phase 1: Mark live objects 56.507ms
[2023-02-28T14:41:41.655+0900][795.145s] GC(543) Phase 2: Prepare for compaction
[2023-02-28T14:41:41.687+0900][795.177s] GC(543) Phase 2: Prepare for compaction 31.916ms
[2023-02-28T14:41:41.687+0900][795.177s] GC(543) Phase 3: Adjust pointers
[2023-02-28T14:41:41.724+0900][795.214s] GC(543) Phase 3: Adjust pointers 36.780ms
[2023-02-28T14:41:41.724+0900][795.214s] GC(543) Phase 4: Compact heap
[2023-02-28T14:41:41.751+0900][795.241s] GC(543) Phase 4: Compact heap 26.819ms
[2023-02-28T14:41:41.764+0900][795.253s] GC(543) Eden regions: 0->0(25)
[2023-02-28T14:41:41.764+0900][795.253s] GC(543) Survivor regions: 0->0(4)
[2023-02-28T14:41:41.764+0900][795.253s] GC(543) Old regions: 479->479
[2023-02-28T14:41:41.764+0900][795.253s] GC(543) Humongous regions: 33->33
[2023-02-28T14:41:41.764+0900][795.253s] GC(543) Metaspace: 65164K(66944K)->65164K(66944K) NonClass: 57761K(58880K)->57761K(58880K) Class: 7403K(8064K)->7403K(8064K)
[2023-02-28T14:41:41.764+0900][795.253s] GC(543) Pause Full (G1 Evacuation Pause) 511M->511M(512M) 165.266ms
[2023-02-28T14:41:41.764+0900][795.253s] GC(543) User=1.58s Sys=0.00s Real=0.17s
[2023-02-28T14:41:41.764+0900][795.254s] GC(542) Concurrent Mark From Roots 358.818ms
[2023-02-28T14:41:41.764+0900][795.254s] GC(544) Pause Young (Normal) (G1 Evacuation Pause)
[2023-02-28T14:41:41.764+0900][795.254s] GC(544) Using 10 workers of 10 for evacuation
[2023-02-28T14:41:41.765+0900][795.254s] GC(544)   Pre Evacuate Collection Set: 0.0ms
[2023-02-28T14:41:41.765+0900][795.254s] GC(544)   Evacuate Collection Set: 0.2ms
[2023-02-28T14:41:41.765+0900][795.254s] GC(544)   Post Evacuate Collection Set: 0.1ms
[2023-02-28T14:41:41.765+0900][795.254s] GC(544)   Other: 0.1ms
[2023-02-28T14:41:41.765+0900][795.254s] GC(544) Eden regions: 0->0(25)
[2023-02-28T14:41:41.765+0900][795.254s] GC(544) Survivor regions: 0->0(4)
[2023-02-28T14:41:41.765+0900][795.254s] GC(544) Old regions: 479->479
[2023-02-28T14:41:41.765+0900][795.254s] GC(544) Humongous regions: 33->33
[2023-02-28T14:41:41.765+0900][795.254s] GC(544) Metaspace: 65164K(66944K)->65164K(66944K) NonClass: 57761K(58880K)->57761K(58880K) Class: 7403K(8064K)->7403K(8064K)
[2023-02-28T14:41:41.765+0900][795.254s] GC(544) Pause Young (Normal) (G1 Evacuation Pause) 511M->511M(512M) 0.562ms
[2023-02-28T14:41:41.765+0900][795.254s] GC(544) User=0.00s Sys=0.00s Real=0.00s
[2023-02-28T14:41:41.765+0900][795.254s] GC(545) Using 10 workers of 10 for full compaction
[2023-02-28T14:41:41.765+0900][795.254s] GC(545) Pause Full (G1 Evacuation Pause)
[2023-02-28T14:41:41.765+0900][795.255s] GC(545) Phase 1: Mark live objects
[2023-02-28T14:41:41.817+0900][795.306s] GC(545) Cleaned string and symbol table, strings: 31141 processed, 0 removed, symbols: 195635 processed, 0 removed
[2023-02-28T14:41:41.817+0900][795.306s] GC(545) Phase 1: Mark live objects 51.565ms
[2023-02-28T14:41:41.817+0900][795.306s] GC(545) Phase 2: Prepare for compaction
[2023-02-28T14:41:41.850+0900][795.340s] GC(545) Phase 2: Prepare for compaction 34.186ms
[2023-02-28T14:41:41.850+0900][795.341s] GC(545) Phase 3: Adjust pointers
[2023-02-28T14:41:41.886+0900][795.376s] GC(545) Phase 3: Adjust pointers 35.849ms
[2023-02-28T14:41:41.886+0900][795.376s] GC(545) Phase 4: Compact heap
[2023-02-28T14:41:41.915+0900][795.405s] GC(545) Phase 4: Compact heap 28.276ms
[2023-02-28T14:41:41.926+0900][795.416s] GC(545) Eden regions: 0->0(25)
[2023-02-28T14:41:41.927+0900][795.416s] GC(545) Survivor regions: 0->0(4)
[2023-02-28T14:41:41.927+0900][795.416s] GC(545) Old regions: 479->479
[2023-02-28T14:41:41.927+0900][795.416s] GC(545) Humongous regions: 33->33
[2023-02-28T14:41:41.927+0900][795.417s] GC(545) Metaspace: 65164K(66944K)->65164K(66944K) NonClass: 57761K(58880K)->57761K(58880K) Class: 7403K(8064K)->7403K(8064K)
[2023-02-28T14:41:41.927+0900][795.417s] GC(545) Pause Full (G1 Evacuation Pause) 511M->511M(512M) 162.189ms
[2023-02-28T14:41:41.927+0900][795.417s] GC(545) User=1.52s Sys=0.00s Real=0.16s
[2023-02-28T14:41:41.927+0900][795.417s] GC(546) Using 10 workers of 10 for full compaction
[2023-02-28T14:41:41.927+0900][795.417s] GC(546) Pause Full (G1 Evacuation Pause)
[2023-02-28T14:41:41.928+0900][795.417s] GC(546) Phase 1: Mark live objects
[2023-02-28T14:41:41.975+0900][795.464s] GC(546) Cleaned string and symbol table, strings: 31141 processed, 0 removed, symbols: 195635 processed, 0 removed
[2023-02-28T14:41:41.975+0900][795.465s] GC(546) Phase 1: Mark live objects 47.097ms
[2023-02-28T14:41:41.975+0900][795.465s] GC(546) Phase 2: Prepare for compaction
[2023-02-28T14:41:42.003+0900][795.492s] GC(546) Phase 2: Prepare for compaction 27.868ms
[2023-02-28T14:41:42.003+0900][795.493s] GC(546) Phase 3: Adjust pointers
[2023-02-28T14:41:42.035+0900][795.525s] GC(546) Phase 3: Adjust pointers 32.297ms
[2023-02-28T14:41:42.035+0900][795.525s] GC(546) Phase 4: Compact heap
[2023-02-28T14:41:42.059+0900][795.548s] GC(546) Phase 4: Compact heap 23.277ms
[2023-02-28T14:41:42.071+0900][795.561s] GC(546) Eden regions: 0->0(25)
[2023-02-28T14:41:42.071+0900][795.561s] GC(546) Survivor regions: 0->0(4)
[2023-02-28T14:41:42.071+0900][795.561s] GC(546) Old regions: 479->479
[2023-02-28T14:41:42.071+0900][795.561s] GC(546) Humongous regions: 33->33
[2023-02-28T14:41:42.071+0900][795.561s] GC(546) Metaspace: 65164K(66944K)->65164K(66944K) NonClass: 57761K(58880K)->57761K(58880K) Class: 7403K(8064K)->7403K(8064K)
[2023-02-28T14:41:42.071+0900][795.561s] GC(546) Pause Full (G1 Evacuation Pause) 511M->511M(512M) 143.871ms
[2023-02-28T14:41:42.072+0900][795.561s] GC(546) User=1.27s Sys=0.00s Real=0.14s
[2023-02-28T14:41:42.072+0900][795.561s] GC(542) Concurrent Mark Abort
[2023-02-28T14:41:42.072+0900][795.561s] GC(542) Concurrent Cycle 666.777ms
[2023-02-28T14:41:42.072+0900][795.561s] GC(547) Pause Young (Normal) (G1 Evacuation Pause)
[2023-02-28T14:41:42.072+0900][795.561s] GC(547) Using 10 workers of 10 for evacuation
[2023-02-28T14:41:42.072+0900][795.562s] GC(547)   Pre Evacuate Collection Set: 0.0ms
[2023-02-28T14:41:42.072+0900][795.562s] GC(547)   Evacuate Collection Set: 0.2ms
[2023-02-28T14:41:42.072+0900][795.562s] GC(547)   Post Evacuate Collection Set: 0.1ms
[2023-02-28T14:41:42.072+0900][795.562s] GC(547)   Other: 0.1ms
[2023-02-28T14:41:42.072+0900][795.562s] GC(547) Eden regions: 0->0(25)
[2023-02-28T14:41:42.072+0900][795.562s] GC(547) Survivor regions: 0->0(4)
[2023-02-28T14:41:42.072+0900][795.562s] GC(547) Old regions: 479->479
[2023-02-28T14:41:42.072+0900][795.562s] GC(547) Humongous regions: 33->33
[2023-02-28T14:41:42.072+0900][795.562s] GC(547) Metaspace: 65164K(66944K)->65164K(66944K) NonClass: 57761K(58880K)->57761K(58880K) Class: 7403K(8064K)->7403K(8064K)
[2023-02-28T14:41:42.073+0900][795.562s] GC(547) Pause Young (Normal) (G1 Evacuation Pause) 511M->511M(512M) 0.688ms
[2023-02-28T14:41:42.073+0900][795.562s] GC(547) User=0.00s Sys=0.00s Real=0.00s
[2023-02-28T14:41:42.073+0900][795.562s] GC(548) Using 10 workers of 10 for full compaction
[2023-02-28T14:41:42.073+0900][795.562s] GC(548) Pause Full (G1 Evacuation Pause)
[2023-02-28T14:41:42.073+0900][795.563s] GC(548) Phase 1: Mark live objects
[2023-02-28T14:41:42.140+0900][795.629s] GC(548) Cleaned string and symbol table, strings: 31141 processed, 0 removed, symbols: 195635 processed, 0 removed
[2023-02-28T14:41:42.140+0900][795.629s] GC(548) Phase 1: Mark live objects 66.608ms
[2023-02-28T14:41:42.140+0900][795.629s] GC(548) Phase 2: Prepare for compaction
[2023-02-28T14:41:42.168+0900][795.658s] GC(548) Phase 2: Prepare for compaction 28.410ms
[2023-02-28T14:41:42.169+0900][795.658s] GC(548) Phase 3: Adjust pointers
[2023-02-28T14:41:42.203+0900][795.693s] GC(548) Phase 3: Adjust pointers 34.863ms
[2023-02-28T14:41:42.204+0900][795.693s] GC(548) Phase 4: Compact heap
[2023-02-28T14:41:42.226+0900][795.716s] GC(548) Phase 4: Compact heap 23.135ms
[2023-02-28T14:41:42.239+0900][795.729s] GC(548) Eden regions: 0->0(25)
[2023-02-28T14:41:42.239+0900][795.729s] GC(548) Survivor regions: 0->0(4)
[2023-02-28T14:41:42.239+0900][795.729s] GC(548) Old regions: 479->479
[2023-02-28T14:41:42.239+0900][795.729s] GC(548) Humongous regions: 33->33
[2023-02-28T14:41:42.239+0900][795.729s] GC(548) Metaspace: 65164K(66944K)->65164K(66944K) NonClass: 57761K(58880K)->57761K(58880K) Class: 7403K(8064K)->7403K(8064K)
[2023-02-28T14:41:42.239+0900][795.729s] GC(548) Pause Full (G1 Evacuation Pause) 511M->511M(512M) 166.806ms
[2023-02-28T14:41:42.239+0900][795.729s] GC(548) User=1.55s Sys=0.02s Real=0.17s
[2023-02-28T14:41:42.239+0900][795.729s] GC(549) Using 10 workers of 10 for full compaction
[2023-02-28T14:41:42.239+0900][795.729s] GC(549) Pause Full (G1 Evacuation Pause)
[2023-02-28T14:41:42.240+0900][795.730s] GC(549) Phase 1: Mark live objects
[2023-02-28T14:41:42.285+0900][795.775s] GC(549) Cleaned string and symbol table, strings: 31141 processed, 0 removed, symbols: 195635 processed, 0 removed
[2023-02-28T14:41:42.285+0900][795.775s] GC(549) Phase 1: Mark live objects 45.431ms
[2023-02-28T14:41:42.285+0900][795.775s] GC(549) Phase 2: Prepare for compaction
[2023-02-28T14:41:42.315+0900][795.805s] GC(549) Phase 2: Prepare for compaction 29.831ms
[2023-02-28T14:41:42.315+0900][795.805s] GC(549) Phase 3: Adjust pointers
[2023-02-28T14:41:42.348+0900][795.838s] GC(549) Phase 3: Adjust pointers 32.692ms
[2023-02-28T14:41:42.348+0900][795.838s] GC(549) Phase 4: Compact heap
[2023-02-28T14:41:42.373+0900][795.862s] GC(549) Phase 4: Compact heap 24.611ms
[2023-02-28T14:41:42.384+0900][795.873s] GC(549) Eden regions: 0->0(25)
[2023-02-28T14:41:42.384+0900][795.873s] GC(549) Survivor regions: 0->0(4)
[2023-02-28T14:41:42.384+0900][795.873s] GC(549) Old regions: 479->479
[2023-02-28T14:41:42.384+0900][795.873s] GC(549) Humongous regions: 33->33
[2023-02-28T14:41:42.384+0900][795.873s] GC(549) Metaspace: 65164K(66944K)->65164K(66944K) NonClass: 57761K(58880K)->57761K(58880K) Class: 7403K(8064K)->7403K(8064K)
[2023-02-28T14:41:42.384+0900][795.873s] GC(549) Pause Full (G1 Evacuation Pause) 511M->511M(512M) 144.071ms
[2023-02-28T14:41:42.384+0900][795.874s] GC(549) User=1.27s Sys=0.00s Real=0.14s
[2023-02-28T14:41:42.384+0900][795.874s] GC(550) Pause Young (Concurrent Start) (G1 Evacuation Pause)
[2023-02-28T14:41:42.384+0900][795.874s] GC(550) Using 10 workers of 10 for evacuation
[2023-02-28T14:41:42.385+0900][795.874s] GC(550)   Pre Evacuate Collection Set: 0.1ms
[2023-02-28T14:41:42.385+0900][795.875s] GC(550)   Evacuate Collection Set: 0.4ms
[2023-02-28T14:41:42.385+0900][795.875s] GC(550)   Post Evacuate Collection Set: 0.2ms
[2023-02-28T14:41:42.385+0900][795.875s] GC(550)   Other: 0.1ms
[2023-02-28T14:41:42.385+0900][795.875s] GC(550) Eden regions: 0->0(25)
[2023-02-28T14:41:42.385+0900][795.875s] GC(550) Survivor regions: 0->0(4)
[2023-02-28T14:41:42.385+0900][795.875s] GC(550) Old regions: 479->479
[2023-02-28T14:41:42.385+0900][795.875s] GC(550) Humongous regions: 33->33
[2023-02-28T14:41:42.385+0900][795.875s] GC(550) Metaspace: 65164K(66944K)->65164K(66944K) NonClass: 57761K(58880K)->57761K(58880K) Class: 7403K(8064K)->7403K(8064K)
[2023-02-28T14:41:42.385+0900][795.875s] GC(550) Pause Young (Concurrent Start) (G1 Evacuation Pause) 511M->511M(512M) 0.957ms
[2023-02-28T14:41:42.385+0900][795.875s] GC(550) User=0.00s Sys=0.00s Real=0.00s
[2023-02-28T14:41:42.385+0900][795.875s] GC(551) Using 10 workers of 10 for full compaction
[2023-02-28T14:41:42.385+0900][795.875s] GC(552) Concurrent Cycle
[2023-02-28T14:41:42.385+0900][795.875s] GC(552) Concurrent Clear Claimed Marks
[2023-02-28T14:41:42.385+0900][795.875s] GC(552) Concurrent Clear Claimed Marks 0.033ms
[2023-02-28T14:41:42.385+0900][795.875s] GC(551) Pause Full (G1 Evacuation Pause)
[2023-02-28T14:41:42.385+0900][795.875s] GC(552) Concurrent Scan Root Regions
[2023-02-28T14:41:42.385+0900][795.875s] GC(552) Concurrent Scan Root Regions 0.057ms
[2023-02-28T14:41:42.385+0900][795.875s] GC(552) Concurrent Mark (795.875s)
[2023-02-28T14:41:42.385+0900][795.875s] GC(552) Concurrent Mark From Roots
[2023-02-28T14:41:42.385+0900][795.875s] GC(552) Using 3 workers of 3 for marking
[2023-02-28T14:41:42.386+0900][795.876s] GC(551) Phase 1: Mark live objects
[2023-02-28T14:41:42.435+0900][795.924s] GC(551) Cleaned string and symbol table, strings: 31141 processed, 0 removed, symbols: 195635 processed, 0 removed
[2023-02-28T14:41:42.435+0900][795.924s] GC(551) Phase 1: Mark live objects 48.478ms
[2023-02-28T14:41:42.435+0900][795.924s] GC(551) Phase 2: Prepare for compaction
[2023-02-28T14:41:42.461+0900][795.951s] GC(551) Phase 2: Prepare for compaction 26.567ms
[2023-02-28T14:41:42.461+0900][795.951s] GC(551) Phase 3: Adjust pointers
[2023-02-28T14:41:42.495+0900][795.984s] GC(551) Phase 3: Adjust pointers 33.384ms
[2023-02-28T14:41:42.495+0900][795.984s] GC(551) Phase 4: Compact heap
[2023-02-28T14:41:42.519+0900][796.008s] GC(551) Phase 4: Compact heap 23.949ms
[2023-02-28T14:41:42.532+0900][796.021s] GC(551) Eden regions: 0->0(25)
[2023-02-28T14:41:42.532+0900][796.021s] GC(551) Survivor regions: 0->0(4)
[2023-02-28T14:41:42.532+0900][796.021s] GC(551) Old regions: 479->479
[2023-02-28T14:41:42.532+0900][796.021s] GC(551) Humongous regions: 33->33
[2023-02-28T14:41:42.532+0900][796.021s] GC(551) Metaspace: 65164K(66944K)->65164K(66944K) NonClass: 57761K(58880K)->57761K(58880K) Class: 7403K(8064K)->7403K(8064K)
[2023-02-28T14:41:42.532+0900][796.021s] GC(551) Pause Full (G1 Evacuation Pause) 511M->511M(512M) 146.181ms
[2023-02-28T14:41:42.532+0900][796.021s] GC(551) User=1.42s Sys=0.00s Real=0.15s
[2023-02-28T14:41:42.532+0900][796.021s] GC(553) Using 10 workers of 10 for full compaction
[2023-02-28T14:41:42.532+0900][796.021s] GC(553) Pause Full (G1 Evacuation Pause)
[2023-02-28T14:41:42.532+0900][796.022s] GC(553) Phase 1: Mark live objects
[2023-02-28T14:41:42.578+0900][796.067s] GC(553) Cleaned string and symbol table, strings: 31141 processed, 0 removed, symbols: 195635 processed, 0 removed
[2023-02-28T14:41:42.578+0900][796.067s] GC(553) Phase 1: Mark live objects 45.747ms
[2023-02-28T14:41:42.578+0900][796.067s] GC(553) Phase 2: Prepare for compaction
[2023-02-28T14:41:42.609+0900][796.100s] GC(553) Phase 2: Prepare for compaction 32.092ms
[2023-02-28T14:41:42.610+0900][796.100s] GC(553) Phase 3: Adjust pointers
[2023-02-28T14:41:42.647+0900][796.137s] GC(553) Phase 3: Adjust pointers 37.386ms
[2023-02-28T14:41:42.647+0900][796.137s] GC(553) Phase 4: Compact heap
[2023-02-28T14:41:42.676+0900][796.166s] GC(553) Phase 4: Compact heap 29.066ms
[2023-02-28T14:41:42.690+0900][796.180s] GC(553) Eden regions: 0->0(25)
[2023-02-28T14:41:42.690+0900][796.180s] GC(553) Survivor regions: 0->0(4)
[2023-02-28T14:41:42.690+0900][796.180s] GC(553) Old regions: 479->479
[2023-02-28T14:41:42.691+0900][796.180s] GC(553) Humongous regions: 33->33
[2023-02-28T14:41:42.691+0900][796.180s] GC(553) Metaspace: 65164K(66944K)->65164K(66944K) NonClass: 57761K(58880K)->57761K(58880K) Class: 7403K(8064K)->7403K(8064K)
[2023-02-28T14:41:42.691+0900][796.180s] GC(553) Pause Full (G1 Evacuation Pause) 511M->511M(512M) 159.062ms
[2023-02-28T14:41:42.691+0900][796.181s] GC(553) User=1.41s Sys=0.00s Real=0.16s
[2023-02-28T14:41:42.691+0900][796.181s] GC(554) Pause Young (Normal) (G1 Evacuation Pause)
[2023-02-28T14:41:42.691+0900][796.181s] GC(554) Using 10 workers of 10 for evacuation
[2023-02-28T14:41:42.691+0900][796.181s] GC(554)   Pre Evacuate Collection Set: 0.0ms
[2023-02-28T14:41:42.691+0900][796.181s] GC(554)   Evacuate Collection Set: 0.1ms
[2023-02-28T14:41:42.691+0900][796.181s] GC(554)   Post Evacuate Collection Set: 0.1ms
[2023-02-28T14:41:42.691+0900][796.181s] GC(554)   Other: 0.1ms
[2023-02-28T14:41:42.691+0900][796.181s] GC(554) Eden regions: 0->0(25)
[2023-02-28T14:41:42.691+0900][796.181s] GC(554) Survivor regions: 0->0(4)
[2023-02-28T14:41:42.691+0900][796.181s] GC(554) Old regions: 479->479
[2023-02-28T14:41:42.691+0900][796.181s] GC(554) Humongous regions: 33->33
[2023-02-28T14:41:42.691+0900][796.181s] GC(554) Metaspace: 65164K(66944K)->65164K(66944K) NonClass: 57761K(58880K)->57761K(58880K) Class: 7403K(8064K)->7403K(8064K)
[2023-02-28T14:41:42.692+0900][796.181s] GC(554) Pause Young (Normal) (G1 Evacuation Pause) 511M->511M(512M) 0.566ms
[2023-02-28T14:41:42.692+0900][796.181s] GC(554) User=0.00s Sys=0.00s Real=0.00s
[2023-02-28T14:41:42.692+0900][796.181s] GC(555) Using 10 workers of 10 for full compaction
[2023-02-28T14:41:42.692+0900][796.182s] GC(555) Pause Full (G1 Evacuation Pause)
[2023-02-28T14:41:42.692+0900][796.182s] GC(555) Phase 1: Mark live objects
[2023-02-28T14:41:42.744+0900][796.234s] GC(555) Cleaned string and symbol table, strings: 31141 processed, 0 removed, symbols: 195635 processed, 0 removed
[2023-02-28T14:41:42.744+0900][796.234s] GC(555) Phase 1: Mark live objects 51.889ms
[2023-02-28T14:41:42.744+0900][796.234s] GC(555) Phase 2: Prepare for compaction
[2023-02-28T14:41:42.772+0900][796.262s] GC(555) Phase 2: Prepare for compaction 27.677ms
[2023-02-28T14:41:42.772+0900][796.262s] GC(555) Phase 3: Adjust pointers
[2023-02-28T14:41:42.803+0900][796.293s] GC(555) Phase 3: Adjust pointers 31.483ms
[2023-02-28T14:41:42.804+0900][796.293s] GC(555) Phase 4: Compact heap
[2023-02-28T14:41:42.828+0900][796.318s] GC(555) Phase 4: Compact heap 24.432ms
[2023-02-28T14:41:42.840+0900][796.329s] GC(555) Eden regions: 0->0(25)
[2023-02-28T14:41:42.840+0900][796.329s] GC(555) Survivor regions: 0->0(4)
[2023-02-28T14:41:42.840+0900][796.329s] GC(555) Old regions: 479->479
[2023-02-28T14:41:42.840+0900][796.329s] GC(555) Humongous regions: 33->33
[2023-02-28T14:41:42.840+0900][796.329s] GC(555) Metaspace: 65164K(66944K)->65164K(66944K) NonClass: 57761K(58880K)->57761K(58880K) Class: 7403K(8064K)->7403K(8064K)
[2023-02-28T14:41:42.840+0900][796.329s] GC(555) Pause Full (G1 Evacuation Pause) 511M->511M(512M) 147.697ms
[2023-02-28T14:41:42.840+0900][796.329s] GC(555) User=1.38s Sys=0.00s Real=0.15s
[2023-02-28T14:41:42.840+0900][796.329s] GC(556) Using 10 workers of 10 for full compaction
[2023-02-28T14:41:42.840+0900][796.330s] GC(556) Pause Full (G1 Evacuation Pause)
[2023-02-28T14:41:42.840+0900][796.330s] GC(556) Phase 1: Mark live objects
[2023-02-28T14:41:42.884+0900][796.373s] GC(556) Cleaned string and symbol table, strings: 31141 processed, 0 removed, symbols: 195635 processed, 0 removed
[2023-02-28T14:41:42.884+0900][796.373s] GC(556) Phase 1: Mark live objects 43.605ms
[2023-02-28T14:41:42.884+0900][796.373s] GC(556) Phase 2: Prepare for compaction
[2023-02-28T14:41:42.912+0900][796.401s] GC(556) Phase 2: Prepare for compaction 28.045ms
[2023-02-28T14:41:42.912+0900][796.402s] GC(556) Phase 3: Adjust pointers
[2023-02-28T14:41:42.945+0900][796.434s] GC(556) Phase 3: Adjust pointers 32.705ms
[2023-02-28T14:41:42.945+0900][796.434s] GC(556) Phase 4: Compact heap
[2023-02-28T14:41:42.967+0900][796.457s] GC(556) Phase 4: Compact heap 23.179ms
[2023-02-28T14:41:42.979+0900][796.469s] GC(556) Eden regions: 0->0(25)
[2023-02-28T14:41:42.979+0900][796.469s] GC(556) Survivor regions: 0->0(4)
[2023-02-28T14:41:42.979+0900][796.469s] GC(556) Old regions: 479->479
[2023-02-28T14:41:42.979+0900][796.469s] GC(556) Humongous regions: 33->33
[2023-02-28T14:41:42.979+0900][796.469s] GC(556) Metaspace: 65164K(66944K)->65164K(66944K) NonClass: 57761K(58880K)->57761K(58880K) Class: 7403K(8064K)->7403K(8064K)
[2023-02-28T14:41:42.979+0900][796.469s] GC(556) Pause Full (G1 Evacuation Pause) 511M->511M(512M) 139.532ms
[2023-02-28T14:41:42.979+0900][796.469s] GC(556) User=1.39s Sys=0.00s Real=0.14s
[2023-02-28T14:41:42.979+0900][796.469s] GC(552) Concurrent Mark From Roots 594.292ms
[2023-02-28T14:41:42.979+0900][796.469s] GC(557) Pause Young (Normal) (G1 Evacuation Pause)
[2023-02-28T14:41:42.979+0900][796.469s] GC(557) Using 10 workers of 10 for evacuation
[2023-02-28T14:41:42.980+0900][796.470s] GC(557)   Pre Evacuate Collection Set: 0.0ms
[2023-02-28T14:41:42.980+0900][796.470s] GC(557)   Evacuate Collection Set: 0.1ms
[2023-02-28T14:41:42.980+0900][796.470s] GC(557)   Post Evacuate Collection Set: 0.1ms
[2023-02-28T14:41:42.980+0900][796.470s] GC(557)   Other: 0.1ms
[2023-02-28T14:41:42.980+0900][796.470s] GC(557) Eden regions: 0->0(25)
[2023-02-28T14:41:42.980+0900][796.470s] GC(557) Survivor regions: 0->0(4)
[2023-02-28T14:41:42.980+0900][796.470s] GC(557) Old regions: 479->479
[2023-02-28T14:41:42.980+0900][796.470s] GC(557) Humongous regions: 33->33
[2023-02-28T14:41:42.980+0900][796.470s] GC(557) Metaspace: 65164K(66944K)->65164K(66944K) NonClass: 57761K(58880K)->57761K(58880K) Class: 7403K(8064K)->7403K(8064K)
[2023-02-28T14:41:42.980+0900][796.470s] GC(557) Pause Young (Normal) (G1 Evacuation Pause) 511M->511M(512M) 0.487ms
[2023-02-28T14:41:42.980+0900][796.470s] GC(557) User=0.00s Sys=0.00s Real=0.00s
[2023-02-28T14:41:42.980+0900][796.470s] GC(558) Using 10 workers of 10 for full compaction
[2023-02-28T14:41:42.980+0900][796.470s] GC(558) Pause Full (G1 Evacuation Pause)
[2023-02-28T14:41:42.980+0900][796.470s] GC(558) Phase 1: Mark live objects
[2023-02-28T14:41:43.024+0900][796.514s] GC(558) Cleaned string and symbol table, strings: 31141 processed, 0 removed, symbols: 195635 processed, 0 removed
[2023-02-28T14:41:43.024+0900][796.514s] GC(558) Phase 1: Mark live objects 44.187ms
[2023-02-28T14:41:43.025+0900][796.514s] GC(558) Phase 2: Prepare for compaction
[2023-02-28T14:41:43.052+0900][796.542s] GC(558) Phase 2: Prepare for compaction 27.477ms
[2023-02-28T14:41:43.052+0900][796.542s] GC(558) Phase 3: Adjust pointers
[2023-02-28T14:41:43.084+0900][796.574s] GC(558) Phase 3: Adjust pointers 31.931ms
[2023-02-28T14:41:43.084+0900][796.574s] GC(558) Phase 4: Compact heap
[2023-02-28T14:41:43.108+0900][796.598s] GC(558) Phase 4: Compact heap 23.859ms
[2023-02-28T14:41:43.120+0900][796.610s] GC(558) Eden regions: 0->0(25)
[2023-02-28T14:41:43.120+0900][796.610s] GC(558) Survivor regions: 0->0(4)
[2023-02-28T14:41:43.120+0900][796.610s] GC(558) Old regions: 479->479
[2023-02-28T14:41:43.120+0900][796.610s] GC(558) Humongous regions: 33->33
[2023-02-28T14:41:43.120+0900][796.610s] GC(558) Metaspace: 65164K(66944K)->65164K(66944K) NonClass: 57761K(58880K)->57761K(58880K) Class: 7403K(8064K)->7403K(8064K)
[2023-02-28T14:41:43.120+0900][796.610s] GC(558) Pause Full (G1 Evacuation Pause) 511M->511M(512M) 139.969ms
[2023-02-28T14:41:43.120+0900][796.610s] GC(558) User=1.38s Sys=0.00s Real=0.14s
[2023-02-28T14:41:43.121+0900][796.610s] GC(559) Using 10 workers of 10 for full compaction
[2023-02-28T14:41:43.121+0900][796.610s] GC(559) Pause Full (G1 Evacuation Pause)
[2023-02-28T14:41:43.121+0900][796.611s] GC(559) Phase 1: Mark live objects
[2023-02-28T14:41:43.164+0900][796.653s] GC(559) Cleaned string and symbol table, strings: 31141 processed, 0 removed, symbols: 195635 processed, 0 removed
[2023-02-28T14:41:43.164+0900][796.654s] GC(559) Phase 1: Mark live objects 42.922ms
[2023-02-28T14:41:43.164+0900][796.654s] GC(559) Phase 2: Prepare for compaction
[2023-02-28T14:41:43.191+0900][796.681s] GC(559) Phase 2: Prepare for compaction 27.410ms
[2023-02-28T14:41:43.191+0900][796.681s] GC(559) Phase 3: Adjust pointers
[2023-02-28T14:41:43.236+0900][796.726s] GC(559) Phase 3: Adjust pointers 44.813ms
[2023-02-28T14:41:43.237+0900][796.726s] GC(559) Phase 4: Compact heap
[2023-02-28T14:41:43.275+0900][796.765s] GC(559) Phase 4: Compact heap 38.793ms
[2023-02-28T14:41:43.290+0900][796.779s] GC(559) Eden regions: 0->0(25)
[2023-02-28T14:41:43.290+0900][796.779s] GC(559) Survivor regions: 0->0(4)
[2023-02-28T14:41:43.290+0900][796.779s] GC(559) Old regions: 479->479
[2023-02-28T14:41:43.290+0900][796.779s] GC(559) Humongous regions: 33->33
[2023-02-28T14:41:43.290+0900][796.779s] GC(559) Metaspace: 65164K(66944K)->65164K(66944K) NonClass: 57761K(58880K)->57761K(58880K) Class: 7403K(8064K)->7403K(8064K)
[2023-02-28T14:41:43.290+0900][796.779s] GC(559) Pause Full (G1 Evacuation Pause) 511M->511M(512M) 168.625ms
[2023-02-28T14:41:43.290+0900][796.779s] GC(559) User=1.70s Sys=0.00s Real=0.17s
[2023-02-28T14:41:43.290+0900][796.779s] GC(552) Concurrent Mark Abort
[2023-02-28T14:41:43.290+0900][796.779s] GC(552) Concurrent Cycle 904.492ms
[2023-02-28T14:41:43.290+0900][796.779s] GC(560) Pause Young (Normal) (G1 Evacuation Pause)
[2023-02-28T14:41:43.290+0900][796.779s] GC(560) Using 10 workers of 10 for evacuation
[2023-02-28T14:41:43.290+0900][796.780s] GC(560)   Pre Evacuate Collection Set: 0.0ms
[2023-02-28T14:41:43.290+0900][796.780s] GC(560)   Evacuate Collection Set: 0.2ms
[2023-02-28T14:41:43.290+0900][796.780s] GC(560)   Post Evacuate Collection Set: 0.1ms
[2023-02-28T14:41:43.290+0900][796.780s] GC(560)   Other: 0.1ms
[2023-02-28T14:41:43.290+0900][796.780s] GC(560) Eden regions: 0->0(25)
[2023-02-28T14:41:43.291+0900][796.780s] GC(560) Survivor regions: 0->0(4)
[2023-02-28T14:41:43.291+0900][796.780s] GC(560) Old regions: 479->479
[2023-02-28T14:41:43.291+0900][796.780s] GC(560) Humongous regions: 33->33
[2023-02-28T14:41:43.291+0900][796.780s] GC(560) Metaspace: 65164K(66944K)->65164K(66944K) NonClass: 57761K(58880K)->57761K(58880K) Class: 7403K(8064K)->7403K(8064K)
[2023-02-28T14:41:43.291+0900][796.780s] GC(560) Pause Young (Normal) (G1 Evacuation Pause) 511M->511M(512M) 0.548ms
[2023-02-28T14:41:43.291+0900][796.780s] GC(560) User=0.00s Sys=0.00s Real=0.00s
[2023-02-28T14:41:43.291+0900][796.780s] GC(561) Using 10 workers of 10 for full compaction
[2023-02-28T14:41:43.291+0900][796.780s] GC(561) Pause Full (G1 Evacuation Pause)
[2023-02-28T14:41:43.291+0900][796.780s] GC(561) Phase 1: Mark live objects
[2023-02-28T14:41:43.337+0900][796.826s] GC(561) Cleaned string and symbol table, strings: 31141 processed, 0 removed, symbols: 195635 processed, 0 removed
[2023-02-28T14:41:43.337+0900][796.826s] GC(561) Phase 1: Mark live objects 45.765ms
[2023-02-28T14:41:43.337+0900][796.826s] GC(561) Phase 2: Prepare for compaction
[2023-02-28T14:41:43.363+0900][796.853s] GC(561) Phase 2: Prepare for compaction 26.891ms
[2023-02-28T14:41:43.363+0900][796.853s] GC(561) Phase 3: Adjust pointers
[2023-02-28T14:41:43.395+0900][796.885s] GC(561) Phase 3: Adjust pointers 32.383ms
[2023-02-28T14:41:43.395+0900][796.885s] GC(561) Phase 4: Compact heap
[2023-02-28T14:41:43.419+0900][796.909s] GC(561) Phase 4: Compact heap 23.439ms
[2023-02-28T14:41:43.431+0900][796.921s] GC(561) Eden regions: 0->0(25)
[2023-02-28T14:41:43.431+0900][796.921s] GC(561) Survivor regions: 0->0(4)
[2023-02-28T14:41:43.431+0900][796.921s] GC(561) Old regions: 479->479
[2023-02-28T14:41:43.431+0900][796.921s] GC(561) Humongous regions: 33->33
[2023-02-28T14:41:43.431+0900][796.921s] GC(561) Metaspace: 65164K(66944K)->65164K(66944K) NonClass: 57761K(58880K)->57761K(58880K) Class: 7403K(8064K)->7403K(8064K)
[2023-02-28T14:41:43.431+0900][796.921s] GC(561) Pause Full (G1 Evacuation Pause) 511M->511M(512M) 140.990ms
[2023-02-28T14:41:43.431+0900][796.921s] GC(561) User=1.33s Sys=0.00s Real=0.14s
[2023-02-28T14:41:43.431+0900][796.921s] GC(562) Using 10 workers of 10 for full compaction
[2023-02-28T14:41:43.431+0900][796.921s] GC(562) Pause Full (G1 Evacuation Pause)
[2023-02-28T14:41:43.432+0900][796.922s] GC(562) Phase 1: Mark live objects
[2023-02-28T14:41:43.475+0900][796.965s] GC(562) Cleaned string and symbol table, strings: 31141 processed, 0 removed, symbols: 195635 processed, 0 removed
[2023-02-28T14:41:43.475+0900][796.965s] GC(562) Phase 1: Mark live objects 43.221ms
[2023-02-28T14:41:43.475+0900][796.965s] GC(562) Phase 2: Prepare for compaction
[2023-02-28T14:41:43.503+0900][796.993s] GC(562) Phase 2: Prepare for compaction 27.934ms
[2023-02-28T14:41:43.503+0900][796.993s] GC(562) Phase 3: Adjust pointers
[2023-02-28T14:41:43.538+0900][797.028s] GC(562) Phase 3: Adjust pointers 34.917ms
[2023-02-28T14:41:43.538+0900][797.028s] GC(562) Phase 4: Compact heap
[2023-02-28T14:41:43.562+0900][797.052s] GC(562) Phase 4: Compact heap 24.125ms
[2023-02-28T14:41:43.574+0900][797.063s] GC(562) Eden regions: 0->0(25)
[2023-02-28T14:41:43.574+0900][797.063s] GC(562) Survivor regions: 0->0(4)
[2023-02-28T14:41:43.574+0900][797.064s] GC(562) Old regions: 479->479
[2023-02-28T14:41:43.574+0900][797.064s] GC(562) Humongous regions: 33->33
[2023-02-28T14:41:43.574+0900][797.064s] GC(562) Metaspace: 65164K(66944K)->65164K(66944K) NonClass: 57761K(58880K)->57761K(58880K) Class: 7403K(8064K)->7403K(8064K)
[2023-02-28T14:41:43.574+0900][797.064s] GC(562) Pause Full (G1 Evacuation Pause) 511M->511M(512M) 142.239ms
[2023-02-28T14:41:43.574+0900][797.064s] GC(562) User=1.41s Sys=0.00s Real=0.14s
[2023-02-28T14:41:43.574+0900][797.064s] GC(563) Pause Young (Concurrent Start) (G1 Evacuation Pause)
[2023-02-28T14:41:43.574+0900][797.064s] GC(563) Using 10 workers of 10 for evacuation
[2023-02-28T14:41:43.575+0900][797.065s] GC(563)   Pre Evacuate Collection Set: 0.1ms
[2023-02-28T14:41:43.575+0900][797.065s] GC(563)   Evacuate Collection Set: 0.4ms
[2023-02-28T14:41:43.575+0900][797.065s] GC(563)   Post Evacuate Collection Set: 0.1ms
[2023-02-28T14:41:43.575+0900][797.065s] GC(563)   Other: 0.1ms
[2023-02-28T14:41:43.575+0900][797.065s] GC(563) Eden regions: 0->0(25)
[2023-02-28T14:41:43.575+0900][797.065s] GC(563) Survivor regions: 0->0(4)
[2023-02-28T14:41:43.575+0900][797.065s] GC(563) Old regions: 479->479
[2023-02-28T14:41:43.575+0900][797.065s] GC(563) Humongous regions: 33->33
[2023-02-28T14:41:43.575+0900][797.065s] GC(563) Metaspace: 65164K(66944K)->65164K(66944K) NonClass: 57761K(58880K)->57761K(58880K) Class: 7403K(8064K)->7403K(8064K)
[2023-02-28T14:41:43.575+0900][797.065s] GC(563) Pause Young (Concurrent Start) (G1 Evacuation Pause) 511M->511M(512M) 0.838ms
[2023-02-28T14:41:43.575+0900][797.065s] GC(563) User=0.02s Sys=0.00s Real=0.00s
[2023-02-28T14:41:43.575+0900][797.065s] GC(564) Using 10 workers of 10 for full compaction
[2023-02-28T14:41:43.575+0900][797.065s] GC(565) Concurrent Cycle
[2023-02-28T14:41:43.575+0900][797.065s] GC(565) Concurrent Clear Claimed Marks
[2023-02-28T14:41:43.575+0900][797.065s] GC(565) Concurrent Clear Claimed Marks 0.033ms
[2023-02-28T14:41:43.575+0900][797.065s] GC(564) Pause Full (G1 Evacuation Pause)
[2023-02-28T14:41:43.575+0900][797.065s] GC(565) Concurrent Scan Root Regions
[2023-02-28T14:41:43.575+0900][797.065s] GC(565) Concurrent Scan Root Regions 0.062ms
[2023-02-28T14:41:43.576+0900][797.065s] GC(565) Concurrent Mark (797.065s)
[2023-02-28T14:41:43.576+0900][797.065s] GC(565) Concurrent Mark From Roots
[2023-02-28T14:41:43.576+0900][797.065s] GC(565) Using 3 workers of 3 for marking
[2023-02-28T14:41:43.576+0900][797.066s] GC(564) Phase 1: Mark live objects
[2023-02-28T14:41:43.631+0900][797.120s] GC(564) Cleaned string and symbol table, strings: 31141 processed, 0 removed, symbols: 195635 processed, 0 removed
[2023-02-28T14:41:43.631+0900][797.120s] GC(564) Phase 1: Mark live objects 54.213ms
[2023-02-28T14:41:43.631+0900][797.120s] GC(564) Phase 2: Prepare for compaction
[2023-02-28T14:41:43.658+0900][797.147s] GC(564) Phase 2: Prepare for compaction 27.089ms
[2023-02-28T14:41:43.658+0900][797.147s] GC(564) Phase 3: Adjust pointers
[2023-02-28T14:41:43.690+0900][797.179s] GC(564) Phase 3: Adjust pointers 31.551ms
[2023-02-28T14:41:43.690+0900][797.179s] GC(564) Phase 4: Compact heap
[2023-02-28T14:41:43.712+0900][797.202s] GC(564) Phase 4: Compact heap 23.256ms
[2023-02-28T14:41:43.723+0900][797.213s] GC(564) Eden regions: 0->0(25)
[2023-02-28T14:41:43.723+0900][797.213s] GC(564) Survivor regions: 0->0(4)
[2023-02-28T14:41:43.723+0900][797.213s] GC(564) Old regions: 479->479
[2023-02-28T14:41:43.723+0900][797.213s] GC(564) Humongous regions: 33->33
[2023-02-28T14:41:43.723+0900][797.213s] GC(564) Metaspace: 65164K(66944K)->65164K(66944K) NonClass: 57761K(58880K)->57761K(58880K) Class: 7403K(8064K)->7403K(8064K)
[2023-02-28T14:41:43.723+0900][797.213s] GC(564) Pause Full (G1 Evacuation Pause) 511M->511M(512M) 148.532ms
[2023-02-28T14:41:43.724+0900][797.214s] GC(564) User=1.38s Sys=0.00s Real=0.15s
[2023-02-28T14:41:43.724+0900][797.214s] GC(566) Using 10 workers of 10 for full compaction
[2023-02-28T14:41:43.724+0900][797.214s] GC(566) Pause Full (G1 Evacuation Pause)
[2023-02-28T14:41:43.724+0900][797.214s] GC(566) Phase 1: Mark live objects
[2023-02-28T14:41:43.769+0900][797.259s] GC(566) Cleaned string and symbol table, strings: 31141 processed, 0 removed, symbols: 195635 processed, 0 removed
[2023-02-28T14:41:43.769+0900][797.259s] GC(566) Phase 1: Mark live objects 44.675ms
[2023-02-28T14:41:43.769+0900][797.259s] GC(566) Phase 2: Prepare for compaction
[2023-02-28T14:41:43.796+0900][797.286s] GC(566) Phase 2: Prepare for compaction 26.747ms
[2023-02-28T14:41:43.796+0900][797.286s] GC(566) Phase 3: Adjust pointers
[2023-02-28T14:41:43.830+0900][797.319s] GC(566) Phase 3: Adjust pointers 33.659ms
[2023-02-28T14:41:43.830+0900][797.320s] GC(566) Phase 4: Compact heap
[2023-02-28T14:41:43.854+0900][797.344s] GC(566) Phase 4: Compact heap 24.523ms
[2023-02-28T14:41:43.865+0900][797.355s] GC(566) Eden regions: 0->0(25)
[2023-02-28T14:41:43.865+0900][797.355s] GC(566) Survivor regions: 0->0(4)
[2023-02-28T14:41:43.865+0900][797.355s] GC(566) Old regions: 479->479
[2023-02-28T14:41:43.865+0900][797.355s] GC(566) Humongous regions: 33->33
[2023-02-28T14:41:43.865+0900][797.355s] GC(566) Metaspace: 65164K(66944K)->65164K(66944K) NonClass: 57761K(58880K)->57761K(58880K) Class: 7403K(8064K)->7403K(8064K)
[2023-02-28T14:41:43.865+0900][797.355s] GC(566) Pause Full (G1 Evacuation Pause) 511M->511M(512M) 140.990ms
[2023-02-28T14:41:43.865+0900][797.355s] GC(566) User=1.39s Sys=0.00s Real=0.14s
[2023-02-28T14:41:43.865+0900][797.355s] GC(565) Concurrent Mark From Roots 289.954ms
[2023-02-28T14:41:43.865+0900][797.355s] GC(567) Pause Young (Normal) (G1 Evacuation Pause)
[2023-02-28T14:41:43.865+0900][797.355s] GC(567) Using 10 workers of 10 for evacuation
[2023-02-28T14:41:43.866+0900][797.355s] GC(567)   Pre Evacuate Collection Set: 0.0ms
[2023-02-28T14:41:43.866+0900][797.355s] GC(567)   Evacuate Collection Set: 0.1ms
[2023-02-28T14:41:43.866+0900][797.355s] GC(567)   Post Evacuate Collection Set: 0.1ms
[2023-02-28T14:41:43.866+0900][797.355s] GC(567)   Other: 0.1ms
[2023-02-28T14:41:43.866+0900][797.355s] GC(567) Eden regions: 0->0(25)
[2023-02-28T14:41:43.866+0900][797.356s] GC(567) Survivor regions: 0->0(4)
[2023-02-28T14:41:43.866+0900][797.356s] GC(567) Old regions: 479->479
[2023-02-28T14:41:43.866+0900][797.356s] GC(567) Humongous regions: 33->33
[2023-02-28T14:41:43.866+0900][797.356s] GC(567) Metaspace: 65164K(66944K)->65164K(66944K) NonClass: 57761K(58880K)->57761K(58880K) Class: 7403K(8064K)->7403K(8064K)
[2023-02-28T14:41:43.866+0900][797.356s] GC(567) Pause Young (Normal) (G1 Evacuation Pause) 511M->511M(512M) 0.483ms
[2023-02-28T14:41:43.866+0900][797.356s] GC(567) User=0.00s Sys=0.00s Real=0.00s
[2023-02-28T14:41:43.866+0900][797.356s] GC(568) Using 10 workers of 10 for full compaction
[2023-02-28T14:41:43.866+0900][797.356s] GC(568) Pause Full (G1 Evacuation Pause)
[2023-02-28T14:41:43.866+0900][797.356s] GC(568) Phase 1: Mark live objects
[2023-02-28T14:41:43.910+0900][797.400s] GC(568) Cleaned string and symbol table, strings: 31141 processed, 0 removed, symbols: 195635 processed, 0 removed
[2023-02-28T14:41:43.910+0900][797.400s] GC(568) Phase 1: Mark live objects 44.012ms
[2023-02-28T14:41:43.910+0900][797.400s] GC(568) Phase 2: Prepare for compaction
[2023-02-28T14:41:43.938+0900][797.428s] GC(568) Phase 2: Prepare for compaction 27.742ms
[2023-02-28T14:41:43.938+0900][797.428s] GC(568) Phase 3: Adjust pointers
[2023-02-28T14:41:43.970+0900][797.460s] GC(568) Phase 3: Adjust pointers 31.740ms
[2023-02-28T14:41:43.970+0900][797.460s] GC(568) Phase 4: Compact heap
[2023-02-28T14:41:43.994+0900][797.483s] GC(568) Phase 4: Compact heap 23.853ms
[2023-02-28T14:41:44.005+0900][797.495s] GC(568) Eden regions: 0->0(25)
[2023-02-28T14:41:44.005+0900][797.495s] GC(568) Survivor regions: 0->0(4)
[2023-02-28T14:41:44.005+0900][797.495s] GC(568) Old regions: 479->479
[2023-02-28T14:41:44.005+0900][797.495s] GC(568) Humongous regions: 33->33
[2023-02-28T14:41:44.005+0900][797.495s] GC(568) Metaspace: 65164K(66944K)->65164K(66944K) NonClass: 57761K(58880K)->57761K(58880K) Class: 7403K(8064K)->7403K(8064K)
[2023-02-28T14:41:44.005+0900][797.495s] GC(568) Pause Full (G1 Evacuation Pause) 511M->511M(512M) 138.916ms
[2023-02-28T14:41:44.005+0900][797.495s] GC(568) User=1.38s Sys=0.00s Real=0.14s
[2023-02-28T14:41:44.006+0900][797.495s] GC(569) Using 10 workers of 10 for full compaction
[2023-02-28T14:41:44.006+0900][797.495s] GC(569) Pause Full (G1 Evacuation Pause)
[2023-02-28T14:41:44.006+0900][797.495s] GC(569) Phase 1: Mark live objects
[2023-02-28T14:41:44.051+0900][797.540s] GC(569) Cleaned string and symbol table, strings: 31141 processed, 0 removed, symbols: 195635 processed, 0 removed
[2023-02-28T14:41:44.051+0900][797.540s] GC(569) Phase 1: Mark live objects 44.745ms
[2023-02-28T14:41:44.051+0900][797.540s] GC(569) Phase 2: Prepare for compaction
[2023-02-28T14:41:44.077+0900][797.566s] GC(569) Phase 2: Prepare for compaction 26.270ms
[2023-02-28T14:41:44.077+0900][797.566s] GC(569) Phase 3: Adjust pointers
[2023-02-28T14:41:44.108+0900][797.598s] GC(569) Phase 3: Adjust pointers 32.030ms
[2023-02-28T14:41:44.108+0900][797.598s] GC(569) Phase 4: Compact heap
[2023-02-28T14:41:44.133+0900][797.623s] GC(569) Phase 4: Compact heap 24.539ms
[2023-02-28T14:41:44.144+0900][797.633s] GC(569) Eden regions: 0->0(25)
[2023-02-28T14:41:44.144+0900][797.634s] GC(569) Survivor regions: 0->0(4)
[2023-02-28T14:41:44.144+0900][797.634s] GC(569) Old regions: 479->479
[2023-02-28T14:41:44.144+0900][797.634s] GC(569) Humongous regions: 33->33
[2023-02-28T14:41:44.144+0900][797.634s] GC(569) Metaspace: 65164K(66944K)->65164K(66944K) NonClass: 57761K(58880K)->57761K(58880K) Class: 7403K(8064K)->7403K(8064K)
[2023-02-28T14:41:44.144+0900][797.634s] GC(569) Pause Full (G1 Evacuation Pause) 511M->511M(512M) 138.644ms
[2023-02-28T14:41:44.144+0900][797.634s] GC(569) User=1.39s Sys=0.00s Real=0.14s
[2023-02-28T14:41:44.144+0900][797.634s] GC(565) Concurrent Mark Abort
[2023-02-28T14:41:44.144+0900][797.634s] GC(565) Concurrent Cycle 569.108ms
[2023-02-28T14:41:44.144+0900][797.634s] GC(570) Pause Young (Normal) (G1 Evacuation Pause)
[2023-02-28T14:41:44.144+0900][797.634s] GC(570) Using 10 workers of 10 for evacuation
[2023-02-28T14:41:44.144+0900][797.634s] GC(570)   Pre Evacuate Collection Set: 0.0ms
[2023-02-28T14:41:44.144+0900][797.634s] GC(570)   Evacuate Collection Set: 0.2ms
[2023-02-28T14:41:44.144+0900][797.634s] GC(570)   Post Evacuate Collection Set: 0.1ms
[2023-02-28T14:41:44.144+0900][797.634s] GC(570)   Other: 0.1ms
[2023-02-28T14:41:44.144+0900][797.634s] GC(570) Eden regions: 0->0(25)
[2023-02-28T14:41:44.144+0900][797.634s] GC(570) Survivor regions: 0->0(4)
[2023-02-28T14:41:44.144+0900][797.634s] GC(570) Old regions: 479->479
[2023-02-28T14:41:44.144+0900][797.634s] GC(570) Humongous regions: 33->33
[2023-02-28T14:41:44.145+0900][797.635s] GC(570) Metaspace: 65164K(66944K)->65164K(66944K) NonClass: 57761K(58880K)->57761K(58880K) Class: 7403K(8064K)->7403K(8064K)
[2023-02-28T14:41:44.145+0900][797.635s] GC(570) Pause Young (Normal) (G1 Evacuation Pause) 511M->511M(512M) 0.681ms
[2023-02-28T14:41:44.145+0900][797.635s] GC(570) User=0.00s Sys=0.00s Real=0.00s
[2023-02-28T14:41:44.145+0900][797.635s] GC(571) Using 10 workers of 10 for full compaction
[2023-02-28T14:41:44.145+0900][797.635s] GC(571) Pause Full (G1 Evacuation Pause)
[2023-02-28T14:41:44.145+0900][797.635s] GC(571) Phase 1: Mark live objects
[2023-02-28T14:41:44.190+0900][797.679s] GC(571) Cleaned string and symbol table, strings: 31141 processed, 0 removed, symbols: 195635 processed, 0 removed
[2023-02-28T14:41:44.190+0900][797.680s] GC(571) Phase 1: Mark live objects 44.340ms
[2023-02-28T14:41:44.190+0900][797.680s] GC(571) Phase 2: Prepare for compaction
[2023-02-28T14:41:44.217+0900][797.707s] GC(571) Phase 2: Prepare for compaction 27.285ms
[2023-02-28T14:41:44.217+0900][797.707s] GC(571) Phase 3: Adjust pointers
[2023-02-28T14:41:44.250+0900][797.739s] GC(571) Phase 3: Adjust pointers 32.416ms
[2023-02-28T14:41:44.250+0900][797.739s] GC(571) Phase 4: Compact heap
[2023-02-28T14:41:44.274+0900][797.764s] GC(571) Phase 4: Compact heap 24.322ms
[2023-02-28T14:41:44.285+0900][797.775s] GC(571) Eden regions: 0->0(25)
[2023-02-28T14:41:44.285+0900][797.775s] GC(571) Survivor regions: 0->0(4)
[2023-02-28T14:41:44.285+0900][797.775s] GC(571) Old regions: 479->479
[2023-02-28T14:41:44.285+0900][797.775s] GC(571) Humongous regions: 33->33
[2023-02-28T14:41:44.285+0900][797.775s] GC(571) Metaspace: 65164K(66944K)->65164K(66944K) NonClass: 57761K(58880K)->57761K(58880K) Class: 7403K(8064K)->7403K(8064K)
[2023-02-28T14:41:44.285+0900][797.775s] GC(571) Pause Full (G1 Evacuation Pause) 511M->511M(512M) 140.198ms
[2023-02-28T14:41:44.286+0900][797.775s] GC(571) User=1.39s Sys=0.00s Real=0.14s
[2023-02-28T14:41:44.286+0900][797.775s] GC(572) Using 10 workers of 10 for full compaction
[2023-02-28T14:41:44.286+0900][797.775s] GC(572) Pause Full (G1 Evacuation Pause)
[2023-02-28T14:41:44.286+0900][797.776s] GC(572) Phase 1: Mark live objects
[2023-02-28T14:41:44.330+0900][797.820s] GC(572) Cleaned string and symbol table, strings: 31141 processed, 0 removed, symbols: 195635 processed, 0 removed
[2023-02-28T14:41:44.330+0900][797.820s] GC(572) Phase 1: Mark live objects 44.103ms
[2023-02-28T14:41:44.330+0900][797.820s] GC(572) Phase 2: Prepare for compaction
[2023-02-28T14:41:44.359+0900][797.849s] GC(572) Phase 2: Prepare for compaction 28.935ms
[2023-02-28T14:41:44.359+0900][797.849s] GC(572) Phase 3: Adjust pointers
[2023-02-28T14:41:44.408+0900][797.898s] GC(572) Phase 3: Adjust pointers 48.768ms
[2023-02-28T14:41:44.408+0900][797.898s] GC(572) Phase 4: Compact heap
[2023-02-28T14:41:44.448+0900][797.937s] GC(572) Phase 4: Compact heap 39.058ms
[2023-02-28T14:41:44.458+0900][797.948s] GC(572) Eden regions: 0->0(25)
[2023-02-28T14:41:44.458+0900][797.948s] GC(572) Survivor regions: 0->0(4)
[2023-02-28T14:41:44.458+0900][797.948s] GC(572) Old regions: 479->479
[2023-02-28T14:41:44.458+0900][797.949s] GC(572) Humongous regions: 33->33
[2023-02-28T14:41:44.458+0900][797.949s] GC(572) Metaspace: 65164K(66944K)->65164K(66944K) NonClass: 57761K(58880K)->57761K(58880K) Class: 7403K(8064K)->7403K(8064K)
[2023-02-28T14:41:44.458+0900][797.949s] GC(572) Pause Full (G1 Evacuation Pause) 511M->511M(512M) 173.152ms
[2023-02-28T14:41:44.459+0900][797.949s] GC(572) User=1.69s Sys=0.00s Real=0.17s
[2023-02-28T14:41:44.459+0900][797.949s] GC(573) Pause Young (Concurrent Start) (G1 Evacuation Pause)
[2023-02-28T14:41:44.459+0900][797.949s] GC(573) Using 10 workers of 10 for evacuation
[2023-02-28T14:41:44.459+0900][797.949s] GC(573)   Pre Evacuate Collection Set: 0.1ms
[2023-02-28T14:41:44.459+0900][797.949s] GC(573)   Evacuate Collection Set: 0.4ms
[2023-02-28T14:41:44.459+0900][797.949s] GC(573)   Post Evacuate Collection Set: 0.1ms
[2023-02-28T14:41:44.459+0900][797.950s] GC(573)   Other: 0.1ms
[2023-02-28T14:41:44.459+0900][797.950s] GC(573) Eden regions: 0->0(25)
[2023-02-28T14:41:44.459+0900][797.950s] GC(573) Survivor regions: 0->0(4)
[2023-02-28T14:41:44.459+0900][797.950s] GC(573) Old regions: 479->479
[2023-02-28T14:41:44.459+0900][797.950s] GC(573) Humongous regions: 33->33
[2023-02-28T14:41:44.459+0900][797.950s] GC(573) Metaspace: 65164K(66944K)->65164K(66944K) NonClass: 57761K(58880K)->57761K(58880K) Class: 7403K(8064K)->7403K(8064K)
[2023-02-28T14:41:44.460+0900][797.950s] GC(573) Pause Young (Concurrent Start) (G1 Evacuation Pause) 511M->511M(512M) 0.778ms
[2023-02-28T14:41:44.460+0900][797.950s] GC(573) User=0.00s Sys=0.00s Real=0.00s
[2023-02-28T14:41:44.460+0900][797.950s] GC(574) Using 10 workers of 10 for full compaction
[2023-02-28T14:41:44.460+0900][797.950s] GC(575) Concurrent Cycle
[2023-02-28T14:41:44.460+0900][797.950s] GC(575) Concurrent Clear Claimed Marks
[2023-02-28T14:41:44.460+0900][797.950s] GC(575) Concurrent Clear Claimed Marks 0.033ms
[2023-02-28T14:41:44.460+0900][797.950s] GC(574) Pause Full (G1 Evacuation Pause)
[2023-02-28T14:41:44.460+0900][797.950s] GC(575) Concurrent Scan Root Regions
[2023-02-28T14:41:44.460+0900][797.950s] GC(575) Concurrent Scan Root Regions 0.056ms
[2023-02-28T14:41:44.460+0900][797.950s] GC(575) Concurrent Mark (797.950s)
[2023-02-28T14:41:44.460+0900][797.950s] GC(575) Concurrent Mark From Roots
[2023-02-28T14:41:44.460+0900][797.950s] GC(575) Using 3 workers of 3 for marking
[2023-02-28T14:41:44.460+0900][797.950s] GC(574) Phase 1: Mark live objects
[2023-02-28T14:41:44.505+0900][797.995s] GC(574) Cleaned string and symbol table, strings: 31141 processed, 0 removed, symbols: 195635 processed, 0 removed
[2023-02-28T14:41:44.505+0900][797.995s] GC(574) Phase 1: Mark live objects 44.867ms
[2023-02-28T14:41:44.505+0900][797.995s] GC(574) Phase 2: Prepare for compaction
[2023-02-28T14:41:44.532+0900][798.021s] GC(574) Phase 2: Prepare for compaction 26.235ms
[2023-02-28T14:41:44.532+0900][798.022s] GC(574) Phase 3: Adjust pointers
[2023-02-28T14:41:44.564+0900][798.054s] GC(574) Phase 3: Adjust pointers 32.099ms
[2023-02-28T14:41:44.564+0900][798.054s] GC(574) Phase 4: Compact heap
[2023-02-28T14:41:44.587+0900][798.076s] GC(574) Phase 4: Compact heap 22.716ms
[2023-02-28T14:41:44.599+0900][798.089s] GC(574) Eden regions: 0->0(25)
[2023-02-28T14:41:44.599+0900][798.089s] GC(574) Survivor regions: 0->0(4)
[2023-02-28T14:41:44.600+0900][798.089s] GC(574) Old regions: 479->479
[2023-02-28T14:41:44.600+0900][798.089s] GC(574) Humongous regions: 33->33
[2023-02-28T14:41:44.600+0900][798.089s] GC(574) Metaspace: 65164K(66944K)->65164K(66944K) NonClass: 57761K(58880K)->57761K(58880K) Class: 7403K(8064K)->7403K(8064K)
[2023-02-28T14:41:44.600+0900][798.089s] GC(574) Pause Full (G1 Evacuation Pause) 511M->511M(512M) 139.543ms
[2023-02-28T14:41:44.600+0900][798.090s] GC(574) User=1.39s Sys=0.00s Real=0.14s
[2023-02-28T14:41:44.600+0900][798.090s] GC(576) Using 10 workers of 10 for full compaction
[2023-02-28T14:41:44.600+0900][798.090s] GC(576) Pause Full (G1 Evacuation Pause)
[2023-02-28T14:41:44.600+0900][798.090s] GC(576) Phase 1: Mark live objects
[2023-02-28T14:41:44.645+0900][798.135s] GC(576) Cleaned string and symbol table, strings: 31141 processed, 0 removed, symbols: 195635 processed, 0 removed
[2023-02-28T14:41:44.645+0900][798.135s] GC(576) Phase 1: Mark live objects 44.921ms
[2023-02-28T14:41:44.645+0900][798.135s] GC(576) Phase 2: Prepare for compaction
[2023-02-28T14:41:44.672+0900][798.162s] GC(576) Phase 2: Prepare for compaction 26.732ms
[2023-02-28T14:41:44.672+0900][798.162s] GC(576) Phase 3: Adjust pointers
[2023-02-28T14:41:44.705+0900][798.194s] GC(576) Phase 3: Adjust pointers 32.225ms
[2023-02-28T14:41:44.705+0900][798.194s] GC(576) Phase 4: Compact heap
[2023-02-28T14:41:44.728+0900][798.217s] GC(576) Phase 4: Compact heap 23.277ms
[2023-02-28T14:41:44.739+0900][798.229s] GC(576) Eden regions: 0->0(25)
[2023-02-28T14:41:44.739+0900][798.229s] GC(576) Survivor regions: 0->0(4)
[2023-02-28T14:41:44.739+0900][798.229s] GC(576) Old regions: 479->479
[2023-02-28T14:41:44.740+0900][798.229s] GC(576) Humongous regions: 33->33
[2023-02-28T14:41:44.740+0900][798.229s] GC(576) Metaspace: 65164K(66944K)->65164K(66944K) NonClass: 57761K(58880K)->57761K(58880K) Class: 7403K(8064K)->7403K(8064K)
[2023-02-28T14:41:44.740+0900][798.229s] GC(576) Pause Full (G1 Evacuation Pause) 511M->511M(512M) 139.237ms
[2023-02-28T14:41:44.740+0900][798.229s] GC(576) User=1.39s Sys=0.00s Real=0.14s
[2023-02-28T14:41:44.740+0900][798.229s] GC(575) Concurrent Mark From Roots 279.239ms
[2023-02-28T14:41:44.740+0900][798.229s] GC(577) Pause Young (Normal) (G1 Evacuation Pause)
[2023-02-28T14:41:44.740+0900][798.229s] GC(577) Using 10 workers of 10 for evacuation
[2023-02-28T14:41:44.740+0900][798.230s] GC(577)   Pre Evacuate Collection Set: 0.0ms
[2023-02-28T14:41:44.740+0900][798.230s] GC(577)   Evacuate Collection Set: 0.1ms
[2023-02-28T14:41:44.740+0900][798.230s] GC(577)   Post Evacuate Collection Set: 0.1ms
[2023-02-28T14:41:44.740+0900][798.230s] GC(577)   Other: 0.1ms
[2023-02-28T14:41:44.740+0900][798.230s] GC(577) Eden regions: 0->0(25)
[2023-02-28T14:41:44.740+0900][798.230s] GC(577) Survivor regions: 0->0(4)
[2023-02-28T14:41:44.740+0900][798.230s] GC(577) Old regions: 479->479
[2023-02-28T14:41:44.740+0900][798.230s] GC(577) Humongous regions: 33->33
[2023-02-28T14:41:44.740+0900][798.230s] GC(577) Metaspace: 65164K(66944K)->65164K(66944K) NonClass: 57761K(58880K)->57761K(58880K) Class: 7403K(8064K)->7403K(8064K)
[2023-02-28T14:41:44.740+0900][798.230s] GC(577) Pause Young (Normal) (G1 Evacuation Pause) 511M->511M(512M) 0.518ms
[2023-02-28T14:41:44.740+0900][798.230s] GC(577) User=0.00s Sys=0.00s Real=0.00s
[2023-02-28T14:41:44.740+0900][798.230s] GC(578) Using 10 workers of 10 for full compaction
[2023-02-28T14:41:44.741+0900][798.230s] GC(578) Pause Full (G1 Evacuation Pause)
[2023-02-28T14:41:44.741+0900][798.230s] GC(578) Phase 1: Mark live objects
[2023-02-28T14:41:44.787+0900][798.276s] GC(578) Cleaned string and symbol table, strings: 31141 processed, 0 removed, symbols: 195635 processed, 0 removed
[2023-02-28T14:41:44.787+0900][798.276s] GC(578) Phase 1: Mark live objects 46.031ms
[2023-02-28T14:41:44.787+0900][798.276s] GC(578) Phase 2: Prepare for compaction
[2023-02-28T14:41:44.816+0900][798.305s] GC(578) Phase 2: Prepare for compaction 28.739ms
[2023-02-28T14:41:44.816+0900][798.305s] GC(578) Phase 3: Adjust pointers
[2023-02-28T14:41:44.849+0900][798.339s] GC(578) Phase 3: Adjust pointers 33.563ms
[2023-02-28T14:41:44.849+0900][798.339s] GC(578) Phase 4: Compact heap
[2023-02-28T14:41:44.872+0900][798.362s] GC(578) Phase 4: Compact heap 23.097ms
[2023-02-28T14:41:44.883+0900][798.373s] GC(578) Eden regions: 0->0(25)
[2023-02-28T14:41:44.883+0900][798.373s] GC(578) Survivor regions: 0->0(4)
[2023-02-28T14:41:44.883+0900][798.373s] GC(578) Old regions: 479->479
[2023-02-28T14:41:44.883+0900][798.373s] GC(578) Humongous regions: 33->33
[2023-02-28T14:41:44.883+0900][798.373s] GC(578) Metaspace: 65164K(66944K)->65164K(66944K) NonClass: 57761K(58880K)->57761K(58880K) Class: 7403K(8064K)->7403K(8064K)
[2023-02-28T14:41:44.883+0900][798.373s] GC(578) Pause Full (G1 Evacuation Pause) 511M->511M(512M) 143.189ms
[2023-02-28T14:41:44.883+0900][798.373s] GC(578) User=1.27s Sys=0.00s Real=0.14s
[2023-02-28T14:41:44.883+0900][798.373s] GC(579) Using 10 workers of 10 for full compaction
[2023-02-28T14:41:44.883+0900][798.373s] GC(579) Pause Full (G1 Evacuation Pause)
[2023-02-28T14:41:44.884+0900][798.374s] GC(579) Phase 1: Mark live objects
[2023-02-28T14:41:44.927+0900][798.417s] GC(579) Cleaned string and symbol table, strings: 31141 processed, 0 removed, symbols: 195635 processed, 0 removed
[2023-02-28T14:41:44.927+0900][798.417s] GC(579) Phase 1: Mark live objects 42.911ms
[2023-02-28T14:41:44.927+0900][798.417s] GC(579) Phase 2: Prepare for compaction
[2023-02-28T14:41:44.954+0900][798.444s] GC(579) Phase 2: Prepare for compaction 26.940ms
[2023-02-28T14:41:44.954+0900][798.444s] GC(579) Phase 3: Adjust pointers
[2023-02-28T14:41:44.986+0900][798.476s] GC(579) Phase 3: Adjust pointers 32.166ms
[2023-02-28T14:41:44.986+0900][798.476s] GC(579) Phase 4: Compact heap
[2023-02-28T14:41:45.009+0900][798.499s] GC(579) Phase 4: Compact heap 22.817ms
[2023-02-28T14:41:45.020+0900][798.510s] GC(579) Eden regions: 0->0(25)
[2023-02-28T14:41:45.021+0900][798.510s] GC(579) Survivor regions: 0->0(4)
[2023-02-28T14:41:45.021+0900][798.510s] GC(579) Old regions: 479->479
[2023-02-28T14:41:45.021+0900][798.510s] GC(579) Humongous regions: 33->33
[2023-02-28T14:41:45.021+0900][798.510s] GC(579) Metaspace: 65164K(66944K)->65164K(66944K) NonClass: 57761K(58880K)->57761K(58880K) Class: 7403K(8064K)->7403K(8064K)
[2023-02-28T14:41:45.021+0900][798.510s] GC(579) Pause Full (G1 Evacuation Pause) 511M->511M(512M) 136.784ms
[2023-02-28T14:41:45.021+0900][798.510s] GC(579) User=1.39s Sys=0.02s Real=0.14s
[2023-02-28T14:41:45.021+0900][798.511s] GC(575) Concurrent Mark Abort
[2023-02-28T14:41:45.021+0900][798.511s] GC(575) Concurrent Cycle 560.839ms
[2023-02-28T14:41:45.021+0900][798.511s] GC(580) Pause Young (Normal) (G1 Evacuation Pause)
[2023-02-28T14:41:45.021+0900][798.511s] GC(580) Using 10 workers of 10 for evacuation
[2023-02-28T14:41:45.021+0900][798.511s] GC(580)   Pre Evacuate Collection Set: 0.0ms
[2023-02-28T14:41:45.021+0900][798.511s] GC(580)   Evacuate Collection Set: 0.2ms
[2023-02-28T14:41:45.021+0900][798.511s] GC(580)   Post Evacuate Collection Set: 0.1ms
[2023-02-28T14:41:45.021+0900][798.511s] GC(580)   Other: 0.1ms
[2023-02-28T14:41:45.021+0900][798.511s] GC(580) Eden regions: 0->0(25)
[2023-02-28T14:41:45.021+0900][798.511s] GC(580) Survivor regions: 0->0(4)
[2023-02-28T14:41:45.021+0900][798.511s] GC(580) Old regions: 479->479
[2023-02-28T14:41:45.021+0900][798.511s] GC(580) Humongous regions: 33->33
[2023-02-28T14:41:45.021+0900][798.511s] GC(580) Metaspace: 65164K(66944K)->65164K(66944K) NonClass: 57761K(58880K)->57761K(58880K) Class: 7403K(8064K)->7403K(8064K)
[2023-02-28T14:41:45.021+0900][798.511s] GC(580) Pause Young (Normal) (G1 Evacuation Pause) 511M->511M(512M) 0.531ms
[2023-02-28T14:41:45.022+0900][798.511s] GC(580) User=0.00s Sys=0.00s Real=0.00s
[2023-02-28T14:41:45.022+0900][798.511s] GC(581) Using 10 workers of 10 for full compaction
[2023-02-28T14:41:45.022+0900][798.511s] GC(581) Pause Full (G1 Evacuation Pause)
[2023-02-28T14:41:45.022+0900][798.512s] GC(581) Phase 1: Mark live objects
[2023-02-28T14:41:45.066+0900][798.555s] GC(581) Cleaned string and symbol table, strings: 31141 processed, 0 removed, symbols: 195635 processed, 0 removed
[2023-02-28T14:41:45.066+0900][798.555s] GC(581) Phase 1: Mark live objects 43.900ms
[2023-02-28T14:41:45.066+0900][798.555s] GC(581) Phase 2: Prepare for compaction
[2023-02-28T14:41:45.093+0900][798.582s] GC(581) Phase 2: Prepare for compaction 26.538ms
[2023-02-28T14:41:45.093+0900][798.582s] GC(581) Phase 3: Adjust pointers
[2023-02-28T14:41:45.124+0900][798.614s] GC(581) Phase 3: Adjust pointers 31.632ms
[2023-02-28T14:41:45.124+0900][798.614s] GC(581) Phase 4: Compact heap
[2023-02-28T14:41:45.150+0900][798.639s] GC(581) Phase 4: Compact heap 25.697ms
[2023-02-28T14:41:45.161+0900][798.650s] GC(581) Eden regions: 0->0(25)
[2023-02-28T14:41:45.161+0900][798.650s] GC(581) Survivor regions: 0->0(4)
[2023-02-28T14:41:45.161+0900][798.651s] GC(581) Old regions: 479->479
[2023-02-28T14:41:45.161+0900][798.651s] GC(581) Humongous regions: 33->33
[2023-02-28T14:41:45.161+0900][798.651s] GC(581) Metaspace: 65164K(66944K)->65164K(66944K) NonClass: 57761K(58880K)->57761K(58880K) Class: 7403K(8064K)->7403K(8064K)
[2023-02-28T14:41:45.161+0900][798.651s] GC(581) Pause Full (G1 Evacuation Pause) 511M->511M(512M) 139.280ms
[2023-02-28T14:41:45.161+0900][798.651s] GC(581) User=1.39s Sys=0.00s Real=0.14s
[2023-02-28T14:41:45.162+0900][798.651s] GC(582) Using 10 workers of 10 for full compaction
[2023-02-28T14:41:45.162+0900][798.651s] GC(582) Pause Full (G1 Evacuation Pause)
[2023-02-28T14:41:45.162+0900][798.651s] GC(582) Phase 1: Mark live objects
[2023-02-28T14:41:45.205+0900][798.694s] GC(582) Cleaned string and symbol table, strings: 31141 processed, 0 removed, symbols: 195635 processed, 0 removed
[2023-02-28T14:41:45.205+0900][798.694s] GC(582) Phase 1: Mark live objects 43.188ms
[2023-02-28T14:41:45.205+0900][798.694s] GC(582) Phase 2: Prepare for compaction
[2023-02-28T14:41:45.230+0900][798.720s] GC(582) Phase 2: Prepare for compaction 25.968ms
[2023-02-28T14:41:45.230+0900][798.720s] GC(582) Phase 3: Adjust pointers
[2023-02-28T14:41:45.263+0900][798.753s] GC(582) Phase 3: Adjust pointers 32.753ms
[2023-02-28T14:41:45.263+0900][798.753s] GC(582) Phase 4: Compact heap
[2023-02-28T14:41:45.286+0900][798.776s] GC(582) Phase 4: Compact heap 22.465ms
[2023-02-28T14:41:45.298+0900][798.788s] GC(582) Eden regions: 0->0(25)
[2023-02-28T14:41:45.298+0900][798.788s] GC(582) Survivor regions: 0->0(4)
[2023-02-28T14:41:45.298+0900][798.788s] GC(582) Old regions: 479->479
[2023-02-28T14:41:45.298+0900][798.788s] GC(582) Humongous regions: 33->33
[2023-02-28T14:41:45.298+0900][798.788s] GC(582) Metaspace: 65164K(66944K)->65164K(66944K) NonClass: 57761K(58880K)->57761K(58880K) Class: 7403K(8064K)->7403K(8064K)
[2023-02-28T14:41:45.298+0900][798.788s] GC(582) Pause Full (G1 Evacuation Pause) 511M->511M(512M) 137.371ms
[2023-02-28T14:41:45.299+0900][798.788s] GC(582) User=1.36s Sys=0.00s Real=0.14s
[2023-02-28T14:41:45.299+0900][798.789s] GC(583) Pause Young (Concurrent Start) (G1 Evacuation Pause)
[2023-02-28T14:41:45.299+0900][798.789s] GC(583) Using 10 workers of 10 for evacuation
[2023-02-28T14:41:45.299+0900][798.789s] GC(583)   Pre Evacuate Collection Set: 0.1ms
[2023-02-28T14:41:45.299+0900][798.789s] GC(583)   Evacuate Collection Set: 0.4ms
[2023-02-28T14:41:45.299+0900][798.789s] GC(583)   Post Evacuate Collection Set: 0.1ms
[2023-02-28T14:41:45.299+0900][798.789s] GC(583)   Other: 0.1ms
[2023-02-28T14:41:45.299+0900][798.789s] GC(583) Eden regions: 0->0(25)
[2023-02-28T14:41:45.299+0900][798.789s] GC(583) Survivor regions: 0->0(4)
[2023-02-28T14:41:45.299+0900][798.789s] GC(583) Old regions: 479->479
[2023-02-28T14:41:45.299+0900][798.789s] GC(583) Humongous regions: 33->33
[2023-02-28T14:41:45.299+0900][798.789s] GC(583) Metaspace: 65164K(66944K)->65164K(66944K) NonClass: 57761K(58880K)->57761K(58880K) Class: 7403K(8064K)->7403K(8064K)
[2023-02-28T14:41:45.299+0900][798.789s] GC(583) Pause Young (Concurrent Start) (G1 Evacuation Pause) 511M->511M(512M) 0.795ms
[2023-02-28T14:41:45.300+0900][798.789s] GC(583) User=0.00s Sys=0.00s Real=0.00s
[2023-02-28T14:41:45.300+0900][798.789s] GC(584) Using 10 workers of 10 for full compaction
[2023-02-28T14:41:45.300+0900][798.789s] GC(585) Concurrent Cycle
[2023-02-28T14:41:45.300+0900][798.790s] GC(585) Concurrent Clear Claimed Marks
[2023-02-28T14:41:45.300+0900][798.790s] GC(585) Concurrent Clear Claimed Marks 0.034ms
[2023-02-28T14:41:45.300+0900][798.790s] GC(584) Pause Full (G1 Evacuation Pause)
[2023-02-28T14:41:45.300+0900][798.790s] GC(585) Concurrent Scan Root Regions
[2023-02-28T14:41:45.300+0900][798.790s] GC(585) Concurrent Scan Root Regions 0.060ms
[2023-02-28T14:41:45.300+0900][798.790s] GC(585) Concurrent Mark (798.790s)
[2023-02-28T14:41:45.300+0900][798.790s] GC(585) Concurrent Mark From Roots
[2023-02-28T14:41:45.300+0900][798.790s] GC(585) Using 3 workers of 3 for marking
[2023-02-28T14:41:45.300+0900][798.790s] GC(584) Phase 1: Mark live objects
[2023-02-28T14:41:45.353+0900][798.842s] GC(584) Cleaned string and symbol table, strings: 31141 processed, 0 removed, symbols: 195635 processed, 0 removed
[2023-02-28T14:41:45.353+0900][798.842s] GC(584) Phase 1: Mark live objects 52.301ms
[2023-02-28T14:41:45.353+0900][798.842s] GC(584) Phase 2: Prepare for compaction
[2023-02-28T14:41:45.383+0900][798.873s] GC(584) Phase 2: Prepare for compaction 30.177ms
[2023-02-28T14:41:45.383+0900][798.873s] GC(584) Phase 3: Adjust pointers
[2023-02-28T14:41:45.417+0900][798.906s] GC(584) Phase 3: Adjust pointers 33.444ms
[2023-02-28T14:41:45.417+0900][798.906s] GC(584) Phase 4: Compact heap
[2023-02-28T14:41:45.439+0900][798.929s] GC(584) Phase 4: Compact heap 22.711ms
[2023-02-28T14:41:45.452+0900][798.941s] GC(584) Eden regions: 0->0(25)
[2023-02-28T14:41:45.452+0900][798.941s] GC(584) Survivor regions: 0->0(4)
[2023-02-28T14:41:45.452+0900][798.941s] GC(584) Old regions: 479->479
[2023-02-28T14:41:45.452+0900][798.941s] GC(584) Humongous regions: 33->33
[2023-02-28T14:41:45.452+0900][798.941s] GC(584) Metaspace: 65164K(66944K)->65164K(66944K) NonClass: 57761K(58880K)->57761K(58880K) Class: 7403K(8064K)->7403K(8064K)
[2023-02-28T14:41:45.452+0900][798.941s] GC(584) Pause Full (G1 Evacuation Pause) 511M->511M(512M) 151.889ms
[2023-02-28T14:41:45.452+0900][798.942s] GC(584) User=1.41s Sys=0.00s Real=0.15s
[2023-02-28T14:41:45.452+0900][798.942s] GC(586) Using 10 workers of 10 for full compaction
[2023-02-28T14:41:45.452+0900][798.942s] GC(586) Pause Full (G1 Evacuation Pause)
[2023-02-28T14:41:45.453+0900][798.942s] GC(586) Phase 1: Mark live objects
[2023-02-28T14:41:45.496+0900][798.985s] GC(586) Cleaned string and symbol table, strings: 31141 processed, 0 removed, symbols: 195635 processed, 0 removed
[2023-02-28T14:41:45.496+0900][798.985s] GC(586) Phase 1: Mark live objects 43.446ms
[2023-02-28T14:41:45.496+0900][798.985s] GC(586) Phase 2: Prepare for compaction
[2023-02-28T14:41:45.531+0900][799.021s] GC(586) Phase 2: Prepare for compaction 35.063ms
[2023-02-28T14:41:45.531+0900][799.021s] GC(586) Phase 3: Adjust pointers
[2023-02-28T14:41:45.578+0900][799.067s] GC(586) Phase 3: Adjust pointers 46.538ms
[2023-02-28T14:41:45.578+0900][799.067s] GC(586) Phase 4: Compact heap
[2023-02-28T14:41:45.604+0900][799.094s] GC(586) Phase 4: Compact heap 27.027ms
[2023-02-28T14:41:45.617+0900][799.107s] GC(586) Eden regions: 0->0(25)
[2023-02-28T14:41:45.617+0900][799.107s] GC(586) Survivor regions: 0->0(4)
[2023-02-28T14:41:45.617+0900][799.107s] GC(586) Old regions: 479->479
[2023-02-28T14:41:45.617+0900][799.107s] GC(586) Humongous regions: 33->33
[2023-02-28T14:41:45.617+0900][799.107s] GC(586) Metaspace: 65164K(66944K)->65164K(66944K) NonClass: 57761K(58880K)->57761K(58880K) Class: 7403K(8064K)->7403K(8064K)
[2023-02-28T14:41:45.617+0900][799.107s] GC(586) Pause Full (G1 Evacuation Pause) 511M->511M(512M) 165.678ms
[2023-02-28T14:41:45.618+0900][799.108s] GC(586) User=1.55s Sys=0.00s Real=0.17s
[2023-02-28T14:41:45.618+0900][799.108s] GC(585) Concurrent Mark From Roots 318.045ms
[2023-02-28T14:41:45.618+0900][799.108s] GC(587) Pause Young (Normal) (G1 Evacuation Pause)
[2023-02-28T14:41:45.618+0900][799.108s] GC(587) Using 10 workers of 10 for evacuation
[2023-02-28T14:41:45.618+0900][799.108s] GC(587)   Pre Evacuate Collection Set: 0.0ms
[2023-02-28T14:41:45.618+0900][799.108s] GC(587)   Evacuate Collection Set: 0.2ms
[2023-02-28T14:41:45.618+0900][799.108s] GC(587)   Post Evacuate Collection Set: 0.1ms
[2023-02-28T14:41:45.618+0900][799.108s] GC(587)   Other: 0.1ms
[2023-02-28T14:41:45.618+0900][799.108s] GC(587) Eden regions: 0->0(25)
[2023-02-28T14:41:45.618+0900][799.108s] GC(587) Survivor regions: 0->0(4)
[2023-02-28T14:41:45.618+0900][799.108s] GC(587) Old regions: 479->479
[2023-02-28T14:41:45.618+0900][799.108s] GC(587) Humongous regions: 33->33
[2023-02-28T14:41:45.618+0900][799.108s] GC(587) Metaspace: 65164K(66944K)->65164K(66944K) NonClass: 57761K(58880K)->57761K(58880K) Class: 7403K(8064K)->7403K(8064K)
[2023-02-28T14:41:45.618+0900][799.108s] GC(587) Pause Young (Normal) (G1 Evacuation Pause) 511M->511M(512M) 0.570ms
[2023-02-28T14:41:45.618+0900][799.108s] GC(587) User=0.00s Sys=0.00s Real=0.00s
[2023-02-28T14:41:45.618+0900][799.108s] GC(588) Using 10 workers of 10 for full compaction
[2023-02-28T14:41:45.619+0900][799.109s] GC(588) Pause Full (G1 Evacuation Pause)
[2023-02-28T14:41:45.619+0900][799.109s] GC(588) Phase 1: Mark live objects
[2023-02-28T14:41:45.664+0900][799.154s] GC(588) Cleaned string and symbol table, strings: 31141 processed, 0 removed, symbols: 195635 processed, 0 removed
[2023-02-28T14:41:45.664+0900][799.154s] GC(588) Phase 1: Mark live objects 44.977ms
[2023-02-28T14:41:45.664+0900][799.154s] GC(588) Phase 2: Prepare for compaction
[2023-02-28T14:41:45.694+0900][799.183s] GC(588) Phase 2: Prepare for compaction 29.627ms
[2023-02-28T14:41:45.694+0900][799.183s] GC(588) Phase 3: Adjust pointers
[2023-02-28T14:41:45.729+0900][799.218s] GC(588) Phase 3: Adjust pointers 34.953ms
[2023-02-28T14:41:45.729+0900][799.218s] GC(588) Phase 4: Compact heap
[2023-02-28T14:41:45.754+0900][799.244s] GC(588) Phase 4: Compact heap 25.671ms
[2023-02-28T14:41:45.766+0900][799.256s] GC(588) Eden regions: 0->0(25)
[2023-02-28T14:41:45.766+0900][799.256s] GC(588) Survivor regions: 0->0(4)
[2023-02-28T14:41:45.766+0900][799.256s] GC(588) Old regions: 479->479
[2023-02-28T14:41:45.766+0900][799.256s] GC(588) Humongous regions: 33->33
[2023-02-28T14:41:45.766+0900][799.256s] GC(588) Metaspace: 65164K(66944K)->65164K(66944K) NonClass: 57761K(58880K)->57761K(58880K) Class: 7403K(8064K)->7403K(8064K)
[2023-02-28T14:41:45.766+0900][799.256s] GC(588) Pause Full (G1 Evacuation Pause) 511M->511M(512M) 147.100ms
[2023-02-28T14:41:45.766+0900][799.256s] GC(588) User=1.48s Sys=0.00s Real=0.15s
[2023-02-28T14:41:45.766+0900][799.256s] GC(589) Using 10 workers of 10 for full compaction
[2023-02-28T14:41:45.766+0900][799.256s] GC(589) Pause Full (G1 Evacuation Pause)
[2023-02-28T14:41:45.767+0900][799.256s] GC(589) Phase 1: Mark live objects
[2023-02-28T14:41:45.814+0900][799.304s] GC(589) Cleaned string and symbol table, strings: 31141 processed, 0 removed, symbols: 195635 processed, 0 removed
[2023-02-28T14:41:45.814+0900][799.304s] GC(589) Phase 1: Mark live objects 47.295ms
[2023-02-28T14:41:45.814+0900][799.304s] GC(589) Phase 2: Prepare for compaction
[2023-02-28T14:41:45.847+0900][799.337s] GC(589) Phase 2: Prepare for compaction 33.073ms
[2023-02-28T14:41:45.847+0900][799.337s] GC(589) Phase 3: Adjust pointers
[2023-02-28T14:41:45.884+0900][799.373s] GC(589) Phase 3: Adjust pointers 36.539ms
[2023-02-28T14:41:45.884+0900][799.373s] GC(589) Phase 4: Compact heap
[2023-02-28T14:41:45.914+0900][799.403s] GC(589) Phase 4: Compact heap 29.672ms
[2023-02-28T14:41:45.927+0900][799.416s] GC(589) Eden regions: 0->0(25)
[2023-02-28T14:41:45.927+0900][799.416s] GC(589) Survivor regions: 0->0(4)
[2023-02-28T14:41:45.927+0900][799.416s] GC(589) Old regions: 479->479
[2023-02-28T14:41:45.927+0900][799.416s] GC(589) Humongous regions: 33->33
[2023-02-28T14:41:45.927+0900][799.416s] GC(589) Metaspace: 65164K(66944K)->65164K(66944K) NonClass: 57761K(58880K)->57761K(58880K) Class: 7403K(8064K)->7403K(8064K)
[2023-02-28T14:41:45.927+0900][799.416s] GC(589) Pause Full (G1 Evacuation Pause) 511M->511M(512M) 160.460ms
[2023-02-28T14:41:45.927+0900][799.417s] GC(589) User=1.55s Sys=0.00s Real=0.16s
[2023-02-28T14:41:45.928+0900][799.417s] GC(585) Concurrent Mark Abort
[2023-02-28T14:41:45.928+0900][799.417s] GC(585) Concurrent Cycle 627.346ms
[2023-02-28T14:41:45.928+0900][799.417s] GC(590) Pause Young (Normal) (G1 Evacuation Pause)
[2023-02-28T14:41:45.928+0900][799.417s] GC(590) Using 10 workers of 10 for evacuation
[2023-02-28T14:41:45.928+0900][799.417s] GC(590)   Pre Evacuate Collection Set: 0.0ms
[2023-02-28T14:41:45.928+0900][799.417s] GC(590)   Evacuate Collection Set: 0.2ms
[2023-02-28T14:41:45.928+0900][799.417s] GC(590)   Post Evacuate Collection Set: 0.1ms
[2023-02-28T14:41:45.928+0900][799.417s] GC(590)   Other: 0.1ms
[2023-02-28T14:41:45.928+0900][799.417s] GC(590) Eden regions: 0->0(25)
[2023-02-28T14:41:45.928+0900][799.417s] GC(590) Survivor regions: 0->0(4)
[2023-02-28T14:41:45.928+0900][799.417s] GC(590) Old regions: 479->479
[2023-02-28T14:41:45.928+0900][799.417s] GC(590) Humongous regions: 33->33
[2023-02-28T14:41:45.928+0900][799.417s] GC(590) Metaspace: 65164K(66944K)->65164K(66944K) NonClass: 57761K(58880K)->57761K(58880K) Class: 7403K(8064K)->7403K(8064K)
[2023-02-28T14:41:45.928+0900][799.417s] GC(590) Pause Young (Normal) (G1 Evacuation Pause) 511M->511M(512M) 0.602ms
[2023-02-28T14:41:45.928+0900][799.417s] GC(590) User=0.00s Sys=0.00s Real=0.00s
[2023-02-28T14:41:45.928+0900][799.418s] GC(591) Using 10 workers of 10 for full compaction
[2023-02-28T14:41:45.928+0900][799.418s] GC(591) Pause Full (G1 Evacuation Pause)
[2023-02-28T14:41:45.929+0900][799.418s] GC(591) Phase 1: Mark live objects
[2023-02-28T14:41:45.977+0900][799.467s] GC(591) Cleaned string and symbol table, strings: 31141 processed, 0 removed, symbols: 195635 processed, 0 removed
[2023-02-28T14:41:45.977+0900][799.467s] GC(591) Phase 1: Mark live objects 49.500ms
[2023-02-28T14:41:45.977+0900][799.467s] GC(591) Phase 2: Prepare for compaction
[2023-02-28T14:41:46.008+0900][799.498s] GC(591) Phase 2: Prepare for compaction 30.918ms
[2023-02-28T14:41:46.008+0900][799.498s] GC(591) Phase 3: Adjust pointers
[2023-02-28T14:41:46.045+0900][799.535s] GC(591) Phase 3: Adjust pointers 36.265ms
[2023-02-28T14:41:46.045+0900][799.535s] GC(591) Phase 4: Compact heap
[2023-02-28T14:41:46.073+0900][799.563s] GC(591) Phase 4: Compact heap 28.188ms
[2023-02-28T14:41:46.085+0900][799.575s] GC(591) Eden regions: 0->0(25)
[2023-02-28T14:41:46.085+0900][799.575s] GC(591) Survivor regions: 0->0(4)
[2023-02-28T14:41:46.085+0900][799.575s] GC(591) Old regions: 479->479
[2023-02-28T14:41:46.085+0900][799.575s] GC(591) Humongous regions: 33->33
[2023-02-28T14:41:46.085+0900][799.575s] GC(591) Metaspace: 65164K(66944K)->65164K(66944K) NonClass: 57761K(58880K)->57761K(58880K) Class: 7403K(8064K)->7403K(8064K)
[2023-02-28T14:41:46.085+0900][799.575s] GC(591) Pause Full (G1 Evacuation Pause) 511M->511M(512M) 157.273ms
[2023-02-28T14:41:46.085+0900][799.575s] GC(591) User=1.55s Sys=0.00s Real=0.16s
[2023-02-28T14:41:46.085+0900][799.575s] GC(592) Using 10 workers of 10 for full compaction
[2023-02-28T14:41:46.085+0900][799.575s] GC(592) Pause Full (G1 Evacuation Pause)
[2023-02-28T14:41:46.086+0900][799.576s] GC(592) Phase 1: Mark live objects
[2023-02-28T14:41:46.137+0900][799.627s] GC(592) Cleaned string and symbol table, strings: 31141 processed, 0 removed, symbols: 195635 processed, 0 removed
[2023-02-28T14:41:46.137+0900][799.627s] GC(592) Phase 1: Mark live objects 51.518ms
[2023-02-28T14:41:46.137+0900][799.627s] GC(592) Phase 2: Prepare for compaction
[2023-02-28T14:41:46.180+0900][799.669s] GC(592) Phase 2: Prepare for compaction 42.279ms
[2023-02-28T14:41:46.180+0900][799.670s] GC(592) Phase 3: Adjust pointers
[2023-02-28T14:41:46.227+0900][799.716s] GC(592) Phase 3: Adjust pointers 46.870ms
[2023-02-28T14:41:46.227+0900][799.716s] GC(592) Phase 4: Compact heap
[2023-02-28T14:41:46.262+0900][799.751s] GC(592) Phase 4: Compact heap 34.953ms
[2023-02-28T14:41:46.276+0900][799.765s] GC(592) Eden regions: 0->0(25)
[2023-02-28T14:41:46.276+0900][799.765s] GC(592) Survivor regions: 0->0(4)
[2023-02-28T14:41:46.276+0900][799.765s] GC(592) Old regions: 479->479
[2023-02-28T14:41:46.276+0900][799.765s] GC(592) Humongous regions: 33->33
[2023-02-28T14:41:46.276+0900][799.765s] GC(592) Metaspace: 65164K(66944K)->65164K(66944K) NonClass: 57761K(58880K)->57761K(58880K) Class: 7403K(8064K)->7403K(8064K)
[2023-02-28T14:41:46.276+0900][799.765s] GC(592) Pause Full (G1 Evacuation Pause) 511M->511M(512M) 190.014ms
[2023-02-28T14:41:46.276+0900][799.766s] GC(592) User=1.86s Sys=0.00s Real=0.19s
[2023-02-28T14:41:46.276+0900][799.766s] GC(593) Pause Young (Concurrent Start) (G1 Evacuation Pause)
[2023-02-28T14:41:46.277+0900][799.766s] GC(593) Using 10 workers of 10 for evacuation
[2023-02-28T14:41:46.277+0900][799.766s] GC(593)   Pre Evacuate Collection Set: 0.1ms
[2023-02-28T14:41:46.277+0900][799.767s] GC(593)   Evacuate Collection Set: 0.5ms
[2023-02-28T14:41:46.277+0900][799.767s] GC(593)   Post Evacuate Collection Set: 0.1ms
[2023-02-28T14:41:46.277+0900][799.767s] GC(593)   Other: 0.1ms
[2023-02-28T14:41:46.277+0900][799.767s] GC(593) Eden regions: 0->0(25)
[2023-02-28T14:41:46.277+0900][799.767s] GC(593) Survivor regions: 0->0(4)
[2023-02-28T14:41:46.277+0900][799.767s] GC(593) Old regions: 479->479
[2023-02-28T14:41:46.277+0900][799.767s] GC(593) Humongous regions: 33->33
[2023-02-28T14:41:46.277+0900][799.767s] GC(593) Metaspace: 65164K(66944K)->65164K(66944K) NonClass: 57761K(58880K)->57761K(58880K) Class: 7403K(8064K)->7403K(8064K)
[2023-02-28T14:41:46.277+0900][799.767s] GC(593) Pause Young (Concurrent Start) (G1 Evacuation Pause) 511M->511M(512M) 0.949ms
[2023-02-28T14:41:46.277+0900][799.767s] GC(593) User=0.00s Sys=0.00s Real=0.00s
[2023-02-28T14:41:46.277+0900][799.767s] GC(594) Using 10 workers of 10 for full compaction
[2023-02-28T14:41:46.277+0900][799.767s] GC(595) Concurrent Cycle
[2023-02-28T14:41:46.278+0900][799.767s] GC(595) Concurrent Clear Claimed Marks
[2023-02-28T14:41:46.278+0900][799.767s] GC(595) Concurrent Clear Claimed Marks 0.033ms
[2023-02-28T14:41:46.278+0900][799.767s] GC(595) Concurrent Scan Root Regions
[2023-02-28T14:41:46.278+0900][799.767s] GC(595) Concurrent Scan Root Regions 0.020ms
[2023-02-28T14:41:46.278+0900][799.767s] GC(594) Pause Full (G1 Evacuation Pause)
[2023-02-28T14:41:46.278+0900][799.767s] GC(595) Concurrent Mark (799.767s)
[2023-02-28T14:41:46.278+0900][799.767s] GC(595) Concurrent Mark From Roots
[2023-02-28T14:41:46.278+0900][799.767s] GC(595) Using 3 workers of 3 for marking
[2023-02-28T14:41:46.278+0900][799.768s] GC(594) Phase 1: Mark live objects
[2023-02-28T14:41:46.328+0900][799.818s] GC(594) Cleaned string and symbol table, strings: 31141 processed, 0 removed, symbols: 195635 processed, 0 removed
[2023-02-28T14:41:46.328+0900][799.818s] GC(594) Phase 1: Mark live objects 49.914ms
[2023-02-28T14:41:46.328+0900][799.818s] GC(594) Phase 2: Prepare for compaction
[2023-02-28T14:41:46.359+0900][799.849s] GC(594) Phase 2: Prepare for compaction 31.170ms
[2023-02-28T14:41:46.359+0900][799.849s] GC(594) Phase 3: Adjust pointers
[2023-02-28T14:41:46.393+0900][799.883s] GC(594) Phase 3: Adjust pointers 33.934ms
[2023-02-28T14:41:46.393+0900][799.883s] GC(594) Phase 4: Compact heap
[2023-02-28T14:41:46.417+0900][799.907s] GC(594) Phase 4: Compact heap 24.434ms
[2023-02-28T14:41:46.430+0900][799.920s] GC(594) Eden regions: 0->0(25)
[2023-02-28T14:41:46.430+0900][799.920s] GC(594) Survivor regions: 0->0(4)
[2023-02-28T14:41:46.430+0900][799.920s] GC(594) Old regions: 479->479
[2023-02-28T14:41:46.430+0900][799.920s] GC(594) Humongous regions: 33->33
[2023-02-28T14:41:46.430+0900][799.920s] GC(594) Metaspace: 65164K(66944K)->65164K(66944K) NonClass: 57761K(58880K)->57761K(58880K) Class: 7403K(8064K)->7403K(8064K)
[2023-02-28T14:41:46.430+0900][799.920s] GC(594) Pause Full (G1 Evacuation Pause) 511M->511M(512M) 153.281ms
[2023-02-28T14:41:46.430+0900][799.920s] GC(594) User=1.39s Sys=0.03s Real=0.15s
[2023-02-28T14:41:46.431+0900][799.920s] GC(596) Using 10 workers of 10 for full compaction
[2023-02-28T14:41:46.431+0900][799.921s] GC(596) Pause Full (G1 Evacuation Pause)
[2023-02-28T14:41:46.431+0900][799.921s] GC(596) Phase 1: Mark live objects
[2023-02-28T14:41:46.479+0900][799.969s] GC(596) Cleaned string and symbol table, strings: 31141 processed, 0 removed, symbols: 195635 processed, 0 removed
[2023-02-28T14:41:46.480+0900][799.969s] GC(596) Phase 1: Mark live objects 48.494ms
[2023-02-28T14:41:46.480+0900][799.969s] GC(596) Phase 2: Prepare for compaction
[2023-02-28T14:41:46.509+0900][799.999s] GC(596) Phase 2: Prepare for compaction 29.405ms
[2023-02-28T14:41:46.509+0900][799.999s] GC(596) Phase 3: Adjust pointers
[2023-02-28T14:41:46.544+0900][800.034s] GC(596) Phase 3: Adjust pointers 35.228ms
[2023-02-28T14:41:46.545+0900][800.034s] GC(596) Phase 4: Compact heap
[2023-02-28T14:41:46.572+0900][800.062s] GC(596) Phase 4: Compact heap 27.946ms
[2023-02-28T14:41:46.586+0900][800.075s] GC(596) Eden regions: 0->0(25)
[2023-02-28T14:41:46.586+0900][800.075s] GC(596) Survivor regions: 0->0(4)
[2023-02-28T14:41:46.586+0900][800.075s] GC(596) Old regions: 479->479
[2023-02-28T14:41:46.586+0900][800.075s] GC(596) Humongous regions: 33->33
[2023-02-28T14:41:46.586+0900][800.075s] GC(596) Metaspace: 65164K(66944K)->65164K(66944K) NonClass: 57761K(58880K)->57761K(58880K) Class: 7403K(8064K)->7403K(8064K)
[2023-02-28T14:41:46.586+0900][800.075s] GC(596) Pause Full (G1 Evacuation Pause) 511M->511M(512M) 154.880ms
[2023-02-28T14:41:46.586+0900][800.076s] GC(596) User=1.53s Sys=0.00s Real=0.15s
[2023-02-28T14:41:46.586+0900][800.076s] GC(595) Concurrent Mark From Roots 308.736ms
[2023-02-28T14:41:46.586+0900][800.076s] GC(597) Pause Young (Normal) (G1 Evacuation Pause)
[2023-02-28T14:41:46.586+0900][800.076s] GC(597) Using 10 workers of 10 for evacuation
[2023-02-28T14:41:46.587+0900][800.076s] GC(597)   Pre Evacuate Collection Set: 0.0ms
[2023-02-28T14:41:46.587+0900][800.076s] GC(597)   Evacuate Collection Set: 0.1ms
[2023-02-28T14:41:46.587+0900][800.076s] GC(597)   Post Evacuate Collection Set: 0.1ms
[2023-02-28T14:41:46.587+0900][800.076s] GC(597)   Other: 0.1ms
[2023-02-28T14:41:46.587+0900][800.076s] GC(597) Eden regions: 0->0(25)
[2023-02-28T14:41:46.587+0900][800.076s] GC(597) Survivor regions: 0->0(4)
[2023-02-28T14:41:46.587+0900][800.076s] GC(597) Old regions: 479->479
[2023-02-28T14:41:46.587+0900][800.076s] GC(597) Humongous regions: 33->33
[2023-02-28T14:41:46.587+0900][800.076s] GC(597) Metaspace: 65164K(66944K)->65164K(66944K) NonClass: 57761K(58880K)->57761K(58880K) Class: 7403K(8064K)->7403K(8064K)
[2023-02-28T14:41:46.587+0900][800.076s] GC(597) Pause Young (Normal) (G1 Evacuation Pause) 511M->511M(512M) 0.637ms
[2023-02-28T14:41:46.587+0900][800.076s] GC(597) User=0.00s Sys=0.00s Real=0.00s
[2023-02-28T14:41:46.587+0900][800.076s] GC(598) Using 10 workers of 10 for full compaction
[2023-02-28T14:41:46.587+0900][800.077s] GC(598) Pause Full (G1 Evacuation Pause)
[2023-02-28T14:41:46.588+0900][800.077s] GC(598) Phase 1: Mark live objects
[2023-02-28T14:41:46.642+0900][800.132s] GC(598) Cleaned string and symbol table, strings: 31141 processed, 0 removed, symbols: 195635 processed, 0 removed
[2023-02-28T14:41:46.642+0900][800.132s] GC(598) Phase 1: Mark live objects 54.544ms
[2023-02-28T14:41:46.642+0900][800.132s] GC(598) Phase 2: Prepare for compaction
[2023-02-28T14:41:46.674+0900][800.163s] GC(598) Phase 2: Prepare for compaction 31.165ms
[2023-02-28T14:41:46.674+0900][800.163s] GC(598) Phase 3: Adjust pointers
[2023-02-28T14:41:46.709+0900][800.199s] GC(598) Phase 3: Adjust pointers 36.348ms
[2023-02-28T14:41:46.709+0900][800.199s] GC(598) Phase 4: Compact heap
[2023-02-28T14:41:46.738+0900][800.228s] GC(598) Phase 4: Compact heap 28.813ms
[2023-02-28T14:41:46.751+0900][800.241s] GC(598) Eden regions: 0->0(25)
[2023-02-28T14:41:46.751+0900][800.241s] GC(598) Survivor regions: 0->0(4)
[2023-02-28T14:41:46.751+0900][800.241s] GC(598) Old regions: 479->479
[2023-02-28T14:41:46.751+0900][800.241s] GC(598) Humongous regions: 33->33
[2023-02-28T14:41:46.751+0900][800.241s] GC(598) Metaspace: 65164K(66944K)->65164K(66944K) NonClass: 57761K(58880K)->57761K(58880K) Class: 7403K(8064K)->7403K(8064K)
[2023-02-28T14:41:46.751+0900][800.241s] GC(598) Pause Full (G1 Evacuation Pause) 511M->511M(512M) 164.828ms
[2023-02-28T14:41:46.752+0900][800.242s] GC(598) User=1.64s Sys=0.00s Real=0.17s
[2023-02-28T14:41:46.752+0900][800.242s] GC(599) Using 10 workers of 10 for full compaction
[2023-02-28T14:41:46.752+0900][800.242s] GC(599) Pause Full (G1 Evacuation Pause)
[2023-02-28T14:41:46.752+0900][800.242s] GC(599) Phase 1: Mark live objects
[2023-02-28T14:41:46.804+0900][800.294s] GC(599) Cleaned string and symbol table, strings: 31141 processed, 0 removed, symbols: 195635 processed, 0 removed
[2023-02-28T14:41:46.804+0900][800.294s] GC(599) Phase 1: Mark live objects 51.561ms
[2023-02-28T14:41:46.804+0900][800.294s] GC(599) Phase 2: Prepare for compaction
[2023-02-28T14:41:46.835+0900][800.325s] GC(599) Phase 2: Prepare for compaction 31.440ms
[2023-02-28T14:41:46.835+0900][800.325s] GC(599) Phase 3: Adjust pointers
[2023-02-28T14:41:46.873+0900][800.362s] GC(599) Phase 3: Adjust pointers 36.986ms
[2023-02-28T14:41:46.873+0900][800.362s] GC(599) Phase 4: Compact heap
[2023-02-28T14:41:46.904+0900][800.394s] GC(599) Phase 4: Compact heap 31.496ms
[2023-02-28T14:41:46.916+0900][800.406s] GC(599) Eden regions: 0->0(25)
[2023-02-28T14:41:46.917+0900][800.406s] GC(599) Survivor regions: 0->0(4)
[2023-02-28T14:41:46.917+0900][800.406s] GC(599) Old regions: 479->479
[2023-02-28T14:41:46.917+0900][800.406s] GC(599) Humongous regions: 33->33
[2023-02-28T14:41:46.917+0900][800.406s] GC(599) Metaspace: 65164K(66944K)->65164K(66944K) NonClass: 57761K(58880K)->57761K(58880K) Class: 7403K(8064K)->7403K(8064K)
[2023-02-28T14:41:46.917+0900][800.406s] GC(599) Pause Full (G1 Evacuation Pause) 511M->511M(512M) 164.383ms
[2023-02-28T14:41:46.917+0900][800.406s] GC(599) User=1.41s Sys=0.00s Real=0.16s
[2023-02-28T14:41:46.917+0900][800.406s] GC(595) Concurrent Mark Abort
[2023-02-28T14:41:46.917+0900][800.407s] GC(595) Concurrent Cycle 639.783ms
[2023-02-28T14:41:46.917+0900][800.407s] GC(600) Pause Young (Normal) (G1 Evacuation Pause)
[2023-02-28T14:41:46.917+0900][800.407s] GC(600) Using 10 workers of 10 for evacuation
[2023-02-28T14:41:46.917+0900][800.407s] GC(600)   Pre Evacuate Collection Set: 0.0ms
[2023-02-28T14:41:46.917+0900][800.407s] GC(600)   Evacuate Collection Set: 0.2ms
[2023-02-28T14:41:46.917+0900][800.407s] GC(600)   Post Evacuate Collection Set: 0.1ms
[2023-02-28T14:41:46.918+0900][800.407s] GC(600)   Other: 0.1ms
[2023-02-28T14:41:46.918+0900][800.407s] GC(600) Eden regions: 0->0(25)
[2023-02-28T14:41:46.918+0900][800.407s] GC(600) Survivor regions: 0->0(4)
[2023-02-28T14:41:46.918+0900][800.407s] GC(600) Old regions: 479->479
[2023-02-28T14:41:46.918+0900][800.407s] GC(600) Humongous regions: 33->33
[2023-02-28T14:41:46.918+0900][800.407s] GC(600) Metaspace: 65164K(66944K)->65164K(66944K) NonClass: 57761K(58880K)->57761K(58880K) Class: 7403K(8064K)->7403K(8064K)
[2023-02-28T14:41:46.918+0900][800.407s] GC(600) Pause Young (Normal) (G1 Evacuation Pause) 511M->511M(512M) 0.714ms
[2023-02-28T14:41:46.918+0900][800.407s] GC(600) User=0.00s Sys=0.00s Real=0.00s
[2023-02-28T14:41:46.918+0900][800.407s] GC(601) Using 10 workers of 10 for full compaction
[2023-02-28T14:41:46.918+0900][800.407s] GC(601) Pause Full (G1 Evacuation Pause)
[2023-02-28T14:41:46.918+0900][800.408s] GC(601) Phase 1: Mark live objects
[2023-02-28T14:41:46.966+0900][800.456s] GC(601) Cleaned string and symbol table, strings: 31141 processed, 0 removed, symbols: 195635 processed, 0 removed
[2023-02-28T14:41:46.967+0900][800.456s] GC(601) Phase 1: Mark live objects 48.258ms
[2023-02-28T14:41:46.967+0900][800.456s] GC(601) Phase 2: Prepare for compaction
[2023-02-28T14:41:46.996+0900][800.485s] GC(601) Phase 2: Prepare for compaction 28.979ms
[2023-02-28T14:41:46.996+0900][800.485s] GC(601) Phase 3: Adjust pointers
[2023-02-28T14:41:47.032+0900][800.522s] GC(601) Phase 3: Adjust pointers 36.614ms
[2023-02-28T14:41:47.033+0900][800.522s] GC(601) Phase 4: Compact heap
[2023-02-28T14:41:47.059+0900][800.548s] GC(601) Phase 4: Compact heap 26.214ms
[2023-02-28T14:41:47.071+0900][800.560s] GC(601) Eden regions: 0->0(25)
[2023-02-28T14:41:47.071+0900][800.560s] GC(601) Survivor regions: 0->0(4)
[2023-02-28T14:41:47.071+0900][800.560s] GC(601) Old regions: 479->479
[2023-02-28T14:41:47.071+0900][800.560s] GC(601) Humongous regions: 33->33
[2023-02-28T14:41:47.071+0900][800.560s] GC(601) Metaspace: 65164K(66944K)->65164K(66944K) NonClass: 57761K(58880K)->57761K(58880K) Class: 7403K(8064K)->7403K(8064K)
[2023-02-28T14:41:47.071+0900][800.560s] GC(601) Pause Full (G1 Evacuation Pause) 511M->511M(512M) 152.635ms
[2023-02-28T14:41:47.071+0900][800.560s] GC(601) User=1.55s Sys=0.00s Real=0.15s
[2023-02-28T14:41:47.071+0900][800.560s] GC(602) Using 10 workers of 10 for full compaction
[2023-02-28T14:41:47.071+0900][800.560s] GC(602) Pause Full (G1 Evacuation Pause)
[2023-02-28T14:41:47.072+0900][800.561s] GC(602) Phase 1: Mark live objects
[2023-02-28T14:41:47.121+0900][800.611s] GC(602) Cleaned string and symbol table, strings: 31141 processed, 0 removed, symbols: 195635 processed, 0 removed
[2023-02-28T14:41:47.121+0900][800.611s] GC(602) Phase 1: Mark live objects 50.080ms
[2023-02-28T14:41:47.121+0900][800.611s] GC(602) Phase 2: Prepare for compaction
[2023-02-28T14:41:47.150+0900][800.640s] GC(602) Phase 2: Prepare for compaction 28.725ms
[2023-02-28T14:41:47.150+0900][800.640s] GC(602) Phase 3: Adjust pointers
[2023-02-28T14:41:47.185+0900][800.675s] GC(602) Phase 3: Adjust pointers 35.266ms
[2023-02-28T14:41:47.185+0900][800.675s] GC(602) Phase 4: Compact heap
[2023-02-28T14:41:47.213+0900][800.703s] GC(602) Phase 4: Compact heap 27.588ms
[2023-02-28T14:41:47.226+0900][800.716s] GC(602) Eden regions: 0->0(25)
[2023-02-28T14:41:47.226+0900][800.716s] GC(602) Survivor regions: 0->0(4)
[2023-02-28T14:41:47.226+0900][800.716s] GC(602) Old regions: 479->479
[2023-02-28T14:41:47.226+0900][800.716s] GC(602) Humongous regions: 33->33
[2023-02-28T14:41:47.226+0900][800.716s] GC(602) Metaspace: 65164K(66944K)->65164K(66944K) NonClass: 57761K(58880K)->57761K(58880K) Class: 7403K(8064K)->7403K(8064K)
[2023-02-28T14:41:47.227+0900][800.716s] GC(602) Pause Full (G1 Evacuation Pause) 511M->511M(512M) 155.787ms
[2023-02-28T14:41:47.227+0900][800.717s] GC(602) User=1.48s Sys=0.00s Real=0.16s
[2023-02-28T14:41:47.227+0900][800.717s] GC(603) Pause Young (Concurrent Start) (G1 Evacuation Pause)
[2023-02-28T14:41:47.227+0900][800.717s] GC(603) Using 10 workers of 10 for evacuation
[2023-02-28T14:41:47.228+0900][800.718s] GC(603)   Pre Evacuate Collection Set: 0.1ms
[2023-02-28T14:41:47.228+0900][800.718s] GC(603)   Evacuate Collection Set: 0.6ms
[2023-02-28T14:41:47.228+0900][800.718s] GC(603)   Post Evacuate Collection Set: 0.1ms
[2023-02-28T14:41:47.228+0900][800.718s] GC(603)   Other: 0.2ms
[2023-02-28T14:41:47.228+0900][800.718s] GC(603) Eden regions: 0->0(25)
[2023-02-28T14:41:47.228+0900][800.718s] GC(603) Survivor regions: 0->0(4)
[2023-02-28T14:41:47.228+0900][800.718s] GC(603) Old regions: 479->479
[2023-02-28T14:41:47.228+0900][800.718s] GC(603) Humongous regions: 33->33
[2023-02-28T14:41:47.228+0900][800.718s] GC(603) Metaspace: 65164K(66944K)->65164K(66944K) NonClass: 57761K(58880K)->57761K(58880K) Class: 7403K(8064K)->7403K(8064K)
[2023-02-28T14:41:47.228+0900][800.718s] GC(603) Pause Young (Concurrent Start) (G1 Evacuation Pause) 511M->511M(512M) 1.308ms
[2023-02-28T14:41:47.228+0900][800.718s] GC(603) User=0.00s Sys=0.00s Real=0.00s
[2023-02-28T14:41:47.229+0900][800.718s] GC(605) Concurrent Cycle
[2023-02-28T14:41:47.229+0900][800.718s] GC(604) Using 10 workers of 10 for full compaction
[2023-02-28T14:41:47.229+0900][800.718s] GC(605) Concurrent Clear Claimed Marks
[2023-02-28T14:41:47.229+0900][800.718s] GC(605) Concurrent Clear Claimed Marks 0.077ms
[2023-02-28T14:41:47.229+0900][800.718s] GC(605) Concurrent Scan Root Regions
[2023-02-28T14:41:47.229+0900][800.718s] GC(605) Concurrent Scan Root Regions 0.031ms
[2023-02-28T14:41:47.229+0900][800.718s] GC(604) Pause Full (G1 Evacuation Pause)
[2023-02-28T14:41:47.229+0900][800.718s] GC(605) Concurrent Mark (800.718s)
[2023-02-28T14:41:47.229+0900][800.719s] GC(605) Concurrent Mark From Roots
[2023-02-28T14:41:47.229+0900][800.719s] GC(605) Using 3 workers of 3 for marking
[2023-02-28T14:41:47.230+0900][800.719s] GC(604) Phase 1: Mark live objects
[2023-02-28T14:41:47.280+0900][800.770s] GC(604) Cleaned string and symbol table, strings: 31141 processed, 0 removed, symbols: 195635 processed, 0 removed
[2023-02-28T14:41:47.280+0900][800.770s] GC(604) Phase 1: Mark live objects 50.435ms
[2023-02-28T14:41:47.280+0900][800.770s] GC(604) Phase 2: Prepare for compaction
[2023-02-28T14:41:47.313+0900][800.803s] GC(604) Phase 2: Prepare for compaction 33.023ms
[2023-02-28T14:41:47.314+0900][800.803s] GC(604) Phase 3: Adjust pointers
[2023-02-28T14:41:47.376+0900][800.865s] GC(604) Phase 3: Adjust pointers 62.194ms
[2023-02-28T14:41:47.376+0900][800.865s] GC(604) Phase 4: Compact heap
[2023-02-28T14:41:47.407+0900][800.896s] GC(604) Phase 4: Compact heap 30.967ms
[2023-02-28T14:41:47.423+0900][800.912s] GC(604) Eden regions: 0->0(25)
[2023-02-28T14:41:47.423+0900][800.912s] GC(604) Survivor regions: 0->0(4)
[2023-02-28T14:41:47.423+0900][800.912s] GC(604) Old regions: 479->479
[2023-02-28T14:41:47.423+0900][800.912s] GC(604) Humongous regions: 33->33
[2023-02-28T14:41:47.423+0900][800.912s] GC(604) Metaspace: 65164K(66944K)->65164K(66944K) NonClass: 57761K(58880K)->57761K(58880K) Class: 7403K(8064K)->7403K(8064K)
[2023-02-28T14:41:47.423+0900][800.912s] GC(604) Pause Full (G1 Evacuation Pause) 511M->511M(512M) 193.573ms
[2023-02-28T14:41:47.423+0900][800.912s] GC(604) User=1.47s Sys=0.00s Real=0.19s
[2023-02-28T14:41:47.423+0900][800.912s] GC(606) Using 10 workers of 10 for full compaction
[2023-02-28T14:41:47.423+0900][800.912s] GC(606) Pause Full (G1 Evacuation Pause)
[2023-02-28T14:41:47.424+0900][800.913s] GC(606) Phase 1: Mark live objects
[2023-02-28T14:41:47.477+0900][800.968s] GC(606) Cleaned string and symbol table, strings: 31141 processed, 0 removed, symbols: 195635 processed, 0 removed
[2023-02-28T14:41:47.478+0900][800.968s] GC(606) Phase 1: Mark live objects 54.779ms
[2023-02-28T14:41:47.478+0900][800.968s] GC(606) Phase 2: Prepare for compaction
[2023-02-28T14:41:47.509+0900][800.999s] GC(606) Phase 2: Prepare for compaction 31.440ms
[2023-02-28T14:41:47.509+0900][800.999s] GC(606) Phase 3: Adjust pointers
[2023-02-28T14:41:47.547+0900][801.037s] GC(606) Phase 3: Adjust pointers 37.347ms
[2023-02-28T14:41:47.547+0900][801.037s] GC(606) Phase 4: Compact heap
[2023-02-28T14:41:47.575+0900][801.065s] GC(606) Phase 4: Compact heap 28.154ms
[2023-02-28T14:41:47.589+0900][801.079s] GC(606) Eden regions: 0->0(25)
[2023-02-28T14:41:47.589+0900][801.079s] GC(606) Survivor regions: 0->0(4)
[2023-02-28T14:41:47.589+0900][801.079s] GC(606) Old regions: 479->479
[2023-02-28T14:41:47.589+0900][801.079s] GC(606) Humongous regions: 33->33
[2023-02-28T14:41:47.589+0900][801.079s] GC(606) Metaspace: 65164K(66944K)->65164K(66944K) NonClass: 57761K(58880K)->57761K(58880K) Class: 7403K(8064K)->7403K(8064K)
[2023-02-28T14:41:47.589+0900][801.079s] GC(606) Pause Full (G1 Evacuation Pause) 511M->511M(512M) 166.251ms
[2023-02-28T14:41:47.589+0900][801.079s] GC(606) User=1.42s Sys=0.00s Real=0.17s
[2023-02-28T14:41:47.589+0900][801.079s] GC(605) Concurrent Mark From Roots 360.445ms
[2023-02-28T14:41:47.589+0900][801.079s] GC(607) Pause Young (Normal) (G1 Evacuation Pause)
[2023-02-28T14:41:47.589+0900][801.079s] GC(607) Using 10 workers of 10 for evacuation
[2023-02-28T14:41:47.590+0900][801.079s] GC(607)   Pre Evacuate Collection Set: 0.0ms
[2023-02-28T14:41:47.590+0900][801.079s] GC(607)   Evacuate Collection Set: 0.1ms
[2023-02-28T14:41:47.590+0900][801.079s] GC(607)   Post Evacuate Collection Set: 0.1ms
[2023-02-28T14:41:47.590+0900][801.080s] GC(607)   Other: 0.1ms
[2023-02-28T14:41:47.590+0900][801.080s] GC(607) Eden regions: 0->0(25)
[2023-02-28T14:41:47.590+0900][801.080s] GC(607) Survivor regions: 0->0(4)
[2023-02-28T14:41:47.590+0900][801.080s] GC(607) Old regions: 479->479
[2023-02-28T14:41:47.590+0900][801.080s] GC(607) Humongous regions: 33->33
[2023-02-28T14:41:47.590+0900][801.080s] GC(607) Metaspace: 65164K(66944K)->65164K(66944K) NonClass: 57761K(58880K)->57761K(58880K) Class: 7403K(8064K)->7403K(8064K)
[2023-02-28T14:41:47.590+0900][801.080s] GC(607) Pause Young (Normal) (G1 Evacuation Pause) 511M->511M(512M) 0.606ms
[2023-02-28T14:41:47.590+0900][801.080s] GC(607) User=0.00s Sys=0.00s Real=0.00s
[2023-02-28T14:41:47.590+0900][801.080s] GC(608) Using 10 workers of 10 for full compaction
[2023-02-28T14:41:47.590+0900][801.080s] GC(608) Pause Full (G1 Evacuation Pause)
[2023-02-28T14:41:47.590+0900][801.080s] GC(608) Phase 1: Mark live objects
[2023-02-28T14:41:47.645+0900][801.135s] GC(608) Cleaned string and symbol table, strings: 31141 processed, 0 removed, symbols: 195635 processed, 0 removed
[2023-02-28T14:41:47.646+0900][801.135s] GC(608) Phase 1: Mark live objects 55.010ms
[2023-02-28T14:41:47.646+0900][801.135s] GC(608) Phase 2: Prepare for compaction
[2023-02-28T14:41:47.675+0900][801.164s] GC(608) Phase 2: Prepare for compaction 28.850ms
[2023-02-28T14:41:47.675+0900][801.164s] GC(608) Phase 3: Adjust pointers
[2023-02-28T14:41:47.710+0900][801.200s] GC(608) Phase 3: Adjust pointers 35.762ms
[2023-02-28T14:41:47.710+0900][801.200s] GC(608) Phase 4: Compact heap
[2023-02-28T14:41:47.737+0900][801.227s] GC(608) Phase 4: Compact heap 26.759ms
[2023-02-28T14:41:47.749+0900][801.239s] GC(608) Eden regions: 0->0(25)
[2023-02-28T14:41:47.749+0900][801.239s] GC(608) Survivor regions: 0->0(4)
[2023-02-28T14:41:47.749+0900][801.239s] GC(608) Old regions: 479->479
[2023-02-28T14:41:47.749+0900][801.239s] GC(608) Humongous regions: 33->33
[2023-02-28T14:41:47.749+0900][801.239s] GC(608) Metaspace: 65164K(66944K)->65164K(66944K) NonClass: 57761K(58880K)->57761K(58880K) Class: 7403K(8064K)->7403K(8064K)
[2023-02-28T14:41:47.749+0900][801.239s] GC(608) Pause Full (G1 Evacuation Pause) 511M->511M(512M) 158.858ms
[2023-02-28T14:41:47.750+0900][801.239s] GC(608) User=1.58s Sys=0.00s Real=0.16s
[2023-02-28T14:41:47.750+0900][801.239s] GC(609) Using 10 workers of 10 for full compaction
[2023-02-28T14:41:47.750+0900][801.239s] GC(609) Pause Full (G1 Evacuation Pause)
[2023-02-28T14:41:47.750+0900][801.240s] GC(609) Phase 1: Mark live objects
[2023-02-28T14:41:47.796+0900][801.285s] GC(609) Cleaned string and symbol table, strings: 31141 processed, 0 removed, symbols: 195635 processed, 0 removed
[2023-02-28T14:41:47.796+0900][801.285s] GC(609) Phase 1: Mark live objects 45.577ms
[2023-02-28T14:41:47.796+0900][801.285s] GC(609) Phase 2: Prepare for compaction
[2023-02-28T14:41:47.824+0900][801.313s] GC(609) Phase 2: Prepare for compaction 27.781ms
[2023-02-28T14:41:47.824+0900][801.313s] GC(609) Phase 3: Adjust pointers
[2023-02-28T14:41:47.857+0900][801.347s] GC(609) Phase 3: Adjust pointers 34.402ms
[2023-02-28T14:41:47.857+0900][801.347s] GC(609) Phase 4: Compact heap
[2023-02-28T14:41:47.881+0900][801.371s] GC(609) Phase 4: Compact heap 23.437ms
[2023-02-28T14:41:47.893+0900][801.383s] GC(609) Eden regions: 0->0(25)
[2023-02-28T14:41:47.893+0900][801.383s] GC(609) Survivor regions: 0->0(4)
[2023-02-28T14:41:47.893+0900][801.383s] GC(609) Old regions: 479->479
[2023-02-28T14:41:47.893+0900][801.383s] GC(609) Humongous regions: 33->33
[2023-02-28T14:41:47.893+0900][801.383s] GC(609) Metaspace: 65164K(66944K)->65164K(66944K) NonClass: 57761K(58880K)->57761K(58880K) Class: 7403K(8064K)->7403K(8064K)
[2023-02-28T14:41:47.893+0900][801.383s] GC(609) Pause Full (G1 Evacuation Pause) 511M->511M(512M) 143.825ms
[2023-02-28T14:41:47.893+0900][801.383s] GC(609) User=1.38s Sys=0.00s Real=0.14s
[2023-02-28T14:41:47.893+0900][801.383s] GC(605) Concurrent Mark Abort
[2023-02-28T14:41:47.893+0900][801.383s] GC(605) Concurrent Cycle 665.082ms
[2023-02-28T14:41:47.893+0900][801.383s] GC(610) Pause Young (Normal) (G1 Evacuation Pause)
[2023-02-28T14:41:47.893+0900][801.383s] GC(610) Using 10 workers of 10 for evacuation
[2023-02-28T14:41:47.894+0900][801.384s] GC(610)   Pre Evacuate Collection Set: 0.0ms
[2023-02-28T14:41:47.894+0900][801.384s] GC(610)   Evacuate Collection Set: 0.2ms
[2023-02-28T14:41:47.894+0900][801.384s] GC(610)   Post Evacuate Collection Set: 0.1ms
[2023-02-28T14:41:47.894+0900][801.384s] GC(610)   Other: 0.1ms
[2023-02-28T14:41:47.894+0900][801.384s] GC(610) Eden regions: 0->0(25)
[2023-02-28T14:41:47.894+0900][801.384s] GC(610) Survivor regions: 0->0(4)
[2023-02-28T14:41:47.894+0900][801.384s] GC(610) Old regions: 479->479
[2023-02-28T14:41:47.894+0900][801.384s] GC(610) Humongous regions: 33->33
[2023-02-28T14:41:47.894+0900][801.384s] GC(610) Metaspace: 65164K(66944K)->65164K(66944K) NonClass: 57761K(58880K)->57761K(58880K) Class: 7403K(8064K)->7403K(8064K)
[2023-02-28T14:41:47.894+0900][801.384s] GC(610) Pause Young (Normal) (G1 Evacuation Pause) 511M->511M(512M) 0.546ms
[2023-02-28T14:41:47.894+0900][801.384s] GC(610) User=0.00s Sys=0.00s Real=0.00s
[2023-02-28T14:41:47.894+0900][801.384s] GC(611) Using 10 workers of 10 for full compaction
[2023-02-28T14:41:47.894+0900][801.384s] GC(611) Pause Full (G1 Evacuation Pause)
[2023-02-28T14:41:47.894+0900][801.384s] GC(611) Phase 1: Mark live objects
[2023-02-28T14:41:47.944+0900][801.434s] GC(611) Cleaned string and symbol table, strings: 31141 processed, 0 removed, symbols: 195635 processed, 0 removed
[2023-02-28T14:41:47.944+0900][801.434s] GC(611) Phase 1: Mark live objects 49.218ms
[2023-02-28T14:41:47.944+0900][801.434s] GC(611) Phase 2: Prepare for compaction
[2023-02-28T14:41:47.972+0900][801.461s] GC(611) Phase 2: Prepare for compaction 27.636ms
[2023-02-28T14:41:47.972+0900][801.461s] GC(611) Phase 3: Adjust pointers
[2023-02-28T14:41:48.005+0900][801.494s] GC(611) Phase 3: Adjust pointers 33.018ms
[2023-02-28T14:41:48.005+0900][801.494s] GC(611) Phase 4: Compact heap
[2023-02-28T14:41:48.029+0900][801.518s] GC(611) Phase 4: Compact heap 23.675ms
[2023-02-28T14:41:48.045+0900][801.535s] GC(611) Eden regions: 0->0(25)
[2023-02-28T14:41:48.045+0900][801.535s] GC(611) Survivor regions: 0->0(4)
[2023-02-28T14:41:48.045+0900][801.535s] GC(611) Old regions: 479->479
[2023-02-28T14:41:48.045+0900][801.535s] GC(611) Humongous regions: 33->33
[2023-02-28T14:41:48.045+0900][801.535s] GC(611) Metaspace: 65164K(66944K)->65164K(66944K) NonClass: 57761K(58880K)->57761K(58880K) Class: 7403K(8064K)->7403K(8064K)
[2023-02-28T14:41:48.045+0900][801.535s] GC(611) Pause Full (G1 Evacuation Pause) 511M->511M(512M) 150.617ms
[2023-02-28T14:41:48.045+0900][801.535s] GC(611) User=1.28s Sys=0.00s Real=0.15s
[2023-02-28T14:41:48.045+0900][801.535s] GC(612) Using 10 workers of 10 for full compaction
[2023-02-28T14:41:48.046+0900][801.535s] GC(612) Pause Full (G1 Evacuation Pause)
[2023-02-28T14:41:48.046+0900][801.535s] GC(612) Phase 1: Mark live objects
[2023-02-28T14:41:48.108+0900][801.597s] GC(612) Cleaned string and symbol table, strings: 31141 processed, 0 removed, symbols: 195635 processed, 0 removed
[2023-02-28T14:41:48.108+0900][801.597s] GC(612) Phase 1: Mark live objects 61.955ms
[2023-02-28T14:41:48.108+0900][801.597s] GC(612) Phase 2: Prepare for compaction
[2023-02-28T14:41:48.139+0900][801.628s] GC(612) Phase 2: Prepare for compaction 30.902ms
[2023-02-28T14:41:48.139+0900][801.628s] GC(612) Phase 3: Adjust pointers
[2023-02-28T14:41:48.178+0900][801.667s] GC(612) Phase 3: Adjust pointers 38.240ms
[2023-02-28T14:41:48.178+0900][801.667s] GC(612) Phase 4: Compact heap
[2023-02-28T14:41:48.204+0900][801.695s] GC(612) Phase 4: Compact heap 27.732ms
[2023-02-28T14:41:48.217+0900][801.707s] GC(612) Eden regions: 0->0(25)
[2023-02-28T14:41:48.217+0900][801.707s] GC(612) Survivor regions: 0->0(4)
[2023-02-28T14:41:48.217+0900][801.707s] GC(612) Old regions: 479->479
[2023-02-28T14:41:48.217+0900][801.707s] GC(612) Humongous regions: 33->33
[2023-02-28T14:41:48.217+0900][801.707s] GC(612) Metaspace: 65164K(66944K)->65164K(66944K) NonClass: 57761K(58880K)->57761K(58880K) Class: 7403K(8064K)->7403K(8064K)
[2023-02-28T14:41:48.217+0900][801.707s] GC(612) Pause Full (G1 Evacuation Pause) 511M->511M(512M) 171.635ms
[2023-02-28T14:41:48.217+0900][801.707s] GC(612) User=1.44s Sys=0.00s Real=0.17s
[2023-02-28T14:41:48.217+0900][801.707s] GC(613) Pause Young (Concurrent Start) (G1 Evacuation Pause)
[2023-02-28T14:41:48.217+0900][801.707s] GC(613) Using 10 workers of 10 for evacuation
[2023-02-28T14:41:48.218+0900][801.708s] GC(613)   Pre Evacuate Collection Set: 0.1ms
[2023-02-28T14:41:48.218+0900][801.708s] GC(613)   Evacuate Collection Set: 0.5ms
[2023-02-28T14:41:48.218+0900][801.708s] GC(613)   Post Evacuate Collection Set: 0.1ms
[2023-02-28T14:41:48.218+0900][801.708s] GC(613)   Other: 0.2ms
[2023-02-28T14:41:48.218+0900][801.708s] GC(613) Eden regions: 0->0(25)
[2023-02-28T14:41:48.218+0900][801.708s] GC(613) Survivor regions: 0->0(4)
[2023-02-28T14:41:48.218+0900][801.708s] GC(613) Old regions: 479->479
[2023-02-28T14:41:48.218+0900][801.708s] GC(613) Humongous regions: 33->33
[2023-02-28T14:41:48.218+0900][801.708s] GC(613) Metaspace: 65164K(66944K)->65164K(66944K) NonClass: 57761K(58880K)->57761K(58880K) Class: 7403K(8064K)->7403K(8064K)
[2023-02-28T14:41:48.218+0900][801.708s] GC(613) Pause Young (Concurrent Start) (G1 Evacuation Pause) 511M->511M(512M) 1.027ms
[2023-02-28T14:41:48.218+0900][801.708s] GC(613) User=0.00s Sys=0.00s Real=0.00s
[2023-02-28T14:41:48.218+0900][801.708s] GC(615) Concurrent Cycle
[2023-02-28T14:41:48.218+0900][801.708s] GC(614) Using 10 workers of 10 for full compaction
[2023-02-28T14:41:48.218+0900][801.708s] GC(615) Concurrent Clear Claimed Marks
[2023-02-28T14:41:48.218+0900][801.708s] GC(615) Concurrent Clear Claimed Marks 0.060ms
[2023-02-28T14:41:48.218+0900][801.708s] GC(615) Concurrent Scan Root Regions
[2023-02-28T14:41:48.218+0900][801.708s] GC(615) Concurrent Scan Root Regions 0.021ms
[2023-02-28T14:41:48.218+0900][801.708s] GC(614) Pause Full (G1 Evacuation Pause)
[2023-02-28T14:41:48.218+0900][801.708s] GC(615) Concurrent Mark (801.708s)
[2023-02-28T14:41:48.218+0900][801.708s] GC(615) Concurrent Mark From Roots
[2023-02-28T14:41:48.218+0900][801.709s] GC(615) Using 3 workers of 3 for marking
[2023-02-28T14:41:48.219+0900][801.709s] GC(614) Phase 1: Mark live objects
[2023-02-28T14:41:48.270+0900][801.760s] GC(614) Cleaned string and symbol table, strings: 31141 processed, 0 removed, symbols: 195635 processed, 0 removed
[2023-02-28T14:41:48.270+0900][801.760s] GC(614) Phase 1: Mark live objects 50.668ms
[2023-02-28T14:41:48.270+0900][801.760s] GC(614) Phase 2: Prepare for compaction
[2023-02-28T14:41:48.297+0900][801.787s] GC(614) Phase 2: Prepare for compaction 27.271ms
[2023-02-28T14:41:48.297+0900][801.787s] GC(614) Phase 3: Adjust pointers
[2023-02-28T14:41:48.332+0900][801.822s] GC(614) Phase 3: Adjust pointers 34.452ms
[2023-02-28T14:41:48.332+0900][801.822s] GC(614) Phase 4: Compact heap
[2023-02-28T14:41:48.357+0900][801.847s] GC(614) Phase 4: Compact heap 25.230ms
[2023-02-28T14:41:48.369+0900][801.858s] GC(614) Eden regions: 0->0(25)
[2023-02-28T14:41:48.369+0900][801.858s] GC(614) Survivor regions: 0->0(4)
[2023-02-28T14:41:48.369+0900][801.858s] GC(614) Old regions: 479->479
[2023-02-28T14:41:48.369+0900][801.858s] GC(614) Humongous regions: 33->33
[2023-02-28T14:41:48.369+0900][801.858s] GC(614) Metaspace: 65164K(66944K)->65164K(66944K) NonClass: 57761K(58880K)->57761K(58880K) Class: 7403K(8064K)->7403K(8064K)
[2023-02-28T14:41:48.369+0900][801.858s] GC(614) Pause Full (G1 Evacuation Pause) 511M->511M(512M) 150.053ms
[2023-02-28T14:41:48.369+0900][801.859s] GC(614) User=1.38s Sys=0.00s Real=0.15s
[2023-02-28T14:41:48.369+0900][801.859s] GC(616) Using 10 workers of 10 for full compaction
[2023-02-28T14:41:48.369+0900][801.859s] GC(616) Pause Full (G1 Evacuation Pause)
[2023-02-28T14:41:48.369+0900][801.859s] GC(616) Phase 1: Mark live objects
[2023-02-28T14:41:48.419+0900][801.908s] GC(616) Cleaned string and symbol table, strings: 31141 processed, 0 removed, symbols: 195635 processed, 0 removed
[2023-02-28T14:41:48.419+0900][801.909s] GC(616) Phase 1: Mark live objects 49.497ms
[2023-02-28T14:41:48.419+0900][801.909s] GC(616) Phase 2: Prepare for compaction
[2023-02-28T14:41:48.449+0900][801.939s] GC(616) Phase 2: Prepare for compaction 30.160ms
[2023-02-28T14:41:48.449+0900][801.939s] GC(616) Phase 3: Adjust pointers
[2023-02-28T14:41:48.483+0900][801.972s] GC(616) Phase 3: Adjust pointers 33.427ms
[2023-02-28T14:41:48.483+0900][801.972s] GC(616) Phase 4: Compact heap
[2023-02-28T14:41:48.509+0900][801.998s] GC(616) Phase 4: Compact heap 25.941ms
[2023-02-28T14:41:48.520+0900][802.010s] GC(616) Eden regions: 0->0(25)
[2023-02-28T14:41:48.520+0900][802.010s] GC(616) Survivor regions: 0->0(4)
[2023-02-28T14:41:48.520+0900][802.010s] GC(616) Old regions: 479->479
[2023-02-28T14:41:48.520+0900][802.010s] GC(616) Humongous regions: 33->33
[2023-02-28T14:41:48.520+0900][802.010s] GC(616) Metaspace: 65164K(66944K)->65164K(66944K) NonClass: 57761K(58880K)->57761K(58880K) Class: 7403K(8064K)->7403K(8064K)
[2023-02-28T14:41:48.520+0900][802.010s] GC(616) Pause Full (G1 Evacuation Pause) 511M->511M(512M) 150.979ms
[2023-02-28T14:41:48.521+0900][802.010s] GC(616) User=1.55s Sys=0.00s Real=0.15s
[2023-02-28T14:41:48.521+0900][802.010s] GC(615) Concurrent Mark From Roots 301.556ms
[2023-02-28T14:41:48.521+0900][802.010s] GC(617) Pause Young (Normal) (G1 Evacuation Pause)
[2023-02-28T14:41:48.521+0900][802.010s] GC(617) Using 10 workers of 10 for evacuation
[2023-02-28T14:41:48.521+0900][802.010s] GC(617)   Pre Evacuate Collection Set: 0.0ms
[2023-02-28T14:41:48.521+0900][802.010s] GC(617)   Evacuate Collection Set: 0.1ms
[2023-02-28T14:41:48.521+0900][802.010s] GC(617)   Post Evacuate Collection Set: 0.1ms
[2023-02-28T14:41:48.521+0900][802.011s] GC(617)   Other: 0.1ms
[2023-02-28T14:41:48.521+0900][802.011s] GC(617) Eden regions: 0->0(25)
[2023-02-28T14:41:48.521+0900][802.011s] GC(617) Survivor regions: 0->0(4)
[2023-02-28T14:41:48.521+0900][802.011s] GC(617) Old regions: 479->479
[2023-02-28T14:41:48.521+0900][802.011s] GC(617) Humongous regions: 33->33
[2023-02-28T14:41:48.521+0900][802.011s] GC(617) Metaspace: 65164K(66944K)->65164K(66944K) NonClass: 57761K(58880K)->57761K(58880K) Class: 7403K(8064K)->7403K(8064K)
[2023-02-28T14:41:48.521+0900][802.011s] GC(617) Pause Young (Normal) (G1 Evacuation Pause) 511M->511M(512M) 0.569ms
[2023-02-28T14:41:48.521+0900][802.011s] GC(617) User=0.00s Sys=0.00s Real=0.00s
[2023-02-28T14:41:48.521+0900][802.011s] GC(618) Using 10 workers of 10 for full compaction
[2023-02-28T14:41:48.522+0900][802.011s] GC(618) Pause Full (G1 Evacuation Pause)
[2023-02-28T14:41:48.522+0900][802.011s] GC(618) Phase 1: Mark live objects
[2023-02-28T14:41:48.571+0900][802.060s] GC(618) Cleaned string and symbol table, strings: 31141 processed, 0 removed, symbols: 195635 processed, 0 removed
[2023-02-28T14:41:48.571+0900][802.060s] GC(618) Phase 1: Mark live objects 48.534ms
[2023-02-28T14:41:48.571+0900][802.060s] GC(618) Phase 2: Prepare for compaction
[2023-02-28T14:41:48.599+0900][802.089s] GC(618) Phase 2: Prepare for compaction 28.821ms
[2023-02-28T14:41:48.599+0900][802.089s] GC(618) Phase 3: Adjust pointers
[2023-02-28T14:41:48.637+0900][802.127s] GC(618) Phase 3: Adjust pointers 38.338ms
[2023-02-28T14:41:48.637+0900][802.127s] GC(618) Phase 4: Compact heap
[2023-02-28T14:41:48.663+0900][802.153s] GC(618) Phase 4: Compact heap 25.773ms
[2023-02-28T14:41:48.675+0900][802.165s] GC(618) Eden regions: 0->0(25)
[2023-02-28T14:41:48.675+0900][802.165s] GC(618) Survivor regions: 0->0(4)
[2023-02-28T14:41:48.675+0900][802.165s] GC(618) Old regions: 479->479
[2023-02-28T14:41:48.675+0900][802.165s] GC(618) Humongous regions: 33->33
[2023-02-28T14:41:48.675+0900][802.165s] GC(618) Metaspace: 65164K(66944K)->65164K(66944K) NonClass: 57761K(58880K)->57761K(58880K) Class: 7403K(8064K)->7403K(8064K)
[2023-02-28T14:41:48.675+0900][802.165s] GC(618) Pause Full (G1 Evacuation Pause) 511M->511M(512M) 153.884ms
[2023-02-28T14:41:48.675+0900][802.165s] GC(618) User=1.53s Sys=0.00s Real=0.15s
[2023-02-28T14:41:48.675+0900][802.165s] GC(619) Using 10 workers of 10 for full compaction
[2023-02-28T14:41:48.675+0900][802.165s] GC(619) Pause Full (G1 Evacuation Pause)
[2023-02-28T14:41:48.675+0900][802.165s] GC(619) Phase 1: Mark live objects
[2023-02-28T14:41:48.721+0900][802.210s] GC(619) Cleaned string and symbol table, strings: 31141 processed, 0 removed, symbols: 195635 processed, 0 removed
[2023-02-28T14:41:48.721+0900][802.211s] GC(619) Phase 1: Mark live objects 45.059ms
[2023-02-28T14:41:48.721+0900][802.211s] GC(619) Phase 2: Prepare for compaction
[2023-02-28T14:41:48.749+0900][802.239s] GC(619) Phase 2: Prepare for compaction 28.034ms
[2023-02-28T14:41:48.749+0900][802.239s] GC(619) Phase 3: Adjust pointers
[2023-02-28T14:41:48.783+0900][802.272s] GC(619) Phase 3: Adjust pointers 33.782ms
[2023-02-28T14:41:48.783+0900][802.273s] GC(619) Phase 4: Compact heap
[2023-02-28T14:41:48.806+0900][802.296s] GC(619) Phase 4: Compact heap 23.481ms
[2023-02-28T14:41:48.818+0900][802.307s] GC(619) Eden regions: 0->0(25)
[2023-02-28T14:41:48.818+0900][802.308s] GC(619) Survivor regions: 0->0(4)
[2023-02-28T14:41:48.818+0900][802.308s] GC(619) Old regions: 479->479
[2023-02-28T14:41:48.818+0900][802.308s] GC(619) Humongous regions: 33->33
[2023-02-28T14:41:48.818+0900][802.308s] GC(619) Metaspace: 65164K(66944K)->65164K(66944K) NonClass: 57761K(58880K)->57761K(58880K) Class: 7403K(8064K)->7403K(8064K)
[2023-02-28T14:41:48.818+0900][802.308s] GC(619) Pause Full (G1 Evacuation Pause) 511M->511M(512M) 142.349ms
[2023-02-28T14:41:48.818+0900][802.308s] GC(619) User=1.38s Sys=0.00s Real=0.14s
[2023-02-28T14:41:48.818+0900][802.308s] GC(615) Concurrent Mark Abort
[2023-02-28T14:41:48.818+0900][802.308s] GC(615) Concurrent Cycle 599.621ms
[2023-02-28T14:41:48.818+0900][802.308s] GC(620) Pause Young (Normal) (G1 Evacuation Pause)
[2023-02-28T14:41:48.818+0900][802.308s] GC(620) Using 10 workers of 10 for evacuation
[2023-02-28T14:41:48.819+0900][802.308s] GC(620)   Pre Evacuate Collection Set: 0.0ms
[2023-02-28T14:41:48.819+0900][802.308s] GC(620)   Evacuate Collection Set: 0.2ms
[2023-02-28T14:41:48.819+0900][802.308s] GC(620)   Post Evacuate Collection Set: 0.1ms
[2023-02-28T14:41:48.819+0900][802.308s] GC(620)   Other: 0.1ms
[2023-02-28T14:41:48.819+0900][802.308s] GC(620) Eden regions: 0->0(25)
[2023-02-28T14:41:48.819+0900][802.308s] GC(620) Survivor regions: 0->0(4)
[2023-02-28T14:41:48.819+0900][802.308s] GC(620) Old regions: 479->479
[2023-02-28T14:41:48.819+0900][802.308s] GC(620) Humongous regions: 33->33
[2023-02-28T14:41:48.819+0900][802.308s] GC(620) Metaspace: 65164K(66944K)->65164K(66944K) NonClass: 57761K(58880K)->57761K(58880K) Class: 7403K(8064K)->7403K(8064K)
[2023-02-28T14:41:48.819+0900][802.309s] GC(620) Pause Young (Normal) (G1 Evacuation Pause) 511M->511M(512M) 0.572ms
[2023-02-28T14:41:48.819+0900][802.309s] GC(620) User=0.00s Sys=0.00s Real=0.00s
[2023-02-28T14:41:48.819+0900][802.309s] GC(621) Using 10 workers of 10 for full compaction
[2023-02-28T14:41:48.819+0900][802.309s] GC(621) Pause Full (G1 Evacuation Pause)
[2023-02-28T14:41:48.819+0900][802.309s] GC(621) Phase 1: Mark live objects
[2023-02-28T14:41:48.865+0900][802.354s] GC(621) Cleaned string and symbol table, strings: 31141 processed, 0 removed, symbols: 195635 processed, 0 removed
[2023-02-28T14:41:48.865+0900][802.354s] GC(621) Phase 1: Mark live objects 45.415ms
[2023-02-28T14:41:48.865+0900][802.354s] GC(621) Phase 2: Prepare for compaction
[2023-02-28T14:41:48.892+0900][802.381s] GC(621) Phase 2: Prepare for compaction 26.965ms
[2023-02-28T14:41:48.892+0900][802.381s] GC(621) Phase 3: Adjust pointers
[2023-02-28T14:41:48.925+0900][802.414s] GC(621) Phase 3: Adjust pointers 32.849ms
[2023-02-28T14:41:48.925+0900][802.414s] GC(621) Phase 4: Compact heap
[2023-02-28T14:41:48.950+0900][802.439s] GC(621) Phase 4: Compact heap 24.619ms
[2023-02-28T14:41:48.961+0900][802.450s] GC(621) Eden regions: 0->0(25)
[2023-02-28T14:41:48.961+0900][802.450s] GC(621) Survivor regions: 0->0(4)
[2023-02-28T14:41:48.961+0900][802.450s] GC(621) Old regions: 479->479
[2023-02-28T14:41:48.961+0900][802.450s] GC(621) Humongous regions: 33->33
[2023-02-28T14:41:48.961+0900][802.450s] GC(621) Metaspace: 65164K(66944K)->65164K(66944K) NonClass: 57761K(58880K)->57761K(58880K) Class: 7403K(8064K)->7403K(8064K)
[2023-02-28T14:41:48.961+0900][802.450s] GC(621) Pause Full (G1 Evacuation Pause) 511M->511M(512M) 141.706ms
[2023-02-28T14:41:48.961+0900][802.451s] GC(621) User=1.27s Sys=0.00s Real=0.14s
[2023-02-28T14:41:48.961+0900][802.451s] GC(622) Using 10 workers of 10 for full compaction
[2023-02-28T14:41:48.961+0900][802.451s] GC(622) Pause Full (G1 Evacuation Pause)
[2023-02-28T14:41:48.962+0900][802.451s] GC(622) Phase 1: Mark live objects
[2023-02-28T14:41:49.007+0900][802.497s] GC(622) Cleaned string and symbol table, strings: 31141 processed, 0 removed, symbols: 195635 processed, 0 removed
[2023-02-28T14:41:49.007+0900][802.497s] GC(622) Phase 1: Mark live objects 46.052ms
[2023-02-28T14:41:49.007+0900][802.497s] GC(622) Phase 2: Prepare for compaction
[2023-02-28T14:41:49.034+0900][802.524s] GC(622) Phase 2: Prepare for compaction 27.036ms
[2023-02-28T14:41:49.034+0900][802.524s] GC(622) Phase 3: Adjust pointers
[2023-02-28T14:41:49.066+0900][802.556s] GC(622) Phase 3: Adjust pointers 31.515ms
[2023-02-28T14:41:49.066+0900][802.556s] GC(622) Phase 4: Compact heap
[2023-02-28T14:41:49.090+0900][802.580s] GC(622) Phase 4: Compact heap 24.314ms
[2023-02-28T14:41:49.102+0900][802.592s] GC(622) Eden regions: 0->0(25)
[2023-02-28T14:41:49.102+0900][802.592s] GC(622) Survivor regions: 0->0(4)
[2023-02-28T14:41:49.102+0900][802.592s] GC(622) Old regions: 479->479
[2023-02-28T14:41:49.102+0900][802.592s] GC(622) Humongous regions: 33->33
[2023-02-28T14:41:49.102+0900][802.592s] GC(622) Metaspace: 65164K(66944K)->65164K(66944K) NonClass: 57761K(58880K)->57761K(58880K) Class: 7403K(8064K)->7403K(8064K)
[2023-02-28T14:41:49.102+0900][802.592s] GC(622) Pause Full (G1 Evacuation Pause) 511M->511M(512M) 141.009ms
[2023-02-28T14:41:49.102+0900][802.592s] GC(622) User=1.25s Sys=0.02s Real=0.14s
[2023-02-28T14:41:49.102+0900][802.592s] GC(623) Pause Young (Concurrent Start) (G1 Evacuation Pause)
[2023-02-28T14:41:49.102+0900][802.592s] GC(623) Using 10 workers of 10 for evacuation
[2023-02-28T14:41:49.103+0900][802.593s] GC(623)   Pre Evacuate Collection Set: 0.1ms
[2023-02-28T14:41:49.103+0900][802.593s] GC(623)   Evacuate Collection Set: 0.4ms
[2023-02-28T14:41:49.103+0900][802.593s] GC(623)   Post Evacuate Collection Set: 0.1ms
[2023-02-28T14:41:49.103+0900][802.593s] GC(623)   Other: 0.2ms
[2023-02-28T14:41:49.103+0900][802.593s] GC(623) Eden regions: 0->0(25)
[2023-02-28T14:41:49.103+0900][802.593s] GC(623) Survivor regions: 0->0(4)
[2023-02-28T14:41:49.103+0900][802.593s] GC(623) Old regions: 479->479
[2023-02-28T14:41:49.103+0900][802.593s] GC(623) Humongous regions: 33->33
[2023-02-28T14:41:49.103+0900][802.593s] GC(623) Metaspace: 65164K(66944K)->65164K(66944K) NonClass: 57761K(58880K)->57761K(58880K) Class: 7403K(8064K)->7403K(8064K)
[2023-02-28T14:41:49.103+0900][802.593s] GC(623) Pause Young (Concurrent Start) (G1 Evacuation Pause) 511M->511M(512M) 1.002ms
[2023-02-28T14:41:49.103+0900][802.593s] GC(623) User=0.00s Sys=0.00s Real=0.00s
[2023-02-28T14:41:49.103+0900][802.593s] GC(624) Using 10 workers of 10 for full compaction
[2023-02-28T14:41:49.103+0900][802.593s] GC(625) Concurrent Cycle
[2023-02-28T14:41:49.103+0900][802.593s] GC(625) Concurrent Clear Claimed Marks
[2023-02-28T14:41:49.103+0900][802.593s] GC(625) Concurrent Clear Claimed Marks 0.034ms
[2023-02-28T14:41:49.103+0900][802.593s] GC(624) Pause Full (G1 Evacuation Pause)
[2023-02-28T14:41:49.103+0900][802.593s] GC(625) Concurrent Scan Root Regions
[2023-02-28T14:41:49.104+0900][802.593s] GC(625) Concurrent Scan Root Regions 0.077ms
[2023-02-28T14:41:49.104+0900][802.593s] GC(625) Concurrent Mark (802.593s)
[2023-02-28T14:41:49.104+0900][802.594s] GC(625) Concurrent Mark From Roots
[2023-02-28T14:41:49.104+0900][802.594s] GC(625) Using 3 workers of 3 for marking
[2023-02-28T14:41:49.104+0900][802.594s] GC(624) Phase 1: Mark live objects
[2023-02-28T14:41:49.151+0900][802.641s] GC(624) Cleaned string and symbol table, strings: 31141 processed, 0 removed, symbols: 195635 processed, 0 removed
[2023-02-28T14:41:49.151+0900][802.641s] GC(624) Phase 1: Mark live objects 46.380ms
[2023-02-28T14:41:49.151+0900][802.641s] GC(624) Phase 2: Prepare for compaction
[2023-02-28T14:41:49.179+0900][802.669s] GC(624) Phase 2: Prepare for compaction 28.052ms
[2023-02-28T14:41:49.179+0900][802.669s] GC(624) Phase 3: Adjust pointers
[2023-02-28T14:41:49.228+0900][802.717s] GC(624) Phase 3: Adjust pointers 48.273ms
[2023-02-28T14:41:49.228+0900][802.717s] GC(624) Phase 4: Compact heap
[2023-02-28T14:41:49.262+0900][802.752s] GC(624) Phase 4: Compact heap 34.703ms
[2023-02-28T14:41:49.275+0900][802.764s] GC(624) Eden regions: 0->0(25)
[2023-02-28T14:41:49.275+0900][802.765s] GC(624) Survivor regions: 0->0(4)
[2023-02-28T14:41:49.275+0900][802.765s] GC(624) Old regions: 479->479
[2023-02-28T14:41:49.275+0900][802.765s] GC(624) Humongous regions: 33->33
[2023-02-28T14:41:49.275+0900][802.765s] GC(624) Metaspace: 65164K(66944K)->65164K(66944K) NonClass: 57761K(58880K)->57761K(58880K) Class: 7403K(8064K)->7403K(8064K)
[2023-02-28T14:41:49.275+0900][802.765s] GC(624) Pause Full (G1 Evacuation Pause) 511M->511M(512M) 171.309ms
[2023-02-28T14:41:49.275+0900][802.765s] GC(624) User=1.56s Sys=0.02s Real=0.17s
[2023-02-28T14:41:49.275+0900][802.765s] GC(626) Using 10 workers of 10 for full compaction
[2023-02-28T14:41:49.276+0900][802.765s] GC(626) Pause Full (G1 Evacuation Pause)
[2023-02-28T14:41:49.276+0900][802.765s] GC(626) Phase 1: Mark live objects
[2023-02-28T14:41:49.321+0900][802.811s] GC(626) Cleaned string and symbol table, strings: 31141 processed, 0 removed, symbols: 195635 processed, 0 removed
[2023-02-28T14:41:49.321+0900][802.811s] GC(626) Phase 1: Mark live objects 45.491ms
[2023-02-28T14:41:49.321+0900][802.811s] GC(626) Phase 2: Prepare for compaction
[2023-02-28T14:41:49.349+0900][802.838s] GC(626) Phase 2: Prepare for compaction 27.345ms
[2023-02-28T14:41:49.349+0900][802.838s] GC(626) Phase 3: Adjust pointers
[2023-02-28T14:41:49.381+0900][802.871s] GC(626) Phase 3: Adjust pointers 33.037ms
[2023-02-28T14:41:49.381+0900][802.871s] GC(626) Phase 4: Compact heap
[2023-02-28T14:41:49.404+0900][802.894s] GC(626) Phase 4: Compact heap 22.832ms
[2023-02-28T14:41:49.415+0900][802.905s] GC(626) Eden regions: 0->0(25)
[2023-02-28T14:41:49.415+0900][802.905s] GC(626) Survivor regions: 0->0(4)
[2023-02-28T14:41:49.415+0900][802.905s] GC(626) Old regions: 479->479
[2023-02-28T14:41:49.415+0900][802.905s] GC(626) Humongous regions: 33->33
[2023-02-28T14:41:49.415+0900][802.905s] GC(626) Metaspace: 65164K(66944K)->65164K(66944K) NonClass: 57761K(58880K)->57761K(58880K) Class: 7403K(8064K)->7403K(8064K)
[2023-02-28T14:41:49.415+0900][802.905s] GC(626) Pause Full (G1 Evacuation Pause) 511M->511M(512M) 140.529ms
[2023-02-28T14:41:49.416+0900][802.906s] GC(626) User=1.31s Sys=0.00s Real=0.14s
[2023-02-28T14:41:49.416+0900][802.906s] GC(625) Concurrent Mark From Roots 312.200ms
[2023-02-28T14:41:49.416+0900][802.906s] GC(627) Pause Young (Normal) (G1 Evacuation Pause)
[2023-02-28T14:41:49.416+0900][802.906s] GC(627) Using 10 workers of 10 for evacuation
[2023-02-28T14:41:49.416+0900][802.906s] GC(627)   Pre Evacuate Collection Set: 0.0ms
[2023-02-28T14:41:49.416+0900][802.906s] GC(627)   Evacuate Collection Set: 0.1ms
[2023-02-28T14:41:49.416+0900][802.906s] GC(627)   Post Evacuate Collection Set: 0.1ms
[2023-02-28T14:41:49.416+0900][802.906s] GC(627)   Other: 0.1ms
[2023-02-28T14:41:49.416+0900][802.906s] GC(627) Eden regions: 0->0(25)
[2023-02-28T14:41:49.416+0900][802.906s] GC(627) Survivor regions: 0->0(4)
[2023-02-28T14:41:49.416+0900][802.906s] GC(627) Old regions: 479->479
[2023-02-28T14:41:49.416+0900][802.906s] GC(627) Humongous regions: 33->33
[2023-02-28T14:41:49.416+0900][802.906s] GC(627) Metaspace: 65164K(66944K)->65164K(66944K) NonClass: 57761K(58880K)->57761K(58880K) Class: 7403K(8064K)->7403K(8064K)
[2023-02-28T14:41:49.416+0900][802.906s] GC(627) Pause Young (Normal) (G1 Evacuation Pause) 511M->511M(512M) 0.594ms
[2023-02-28T14:41:49.416+0900][802.906s] GC(627) User=0.00s Sys=0.00s Real=0.00s
[2023-02-28T14:41:49.416+0900][802.906s] GC(628) Using 10 workers of 10 for full compaction
[2023-02-28T14:41:49.417+0900][802.907s] GC(628) Pause Full (G1 Evacuation Pause)
[2023-02-28T14:41:49.417+0900][802.907s] GC(628) Phase 1: Mark live objects
[2023-02-28T14:41:49.461+0900][802.951s] GC(628) Cleaned string and symbol table, strings: 31141 processed, 0 removed, symbols: 195635 processed, 0 removed
[2023-02-28T14:41:49.461+0900][802.951s] GC(628) Phase 1: Mark live objects 44.316ms
[2023-02-28T14:41:49.461+0900][802.951s] GC(628) Phase 2: Prepare for compaction
[2023-02-28T14:41:49.490+0900][802.980s] GC(628) Phase 2: Prepare for compaction 29.054ms
[2023-02-28T14:41:49.490+0900][802.980s] GC(628) Phase 3: Adjust pointers
[2023-02-28T14:41:49.522+0900][803.012s] GC(628) Phase 3: Adjust pointers 31.899ms
[2023-02-28T14:41:49.523+0900][803.012s] GC(628) Phase 4: Compact heap
[2023-02-28T14:41:49.547+0900][803.036s] GC(628) Phase 4: Compact heap 24.106ms
[2023-02-28T14:41:49.559+0900][803.048s] GC(628) Eden regions: 0->0(25)
[2023-02-28T14:41:49.559+0900][803.048s] GC(628) Survivor regions: 0->0(4)
[2023-02-28T14:41:49.559+0900][803.048s] GC(628) Old regions: 479->479
[2023-02-28T14:41:49.559+0900][803.048s] GC(628) Humongous regions: 33->33
[2023-02-28T14:41:49.559+0900][803.048s] GC(628) Metaspace: 65164K(66944K)->65164K(66944K) NonClass: 57761K(58880K)->57761K(58880K) Class: 7403K(8064K)->7403K(8064K)
[2023-02-28T14:41:49.559+0900][803.048s] GC(628) Pause Full (G1 Evacuation Pause) 511M->511M(512M) 141.751ms
[2023-02-28T14:41:49.559+0900][803.049s] GC(628) User=1.42s Sys=0.00s Real=0.14s
[2023-02-28T14:41:49.559+0900][803.049s] GC(629) Using 10 workers of 10 for full compaction
[2023-02-28T14:41:49.559+0900][803.049s] GC(629) Pause Full (G1 Evacuation Pause)
[2023-02-28T14:41:49.559+0900][803.049s] GC(629) Phase 1: Mark live objects
[2023-02-28T14:41:49.606+0900][803.096s] GC(629) Cleaned string and symbol table, strings: 31141 processed, 0 removed, symbols: 195635 processed, 0 removed
[2023-02-28T14:41:49.606+0900][803.096s] GC(629) Phase 1: Mark live objects 47.077ms
[2023-02-28T14:41:49.607+0900][803.096s] GC(629) Phase 2: Prepare for compaction
[2023-02-28T14:41:49.640+0900][803.129s] GC(629) Phase 2: Prepare for compaction 33.071ms
[2023-02-28T14:41:49.640+0900][803.129s] GC(629) Phase 3: Adjust pointers
[2023-02-28T14:41:49.673+0900][803.163s] GC(629) Phase 3: Adjust pointers 33.579ms
[2023-02-28T14:41:49.673+0900][803.163s] GC(629) Phase 4: Compact heap
[2023-02-28T14:41:49.697+0900][803.187s] GC(629) Phase 4: Compact heap 23.817ms
[2023-02-28T14:41:49.708+0900][803.197s] GC(629) Eden regions: 0->0(25)
[2023-02-28T14:41:49.708+0900][803.197s] GC(629) Survivor regions: 0->0(4)
[2023-02-28T14:41:49.708+0900][803.197s] GC(629) Old regions: 479->479
[2023-02-28T14:41:49.708+0900][803.197s] GC(629) Humongous regions: 33->33
[2023-02-28T14:41:49.708+0900][803.198s] GC(629) Metaspace: 65164K(66944K)->65164K(66944K) NonClass: 57761K(58880K)->57761K(58880K) Class: 7403K(8064K)->7403K(8064K)
[2023-02-28T14:41:49.708+0900][803.198s] GC(629) Pause Full (G1 Evacuation Pause) 511M->511M(512M) 148.867ms
[2023-02-28T14:41:49.708+0900][803.198s] GC(629) User=1.39s Sys=0.00s Real=0.15s
[2023-02-28T14:41:49.709+0900][803.198s] GC(625) Concurrent Mark Abort
[2023-02-28T14:41:49.709+0900][803.198s] GC(625) Concurrent Cycle 604.615ms
[2023-02-28T14:41:49.709+0900][803.198s] GC(630) Pause Young (Normal) (G1 Evacuation Pause)
[2023-02-28T14:41:49.709+0900][803.198s] GC(630) Using 10 workers of 10 for evacuation
[2023-02-28T14:41:49.709+0900][803.198s] GC(630)   Pre Evacuate Collection Set: 0.0ms
[2023-02-28T14:41:49.709+0900][803.198s] GC(630)   Evacuate Collection Set: 0.2ms
[2023-02-28T14:41:49.709+0900][803.198s] GC(630)   Post Evacuate Collection Set: 0.1ms
[2023-02-28T14:41:49.709+0900][803.198s] GC(630)   Other: 0.1ms
[2023-02-28T14:41:49.709+0900][803.198s] GC(630) Eden regions: 0->0(25)
[2023-02-28T14:41:49.709+0900][803.198s] GC(630) Survivor regions: 0->0(4)
[2023-02-28T14:41:49.709+0900][803.198s] GC(630) Old regions: 479->479
[2023-02-28T14:41:49.709+0900][803.198s] GC(630) Humongous regions: 33->33
[2023-02-28T14:41:49.709+0900][803.198s] GC(630) Metaspace: 65164K(66944K)->65164K(66944K) NonClass: 57761K(58880K)->57761K(58880K) Class: 7403K(8064K)->7403K(8064K)
[2023-02-28T14:41:49.709+0900][803.198s] GC(630) Pause Young (Normal) (G1 Evacuation Pause) 511M->511M(512M) 0.567ms
[2023-02-28T14:41:49.709+0900][803.198s] GC(630) User=0.00s Sys=0.00s Real=0.00s
[2023-02-28T14:41:49.709+0900][803.199s] GC(631) Using 10 workers of 10 for full compaction
[2023-02-28T14:41:49.709+0900][803.199s] GC(631) Pause Full (G1 Evacuation Pause)
[2023-02-28T14:41:49.710+0900][803.199s] GC(631) Phase 1: Mark live objects
[2023-02-28T14:41:49.753+0900][803.243s] GC(631) Cleaned string and symbol table, strings: 31141 processed, 0 removed, symbols: 195635 processed, 0 removed
[2023-02-28T14:41:49.753+0900][803.243s] GC(631) Phase 1: Mark live objects 44.301ms
[2023-02-28T14:41:49.753+0900][803.243s] GC(631) Phase 2: Prepare for compaction
[2023-02-28T14:41:49.781+0900][803.271s] GC(631) Phase 2: Prepare for compaction 28.001ms
[2023-02-28T14:41:49.781+0900][803.271s] GC(631) Phase 3: Adjust pointers
[2023-02-28T14:41:49.814+0900][803.304s] GC(631) Phase 3: Adjust pointers 33.075ms
[2023-02-28T14:41:49.814+0900][803.304s] GC(631) Phase 4: Compact heap
[2023-02-28T14:41:49.837+0900][803.327s] GC(631) Phase 4: Compact heap 22.960ms
[2023-02-28T14:41:49.848+0900][803.338s] GC(631) Eden regions: 0->0(25)
[2023-02-28T14:41:49.849+0900][803.338s] GC(631) Survivor regions: 0->0(4)
[2023-02-28T14:41:49.849+0900][803.338s] GC(631) Old regions: 479->479
[2023-02-28T14:41:49.849+0900][803.338s] GC(631) Humongous regions: 33->33
[2023-02-28T14:41:49.849+0900][803.338s] GC(631) Metaspace: 65164K(66944K)->65164K(66944K) NonClass: 57761K(58880K)->57761K(58880K) Class: 7403K(8064K)->7403K(8064K)
[2023-02-28T14:41:49.849+0900][803.339s] GC(631) Pause Full (G1 Evacuation Pause) 511M->511M(512M) 139.890ms
[2023-02-28T14:41:49.849+0900][803.339s] GC(631) User=1.39s Sys=0.00s Real=0.14s
[2023-02-28T14:41:49.849+0900][803.339s] GC(632) Using 10 workers of 10 for full compaction
[2023-02-28T14:41:49.849+0900][803.339s] GC(632) Pause Full (G1 Evacuation Pause)
[2023-02-28T14:41:49.849+0900][803.339s] GC(632) Phase 1: Mark live objects
[2023-02-28T14:41:49.897+0900][803.386s] GC(632) Cleaned string and symbol table, strings: 31141 processed, 0 removed, symbols: 195635 processed, 0 removed
[2023-02-28T14:41:49.897+0900][803.387s] GC(632) Phase 1: Mark live objects 47.443ms
[2023-02-28T14:41:49.897+0900][803.387s] GC(632) Phase 2: Prepare for compaction
[2023-02-28T14:41:49.925+0900][803.415s] GC(632) Phase 2: Prepare for compaction 28.044ms
[2023-02-28T14:41:49.925+0900][803.415s] GC(632) Phase 3: Adjust pointers
[2023-02-28T14:41:49.960+0900][803.450s] GC(632) Phase 3: Adjust pointers 34.958ms
[2023-02-28T14:41:49.960+0900][803.450s] GC(632) Phase 4: Compact heap
[2023-02-28T14:41:49.987+0900][803.477s] GC(632) Phase 4: Compact heap 26.880ms
[2023-02-28T14:41:50.001+0900][803.491s] GC(632) Eden regions: 0->0(25)
[2023-02-28T14:41:50.001+0900][803.491s] GC(632) Survivor regions: 0->0(4)
[2023-02-28T14:41:50.001+0900][803.491s] GC(632) Old regions: 479->479
[2023-02-28T14:41:50.001+0900][803.491s] GC(632) Humongous regions: 33->33
[2023-02-28T14:41:50.001+0900][803.491s] GC(632) Metaspace: 65164K(66944K)->65164K(66944K) NonClass: 57761K(58880K)->57761K(58880K) Class: 7403K(8064K)->7403K(8064K)
[2023-02-28T14:41:50.001+0900][803.491s] GC(632) Pause Full (G1 Evacuation Pause) 511M->511M(512M) 151.904ms
[2023-02-28T14:41:50.002+0900][803.491s] GC(632) User=1.42s Sys=0.00s Real=0.15s
[2023-02-28T14:41:50.002+0900][803.491s] GC(633) Pause Young (Concurrent Start) (G1 Evacuation Pause)
[2023-02-28T14:41:50.002+0900][803.491s] GC(633) Using 10 workers of 10 for evacuation
[2023-02-28T14:41:50.002+0900][803.492s] GC(633)   Pre Evacuate Collection Set: 0.1ms
[2023-02-28T14:41:50.002+0900][803.492s] GC(633)   Evacuate Collection Set: 0.5ms
[2023-02-28T14:41:50.002+0900][803.492s] GC(633)   Post Evacuate Collection Set: 0.1ms
[2023-02-28T14:41:50.003+0900][803.492s] GC(633)   Other: 0.1ms
[2023-02-28T14:41:50.003+0900][803.492s] GC(633) Eden regions: 0->0(25)
[2023-02-28T14:41:50.003+0900][803.492s] GC(633) Survivor regions: 0->0(4)
[2023-02-28T14:41:50.003+0900][803.492s] GC(633) Old regions: 479->479
[2023-02-28T14:41:50.003+0900][803.492s] GC(633) Humongous regions: 33->33
[2023-02-28T14:41:50.003+0900][803.492s] GC(633) Metaspace: 65164K(66944K)->65164K(66944K) NonClass: 57761K(58880K)->57761K(58880K) Class: 7403K(8064K)->7403K(8064K)
[2023-02-28T14:41:50.003+0900][803.492s] GC(633) Pause Young (Concurrent Start) (G1 Evacuation Pause) 511M->511M(512M) 0.934ms
[2023-02-28T14:41:50.003+0900][803.492s] GC(633) User=0.00s Sys=0.00s Real=0.00s
[2023-02-28T14:41:50.003+0900][803.492s] GC(634) Using 10 workers of 10 for full compaction
[2023-02-28T14:41:50.003+0900][803.492s] GC(635) Concurrent Cycle
[2023-02-28T14:41:50.003+0900][803.492s] GC(635) Concurrent Clear Claimed Marks
[2023-02-28T14:41:50.003+0900][803.492s] GC(635) Concurrent Clear Claimed Marks 0.034ms
[2023-02-28T14:41:50.003+0900][803.492s] GC(634) Pause Full (G1 Evacuation Pause)
[2023-02-28T14:41:50.003+0900][803.492s] GC(635) Concurrent Scan Root Regions
[2023-02-28T14:41:50.003+0900][803.492s] GC(635) Concurrent Scan Root Regions 0.102ms
[2023-02-28T14:41:50.003+0900][803.492s] GC(635) Concurrent Mark (803.492s)
[2023-02-28T14:41:50.003+0900][803.492s] GC(635) Concurrent Mark From Roots
[2023-02-28T14:41:50.003+0900][803.493s] GC(635) Using 3 workers of 3 for marking
[2023-02-28T14:41:50.003+0900][803.493s] GC(634) Phase 1: Mark live objects
[2023-02-28T14:41:50.055+0900][803.544s] GC(634) Cleaned string and symbol table, strings: 31141 processed, 0 removed, symbols: 195635 processed, 0 removed
[2023-02-28T14:41:50.055+0900][803.544s] GC(634) Phase 1: Mark live objects 51.262ms
[2023-02-28T14:41:50.055+0900][803.544s] GC(634) Phase 2: Prepare for compaction
[2023-02-28T14:41:50.086+0900][803.575s] GC(634) Phase 2: Prepare for compaction 31.235ms
[2023-02-28T14:41:50.086+0900][803.576s] GC(634) Phase 3: Adjust pointers
[2023-02-28T14:41:50.122+0900][803.612s] GC(634) Phase 3: Adjust pointers 36.349ms
[2023-02-28T14:41:50.122+0900][803.612s] GC(634) Phase 4: Compact heap
[2023-02-28T14:41:50.147+0900][803.637s] GC(634) Phase 4: Compact heap 24.785ms
[2023-02-28T14:41:50.159+0900][803.649s] GC(634) Eden regions: 0->0(25)
[2023-02-28T14:41:50.159+0900][803.649s] GC(634) Survivor regions: 0->0(4)
[2023-02-28T14:41:50.159+0900][803.649s] GC(634) Old regions: 479->479
[2023-02-28T14:41:50.159+0900][803.649s] GC(634) Humongous regions: 33->33
[2023-02-28T14:41:50.159+0900][803.649s] GC(634) Metaspace: 65164K(66944K)->65164K(66944K) NonClass: 57761K(58880K)->57761K(58880K) Class: 7403K(8064K)->7403K(8064K)
[2023-02-28T14:41:50.159+0900][803.649s] GC(634) Pause Full (G1 Evacuation Pause) 511M->511M(512M) 156.982ms
[2023-02-28T14:41:50.159+0900][803.649s] GC(634) User=1.52s Sys=0.00s Real=0.16s
[2023-02-28T14:41:50.159+0900][803.649s] GC(636) Using 10 workers of 10 for full compaction
[2023-02-28T14:41:50.160+0900][803.650s] GC(636) Pause Full (G1 Evacuation Pause)
[2023-02-28T14:41:50.160+0900][803.650s] GC(636) Phase 1: Mark live objects
[2023-02-28T14:41:50.205+0900][803.694s] GC(636) Cleaned string and symbol table, strings: 31141 processed, 0 removed, symbols: 195635 processed, 0 removed
[2023-02-28T14:41:50.205+0900][803.695s] GC(636) Phase 1: Mark live objects 44.773ms
[2023-02-28T14:41:50.205+0900][803.695s] GC(636) Phase 2: Prepare for compaction
[2023-02-28T14:41:50.234+0900][803.723s] GC(636) Phase 2: Prepare for compaction 28.844ms
[2023-02-28T14:41:50.234+0900][803.723s] GC(636) Phase 3: Adjust pointers
[2023-02-28T14:41:50.266+0900][803.755s] GC(636) Phase 3: Adjust pointers 31.995ms
[2023-02-28T14:41:50.266+0900][803.756s] GC(636) Phase 4: Compact heap
[2023-02-28T14:41:50.289+0900][803.779s] GC(636) Phase 4: Compact heap 23.439ms
[2023-02-28T14:41:50.301+0900][803.790s] GC(636) Eden regions: 0->0(25)
[2023-02-28T14:41:50.301+0900][803.791s] GC(636) Survivor regions: 0->0(4)
[2023-02-28T14:41:50.301+0900][803.791s] GC(636) Old regions: 479->479
[2023-02-28T14:41:50.301+0900][803.791s] GC(636) Humongous regions: 33->33
[2023-02-28T14:41:50.301+0900][803.791s] GC(636) Metaspace: 65164K(66944K)->65164K(66944K) NonClass: 57761K(58880K)->57761K(58880K) Class: 7403K(8064K)->7403K(8064K)
[2023-02-28T14:41:50.301+0900][803.791s] GC(636) Pause Full (G1 Evacuation Pause) 511M->511M(512M) 141.101ms
[2023-02-28T14:41:50.301+0900][803.791s] GC(636) User=1.39s Sys=0.00s Real=0.14s
[2023-02-28T14:41:50.301+0900][803.791s] GC(635) Concurrent Mark From Roots 298.456ms
[2023-02-28T14:41:50.301+0900][803.791s] GC(637) Pause Young (Normal) (G1 Evacuation Pause)
[2023-02-28T14:41:50.301+0900][803.791s] GC(637) Using 10 workers of 10 for evacuation
[2023-02-28T14:41:50.302+0900][803.791s] GC(637)   Pre Evacuate Collection Set: 0.0ms
[2023-02-28T14:41:50.302+0900][803.791s] GC(637)   Evacuate Collection Set: 0.1ms
[2023-02-28T14:41:50.302+0900][803.791s] GC(637)   Post Evacuate Collection Set: 0.1ms
[2023-02-28T14:41:50.302+0900][803.791s] GC(637)   Other: 0.1ms
[2023-02-28T14:41:50.302+0900][803.791s] GC(637) Eden regions: 0->0(25)
[2023-02-28T14:41:50.302+0900][803.791s] GC(637) Survivor regions: 0->0(4)
[2023-02-28T14:41:50.302+0900][803.791s] GC(637) Old regions: 479->479
[2023-02-28T14:41:50.302+0900][803.791s] GC(637) Humongous regions: 33->33
[2023-02-28T14:41:50.302+0900][803.791s] GC(637) Metaspace: 65164K(66944K)->65164K(66944K) NonClass: 57761K(58880K)->57761K(58880K) Class: 7403K(8064K)->7403K(8064K)
[2023-02-28T14:41:50.302+0900][803.792s] GC(637) Pause Young (Normal) (G1 Evacuation Pause) 511M->511M(512M) 0.523ms
[2023-02-28T14:41:50.302+0900][803.792s] GC(637) User=0.00s Sys=0.00s Real=0.00s
[2023-02-28T14:41:50.302+0900][803.792s] GC(638) Using 10 workers of 10 for full compaction
[2023-02-28T14:41:50.302+0900][803.792s] GC(638) Pause Full (G1 Evacuation Pause)
[2023-02-28T14:41:50.302+0900][803.792s] GC(638) Phase 1: Mark live objects
[2023-02-28T14:41:50.359+0900][803.849s] GC(638) Cleaned string and symbol table, strings: 31141 processed, 0 removed, symbols: 195635 processed, 0 removed
[2023-02-28T14:41:50.359+0900][803.849s] GC(638) Phase 1: Mark live objects 56.848ms
[2023-02-28T14:41:50.359+0900][803.849s] GC(638) Phase 2: Prepare for compaction
[2023-02-28T14:41:50.400+0900][803.889s] GC(638) Phase 2: Prepare for compaction 40.109ms
[2023-02-28T14:41:50.400+0900][803.889s] GC(638) Phase 3: Adjust pointers
[2023-02-28T14:41:50.433+0900][803.923s] GC(638) Phase 3: Adjust pointers 33.753ms
[2023-02-28T14:41:50.434+0900][803.923s] GC(638) Phase 4: Compact heap
[2023-02-28T14:41:50.461+0900][803.950s] GC(638) Phase 4: Compact heap 27.364ms
[2023-02-28T14:41:50.473+0900][803.962s] GC(638) Eden regions: 0->0(25)
[2023-02-28T14:41:50.473+0900][803.962s] GC(638) Survivor regions: 0->0(4)
[2023-02-28T14:41:50.473+0900][803.962s] GC(638) Old regions: 479->479
[2023-02-28T14:41:50.473+0900][803.962s] GC(638) Humongous regions: 33->33
[2023-02-28T14:41:50.473+0900][803.962s] GC(638) Metaspace: 65164K(66944K)->65164K(66944K) NonClass: 57761K(58880K)->57761K(58880K) Class: 7403K(8064K)->7403K(8064K)
[2023-02-28T14:41:50.473+0900][803.962s] GC(638) Pause Full (G1 Evacuation Pause) 511M->511M(512M) 170.632ms
[2023-02-28T14:41:50.473+0900][803.963s] GC(638) User=1.70s Sys=0.00s Real=0.17s
[2023-02-28T14:41:50.473+0900][803.963s] GC(639) Using 10 workers of 10 for full compaction
[2023-02-28T14:41:50.473+0900][803.963s] GC(639) Pause Full (G1 Evacuation Pause)
[2023-02-28T14:41:50.474+0900][803.963s] GC(639) Phase 1: Mark live objects
[2023-02-28T14:41:50.519+0900][804.009s] GC(639) Cleaned string and symbol table, strings: 31141 processed, 0 removed, symbols: 195635 processed, 0 removed
[2023-02-28T14:41:50.519+0900][804.009s] GC(639) Phase 1: Mark live objects 46.046ms
[2023-02-28T14:41:50.519+0900][804.009s] GC(639) Phase 2: Prepare for compaction
[2023-02-28T14:41:50.547+0900][804.037s] GC(639) Phase 2: Prepare for compaction 28.323ms
[2023-02-28T14:41:50.547+0900][804.037s] GC(639) Phase 3: Adjust pointers
[2023-02-28T14:41:50.582+0900][804.072s] GC(639) Phase 3: Adjust pointers 34.184ms
[2023-02-28T14:41:50.582+0900][804.072s] GC(639) Phase 4: Compact heap
[2023-02-28T14:41:50.613+0900][804.103s] GC(639) Phase 4: Compact heap 31.094ms
[2023-02-28T14:41:50.625+0900][804.115s] GC(639) Eden regions: 0->0(25)
[2023-02-28T14:41:50.625+0900][804.115s] GC(639) Survivor regions: 0->0(4)
[2023-02-28T14:41:50.625+0900][804.115s] GC(639) Old regions: 479->479
[2023-02-28T14:41:50.625+0900][804.115s] GC(639) Humongous regions: 33->33
[2023-02-28T14:41:50.625+0900][804.115s] GC(639) Metaspace: 65164K(66944K)->65164K(66944K) NonClass: 57761K(58880K)->57761K(58880K) Class: 7403K(8064K)->7403K(8064K)
[2023-02-28T14:41:50.625+0900][804.115s] GC(639) Pause Full (G1 Evacuation Pause) 511M->511M(512M) 152.616ms
[2023-02-28T14:41:50.626+0900][804.115s] GC(639) User=1.47s Sys=0.00s Real=0.15s
[2023-02-28T14:41:50.626+0900][804.116s] GC(635) Concurrent Mark Abort
[2023-02-28T14:41:50.626+0900][804.116s] GC(635) Concurrent Cycle 623.419ms
[2023-02-28T14:41:50.626+0900][804.116s] GC(640) Pause Young (Normal) (G1 Evacuation Pause)
[2023-02-28T14:41:50.626+0900][804.116s] GC(640) Using 10 workers of 10 for evacuation
[2023-02-28T14:41:50.626+0900][804.116s] GC(640)   Pre Evacuate Collection Set: 0.0ms
[2023-02-28T14:41:50.626+0900][804.116s] GC(640)   Evacuate Collection Set: 0.2ms
[2023-02-28T14:41:50.626+0900][804.116s] GC(640)   Post Evacuate Collection Set: 0.1ms
[2023-02-28T14:41:50.626+0900][804.116s] GC(640)   Other: 0.1ms
[2023-02-28T14:41:50.626+0900][804.116s] GC(640) Eden regions: 0->0(25)
[2023-02-28T14:41:50.626+0900][804.116s] GC(640) Survivor regions: 0->0(4)
[2023-02-28T14:41:50.626+0900][804.116s] GC(640) Old regions: 479->479
[2023-02-28T14:41:50.626+0900][804.116s] GC(640) Humongous regions: 33->33
[2023-02-28T14:41:50.626+0900][804.116s] GC(640) Metaspace: 65164K(66944K)->65164K(66944K) NonClass: 57761K(58880K)->57761K(58880K) Class: 7403K(8064K)->7403K(8064K)
[2023-02-28T14:41:50.626+0900][804.116s] GC(640) Pause Young (Normal) (G1 Evacuation Pause) 511M->511M(512M) 0.596ms
[2023-02-28T14:41:50.626+0900][804.116s] GC(640) User=0.00s Sys=0.00s Real=0.00s
[2023-02-28T14:41:50.626+0900][804.116s] GC(641) Using 10 workers of 10 for full compaction
[2023-02-28T14:41:50.627+0900][804.116s] GC(641) Pause Full (G1 Evacuation Pause)
[2023-02-28T14:41:50.627+0900][804.117s] GC(641) Phase 1: Mark live objects
[2023-02-28T14:41:50.672+0900][804.162s] GC(641) Cleaned string and symbol table, strings: 31141 processed, 0 removed, symbols: 195635 processed, 0 removed
[2023-02-28T14:41:50.672+0900][804.162s] GC(641) Phase 1: Mark live objects 45.363ms
[2023-02-28T14:41:50.672+0900][804.162s] GC(641) Phase 2: Prepare for compaction
[2023-02-28T14:41:50.699+0900][804.189s] GC(641) Phase 2: Prepare for compaction 26.716ms
[2023-02-28T14:41:50.699+0900][804.189s] GC(641) Phase 3: Adjust pointers
[2023-02-28T14:41:50.731+0900][804.220s] GC(641) Phase 3: Adjust pointers 31.710ms
[2023-02-28T14:41:50.731+0900][804.221s] GC(641) Phase 4: Compact heap
[2023-02-28T14:41:50.756+0900][804.245s] GC(641) Phase 4: Compact heap 24.451ms
[2023-02-28T14:41:50.767+0900][804.257s] GC(641) Eden regions: 0->0(25)
[2023-02-28T14:41:50.767+0900][804.257s] GC(641) Survivor regions: 0->0(4)
[2023-02-28T14:41:50.767+0900][804.257s] GC(641) Old regions: 479->479
[2023-02-28T14:41:50.768+0900][804.257s] GC(641) Humongous regions: 33->33
[2023-02-28T14:41:50.768+0900][804.257s] GC(641) Metaspace: 65164K(66944K)->65164K(66944K) NonClass: 57761K(58880K)->57761K(58880K) Class: 7403K(8064K)->7403K(8064K)
[2023-02-28T14:41:50.768+0900][804.257s] GC(641) Pause Full (G1 Evacuation Pause) 511M->511M(512M) 140.621ms
[2023-02-28T14:41:50.768+0900][804.257s] GC(641) User=1.20s Sys=0.00s Real=0.14s
[2023-02-28T14:41:50.768+0900][804.257s] GC(642) Using 10 workers of 10 for full compaction
[2023-02-28T14:41:50.768+0900][804.257s] GC(642) Pause Full (G1 Evacuation Pause)
[2023-02-28T14:41:50.768+0900][804.258s] GC(642) Phase 1: Mark live objects
[2023-02-28T14:41:50.814+0900][804.303s] GC(642) Cleaned string and symbol table, strings: 31141 processed, 0 removed, symbols: 195635 processed, 0 removed
[2023-02-28T14:41:50.814+0900][804.303s] GC(642) Phase 1: Mark live objects 45.470ms
[2023-02-28T14:41:50.814+0900][804.303s] GC(642) Phase 2: Prepare for compaction
[2023-02-28T14:41:50.842+0900][804.332s] GC(642) Phase 2: Prepare for compaction 28.555ms
[2023-02-28T14:41:50.843+0900][804.332s] GC(642) Phase 3: Adjust pointers
[2023-02-28T14:41:50.875+0900][804.365s] GC(642) Phase 3: Adjust pointers 33.276ms
[2023-02-28T14:41:50.875+0900][804.365s] GC(642) Phase 4: Compact heap
[2023-02-28T14:41:50.898+0900][804.388s] GC(642) Phase 4: Compact heap 22.993ms
[2023-02-28T14:41:50.909+0900][804.399s] GC(642) Eden regions: 0->0(25)
[2023-02-28T14:41:50.909+0900][804.399s] GC(642) Survivor regions: 0->0(4)
[2023-02-28T14:41:50.909+0900][804.399s] GC(642) Old regions: 479->479
[2023-02-28T14:41:50.909+0900][804.399s] GC(642) Humongous regions: 33->33
[2023-02-28T14:41:50.909+0900][804.399s] GC(642) Metaspace: 65164K(66944K)->65164K(66944K) NonClass: 57761K(58880K)->57761K(58880K) Class: 7403K(8064K)->7403K(8064K)
[2023-02-28T14:41:50.909+0900][804.399s] GC(642) Pause Full (G1 Evacuation Pause) 511M->511M(512M) 142.069ms
[2023-02-28T14:41:50.910+0900][804.400s] GC(642) User=1.16s Sys=0.00s Real=0.14s
[2023-02-28T14:41:50.910+0900][804.400s] GC(643) Pause Young (Concurrent Start) (G1 Evacuation Pause)
[2023-02-28T14:41:50.910+0900][804.400s] GC(643) Using 10 workers of 10 for evacuation
[2023-02-28T14:41:50.910+0900][804.400s] GC(643)   Pre Evacuate Collection Set: 0.1ms
[2023-02-28T14:41:50.910+0900][804.400s] GC(643)   Evacuate Collection Set: 0.4ms
[2023-02-28T14:41:50.910+0900][804.400s] GC(643)   Post Evacuate Collection Set: 0.1ms
[2023-02-28T14:41:50.910+0900][804.400s] GC(643)   Other: 0.1ms
[2023-02-28T14:41:50.910+0900][804.400s] GC(643) Eden regions: 0->0(25)
[2023-02-28T14:41:50.910+0900][804.400s] GC(643) Survivor regions: 0->0(4)
[2023-02-28T14:41:50.910+0900][804.400s] GC(643) Old regions: 479->479
[2023-02-28T14:41:50.910+0900][804.401s] GC(643) Humongous regions: 33->33
[2023-02-28T14:41:50.911+0900][804.401s] GC(643) Metaspace: 65164K(66944K)->65164K(66944K) NonClass: 57761K(58880K)->57761K(58880K) Class: 7403K(8064K)->7403K(8064K)
[2023-02-28T14:41:50.911+0900][804.401s] GC(643) Pause Young (Concurrent Start) (G1 Evacuation Pause) 511M->511M(512M) 0.810ms
[2023-02-28T14:41:50.911+0900][804.401s] GC(643) User=0.00s Sys=0.00s Real=0.00s
[2023-02-28T14:41:50.911+0900][804.401s] GC(644) Using 10 workers of 10 for full compaction
[2023-02-28T14:41:50.911+0900][804.401s] GC(645) Concurrent Cycle
[2023-02-28T14:41:50.911+0900][804.401s] GC(645) Concurrent Clear Claimed Marks
[2023-02-28T14:41:50.911+0900][804.401s] GC(645) Concurrent Clear Claimed Marks 0.033ms
[2023-02-28T14:41:50.911+0900][804.401s] GC(645) Concurrent Scan Root Regions
[2023-02-28T14:41:50.911+0900][804.401s] GC(645) Concurrent Scan Root Regions 0.020ms
[2023-02-28T14:41:50.911+0900][804.401s] GC(644) Pause Full (G1 Evacuation Pause)
[2023-02-28T14:41:50.911+0900][804.401s] GC(645) Concurrent Mark (804.401s)
[2023-02-28T14:41:50.911+0900][804.401s] GC(645) Concurrent Mark From Roots
[2023-02-28T14:41:50.911+0900][804.401s] GC(645) Using 3 workers of 3 for marking
[2023-02-28T14:41:50.911+0900][804.401s] GC(644) Phase 1: Mark live objects
[2023-02-28T14:41:50.957+0900][804.447s] GC(644) Cleaned string and symbol table, strings: 31141 processed, 0 removed, symbols: 195635 processed, 0 removed
[2023-02-28T14:41:50.957+0900][804.447s] GC(644) Phase 1: Mark live objects 45.831ms
[2023-02-28T14:41:50.957+0900][804.447s] GC(644) Phase 2: Prepare for compaction
[2023-02-28T14:41:50.984+0900][804.474s] GC(644) Phase 2: Prepare for compaction 26.704ms
[2023-02-28T14:41:50.984+0900][804.474s] GC(644) Phase 3: Adjust pointers
[2023-02-28T14:41:51.017+0900][804.507s] GC(644) Phase 3: Adjust pointers 32.852ms
[2023-02-28T14:41:51.017+0900][804.507s] GC(644) Phase 4: Compact heap
[2023-02-28T14:41:51.040+0900][804.529s] GC(644) Phase 4: Compact heap 22.586ms
[2023-02-28T14:41:51.053+0900][804.542s] GC(644) Eden regions: 0->0(25)
[2023-02-28T14:41:51.053+0900][804.542s] GC(644) Survivor regions: 0->0(4)
[2023-02-28T14:41:51.053+0900][804.542s] GC(644) Old regions: 479->479
[2023-02-28T14:41:51.053+0900][804.542s] GC(644) Humongous regions: 33->33
[2023-02-28T14:41:51.053+0900][804.542s] GC(644) Metaspace: 65164K(66944K)->65164K(66944K) NonClass: 57761K(58880K)->57761K(58880K) Class: 7403K(8064K)->7403K(8064K)
[2023-02-28T14:41:51.053+0900][804.542s] GC(644) Pause Full (G1 Evacuation Pause) 511M->511M(512M) 141.585ms
[2023-02-28T14:41:51.053+0900][804.543s] GC(644) User=1.38s Sys=0.00s Real=0.14s
[2023-02-28T14:41:51.053+0900][804.543s] GC(646) Using 10 workers of 10 for full compaction
[2023-02-28T14:41:51.053+0900][804.543s] GC(646) Pause Full (G1 Evacuation Pause)
[2023-02-28T14:41:51.053+0900][804.543s] GC(646) Phase 1: Mark live objects
[2023-02-28T14:41:51.098+0900][804.587s] GC(646) Cleaned string and symbol table, strings: 31141 processed, 0 removed, symbols: 195635 processed, 0 removed
[2023-02-28T14:41:51.098+0900][804.588s] GC(646) Phase 1: Mark live objects 44.601ms
[2023-02-28T14:41:51.098+0900][804.588s] GC(646) Phase 2: Prepare for compaction
[2023-02-28T14:41:51.126+0900][804.615s] GC(646) Phase 2: Prepare for compaction 27.518ms
[2023-02-28T14:41:51.126+0900][804.615s] GC(646) Phase 3: Adjust pointers
[2023-02-28T14:41:51.159+0900][804.649s] GC(646) Phase 3: Adjust pointers 33.380ms
[2023-02-28T14:41:51.159+0900][804.649s] GC(646) Phase 4: Compact heap
[2023-02-28T14:41:51.182+0900][804.672s] GC(646) Phase 4: Compact heap 23.014ms
[2023-02-28T14:41:51.194+0900][804.683s] GC(646) Eden regions: 0->0(25)
[2023-02-28T14:41:51.194+0900][804.683s] GC(646) Survivor regions: 0->0(4)
[2023-02-28T14:41:51.194+0900][804.683s] GC(646) Old regions: 479->479
[2023-02-28T14:41:51.194+0900][804.683s] GC(646) Humongous regions: 33->33
[2023-02-28T14:41:51.194+0900][804.683s] GC(646) Metaspace: 65164K(66944K)->65164K(66944K) NonClass: 57761K(58880K)->57761K(58880K) Class: 7403K(8064K)->7403K(8064K)
[2023-02-28T14:41:51.194+0900][804.683s] GC(646) Pause Full (G1 Evacuation Pause) 511M->511M(512M) 140.743ms
[2023-02-28T14:41:51.194+0900][804.684s] GC(646) User=1.38s Sys=0.00s Real=0.14s
[2023-02-28T14:41:51.194+0900][804.684s] GC(645) Concurrent Mark From Roots 282.890ms
[2023-02-28T14:41:51.195+0900][804.684s] GC(647) Pause Young (Normal) (G1 Evacuation Pause)
[2023-02-28T14:41:51.195+0900][804.684s] GC(647) Using 10 workers of 10 for evacuation
[2023-02-28T14:41:51.195+0900][804.684s] GC(647)   Pre Evacuate Collection Set: 0.0ms
[2023-02-28T14:41:51.195+0900][804.684s] GC(647)   Evacuate Collection Set: 0.1ms
[2023-02-28T14:41:51.195+0900][804.684s] GC(647)   Post Evacuate Collection Set: 0.1ms
[2023-02-28T14:41:51.195+0900][804.684s] GC(647)   Other: 0.1ms
[2023-02-28T14:41:51.195+0900][804.684s] GC(647) Eden regions: 0->0(25)
[2023-02-28T14:41:51.195+0900][804.684s] GC(647) Survivor regions: 0->0(4)
[2023-02-28T14:41:51.195+0900][804.684s] GC(647) Old regions: 479->479
[2023-02-28T14:41:51.195+0900][804.684s] GC(647) Humongous regions: 33->33
[2023-02-28T14:41:51.195+0900][804.684s] GC(647) Metaspace: 65164K(66944K)->65164K(66944K) NonClass: 57761K(58880K)->57761K(58880K) Class: 7403K(8064K)->7403K(8064K)
[2023-02-28T14:41:51.195+0900][804.684s] GC(647) Pause Young (Normal) (G1 Evacuation Pause) 511M->511M(512M) 0.546ms
[2023-02-28T14:41:51.195+0900][804.684s] GC(647) User=0.00s Sys=0.00s Real=0.00s
[2023-02-28T14:41:51.195+0900][804.684s] GC(648) Using 10 workers of 10 for full compaction
[2023-02-28T14:41:51.195+0900][804.684s] GC(648) Pause Full (G1 Evacuation Pause)
[2023-02-28T14:41:51.195+0900][804.685s] GC(648) Phase 1: Mark live objects
[2023-02-28T14:41:51.239+0900][804.729s] GC(648) Cleaned string and symbol table, strings: 31141 processed, 0 removed, symbols: 195635 processed, 0 removed
[2023-02-28T14:41:51.239+0900][804.729s] GC(648) Phase 1: Mark live objects 44.113ms
[2023-02-28T14:41:51.239+0900][804.729s] GC(648) Phase 2: Prepare for compaction
[2023-02-28T14:41:51.267+0900][804.757s] GC(648) Phase 2: Prepare for compaction 28.072ms
[2023-02-28T14:41:51.267+0900][804.757s] GC(648) Phase 3: Adjust pointers
[2023-02-28T14:41:51.299+0900][804.789s] GC(648) Phase 3: Adjust pointers 31.701ms
[2023-02-28T14:41:51.299+0900][804.789s] GC(648) Phase 4: Compact heap
[2023-02-28T14:41:51.321+0900][804.811s] GC(648) Phase 4: Compact heap 22.516ms
[2023-02-28T14:41:51.334+0900][804.824s] GC(648) Eden regions: 0->0(25)
[2023-02-28T14:41:51.334+0900][804.824s] GC(648) Survivor regions: 0->0(4)
[2023-02-28T14:41:51.334+0900][804.824s] GC(648) Old regions: 479->479
[2023-02-28T14:41:51.334+0900][804.824s] GC(648) Humongous regions: 33->33
[2023-02-28T14:41:51.334+0900][804.824s] GC(648) Metaspace: 65164K(66944K)->65164K(66944K) NonClass: 57761K(58880K)->57761K(58880K) Class: 7403K(8064K)->7403K(8064K)
[2023-02-28T14:41:51.334+0900][804.824s] GC(648) Pause Full (G1 Evacuation Pause) 511M->511M(512M) 139.408ms
[2023-02-28T14:41:51.334+0900][804.824s] GC(648) User=1.39s Sys=0.00s Real=0.14s
[2023-02-28T14:41:51.334+0900][804.824s] GC(649) Using 10 workers of 10 for full compaction
[2023-02-28T14:41:51.334+0900][804.824s] GC(649) Pause Full (G1 Evacuation Pause)
[2023-02-28T14:41:51.335+0900][804.825s] GC(649) Phase 1: Mark live objects
[2023-02-28T14:41:51.382+0900][804.872s] GC(649) Cleaned string and symbol table, strings: 31141 processed, 0 removed, symbols: 195635 processed, 0 removed
[2023-02-28T14:41:51.382+0900][804.872s] GC(649) Phase 1: Mark live objects 46.979ms
[2023-02-28T14:41:51.382+0900][804.872s] GC(649) Phase 2: Prepare for compaction
[2023-02-28T14:41:51.409+0900][804.898s] GC(649) Phase 2: Prepare for compaction 26.735ms
[2023-02-28T14:41:51.409+0900][804.899s] GC(649) Phase 3: Adjust pointers
[2023-02-28T14:41:51.442+0900][804.931s] GC(649) Phase 3: Adjust pointers 32.831ms
[2023-02-28T14:41:51.442+0900][804.931s] GC(649) Phase 4: Compact heap
[2023-02-28T14:41:51.467+0900][804.956s] GC(649) Phase 4: Compact heap 24.626ms
[2023-02-28T14:41:51.478+0900][804.968s] GC(649) Eden regions: 0->0(25)
[2023-02-28T14:41:51.478+0900][804.968s] GC(649) Survivor regions: 0->0(4)
[2023-02-28T14:41:51.478+0900][804.968s] GC(649) Old regions: 479->479
[2023-02-28T14:41:51.478+0900][804.968s] GC(649) Humongous regions: 33->33
[2023-02-28T14:41:51.478+0900][804.968s] GC(649) Metaspace: 65164K(66944K)->65164K(66944K) NonClass: 57761K(58880K)->57761K(58880K) Class: 7403K(8064K)->7403K(8064K)
[2023-02-28T14:41:51.479+0900][804.968s] GC(649) Pause Full (G1 Evacuation Pause) 511M->511M(512M) 143.583ms
[2023-02-28T14:41:51.479+0900][804.968s] GC(649) User=1.25s Sys=0.00s Real=0.14s
[2023-02-28T14:41:51.479+0900][804.968s] GC(645) Concurrent Mark Abort
[2023-02-28T14:41:51.479+0900][804.968s] GC(645) Concurrent Cycle 567.512ms
[2023-02-28T14:41:51.479+0900][804.968s] GC(650) Pause Young (Normal) (G1 Evacuation Pause)
[2023-02-28T14:41:51.479+0900][804.968s] GC(650) Using 10 workers of 10 for evacuation
[2023-02-28T14:41:51.479+0900][804.969s] GC(650)   Pre Evacuate Collection Set: 0.0ms
[2023-02-28T14:41:51.479+0900][804.969s] GC(650)   Evacuate Collection Set: 0.2ms
[2023-02-28T14:41:51.479+0900][804.969s] GC(650)   Post Evacuate Collection Set: 0.1ms
[2023-02-28T14:41:51.479+0900][804.969s] GC(650)   Other: 0.1ms
[2023-02-28T14:41:51.479+0900][804.969s] GC(650) Eden regions: 0->0(25)
[2023-02-28T14:41:51.479+0900][804.969s] GC(650) Survivor regions: 0->0(4)
[2023-02-28T14:41:51.479+0900][804.969s] GC(650) Old regions: 479->479
[2023-02-28T14:41:51.479+0900][804.969s] GC(650) Humongous regions: 33->33
[2023-02-28T14:41:51.479+0900][804.969s] GC(650) Metaspace: 65164K(66944K)->65164K(66944K) NonClass: 57761K(58880K)->57761K(58880K) Class: 7403K(8064K)->7403K(8064K)
[2023-02-28T14:41:51.479+0900][804.969s] GC(650) Pause Young (Normal) (G1 Evacuation Pause) 511M->511M(512M) 0.573ms
[2023-02-28T14:41:51.479+0900][804.969s] GC(650) User=0.00s Sys=0.00s Real=0.00s
[2023-02-28T14:41:51.479+0900][804.969s] GC(651) Using 10 workers of 10 for full compaction
[2023-02-28T14:41:51.479+0900][804.969s] GC(651) Pause Full (G1 Evacuation Pause)
[2023-02-28T14:41:51.480+0900][804.969s] GC(651) Phase 1: Mark live objects
[2023-02-28T14:41:51.543+0900][805.032s] GC(651) Cleaned string and symbol table, strings: 31141 processed, 0 removed, symbols: 195635 processed, 0 removed
[2023-02-28T14:41:51.543+0900][805.033s] GC(651) Phase 1: Mark live objects 63.434ms
[2023-02-28T14:41:51.543+0900][805.033s] GC(651) Phase 2: Prepare for compaction
[2023-02-28T14:41:51.580+0900][805.069s] GC(651) Phase 2: Prepare for compaction 36.713ms
[2023-02-28T14:41:51.580+0900][805.069s] GC(651) Phase 3: Adjust pointers
[2023-02-28T14:41:51.613+0900][805.103s] GC(651) Phase 3: Adjust pointers 33.977ms
[2023-02-28T14:41:51.613+0900][805.103s] GC(651) Phase 4: Compact heap
[2023-02-28T14:41:51.642+0900][805.132s] GC(651) Phase 4: Compact heap 28.901ms
[2023-02-28T14:41:51.655+0900][805.145s] GC(651) Eden regions: 0->0(25)
[2023-02-28T14:41:51.655+0900][805.145s] GC(651) Survivor regions: 0->0(4)
[2023-02-28T14:41:51.655+0900][805.145s] GC(651) Old regions: 479->479
[2023-02-28T14:41:51.655+0900][805.145s] GC(651) Humongous regions: 33->33
[2023-02-28T14:41:51.655+0900][805.145s] GC(651) Metaspace: 65164K(66944K)->65164K(66944K) NonClass: 57761K(58880K)->57761K(58880K) Class: 7403K(8064K)->7403K(8064K)
[2023-02-28T14:41:51.655+0900][805.145s] GC(651) Pause Full (G1 Evacuation Pause) 511M->511M(512M) 176.558ms
[2023-02-28T14:41:51.656+0900][805.146s] GC(651) User=1.72s Sys=0.00s Real=0.18s
[2023-02-28T14:41:51.656+0900][805.146s] GC(652) Using 10 workers of 10 for full compaction
[2023-02-28T14:41:51.656+0900][805.146s] GC(652) Pause Full (G1 Evacuation Pause)
[2023-02-28T14:41:51.656+0900][805.146s] GC(652) Phase 1: Mark live objects
[2023-02-28T14:41:51.703+0900][805.193s] GC(652) Cleaned string and symbol table, strings: 31141 processed, 0 removed, symbols: 195635 processed, 0 removed
[2023-02-28T14:41:51.703+0900][805.193s] GC(652) Phase 1: Mark live objects 47.054ms
[2023-02-28T14:41:51.703+0900][805.193s] GC(652) Phase 2: Prepare for compaction
[2023-02-28T14:41:51.731+0900][805.221s] GC(652) Phase 2: Prepare for compaction 27.853ms
[2023-02-28T14:41:51.731+0900][805.221s] GC(652) Phase 3: Adjust pointers
[2023-02-28T14:41:51.764+0900][805.254s] GC(652) Phase 3: Adjust pointers 33.092ms
[2023-02-28T14:41:51.764+0900][805.254s] GC(652) Phase 4: Compact heap
[2023-02-28T14:41:51.789+0900][805.279s] GC(652) Phase 4: Compact heap 24.308ms
[2023-02-28T14:41:51.800+0900][805.289s] GC(652) Eden regions: 0->0(25)
[2023-02-28T14:41:51.800+0900][805.290s] GC(652) Survivor regions: 0->0(4)
[2023-02-28T14:41:51.800+0900][805.290s] GC(652) Old regions: 479->479
[2023-02-28T14:41:51.800+0900][805.290s] GC(652) Humongous regions: 33->33
[2023-02-28T14:41:51.800+0900][805.290s] GC(652) Metaspace: 65164K(66944K)->65164K(66944K) NonClass: 57761K(58880K)->57761K(58880K) Class: 7403K(8064K)->7403K(8064K)
[2023-02-28T14:41:51.800+0900][805.290s] GC(652) Pause Full (G1 Evacuation Pause) 511M->511M(512M) 143.790ms
[2023-02-28T14:41:51.800+0900][805.290s] GC(652) User=1.23s Sys=0.00s Real=0.14s
[2023-02-28T14:41:51.800+0900][805.290s] GC(653) Pause Young (Concurrent Start) (G1 Evacuation Pause)
[2023-02-28T14:41:51.800+0900][805.290s] GC(653) Using 10 workers of 10 for evacuation
[2023-02-28T14:41:51.801+0900][805.291s] GC(653)   Pre Evacuate Collection Set: 0.1ms
[2023-02-28T14:41:51.801+0900][805.291s] GC(653)   Evacuate Collection Set: 0.4ms
[2023-02-28T14:41:51.801+0900][805.291s] GC(653)   Post Evacuate Collection Set: 0.1ms
[2023-02-28T14:41:51.801+0900][805.291s] GC(653)   Other: 0.1ms
[2023-02-28T14:41:51.801+0900][805.291s] GC(653) Eden regions: 0->0(25)
[2023-02-28T14:41:51.801+0900][805.291s] GC(653) Survivor regions: 0->0(4)
[2023-02-28T14:41:51.801+0900][805.291s] GC(653) Old regions: 479->479
[2023-02-28T14:41:51.801+0900][805.291s] GC(653) Humongous regions: 33->33
[2023-02-28T14:41:51.801+0900][805.291s] GC(653) Metaspace: 65164K(66944K)->65164K(66944K) NonClass: 57761K(58880K)->57761K(58880K) Class: 7403K(8064K)->7403K(8064K)
[2023-02-28T14:41:51.801+0900][805.291s] GC(653) Pause Young (Concurrent Start) (G1 Evacuation Pause) 511M->511M(512M) 0.805ms
[2023-02-28T14:41:51.801+0900][805.291s] GC(653) User=0.00s Sys=0.00s Real=0.00s
[2023-02-28T14:41:51.801+0900][805.291s] GC(655) Concurrent Cycle
[2023-02-28T14:41:51.801+0900][805.291s] GC(654) Using 10 workers of 10 for full compaction
[2023-02-28T14:41:51.801+0900][805.291s] GC(655) Concurrent Clear Claimed Marks
[2023-02-28T14:41:51.801+0900][805.291s] GC(655) Concurrent Clear Claimed Marks 0.060ms
[2023-02-28T14:41:51.801+0900][805.291s] GC(655) Concurrent Scan Root Regions
[2023-02-28T14:41:51.801+0900][805.291s] GC(654) Pause Full (G1 Evacuation Pause)
[2023-02-28T14:41:51.801+0900][805.291s] GC(655) Concurrent Scan Root Regions 0.043ms
[2023-02-28T14:41:51.801+0900][805.291s] GC(655) Concurrent Mark (805.291s)
[2023-02-28T14:41:51.801+0900][805.291s] GC(655) Concurrent Mark From Roots
[2023-02-28T14:41:51.802+0900][805.291s] GC(655) Using 3 workers of 3 for marking
[2023-02-28T14:41:51.802+0900][805.292s] GC(654) Phase 1: Mark live objects
[2023-02-28T14:41:51.847+0900][805.337s] GC(654) Cleaned string and symbol table, strings: 31141 processed, 0 removed, symbols: 195635 processed, 0 removed
[2023-02-28T14:41:51.847+0900][805.337s] GC(654) Phase 1: Mark live objects 45.158ms
[2023-02-28T14:41:51.847+0900][805.337s] GC(654) Phase 2: Prepare for compaction
[2023-02-28T14:41:51.876+0900][805.365s] GC(654) Phase 2: Prepare for compaction 28.324ms
[2023-02-28T14:41:51.876+0900][805.365s] GC(654) Phase 3: Adjust pointers
[2023-02-28T14:41:51.910+0900][805.399s] GC(654) Phase 3: Adjust pointers 33.926ms
[2023-02-28T14:41:51.910+0900][805.399s] GC(654) Phase 4: Compact heap
[2023-02-28T14:41:51.934+0900][805.423s] GC(654) Phase 4: Compact heap 23.616ms
[2023-02-28T14:41:51.945+0900][805.434s] GC(654) Eden regions: 0->0(25)
[2023-02-28T14:41:51.945+0900][805.434s] GC(654) Survivor regions: 0->0(4)
[2023-02-28T14:41:51.945+0900][805.434s] GC(654) Old regions: 479->479
[2023-02-28T14:41:51.945+0900][805.434s] GC(654) Humongous regions: 33->33
[2023-02-28T14:41:51.945+0900][805.434s] GC(654) Metaspace: 65164K(66944K)->65164K(66944K) NonClass: 57761K(58880K)->57761K(58880K) Class: 7403K(8064K)->7403K(8064K)
[2023-02-28T14:41:51.945+0900][805.434s] GC(654) Pause Full (G1 Evacuation Pause) 511M->511M(512M) 143.208ms
[2023-02-28T14:41:51.945+0900][805.434s] GC(654) User=1.39s Sys=0.00s Real=0.14s
[2023-02-28T14:41:51.945+0900][805.434s] GC(656) Using 10 workers of 10 for full compaction
[2023-02-28T14:41:51.945+0900][805.435s] GC(656) Pause Full (G1 Evacuation Pause)
[2023-02-28T14:41:51.946+0900][805.435s] GC(656) Phase 1: Mark live objects
[2023-02-28T14:41:51.991+0900][805.481s] GC(656) Cleaned string and symbol table, strings: 31141 processed, 0 removed, symbols: 195635 processed, 0 removed
[2023-02-28T14:41:51.991+0900][805.481s] GC(656) Phase 1: Mark live objects 46.654ms
[2023-02-28T14:41:51.991+0900][805.481s] GC(656) Phase 2: Prepare for compaction
[2023-02-28T14:41:52.019+0900][805.509s] GC(656) Phase 2: Prepare for compaction 27.828ms
[2023-02-28T14:41:52.019+0900][805.509s] GC(656) Phase 3: Adjust pointers
[2023-02-28T14:41:52.052+0900][805.542s] GC(656) Phase 3: Adjust pointers 32.459ms
[2023-02-28T14:41:52.052+0900][805.542s] GC(656) Phase 4: Compact heap
[2023-02-28T14:41:52.075+0900][805.565s] GC(656) Phase 4: Compact heap 23.314ms
[2023-02-28T14:41:52.087+0900][805.577s] GC(656) Eden regions: 0->0(25)
[2023-02-28T14:41:52.087+0900][805.577s] GC(656) Survivor regions: 0->0(4)
[2023-02-28T14:41:52.087+0900][805.577s] GC(656) Old regions: 479->479
[2023-02-28T14:41:52.087+0900][805.577s] GC(656) Humongous regions: 33->33
[2023-02-28T14:41:52.087+0900][805.577s] GC(656) Metaspace: 65164K(66944K)->65164K(66944K) NonClass: 57761K(58880K)->57761K(58880K) Class: 7403K(8064K)->7403K(8064K)
[2023-02-28T14:41:52.087+0900][805.577s] GC(656) Pause Full (G1 Evacuation Pause) 511M->511M(512M) 142.281ms
[2023-02-28T14:41:52.087+0900][805.577s] GC(656) User=1.27s Sys=0.00s Real=0.14s
[2023-02-28T14:41:52.087+0900][805.577s] GC(655) Concurrent Mark From Roots 285.945ms
[2023-02-28T14:41:52.087+0900][805.577s] GC(657) Pause Young (Normal) (G1 Evacuation Pause)
[2023-02-28T14:41:52.087+0900][805.577s] GC(657) Using 10 workers of 10 for evacuation
[2023-02-28T14:41:52.088+0900][805.577s] GC(657)   Pre Evacuate Collection Set: 0.0ms
[2023-02-28T14:41:52.088+0900][805.577s] GC(657)   Evacuate Collection Set: 0.1ms
[2023-02-28T14:41:52.088+0900][805.577s] GC(657)   Post Evacuate Collection Set: 0.1ms
[2023-02-28T14:41:52.088+0900][805.578s] GC(657)   Other: 0.1ms
[2023-02-28T14:41:52.088+0900][805.578s] GC(657) Eden regions: 0->0(25)
[2023-02-28T14:41:52.088+0900][805.578s] GC(657) Survivor regions: 0->0(4)
[2023-02-28T14:41:52.088+0900][805.578s] GC(657) Old regions: 479->479
[2023-02-28T14:41:52.088+0900][805.578s] GC(657) Humongous regions: 33->33
[2023-02-28T14:41:52.088+0900][805.578s] GC(657) Metaspace: 65164K(66944K)->65164K(66944K) NonClass: 57761K(58880K)->57761K(58880K) Class: 7403K(8064K)->7403K(8064K)
[2023-02-28T14:41:52.088+0900][805.578s] GC(657) Pause Young (Normal) (G1 Evacuation Pause) 511M->511M(512M) 0.563ms
[2023-02-28T14:41:52.088+0900][805.578s] GC(657) User=0.00s Sys=0.00s Real=0.00s
[2023-02-28T14:41:52.088+0900][805.578s] GC(658) Using 10 workers of 10 for full compaction
[2023-02-28T14:41:52.088+0900][805.578s] GC(658) Pause Full (G1 Evacuation Pause)
[2023-02-28T14:41:52.088+0900][805.578s] GC(658) Phase 1: Mark live objects
[2023-02-28T14:41:52.136+0900][805.626s] GC(658) Cleaned string and symbol table, strings: 31141 processed, 0 removed, symbols: 195635 processed, 0 removed
[2023-02-28T14:41:52.136+0900][805.626s] GC(658) Phase 1: Mark live objects 47.943ms
[2023-02-28T14:41:52.136+0900][805.626s] GC(658) Phase 2: Prepare for compaction
[2023-02-28T14:41:52.179+0900][805.669s] GC(658) Phase 2: Prepare for compaction 42.709ms
[2023-02-28T14:41:52.179+0900][805.669s] GC(658) Phase 3: Adjust pointers
[2023-02-28T14:41:52.222+0900][805.712s] GC(658) Phase 3: Adjust pointers 42.818ms
[2023-02-28T14:41:52.222+0900][805.712s] GC(658) Phase 4: Compact heap
[2023-02-28T14:41:52.255+0900][805.744s] GC(658) Phase 4: Compact heap 32.632ms
[2023-02-28T14:41:52.268+0900][805.757s] GC(658) Eden regions: 0->0(25)
[2023-02-28T14:41:52.268+0900][805.757s] GC(658) Survivor regions: 0->0(4)
[2023-02-28T14:41:52.268+0900][805.757s] GC(658) Old regions: 479->479
[2023-02-28T14:41:52.268+0900][805.757s] GC(658) Humongous regions: 33->33
[2023-02-28T14:41:52.268+0900][805.757s] GC(658) Metaspace: 65164K(66944K)->65164K(66944K) NonClass: 57761K(58880K)->57761K(58880K) Class: 7403K(8064K)->7403K(8064K)
[2023-02-28T14:41:52.268+0900][805.757s] GC(658) Pause Full (G1 Evacuation Pause) 511M->511M(512M) 179.292ms
[2023-02-28T14:41:52.268+0900][805.757s] GC(658) User=1.81s Sys=0.00s Real=0.18s
[2023-02-28T14:41:52.268+0900][805.757s] GC(659) Using 10 workers of 10 for full compaction
[2023-02-28T14:41:52.268+0900][805.758s] GC(659) Pause Full (G1 Evacuation Pause)
[2023-02-28T14:41:52.268+0900][805.758s] GC(659) Phase 1: Mark live objects
[2023-02-28T14:41:52.318+0900][805.807s] GC(659) Cleaned string and symbol table, strings: 31141 processed, 0 removed, symbols: 195635 processed, 0 removed
[2023-02-28T14:41:52.318+0900][805.807s] GC(659) Phase 1: Mark live objects 49.217ms
[2023-02-28T14:41:52.318+0900][805.807s] GC(659) Phase 2: Prepare for compaction
[2023-02-28T14:41:52.349+0900][805.838s] GC(659) Phase 2: Prepare for compaction 30.888ms
[2023-02-28T14:41:52.349+0900][805.838s] GC(659) Phase 3: Adjust pointers
[2023-02-28T14:41:52.383+0900][805.873s] GC(659) Phase 3: Adjust pointers 35.082ms
[2023-02-28T14:41:52.383+0900][805.873s] GC(659) Phase 4: Compact heap
[2023-02-28T14:41:52.409+0900][805.899s] GC(659) Phase 4: Compact heap 26.194ms
[2023-02-28T14:41:52.421+0900][805.911s] GC(659) Eden regions: 0->0(25)
[2023-02-28T14:41:52.421+0900][805.911s] GC(659) Survivor regions: 0->0(4)
[2023-02-28T14:41:52.421+0900][805.911s] GC(659) Old regions: 479->479
[2023-02-28T14:41:52.421+0900][805.911s] GC(659) Humongous regions: 33->33
[2023-02-28T14:41:52.421+0900][805.911s] GC(659) Metaspace: 65164K(66944K)->65164K(66944K) NonClass: 57761K(58880K)->57761K(58880K) Class: 7403K(8064K)->7403K(8064K)
[2023-02-28T14:41:52.421+0900][805.911s] GC(659) Pause Full (G1 Evacuation Pause) 511M->511M(512M) 153.570ms
[2023-02-28T14:41:52.421+0900][805.911s] GC(659) User=1.41s Sys=0.00s Real=0.15s
[2023-02-28T14:41:52.421+0900][805.911s] GC(655) Concurrent Mark Abort
[2023-02-28T14:41:52.421+0900][805.911s] GC(655) Concurrent Cycle 620.533ms
[2023-02-28T14:41:52.421+0900][805.911s] GC(660) Pause Young (Normal) (G1 Evacuation Pause)
[2023-02-28T14:41:52.422+0900][805.911s] GC(660) Using 10 workers of 10 for evacuation
[2023-02-28T14:41:52.422+0900][805.912s] GC(660)   Pre Evacuate Collection Set: 0.0ms
[2023-02-28T14:41:52.422+0900][805.912s] GC(660)   Evacuate Collection Set: 0.2ms
[2023-02-28T14:41:52.422+0900][805.912s] GC(660)   Post Evacuate Collection Set: 0.1ms
[2023-02-28T14:41:52.422+0900][805.912s] GC(660)   Other: 0.1ms
[2023-02-28T14:41:52.422+0900][805.912s] GC(660) Eden regions: 0->0(25)
[2023-02-28T14:41:52.422+0900][805.912s] GC(660) Survivor regions: 0->0(4)
[2023-02-28T14:41:52.422+0900][805.912s] GC(660) Old regions: 479->479
[2023-02-28T14:41:52.422+0900][805.912s] GC(660) Humongous regions: 33->33
[2023-02-28T14:41:52.422+0900][805.912s] GC(660) Metaspace: 65164K(66944K)->65164K(66944K) NonClass: 57761K(58880K)->57761K(58880K) Class: 7403K(8064K)->7403K(8064K)
[2023-02-28T14:41:52.422+0900][805.912s] GC(660) Pause Young (Normal) (G1 Evacuation Pause) 511M->511M(512M) 0.588ms
[2023-02-28T14:41:52.422+0900][805.912s] GC(660) User=0.00s Sys=0.00s Real=0.00s
[2023-02-28T14:41:52.422+0900][805.912s] GC(661) Using 10 workers of 10 for full compaction
[2023-02-28T14:41:52.422+0900][805.912s] GC(661) Pause Full (G1 Evacuation Pause)
[2023-02-28T14:41:52.422+0900][805.912s] GC(661) Phase 1: Mark live objects
[2023-02-28T14:41:52.472+0900][805.961s] GC(661) Cleaned string and symbol table, strings: 31141 processed, 0 removed, symbols: 195635 processed, 0 removed
[2023-02-28T14:41:52.472+0900][805.961s] GC(661) Phase 1: Mark live objects 49.072ms
[2023-02-28T14:41:52.472+0900][805.962s] GC(661) Phase 2: Prepare for compaction
[2023-02-28T14:41:52.502+0900][805.992s] GC(661) Phase 2: Prepare for compaction 30.001ms
[2023-02-28T14:41:52.502+0900][805.992s] GC(661) Phase 3: Adjust pointers
[2023-02-28T14:41:52.538+0900][806.027s] GC(661) Phase 3: Adjust pointers 35.892ms
[2023-02-28T14:41:52.538+0900][806.028s] GC(661) Phase 4: Compact heap
[2023-02-28T14:41:52.567+0900][806.057s] GC(661) Phase 4: Compact heap 29.052ms
[2023-02-28T14:41:52.579+0900][806.068s] GC(661) Eden regions: 0->0(25)
[2023-02-28T14:41:52.579+0900][806.068s] GC(661) Survivor regions: 0->0(4)
[2023-02-28T14:41:52.579+0900][806.068s] GC(661) Old regions: 479->479
[2023-02-28T14:41:52.579+0900][806.068s] GC(661) Humongous regions: 33->33
[2023-02-28T14:41:52.579+0900][806.068s] GC(661) Metaspace: 65164K(66944K)->65164K(66944K) NonClass: 57761K(58880K)->57761K(58880K) Class: 7403K(8064K)->7403K(8064K)
[2023-02-28T14:41:52.579+0900][806.068s] GC(661) Pause Full (G1 Evacuation Pause) 511M->511M(512M) 156.124ms
[2023-02-28T14:41:52.579+0900][806.069s] GC(661) User=1.47s Sys=0.00s Real=0.16s
[2023-02-28T14:41:52.579+0900][806.069s] GC(662) Using 10 workers of 10 for full compaction
[2023-02-28T14:41:52.579+0900][806.069s] GC(662) Pause Full (G1 Evacuation Pause)
[2023-02-28T14:41:52.579+0900][806.069s] GC(662) Phase 1: Mark live objects
[2023-02-28T14:41:52.633+0900][806.122s] GC(662) Cleaned string and symbol table, strings: 31141 processed, 0 removed, symbols: 195635 processed, 0 removed
[2023-02-28T14:41:52.633+0900][806.122s] GC(662) Phase 1: Mark live objects 53.494ms
[2023-02-28T14:41:52.633+0900][806.122s] GC(662) Phase 2: Prepare for compaction
[2023-02-28T14:41:52.667+0900][806.157s] GC(662) Phase 2: Prepare for compaction 34.284ms
[2023-02-28T14:41:52.667+0900][806.157s] GC(662) Phase 3: Adjust pointers
[2023-02-28T14:41:52.702+0900][806.192s] GC(662) Phase 3: Adjust pointers 34.904ms
[2023-02-28T14:41:52.703+0900][806.192s] GC(662) Phase 4: Compact heap
[2023-02-28T14:41:52.727+0900][806.216s] GC(662) Phase 4: Compact heap 24.386ms
[2023-02-28T14:41:52.738+0900][806.228s] GC(662) Eden regions: 0->0(25)
[2023-02-28T14:41:52.738+0900][806.228s] GC(662) Survivor regions: 0->0(4)
[2023-02-28T14:41:52.738+0900][806.228s] GC(662) Old regions: 479->479
[2023-02-28T14:41:52.738+0900][806.228s] GC(662) Humongous regions: 33->33
[2023-02-28T14:41:52.738+0900][806.228s] GC(662) Metaspace: 65164K(66944K)->65164K(66944K) NonClass: 57761K(58880K)->57761K(58880K) Class: 7403K(8064K)->7403K(8064K)
[2023-02-28T14:41:52.738+0900][806.228s] GC(662) Pause Full (G1 Evacuation Pause) 511M->511M(512M) 159.726ms
[2023-02-28T14:41:52.738+0900][806.229s] GC(662) User=1.52s Sys=0.00s Real=0.16s
[2023-02-28T14:41:52.739+0900][806.229s] GC(663) Pause Young (Concurrent Start) (G1 Evacuation Pause)
[2023-02-28T14:41:52.739+0900][806.230s] GC(663) Using 10 workers of 10 for evacuation
[2023-02-28T14:41:52.740+0900][806.230s] GC(663)   Pre Evacuate Collection Set: 0.1ms
[2023-02-28T14:41:52.740+0900][806.230s] GC(663)   Evacuate Collection Set: 0.4ms
[2023-02-28T14:41:52.740+0900][806.230s] GC(663)   Post Evacuate Collection Set: 0.1ms
[2023-02-28T14:41:52.740+0900][806.230s] GC(663)   Other: 0.1ms
[2023-02-28T14:41:52.740+0900][806.230s] GC(663) Eden regions: 0->0(25)
[2023-02-28T14:41:52.740+0900][806.230s] GC(663) Survivor regions: 0->0(4)
[2023-02-28T14:41:52.740+0900][806.230s] GC(663) Old regions: 479->479
[2023-02-28T14:41:52.740+0900][806.230s] GC(663) Humongous regions: 33->33
[2023-02-28T14:41:52.740+0900][806.230s] GC(663) Metaspace: 65164K(66944K)->65164K(66944K) NonClass: 57761K(58880K)->57761K(58880K) Class: 7403K(8064K)->7403K(8064K)
[2023-02-28T14:41:52.740+0900][806.230s] GC(663) Pause Young (Concurrent Start) (G1 Evacuation Pause) 511M->511M(512M) 0.821ms
[2023-02-28T14:41:52.740+0900][806.230s] GC(663) User=0.00s Sys=0.00s Real=0.00s
[2023-02-28T14:41:52.740+0900][806.230s] GC(664) Using 10 workers of 10 for full compaction
[2023-02-28T14:41:52.740+0900][806.230s] GC(665) Concurrent Cycle
[2023-02-28T14:41:52.740+0900][806.230s] GC(665) Concurrent Clear Claimed Marks
[2023-02-28T14:41:52.740+0900][806.230s] GC(665) Concurrent Clear Claimed Marks 0.033ms
[2023-02-28T14:41:52.740+0900][806.230s] GC(664) Pause Full (G1 Evacuation Pause)
[2023-02-28T14:41:52.740+0900][806.230s] GC(665) Concurrent Scan Root Regions
[2023-02-28T14:41:52.740+0900][806.231s] GC(665) Concurrent Scan Root Regions 0.057ms
[2023-02-28T14:41:52.740+0900][806.231s] GC(665) Concurrent Mark (806.231s)
[2023-02-28T14:41:52.741+0900][806.231s] GC(665) Concurrent Mark From Roots
[2023-02-28T14:41:52.741+0900][806.231s] GC(665) Using 3 workers of 3 for marking
[2023-02-28T14:41:52.741+0900][806.231s] GC(664) Phase 1: Mark live objects
[2023-02-28T14:41:52.789+0900][806.279s] GC(664) Cleaned string and symbol table, strings: 31141 processed, 0 removed, symbols: 195635 processed, 0 removed
[2023-02-28T14:41:52.790+0900][806.280s] GC(664) Phase 1: Mark live objects 48.555ms
[2023-02-28T14:41:52.790+0900][806.280s] GC(664) Phase 2: Prepare for compaction
[2023-02-28T14:41:52.818+0900][806.308s] GC(664) Phase 2: Prepare for compaction 28.331ms
[2023-02-28T14:41:52.818+0900][806.308s] GC(664) Phase 3: Adjust pointers
[2023-02-28T14:41:52.855+0900][806.345s] GC(664) Phase 3: Adjust pointers 36.950ms
[2023-02-28T14:41:52.855+0900][806.345s] GC(664) Phase 4: Compact heap
[2023-02-28T14:41:52.880+0900][806.370s] GC(664) Phase 4: Compact heap 24.927ms
[2023-02-28T14:41:52.893+0900][806.383s] GC(664) Eden regions: 0->0(25)
[2023-02-28T14:41:52.893+0900][806.383s] GC(664) Survivor regions: 0->0(4)
[2023-02-28T14:41:52.893+0900][806.383s] GC(664) Old regions: 479->479
[2023-02-28T14:41:52.893+0900][806.383s] GC(664) Humongous regions: 33->33
[2023-02-28T14:41:52.893+0900][806.383s] GC(664) Metaspace: 65164K(66944K)->65164K(66944K) NonClass: 57761K(58880K)->57761K(58880K) Class: 7403K(8064K)->7403K(8064K)
[2023-02-28T14:41:52.893+0900][806.383s] GC(664) Pause Full (G1 Evacuation Pause) 511M->511M(512M) 152.261ms
[2023-02-28T14:41:52.893+0900][806.383s] GC(664) User=1.53s Sys=0.00s Real=0.15s
[2023-02-28T14:41:52.893+0900][806.383s] GC(666) Using 10 workers of 10 for full compaction
[2023-02-28T14:41:52.893+0900][806.383s] GC(666) Pause Full (G1 Evacuation Pause)
[2023-02-28T14:41:52.894+0900][806.383s] GC(666) Phase 1: Mark live objects
[2023-02-28T14:41:52.939+0900][806.428s] GC(666) Cleaned string and symbol table, strings: 31141 processed, 0 removed, symbols: 195635 processed, 0 removed
[2023-02-28T14:41:52.939+0900][806.428s] GC(666) Phase 1: Mark live objects 45.122ms
[2023-02-28T14:41:52.939+0900][806.428s] GC(666) Phase 2: Prepare for compaction
[2023-02-28T14:41:52.966+0900][806.456s] GC(666) Phase 2: Prepare for compaction 27.426ms
[2023-02-28T14:41:52.966+0900][806.456s] GC(666) Phase 3: Adjust pointers
[2023-02-28T14:41:53.000+0900][806.489s] GC(666) Phase 3: Adjust pointers 33.458ms
[2023-02-28T14:41:53.000+0900][806.489s] GC(666) Phase 4: Compact heap
[2023-02-28T14:41:53.024+0900][806.513s] GC(666) Phase 4: Compact heap 23.485ms
[2023-02-28T14:41:53.035+0900][806.524s] GC(666) Eden regions: 0->0(25)
[2023-02-28T14:41:53.035+0900][806.524s] GC(666) Survivor regions: 0->0(4)
[2023-02-28T14:41:53.035+0900][806.525s] GC(666) Old regions: 479->479
[2023-02-28T14:41:53.035+0900][806.525s] GC(666) Humongous regions: 33->33
[2023-02-28T14:41:53.035+0900][806.525s] GC(666) Metaspace: 65164K(66944K)->65164K(66944K) NonClass: 57761K(58880K)->57761K(58880K) Class: 7403K(8064K)->7403K(8064K)
[2023-02-28T14:41:53.035+0900][806.525s] GC(666) Pause Full (G1 Evacuation Pause) 511M->511M(512M) 141.504ms
[2023-02-28T14:41:53.035+0900][806.525s] GC(666) User=1.25s Sys=0.00s Real=0.14s
[2023-02-28T14:41:53.036+0900][806.525s] GC(665) Concurrent Mark From Roots 294.205ms
[2023-02-28T14:41:53.036+0900][806.525s] GC(667) Pause Young (Normal) (G1 Evacuation Pause)
[2023-02-28T14:41:53.036+0900][806.525s] GC(667) Using 10 workers of 10 for evacuation
[2023-02-28T14:41:53.036+0900][806.525s] GC(667)   Pre Evacuate Collection Set: 0.0ms
[2023-02-28T14:41:53.036+0900][806.525s] GC(667)   Evacuate Collection Set: 0.1ms
[2023-02-28T14:41:53.036+0900][806.525s] GC(667)   Post Evacuate Collection Set: 0.1ms
[2023-02-28T14:41:53.036+0900][806.525s] GC(667)   Other: 0.1ms
[2023-02-28T14:41:53.036+0900][806.525s] GC(667) Eden regions: 0->0(25)
[2023-02-28T14:41:53.036+0900][806.525s] GC(667) Survivor regions: 0->0(4)
[2023-02-28T14:41:53.036+0900][806.525s] GC(667) Old regions: 479->479
[2023-02-28T14:41:53.036+0900][806.525s] GC(667) Humongous regions: 33->33
[2023-02-28T14:41:53.036+0900][806.525s] GC(667) Metaspace: 65164K(66944K)->65164K(66944K) NonClass: 57761K(58880K)->57761K(58880K) Class: 7403K(8064K)->7403K(8064K)
[2023-02-28T14:41:53.036+0900][806.525s] GC(667) Pause Young (Normal) (G1 Evacuation Pause) 511M->511M(512M) 0.508ms
[2023-02-28T14:41:53.036+0900][806.525s] GC(667) User=0.00s Sys=0.00s Real=0.00s
[2023-02-28T14:41:53.036+0900][806.526s] GC(668) Using 10 workers of 10 for full compaction
[2023-02-28T14:41:53.036+0900][806.526s] GC(668) Pause Full (G1 Evacuation Pause)
[2023-02-28T14:41:53.037+0900][806.526s] GC(668) Phase 1: Mark live objects
[2023-02-28T14:41:53.084+0900][806.573s] GC(668) Cleaned string and symbol table, strings: 31141 processed, 0 removed, symbols: 195635 processed, 0 removed
[2023-02-28T14:41:53.084+0900][806.573s] GC(668) Phase 1: Mark live objects 47.252ms
[2023-02-28T14:41:53.084+0900][806.573s] GC(668) Phase 2: Prepare for compaction
[2023-02-28T14:41:53.112+0900][806.602s] GC(668) Phase 2: Prepare for compaction 28.962ms
[2023-02-28T14:41:53.112+0900][806.602s] GC(668) Phase 3: Adjust pointers
[2023-02-28T14:41:53.145+0900][806.635s] GC(668) Phase 3: Adjust pointers 33.087ms
[2023-02-28T14:41:53.145+0900][806.635s] GC(668) Phase 4: Compact heap
[2023-02-28T14:41:53.170+0900][806.660s] GC(668) Phase 4: Compact heap 24.564ms
[2023-02-28T14:41:53.181+0900][806.671s] GC(668) Eden regions: 0->0(25)
[2023-02-28T14:41:53.181+0900][806.671s] GC(668) Survivor regions: 0->0(4)
[2023-02-28T14:41:53.181+0900][806.671s] GC(668) Old regions: 479->479
[2023-02-28T14:41:53.181+0900][806.671s] GC(668) Humongous regions: 33->33
[2023-02-28T14:41:53.181+0900][806.671s] GC(668) Metaspace: 65164K(66944K)->65164K(66944K) NonClass: 57761K(58880K)->57761K(58880K) Class: 7403K(8064K)->7403K(8064K)
[2023-02-28T14:41:53.181+0900][806.671s] GC(668) Pause Full (G1 Evacuation Pause) 511M->511M(512M) 145.365ms
[2023-02-28T14:41:53.181+0900][806.671s] GC(668) User=1.39s Sys=0.02s Real=0.14s
[2023-02-28T14:41:53.181+0900][806.671s] GC(669) Using 10 workers of 10 for full compaction
[2023-02-28T14:41:53.181+0900][806.671s] GC(669) Pause Full (G1 Evacuation Pause)
[2023-02-28T14:41:53.182+0900][806.672s] GC(669) Phase 1: Mark live objects
[2023-02-28T14:41:53.227+0900][806.717s] GC(669) Cleaned string and symbol table, strings: 31141 processed, 0 removed, symbols: 195635 processed, 0 removed
[2023-02-28T14:41:53.227+0900][806.717s] GC(669) Phase 1: Mark live objects 45.041ms
[2023-02-28T14:41:53.227+0900][806.717s] GC(669) Phase 2: Prepare for compaction
[2023-02-28T14:41:53.254+0900][806.744s] GC(669) Phase 2: Prepare for compaction 27.026ms
[2023-02-28T14:41:53.254+0900][806.744s] GC(669) Phase 3: Adjust pointers
[2023-02-28T14:41:53.286+0900][806.776s] GC(669) Phase 3: Adjust pointers 31.862ms
[2023-02-28T14:41:53.286+0900][806.776s] GC(669) Phase 4: Compact heap
[2023-02-28T14:41:53.311+0900][806.801s] GC(669) Phase 4: Compact heap 25.419ms
[2023-02-28T14:41:53.328+0900][806.817s] GC(669) Eden regions: 0->0(25)
[2023-02-28T14:41:53.328+0900][806.817s] GC(669) Survivor regions: 0->0(4)
[2023-02-28T14:41:53.328+0900][806.817s] GC(669) Old regions: 479->479
[2023-02-28T14:41:53.328+0900][806.817s] GC(669) Humongous regions: 33->33
[2023-02-28T14:41:53.328+0900][806.817s] GC(669) Metaspace: 65164K(66944K)->65164K(66944K) NonClass: 57761K(58880K)->57761K(58880K) Class: 7403K(8064K)->7403K(8064K)
[2023-02-28T14:41:53.328+0900][806.817s] GC(669) Pause Full (G1 Evacuation Pause) 511M->511M(512M) 146.137ms
[2023-02-28T14:41:53.328+0900][806.818s] GC(669) User=1.38s Sys=0.00s Real=0.15s
[2023-02-28T14:41:53.328+0900][806.818s] GC(665) Concurrent Mark Abort
[2023-02-28T14:41:53.328+0900][806.818s] GC(665) Concurrent Cycle 587.392ms
[2023-02-28T14:41:53.328+0900][806.818s] GC(670) Pause Young (Normal) (G1 Evacuation Pause)
[2023-02-28T14:41:53.328+0900][806.818s] GC(670) Using 10 workers of 10 for evacuation
[2023-02-28T14:41:53.329+0900][806.818s] GC(670)   Pre Evacuate Collection Set: 0.0ms
[2023-02-28T14:41:53.329+0900][806.818s] GC(670)   Evacuate Collection Set: 0.2ms
[2023-02-28T14:41:53.329+0900][806.818s] GC(670)   Post Evacuate Collection Set: 0.1ms
[2023-02-28T14:41:53.329+0900][806.818s] GC(670)   Other: 0.1ms
[2023-02-28T14:41:53.329+0900][806.818s] GC(670) Eden regions: 0->0(25)
[2023-02-28T14:41:53.329+0900][806.818s] GC(670) Survivor regions: 0->0(4)
[2023-02-28T14:41:53.329+0900][806.818s] GC(670) Old regions: 479->479
[2023-02-28T14:41:53.329+0900][806.818s] GC(670) Humongous regions: 33->33
[2023-02-28T14:41:53.329+0900][806.818s] GC(670) Metaspace: 65164K(66944K)->65164K(66944K) NonClass: 57761K(58880K)->57761K(58880K) Class: 7403K(8064K)->7403K(8064K)
[2023-02-28T14:41:53.329+0900][806.819s] GC(670) Pause Young (Normal) (G1 Evacuation Pause) 511M->511M(512M) 0.609ms
[2023-02-28T14:41:53.329+0900][806.819s] GC(670) User=0.00s Sys=0.00s Real=0.00s
[2023-02-28T14:41:53.329+0900][806.819s] GC(671) Using 10 workers of 10 for full compaction
[2023-02-28T14:41:53.329+0900][806.819s] GC(671) Pause Full (G1 Evacuation Pause)
[2023-02-28T14:41:53.329+0900][806.819s] GC(671) Phase 1: Mark live objects
[2023-02-28T14:41:53.391+0900][806.881s] GC(671) Cleaned string and symbol table, strings: 31141 processed, 0 removed, symbols: 195635 processed, 0 removed
[2023-02-28T14:41:53.391+0900][806.881s] GC(671) Phase 1: Mark live objects 61.934ms
[2023-02-28T14:41:53.392+0900][806.881s] GC(671) Phase 2: Prepare for compaction
[2023-02-28T14:41:53.420+0900][806.910s] GC(671) Phase 2: Prepare for compaction 28.846ms
[2023-02-28T14:41:53.421+0900][806.910s] GC(671) Phase 3: Adjust pointers
[2023-02-28T14:41:53.453+0900][806.942s] GC(671) Phase 3: Adjust pointers 32.380ms
[2023-02-28T14:41:53.453+0900][806.942s] GC(671) Phase 4: Compact heap
[2023-02-28T14:41:53.477+0900][806.966s] GC(671) Phase 4: Compact heap 23.378ms
[2023-02-28T14:41:53.487+0900][806.977s] GC(671) Eden regions: 0->0(25)
[2023-02-28T14:41:53.487+0900][806.977s] GC(671) Survivor regions: 0->0(4)
[2023-02-28T14:41:53.487+0900][806.977s] GC(671) Old regions: 479->479
[2023-02-28T14:41:53.487+0900][806.977s] GC(671) Humongous regions: 33->33
[2023-02-28T14:41:53.487+0900][806.977s] GC(671) Metaspace: 65164K(66944K)->65164K(66944K) NonClass: 57761K(58880K)->57761K(58880K) Class: 7403K(8064K)->7403K(8064K)
[2023-02-28T14:41:53.487+0900][806.977s] GC(671) Pause Full (G1 Evacuation Pause) 511M->511M(512M) 158.561ms
[2023-02-28T14:41:53.487+0900][806.977s] GC(671) User=1.39s Sys=0.00s Real=0.16s
[2023-02-28T14:41:53.487+0900][806.977s] GC(672) Using 10 workers of 10 for full compaction
[2023-02-28T14:41:53.487+0900][806.978s] GC(672) Pause Full (G1 Evacuation Pause)
[2023-02-28T14:41:53.488+0900][806.978s] GC(672) Phase 1: Mark live objects
[2023-02-28T14:41:53.535+0900][807.025s] GC(672) Cleaned string and symbol table, strings: 31141 processed, 0 removed, symbols: 195635 processed, 0 removed
[2023-02-28T14:41:53.535+0900][807.025s] GC(672) Phase 1: Mark live objects 47.538ms
[2023-02-28T14:41:53.535+0900][807.025s] GC(672) Phase 2: Prepare for compaction
[2023-02-28T14:41:53.563+0900][807.053s] GC(672) Phase 2: Prepare for compaction 27.462ms
[2023-02-28T14:41:53.563+0900][807.053s] GC(672) Phase 3: Adjust pointers
[2023-02-28T14:41:53.597+0900][807.087s] GC(672) Phase 3: Adjust pointers 33.972ms
[2023-02-28T14:41:53.597+0900][807.087s] GC(672) Phase 4: Compact heap
[2023-02-28T14:41:53.629+0900][807.118s] GC(672) Phase 4: Compact heap 31.486ms
[2023-02-28T14:41:53.641+0900][807.131s] GC(672) Eden regions: 0->0(25)
[2023-02-28T14:41:53.641+0900][807.131s] GC(672) Survivor regions: 0->0(4)
[2023-02-28T14:41:53.641+0900][807.131s] GC(672) Old regions: 479->479
[2023-02-28T14:41:53.641+0900][807.131s] GC(672) Humongous regions: 33->33
[2023-02-28T14:41:53.641+0900][807.131s] GC(672) Metaspace: 65164K(66944K)->65164K(66944K) NonClass: 57761K(58880K)->57761K(58880K) Class: 7403K(8064K)->7403K(8064K)
[2023-02-28T14:41:53.641+0900][807.131s] GC(672) Pause Full (G1 Evacuation Pause) 511M->511M(512M) 153.301ms
[2023-02-28T14:41:53.641+0900][807.131s] GC(672) User=1.48s Sys=0.00s Real=0.15s
[2023-02-28T14:41:53.642+0900][807.131s] GC(673) Pause Young (Concurrent Start) (G1 Evacuation Pause)
[2023-02-28T14:41:53.642+0900][807.131s] GC(673) Using 10 workers of 10 for evacuation
[2023-02-28T14:41:53.642+0900][807.132s] GC(673)   Pre Evacuate Collection Set: 0.1ms
[2023-02-28T14:41:53.642+0900][807.132s] GC(673)   Evacuate Collection Set: 0.4ms
[2023-02-28T14:41:53.642+0900][807.132s] GC(673)   Post Evacuate Collection Set: 0.1ms
[2023-02-28T14:41:53.642+0900][807.132s] GC(673)   Other: 0.2ms
[2023-02-28T14:41:53.642+0900][807.132s] GC(673) Eden regions: 0->0(25)
[2023-02-28T14:41:53.642+0900][807.132s] GC(673) Survivor regions: 0->0(4)
[2023-02-28T14:41:53.642+0900][807.132s] GC(673) Old regions: 479->479
[2023-02-28T14:41:53.642+0900][807.132s] GC(673) Humongous regions: 33->33
[2023-02-28T14:41:53.642+0900][807.132s] GC(673) Metaspace: 65164K(66944K)->65164K(66944K) NonClass: 57761K(58880K)->57761K(58880K) Class: 7403K(8064K)->7403K(8064K)
[2023-02-28T14:41:53.643+0900][807.132s] GC(673) Pause Young (Concurrent Start) (G1 Evacuation Pause) 511M->511M(512M) 1.020ms
[2023-02-28T14:41:53.643+0900][807.132s] GC(673) User=0.00s Sys=0.00s Real=0.00s
[2023-02-28T14:41:53.643+0900][807.132s] GC(674) Using 10 workers of 10 for full compaction
[2023-02-28T14:41:53.643+0900][807.132s] GC(675) Concurrent Cycle
[2023-02-28T14:41:53.643+0900][807.132s] GC(675) Concurrent Clear Claimed Marks
[2023-02-28T14:41:53.643+0900][807.132s] GC(675) Concurrent Clear Claimed Marks 0.037ms
[2023-02-28T14:41:53.643+0900][807.132s] GC(675) Concurrent Scan Root Regions
[2023-02-28T14:41:53.643+0900][807.132s] GC(674) Pause Full (G1 Evacuation Pause)
[2023-02-28T14:41:53.643+0900][807.132s] GC(675) Concurrent Scan Root Regions 0.021ms
[2023-02-28T14:41:53.643+0900][807.133s] GC(675) Concurrent Mark (807.133s)
[2023-02-28T14:41:53.643+0900][807.133s] GC(675) Concurrent Mark From Roots
[2023-02-28T14:41:53.643+0900][807.133s] GC(675) Using 3 workers of 3 for marking
[2023-02-28T14:41:53.644+0900][807.133s] GC(674) Phase 1: Mark live objects
[2023-02-28T14:41:53.697+0900][807.187s] GC(674) Cleaned string and symbol table, strings: 31141 processed, 0 removed, symbols: 195635 processed, 0 removed
[2023-02-28T14:41:53.697+0900][807.187s] GC(674) Phase 1: Mark live objects 53.672ms
[2023-02-28T14:41:53.697+0900][807.187s] GC(674) Phase 2: Prepare for compaction
[2023-02-28T14:41:53.734+0900][807.223s] GC(674) Phase 2: Prepare for compaction 36.412ms
[2023-02-28T14:41:53.734+0900][807.224s] GC(674) Phase 3: Adjust pointers
[2023-02-28T14:41:53.773+0900][807.263s] GC(674) Phase 3: Adjust pointers 39.001ms
[2023-02-28T14:41:53.773+0900][807.263s] GC(674) Phase 4: Compact heap
[2023-02-28T14:41:53.804+0900][807.293s] GC(674) Phase 4: Compact heap 30.411ms
[2023-02-28T14:41:53.817+0900][807.307s] GC(674) Eden regions: 0->0(25)
[2023-02-28T14:41:53.818+0900][807.307s] GC(674) Survivor regions: 0->0(4)
[2023-02-28T14:41:53.818+0900][807.307s] GC(674) Old regions: 479->479
[2023-02-28T14:41:53.818+0900][807.307s] GC(674) Humongous regions: 33->33
[2023-02-28T14:41:53.818+0900][807.307s] GC(674) Metaspace: 65164K(66944K)->65164K(66944K) NonClass: 57761K(58880K)->57761K(58880K) Class: 7403K(8064K)->7403K(8064K)
[2023-02-28T14:41:53.818+0900][807.307s] GC(674) Pause Full (G1 Evacuation Pause) 511M->511M(512M) 174.471ms
[2023-02-28T14:41:53.818+0900][807.307s] GC(674) User=1.55s Sys=0.00s Real=0.18s
[2023-02-28T14:41:53.818+0900][807.307s] GC(676) Using 10 workers of 10 for full compaction
[2023-02-28T14:41:53.818+0900][807.307s] GC(676) Pause Full (G1 Evacuation Pause)
[2023-02-28T14:41:53.818+0900][807.308s] GC(676) Phase 1: Mark live objects
[2023-02-28T14:41:53.868+0900][807.359s] GC(676) Cleaned string and symbol table, strings: 31141 processed, 0 removed, symbols: 195635 processed, 0 removed
[2023-02-28T14:41:53.869+0900][807.359s] GC(676) Phase 1: Mark live objects 51.156ms
[2023-02-28T14:41:53.869+0900][807.359s] GC(676) Phase 2: Prepare for compaction
[2023-02-28T14:41:53.899+0900][807.389s] GC(676) Phase 2: Prepare for compaction 30.287ms
[2023-02-28T14:41:53.899+0900][807.389s] GC(676) Phase 3: Adjust pointers
[2023-02-28T14:41:53.935+0900][807.425s] GC(676) Phase 3: Adjust pointers 36.180ms
[2023-02-28T14:41:53.935+0900][807.425s] GC(676) Phase 4: Compact heap
