[2023-02-28T14:17:59.475+0900][0.018s] Heap region size: 1M
[2023-02-28T14:17:59.607+0900][0.151s] Using G1
[2023-02-28T14:17:59.607+0900][0.151s] Heap address: 0x00000000e0000000, size: 512 MB, Compressed Oops mode: 32-bit
[2023-02-28T14:18:00.626+0900][1.169s] GC(0) Pause Young (Normal) (G1 Evacuation Pause)
[2023-02-28T14:18:00.627+0900][1.170s] GC(0) Using 10 workers of 10 for evacuation
[2023-02-28T14:18:00.630+0900][1.173s] GC(0)   Pre Evacuate Collection Set: 0.0ms
[2023-02-28T14:18:00.630+0900][1.173s] GC(0)   Evacuate Collection Set: 2.5ms
[2023-02-28T14:18:00.630+0900][1.174s] GC(0)   Post Evacuate Collection Set: 0.5ms
[2023-02-28T14:18:00.630+0900][1.174s] GC(0)   Other: 1.0ms
[2023-02-28T14:18:00.631+0900][1.174s] GC(0) Eden regions: 30->0(303)
[2023-02-28T14:18:00.631+0900][1.174s] GC(0) Survivor regions: 0->4(4)
[2023-02-28T14:18:00.631+0900][1.174s] GC(0) Old regions: 0->1
[2023-02-28T14:18:00.631+0900][1.174s] GC(0) Humongous regions: 0->0
[2023-02-28T14:18:00.631+0900][1.174s] GC(0) Metaspace: 15149K(15872K)->15149K(15872K) NonClass: 13547K(14080K)->13547K(14080K) Class: 1602K(1792K)->1602K(1792K)
[2023-02-28T14:18:00.631+0900][1.174s] GC(0) Pause Young (Normal) (G1 Evacuation Pause) 30M->4M(512M) 5.079ms
[2023-02-28T14:18:00.631+0900][1.174s] GC(0) User=0.00s Sys=0.00s Real=0.01s
[2023-02-28T14:18:00.935+0900][1.478s] GC(1) Pause Young (Concurrent Start) (Metadata GC Threshold)
[2023-02-28T14:18:00.935+0900][1.478s] GC(1) Using 10 workers of 10 for evacuation
[2023-02-28T14:18:00.943+0900][1.486s] GC(1)   Pre Evacuate Collection Set: 0.0ms
[2023-02-28T14:18:00.943+0900][1.486s] GC(1)   Evacuate Collection Set: 6.5ms
[2023-02-28T14:18:00.943+0900][1.486s] GC(1)   Post Evacuate Collection Set: 0.7ms
[2023-02-28T14:18:00.943+0900][1.486s] GC(1)   Other: 0.5ms
[2023-02-28T14:18:00.943+0900][1.486s] GC(1) Eden regions: 21->0(55)
[2023-02-28T14:18:00.943+0900][1.486s] GC(1) Survivor regions: 4->13(39)
[2023-02-28T14:18:00.943+0900][1.486s] GC(1) Old regions: 1->1
[2023-02-28T14:18:00.943+0900][1.486s] GC(1) Humongous regions: 4->4
[2023-02-28T14:18:00.943+0900][1.486s] GC(1) Metaspace: 20698K(21248K)->20698K(21248K) NonClass: 18444K(18688K)->18444K(18688K) Class: 2254K(2560K)->2254K(2560K)
[2023-02-28T14:18:00.943+0900][1.486s] GC(1) Pause Young (Concurrent Start) (Metadata GC Threshold) 28M->16M(512M) 8.038ms
[2023-02-28T14:18:00.943+0900][1.486s] GC(1) User=0.00s Sys=0.00s Real=0.01s
[2023-02-28T14:18:00.943+0900][1.487s] GC(2) Concurrent Cycle
[2023-02-28T14:18:00.943+0900][1.487s] GC(2) Concurrent Clear Claimed Marks
[2023-02-28T14:18:00.944+0900][1.487s] GC(2) Concurrent Clear Claimed Marks 0.048ms
[2023-02-28T14:18:00.944+0900][1.487s] GC(2) Concurrent Scan Root Regions
[2023-02-28T14:18:00.946+0900][1.490s] GC(2) Concurrent Scan Root Regions 2.775ms
[2023-02-28T14:18:00.946+0900][1.490s] GC(2) Concurrent Mark (1.490s)
[2023-02-28T14:18:00.946+0900][1.490s] GC(2) Concurrent Mark From Roots
[2023-02-28T14:18:00.946+0900][1.490s] GC(2) Using 3 workers of 3 for marking
[2023-02-28T14:18:00.947+0900][1.491s] GC(2) Concurrent Mark From Roots 1.036ms
[2023-02-28T14:18:00.947+0900][1.491s] GC(2) Concurrent Preclean
[2023-02-28T14:18:00.948+0900][1.491s] GC(2) Concurrent Preclean 0.060ms
[2023-02-28T14:18:00.948+0900][1.491s] GC(2) Concurrent Mark (1.490s, 1.491s) 1.207ms
[2023-02-28T14:18:00.948+0900][1.491s] GC(2) Pause Remark
[2023-02-28T14:18:00.949+0900][1.493s] GC(2) Cleaned string and symbol table, strings: 9885 processed, 0 removed, symbols: 68923 processed, 20 removed
[2023-02-28T14:18:00.950+0900][1.493s] GC(2) Pause Remark 16M->16M(512M) 1.807ms
[2023-02-28T14:18:00.950+0900][1.493s] GC(2) User=0.05s Sys=0.00s Real=0.00s
[2023-02-28T14:18:00.950+0900][1.493s] GC(2) Concurrent Rebuild Remembered Sets
[2023-02-28T14:18:00.951+0900][1.494s] GC(2) Concurrent Rebuild Remembered Sets 1.397ms
[2023-02-28T14:18:00.951+0900][1.494s] GC(2) Pause Cleanup
[2023-02-28T14:18:00.951+0900][1.495s] GC(2) Pause Cleanup 16M->16M(512M) 0.093ms
[2023-02-28T14:18:00.951+0900][1.495s] GC(2) User=0.00s Sys=0.00s Real=0.00s
[2023-02-28T14:18:00.951+0900][1.495s] GC(2) Concurrent Cleanup for Next Mark
[2023-02-28T14:18:00.952+0900][1.495s] GC(2) Concurrent Cleanup for Next Mark 0.624ms
[2023-02-28T14:18:00.952+0900][1.495s] GC(2) Concurrent Cycle 8.760ms
[2023-02-28T14:18:02.453+0900][2.996s] GC(3) Pause Young (Normal) (G1 Evacuation Pause)
[2023-02-28T14:18:02.453+0900][2.996s] GC(3) Using 10 workers of 10 for evacuation
[2023-02-28T14:18:02.461+0900][3.004s] GC(3)   Pre Evacuate Collection Set: 0.0ms
[2023-02-28T14:18:02.461+0900][3.004s] GC(3)   Evacuate Collection Set: 7.1ms
[2023-02-28T14:18:02.461+0900][3.004s] GC(3)   Post Evacuate Collection Set: 0.9ms
[2023-02-28T14:18:02.461+0900][3.004s] GC(3)   Other: 0.2ms
[2023-02-28T14:18:02.461+0900][3.004s] GC(3) Eden regions: 48->0(119)
[2023-02-28T14:18:02.461+0900][3.004s] GC(3) Survivor regions: 13->8(8)
[2023-02-28T14:18:02.461+0900][3.004s] GC(3) Old regions: 1->13
[2023-02-28T14:18:02.461+0900][3.004s] GC(3) Humongous regions: 4->4
[2023-02-28T14:18:02.461+0900][3.004s] GC(3) Metaspace: 24969K(25728K)->24969K(25728K) NonClass: 22255K(22784K)->22255K(22784K) Class: 2714K(2944K)->2714K(2944K)
[2023-02-28T14:18:02.461+0900][3.005s] GC(3) Pause Young (Normal) (G1 Evacuation Pause) 64M->24M(512M) 8.459ms
[2023-02-28T14:18:02.461+0900][3.005s] GC(3) User=0.00s Sys=0.00s Real=0.01s
[2023-02-28T14:18:03.189+0900][3.733s] GC(4) Pause Young (Concurrent Start) (Metadata GC Threshold)
[2023-02-28T14:18:03.189+0900][3.733s] GC(4) Using 10 workers of 10 for evacuation
[2023-02-28T14:18:03.193+0900][3.737s] GC(4)   Pre Evacuate Collection Set: 0.0ms
[2023-02-28T14:18:03.194+0900][3.737s] GC(4)   Evacuate Collection Set: 3.4ms
[2023-02-28T14:18:03.194+0900][3.737s] GC(4)   Post Evacuate Collection Set: 0.5ms
[2023-02-28T14:18:03.194+0900][3.737s] GC(4)   Other: 0.2ms
[2023-02-28T14:18:03.194+0900][3.737s] GC(4) Eden regions: 78->0(108)
[2023-02-28T14:18:03.194+0900][3.737s] GC(4) Survivor regions: 8->10(16)
[2023-02-28T14:18:03.194+0900][3.737s] GC(4) Old regions: 13->13
[2023-02-28T14:18:03.194+0900][3.737s] GC(4) Humongous regions: 4->4
[2023-02-28T14:18:03.194+0900][3.737s] GC(4) Metaspace: 35058K(35840K)->35058K(35840K) NonClass: 31201K(31616K)->31201K(31616K) Class: 3856K(4224K)->3856K(4224K)
[2023-02-28T14:18:03.194+0900][3.737s] GC(4) Pause Young (Concurrent Start) (Metadata GC Threshold) 102M->25M(512M) 4.479ms
[2023-02-28T14:18:03.194+0900][3.737s] GC(4) User=0.00s Sys=0.00s Real=0.01s
[2023-02-28T14:18:03.194+0900][3.737s] GC(5) Concurrent Cycle
[2023-02-28T14:18:03.194+0900][3.737s] GC(5) Concurrent Clear Claimed Marks
[2023-02-28T14:18:03.194+0900][3.737s] GC(5) Concurrent Clear Claimed Marks 0.079ms
[2023-02-28T14:18:03.194+0900][3.737s] GC(5) Concurrent Scan Root Regions
[2023-02-28T14:18:03.195+0900][3.739s] GC(5) Concurrent Scan Root Regions 1.462ms
[2023-02-28T14:18:03.195+0900][3.739s] GC(5) Concurrent Mark (3.739s)
[2023-02-28T14:18:03.195+0900][3.739s] GC(5) Concurrent Mark From Roots
[2023-02-28T14:18:03.195+0900][3.739s] GC(5) Using 3 workers of 3 for marking
[2023-02-28T14:18:03.208+0900][3.751s] GC(5) Concurrent Mark From Roots 12.606ms
[2023-02-28T14:18:03.208+0900][3.751s] GC(5) Concurrent Preclean
[2023-02-28T14:18:03.208+0900][3.752s] GC(5) Concurrent Preclean 0.130ms
[2023-02-28T14:18:03.208+0900][3.752s] GC(5) Concurrent Mark (3.739s, 3.752s) 12.873ms
[2023-02-28T14:18:03.209+0900][3.752s] GC(5) Pause Remark
[2023-02-28T14:18:03.212+0900][3.755s] GC(5) Cleaned string and symbol table, strings: 16083 processed, 22 removed, symbols: 115641 processed, 42 removed
[2023-02-28T14:18:03.212+0900][3.755s] GC(5) Pause Remark 27M->27M(512M) 3.386ms
[2023-02-28T14:18:03.212+0900][3.755s] GC(5) User=0.00s Sys=0.00s Real=0.00s
[2023-02-28T14:18:03.212+0900][3.756s] GC(5) Concurrent Rebuild Remembered Sets
[2023-02-28T14:18:03.217+0900][3.760s] GC(5) Concurrent Rebuild Remembered Sets 4.726ms
[2023-02-28T14:18:03.217+0900][3.760s] GC(5) Pause Cleanup
[2023-02-28T14:18:03.217+0900][3.760s] GC(5) Pause Cleanup 27M->27M(512M) 0.102ms
[2023-02-28T14:18:03.217+0900][3.761s] GC(5) User=0.00s Sys=0.00s Real=0.00s
[2023-02-28T14:18:03.217+0900][3.761s] GC(5) Concurrent Cleanup for Next Mark
[2023-02-28T14:18:03.218+0900][3.761s] GC(5) Concurrent Cleanup for Next Mark 0.485ms
[2023-02-28T14:18:03.218+0900][3.761s] GC(5) Concurrent Cycle 24.112ms
[2023-02-28T14:18:04.013+0900][4.556s] GC(6) Pause Young (Normal) (G1 Evacuation Pause)
[2023-02-28T14:18:04.013+0900][4.556s] GC(6) Using 10 workers of 10 for evacuation
[2023-02-28T14:18:04.019+0900][4.562s] GC(6)   Pre Evacuate Collection Set: 0.0ms
[2023-02-28T14:18:04.019+0900][4.562s] GC(6)   Evacuate Collection Set: 5.4ms
[2023-02-28T14:18:04.019+0900][4.562s] GC(6)   Post Evacuate Collection Set: 0.6ms
[2023-02-28T14:18:04.019+0900][4.562s] GC(6)   Other: 0.2ms
[2023-02-28T14:18:04.019+0900][4.562s] GC(6) Eden regions: 108->0(299)
[2023-02-28T14:18:04.019+0900][4.562s] GC(6) Survivor regions: 10->8(15)
[2023-02-28T14:18:04.019+0900][4.562s] GC(6) Old regions: 13->20
[2023-02-28T14:18:04.019+0900][4.562s] GC(6) Humongous regions: 5->4
[2023-02-28T14:18:04.019+0900][4.562s] GC(6) Metaspace: 45416K(46592K)->45416K(46592K) NonClass: 40268K(40960K)->40268K(40960K) Class: 5147K(5632K)->5147K(5632K)
[2023-02-28T14:18:04.019+0900][4.562s] GC(6) Pause Young (Normal) (G1 Evacuation Pause) 134M->31M(512M) 6.516ms
[2023-02-28T14:18:04.020+0900][4.563s] GC(6) User=0.00s Sys=0.00s Real=0.01s
[2023-02-28T14:28:21.322+0900][621.865s] Heap
[2023-02-28T14:28:21.322+0900][621.865s]  garbage-first heap   total 524288K, used 220549K [0x00000000e0000000, 0x0000000100000000)
[2023-02-28T14:28:21.322+0900][621.865s]   region size 1024K, 193 young (197632K), 8 survivors (8192K)
[2023-02-28T14:28:21.322+0900][621.865s]  Metaspace       used 56541K, capacity 57815K, committed 58112K, reserved 1099776K
[2023-02-28T14:28:21.322+0900][621.865s]   class space    used 6562K, capacity 7049K, committed 7168K, reserved 1048576K
